SVETA 93.84.101.9 
admin 92.255.85.155 
admin 92.255.85.155 
admin 92.255.85.155 
admin 92.255.85.155 
admin 92.255.85.155 
admin 92.255.85.155 
admin 92.255.85.155 
admin 92.255.85.155 
admin 92.255.85.155 
admin 92.255.85.155 
admin 92.255.85.155 
admin 92.255.85.155 
admin 92.255.85.155 
admin 92.255.85.155 
admin 92.255.85.155 
admin 92.255.85.155 
admin 92.255.85.155 
admin 92.255.85.155 
admin 92.255.85.155 
admin 92.255.85.155 
admin 92.255.85.155 
admin 92.255.85.155 
admin 92.255.85.155 
admin 92.255.85.155 
admin 92.255.85.155 
admin 92.255.85.155 
admin 92.255.85.155 
admin 92.255.85.155 
admin 92.255.85.155 
admin 92.255.85.155 
admin 92.255.85.155 
admin 92.255.85.155 
admin 92.255.85.155 
admin 92.255.85.155 
admin 92.255.85.155 
admin 92.255.85.155 
admin 92.255.85.155 
admin 92.255.85.155 
admin 92.255.85.155 
admin 92.255.85.155 
admin 92.255.85.155 
admin 92.255.85.155 
admin 92.255.85.155 
admin 92.255.85.155 
admin 92.255.85.155 
admin 92.255.85.155 
admin 92.255.85.155 
admin 92.255.85.155 
admin 92.255.85.155 
admin 92.255.85.155 
admin 92.255.85.155 
admin 92.255.85.155 
admin 92.255.85.155 
admin 92.255.85.155 
admin 92.255.85.155 
admin 92.255.85.155 
admin 92.255.85.155 
admin 92.255.85.155 
admin 92.255.85.155 
admin 92.255.85.155 
admin 92.255.85.155 
admin 92.255.85.155 
admin 92.255.85.155 
Administrator 92.255.85.163 
Administrator 92.255.85.163 
Administrator 92.255.85.163 
Administrator 92.255.85.163 
Administrator 92.255.85.163 
Administrator 92.255.85.163 
Administrator 92.255.85.163 
Administrator 92.255.85.163 
Administrator 92.255.85.163 
Administrator 92.255.85.163 
Administrator 92.255.85.163 
Administrator 92.255.85.163 
Administrator 92.255.85.163 
Administrator 92.255.85.163 
Administrator 92.255.85.163 
Administrator 92.255.85.163 
Administrator 92.255.85.163 
Administrator 92.255.85.163 
Administrator 92.255.85.163 
Administrator 92.255.85.163 
Administrator 92.255.85.163 
Administrator 92.255.85.163 
Administrator 92.255.85.163 
Administrator 92.255.85.163 
Administrator 92.255.85.163 
Administrator 92.255.85.163 
Administrator 92.255.85.163 
Administrator 92.255.85.163 
Administrator 92.255.85.163 
Administrator 92.255.85.163 
Administrator 92.255.85.163 
Administrator 92.255.85.163 
Administrator 92.255.85.163 
Administrator 92.255.85.163 
Administrator 92.255.85.163 
Administrator 92.255.85.163 
Administrator 92.255.85.163 
Administrator 92.255.85.163 
Administrator 92.255.85.163 
Administrator 92.255.85.163 
Administrator 92.255.85.163 
Administrator 92.255.85.163 
Administrator 92.255.85.163 
Administrator 92.255.85.163 
Administrator 92.255.85.163 
Administrator 92.255.85.163 
Administrator 92.255.85.163 
Administrator 92.255.85.163 
Administrator 92.255.85.163 
Administrator 92.255.85.163 
Administrator 92.255.85.163 
Administrator 92.255.85.163 
Administrator 92.255.85.163 
Administrator 92.255.85.163 
Administrator 92.255.85.163 
Administrator 92.255.85.163 
Administrator 92.255.85.163 
Administrator 92.255.85.163 
Administrator 92.255.85.163 
Administrator 92.255.85.163 
Administrator 92.255.85.163 
Administrator 92.255.85.163 
Administrator 92.255.85.163 
Administrator 92.255.85.163 
Administrator 92.255.85.163 
Administrator 92.255.85.163 
Administrator 92.255.85.163 
Administrator 92.255.85.163 
Administrator 92.255.85.163 
Administrator 92.255.85.163 
Administrator 92.255.85.163 
Administrator 92.255.85.163 
Administrator 92.255.85.163 
Administrator 92.255.85.163 
Administrator 92.255.85.163 
Administrator 92.255.85.163 
Administrator 92.255.85.163 
Administrator 92.255.85.163 
Administrator 92.255.85.163 
Administrator 92.255.85.163 
Administrator 92.255.85.163 
Administrator 92.255.85.163 
Administrator 92.255.85.163 
Administrator 92.255.85.163 
Administrator 92.255.85.163 
Administrator 92.255.85.163 
Administrator 92.255.85.163 
Administrator 92.255.85.163 
Administrator 92.255.85.163 
Administrator 92.255.85.163 
Administrator 92.255.85.163 
Administrator 92.255.85.163 
Administrator 92.255.85.163 
Administrator 92.255.85.163 
Administrator 92.255.85.163 
Administrator 92.255.85.163 
Administrator 92.255.85.163 
Administrator 92.255.85.163 
Administrator 92.255.85.163 
Administrator 92.255.85.163 
Administrator 92.255.85.163 
Administrator 92.255.85.163 
Administrator 92.255.85.163 
Administrator 92.255.85.163 
Administrator 92.255.85.163 
Administrator 92.255.85.163 
Administrator 92.255.85.163 
Administrator 92.255.85.163 
Administrator 92.255.85.163 
Administrator 92.255.85.163 
Administrator 92.255.85.163 
Administrator 92.255.85.163 
Administrator 92.255.85.163 
Administrator 92.255.85.163 
Administrator 92.255.85.163 
Administrator 92.255.85.163 
Administrator 92.255.85.163 
Administrator 92.255.85.163 
Administrator 92.255.85.163 
Administrator 92.255.85.163 
Administrator 92.255.85.163 
Administrator 92.255.85.163 
Administrator 92.255.85.163 
Administrator 92.255.85.163 
Administrator 92.255.85.163 
Administrator 92.255.85.163 
Administrator 92.255.85.163 
Administrator 92.255.85.163 
Administrator 92.255.85.163 
Administrator 92.255.85.163 
Administrator 92.255.85.163 
Administrator 92.255.85.163 
Administrator 92.255.85.163 
Administrator 92.255.85.163 
Administrator 92.255.85.163 
Administrator 92.255.85.163 
Administrator 92.255.85.163 
Administrator 92.255.85.163 
Administrator 92.255.85.163 
Administrator 92.255.85.163 
Administrator 92.255.85.163 
Administrator 92.255.85.163 
Administrator 92.255.85.163 
Administrator 92.255.85.163 
Administrator 92.255.85.163 
Administrator 92.255.85.163 
Administrator 92.255.85.163 
Administrator 92.255.85.163 
Administrator 92.255.85.163 
Administrator 92.255.85.163 
Administrator 92.255.85.163 
Administrator 92.255.85.163 
Administrator 92.255.85.163 
Administrator 92.255.85.163 
Administrator 92.255.85.163 
Administrator 92.255.85.163 
Administrator 92.255.85.163 
Administrator 92.255.85.163 
Administrator 92.255.85.163 
Administrator 92.255.85.163 
Administrator 92.255.85.163 
Administrator 92.255.85.163 
Administrator 92.255.85.163 
Administrator 92.255.85.163 
Administrator 92.255.85.163 
Administrator 92.255.85.163 
Administrator 92.255.85.163 
Administrator 92.255.85.163 
Administrator 92.255.85.163 
Administrator 92.255.85.163 
Administrator 92.255.85.163 
Administrator 92.255.85.163 
Administrator 92.255.85.163 
Administrator 92.255.85.163 
Administrator 92.255.85.163 
Administrator 92.255.85.163 
Administrator 92.255.85.163 
Administrator 92.255.85.163 
Administrator 92.255.85.163 
Administrator 92.255.85.163 
Administrator 92.255.85.163 
Administrator 92.255.85.163 
Administrator 92.255.85.163 
Administrator 92.255.85.163 
Administrator 92.255.85.163 
Administrator 92.255.85.163 
Administrator 92.255.85.163 
Administrator 92.255.85.163 
Administrator 92.255.85.163 
Administrator 92.255.85.163 
Administrator 92.255.85.163 
Administrator 92.255.85.163 
Administrator 92.255.85.163 
Administrator 92.255.85.163 
Administrator 92.255.85.163 
Administrator 92.255.85.163 
Administrator 92.255.85.163 
Administrator 92.255.85.163 
Administrator 92.255.85.163 
Administrator 92.255.85.163 
Administrator 92.255.85.163 
Administrator 92.255.85.163 
Administrator 92.255.85.163 
Administrator 92.255.85.163 
Administrator 92.255.85.163 
Administrator 92.255.85.163 
Administrator 92.255.85.163 
Administrator 92.255.85.163 
Administrator 92.255.85.163 
Administrator 92.255.85.163 
Administrator 92.255.85.163 
Administrator 92.255.85.163 
Administrator 92.255.85.163 
Administrator 92.255.85.163 
Administrator 92.255.85.163 
Administrator 92.255.85.163 
Administrator 92.255.85.163 
Administrator 92.255.85.163 
Administrator 92.255.85.163 
Administrator 92.255.85.163 
Administrator 92.255.85.163 
Administrator 92.255.85.163 
Administrator 92.255.85.163 
Administrator 92.255.85.163 
Administrator 92.255.85.163 
Administrator 92.255.85.163 
Administrator 92.255.85.163 
Administrator 92.255.85.163 
Administrator 92.255.85.163 
Administrator 92.255.85.163 
Administrator 92.255.85.163 
Administrator 92.255.85.163 
Administrator 92.255.85.163 
Administrator 92.255.85.163 
Administrator 92.255.85.163 
Administrator 92.255.85.163 
Administrator 92.255.85.163 
Administrator 92.255.85.163 
Administrator 92.255.85.163 
Administrator 92.255.85.163 
Administrator 92.255.85.163 
Administrator 92.255.85.163 
Administrator 92.255.85.163 
Administrator 92.255.85.163 
Administrator 92.255.85.163 
Administrator 92.255.85.163 
Administrator 92.255.85.163 
Administrator 92.255.85.163 
Administrator 92.255.85.163 
Administrator 92.255.85.163 
Administrator 92.255.85.163 
Administrator 92.255.85.163 
Administrator 92.255.85.163 
Administrator 92.255.85.163 
Administrator 92.255.85.163 
Administrator 92.255.85.163 
Administrator 92.255.85.163 
Administrator 92.255.85.163 
Administrator 92.255.85.163 
Administrator 92.255.85.163 
Administrator 92.255.85.163 
Administrator 92.255.85.163 
Administrator 92.255.85.163 
Administrator 92.255.85.163 
Administrator 92.255.85.163 
Administrator 92.255.85.163 
Administrator 92.255.85.163 
Administrator 92.255.85.163 
Administrator 92.255.85.163 
Administrator 92.255.85.163 
Administrator 92.255.85.163 
Administrator 92.255.85.163 
Administrator 92.255.85.163 
Administrator 92.255.85.163 
Administrator 92.255.85.163 
Administrator 92.255.85.163 
Administrator 92.255.85.163 
Administrator 92.255.85.163 
Administrator 92.255.85.163 
Administrator 92.255.85.163 
Administrator 92.255.85.163 
Administrator 92.255.85.163 
Administrator 92.255.85.163 
Administrator 92.255.85.163 
Administrator 92.255.85.163 
Administrator 92.255.85.163 
Administrator 92.255.85.163 
Administrator 92.255.85.163 
Administrator 92.255.85.163 
Administrator 92.255.85.163 
Administrator 92.255.85.163 
Administrator 92.255.85.163 
Administrator 92.255.85.163 
Administrator 92.255.85.163 
Administrator 92.255.85.163 
Administrator 92.255.85.163 
Administrator 92.255.85.163 
Administrator 92.255.85.163 
Administrator 92.255.85.163 
Administrator 92.255.85.163 
Administrator 92.255.85.163 
Administrator 92.255.85.163 
Administrator 92.255.85.163 
Administrator 92.255.85.163 
Administrator 92.255.85.163 
Administrator 92.255.85.163 
Administrator 92.255.85.163 
Administrator 92.255.85.163 
Administrator 92.255.85.163 
Administrator 92.255.85.163 
Administrator 92.255.85.163 
Administrator 92.255.85.163 
Administrator 92.255.85.163 
Administrator 92.255.85.163 
Administrator 92.255.85.163 
Administrator 92.255.85.163 
Administrator 92.255.85.163 
Administrator 92.255.85.163 
Administrator 92.255.85.163 
Administrator 92.255.85.163 
Administrator 92.255.85.163 
Administrator 92.255.85.163 
Administrator 92.255.85.163 
Administrator 92.255.85.163 
Administrator 92.255.85.163 
Administrator 92.255.85.163 
Administrator 92.255.85.163 
Administrator 92.255.85.163 
Administrator 92.255.85.163 
Administrator 92.255.85.163 
Administrator 92.255.85.163 
Administrator 92.255.85.163 
Administrator 92.255.85.163 
Administrator 92.255.85.163 
Administrator 92.255.85.163 
Administrator 92.255.85.163 
Administrator 92.255.85.163 
Administrator 92.255.85.163 
Administrator 92.255.85.163 
Administrator 92.255.85.163 
Administrator 92.255.85.163 
Administrator 92.255.85.163 
Administrator 92.255.85.163 
Administrator 92.255.85.163 
Administrator 92.255.85.163 
Administrator 92.255.85.163 
Administrator 92.255.85.163 
Administrator 92.255.85.163 
Administrator 92.255.85.163 
Administrator 92.255.85.163 
Administrator 92.255.85.163 
Administrator 92.255.85.163 
Administrator 92.255.85.163 
Administrator 92.255.85.163 
Administrator 92.255.85.163 
Administrator 92.255.85.163 
Administrator 92.255.85.163 
Administrator 92.255.85.163 
Administrator 92.255.85.163 
Administrator 92.255.85.163 
Administrator 92.255.85.163 
Administrator 92.255.85.163 
Administrator 92.255.85.163 
Administrator 92.255.85.163 
Administrator 92.255.85.163 
Administrator 92.255.85.163 
Administrator 92.255.85.163 
Administrator 92.255.85.163 
Administrator 92.255.85.163 
Administrator 92.255.85.163 
Administrator 92.255.85.163 
Administrator 92.255.85.163 
Administrator 92.255.85.163 
Administrator 92.255.85.163 
Administrator 92.255.85.163 
Administrator 92.255.85.163 
Administrator 92.255.85.163 
Administrator 92.255.85.163 
Administrator 92.255.85.163 
Administrator 92.255.85.163 
Administrator 92.255.85.163 
Administrator 92.255.85.163 
Administrator 92.255.85.163 
Administrator 92.255.85.163 
Administrator 92.255.85.163 
Administrator 92.255.85.163 
Administrator 92.255.85.163 
Administrator 92.255.85.163 
Administrator 92.255.85.163 
Administrator 92.255.85.163 
Administrator 92.255.85.163 
Administrator 92.255.85.163 
Administrator 92.255.85.163 
Administrator 92.255.85.163 
Administrator 92.255.85.163 
Administrator 92.255.85.163 
Administrator 92.255.85.163 
Administrator 92.255.85.163 
Administrator 92.255.85.163 
Administrator 92.255.85.163 
Administrator 92.255.85.163 
Administrator 92.255.85.163 
Administrator 92.255.85.163 
Administrator 92.255.85.163 
Administrator 92.255.85.163 
Administrator 92.255.85.163 
Administrator 92.255.85.163 
Administrator 92.255.85.163 
Administrator 92.255.85.163 
Administrator 92.255.85.163 
Administrator 92.255.85.163 
Administrator 92.255.85.163 
Administrator 92.255.85.163 
Administrator 92.255.85.163 
Administrator 92.255.85.163 
Administrator 92.255.85.163 
Administrator 92.255.85.163 
Administrator 92.255.85.163 
Administrator 92.255.85.163 
Administrator 92.255.85.163 
Administrator 92.255.85.163 
Administrator 92.255.85.163 
Administrator 92.255.85.163 
Administrator 92.255.85.163 
1CTEST 83.142.106.60 
TRANSPORT 83.142.106.60 
ALEXANDRA 83.142.106.60 
íÖëí 83.142.106.60 
1CTEST 83.142.106.60 
Åìï1 83.142.106.60 
RDP1 83.142.106.60 
1CTEST 83.142.106.60 
USER01 83.142.106.60 
TRANSPORT 83.142.106.60 
åÄêàçÄ 83.142.106.60 
ALEXANDRA 83.142.106.60 
ùãúÇàêÄ 83.142.106.60 
íÖëí 83.142.106.60 
SECRAR 83.142.106.60 
Åìï1 83.142.106.60 
äÄëëàê 83.142.106.60 
RDP1 83.142.106.60 
SECRETARY 83.142.106.60 
USER01 83.142.106.60 
ëäãÄÑ2 83.142.106.60 
åÄêàçÄ 83.142.106.60 
USER16 83.142.106.60 
ùãúÇàêÄ 83.142.106.60 
BACKUP 83.142.106.60 
SECRAR 83.142.106.60 
ÜÄççÄ 83.142.106.60 
äÄëëàê 83.142.106.60 
éèÖêÄíéê3 83.142.106.60 
SECRETARY 83.142.106.60 
DEN 83.142.106.60 
ëäãÄÑ2 83.142.106.60 
EVGENIY 83.142.106.60 
USER16 83.142.106.60 
ÖãÖçÄ 83.142.106.60 
BACKUP 83.142.106.60 
ûêàâ 83.142.106.60 
ÜÄççÄ 83.142.106.60 
SERVIS 83.142.106.60 
éèÖêÄíéê3 83.142.106.60 
GUEST1 83.142.106.60 
DEN 83.142.106.60 
SALES 83.142.106.60 
EVGENIY 83.142.106.60 
KRISTINA 83.142.106.60 
ÖãÖçÄ 83.142.106.60 
åÖçÖÑÜÖê1 83.142.106.60 
ûêàâ 83.142.106.60 
SKLAD2 83.142.106.60 
SERVIS 83.142.106.60 
10 83.142.106.60 
GUEST1 83.142.106.60 
ANDREW 83.142.106.60 
SALES 83.142.106.60 
ALEXANDR 83.142.106.60 
KRISTINA 83.142.106.60 
OPER1 83.142.106.60 
åÖçÖÑÜÖê1 83.142.106.60 
USR1 83.142.106.60 
SKLAD2 83.142.106.60 
USER06 83.142.106.60 
10 83.142.106.60 
ÇüóÖëãÄÇ 83.142.106.60 
ANDREW 83.142.106.60 
ELENA 83.142.106.60 
ALEXANDR 83.142.106.60 
YURIST 83.142.106.60 
OPER1 83.142.106.60 
MARINA 83.142.106.60 
USR1 83.142.106.60 
MANAGER01 83.142.106.60 
USER06 83.142.106.60 
15 83.142.106.60 
ÇüóÖëãÄÇ 83.142.106.60 
TATYANA 83.142.106.60 
ELENA 83.142.106.60 
ÜÖçü 83.142.106.60 
YURIST 83.142.106.60 
NATALY 83.142.106.60 
MARINA 83.142.106.60 
MICHAEL 83.142.106.60 
MANAGER01 83.142.106.60 
OPER3 83.142.106.60 
15 83.142.106.60 
SASHA 83.142.106.60 
TATYANA 83.142.106.60 
8 83.142.106.60 
ÜÖçü 83.142.106.60 
RECEPTION 83.142.106.60 
NATALY 83.142.106.60 
ARTEM 83.142.106.60 
MICHAEL 83.142.106.60 
BUX 83.142.106.60 
OPER3 83.142.106.60 
ÅìïÉÄãíÖê3 83.142.106.60 
SASHA 83.142.106.60 
YURA 83.142.106.60 
8 83.142.106.60 
MANAGER7 83.142.106.60 
RECEPTION 83.142.106.60 
ADMUSER 83.142.106.60 
ARTEM 83.142.106.60 
Åìï 83.142.106.60 
BUX 83.142.106.60 
Ñåàíêàâ 83.142.106.60 
ÅìïÉÄãíÖê3 83.142.106.60 
DIRECTOR 83.142.106.60 
YURA 83.142.106.60 
DMITRIY 83.142.106.60 
MANAGER7 83.142.106.60 
APTEKA5 83.142.106.60 
ADMUSER 83.142.106.60 
KASA1 83.142.106.60 
Åìï 83.142.106.60 
ÄçÄíéãàâ 83.142.106.60 
Ñåàíêàâ 83.142.106.60 
RDP2 83.142.106.60 
DIRECTOR 83.142.106.60 
ÑÖçàë 83.142.106.60 
DMITRIY 83.142.106.60 
17 83.142.106.60 
APTEKA5 83.142.106.60 
SKLAD 83.142.106.60 
KASA1 83.142.106.60 
LIZA 83.142.106.60 
ÄçÄíéãàâ 83.142.106.60 
BUH10 83.142.106.60 
RDP2 83.142.106.60 
NATALYA 83.142.106.60 
ÑÖçàë 83.142.106.60 
IRA 83.142.106.60 
17 83.142.106.60 
IRYNA 83.142.106.60 
SKLAD 83.142.106.60 
ãÄêàëÄ 83.142.106.60 
LIZA 83.142.106.60 
USER07 83.142.106.60 
BUH10 83.142.106.60 
STUDENT 83.142.106.60 
NATALYA 83.142.106.60 
éãü 83.142.106.60 
IRA 83.142.106.60 
êéåÄç 83.142.106.60 
IRYNA 83.142.106.60 
DASHA 83.142.106.60 
ãÄêàëÄ 83.142.106.60 
RITA 83.142.106.60 
USER07 83.142.106.60 
Çàäíéê 83.142.106.60 
STUDENT 83.142.106.60 
Äçü 83.142.106.60 
éãü 83.142.106.60 
USER8 83.142.106.60 
êéåÄç 83.142.106.60 
USR1CV81 83.142.106.60 
DASHA 83.142.106.60 
TEST1 83.142.106.60 
RITA 83.142.106.60 
VLADIMIR 83.142.106.60 
Çàäíéê 83.142.106.60 
MAN2 83.142.106.60 
Äçü 83.142.106.60 
FIN 83.142.106.60 
USER8 83.142.106.60 
MAIL 83.142.106.60 
USR1CV81 83.142.106.60 
TARAS 83.142.106.60 
TEST1 83.142.106.60 
VALERA 83.142.106.60 
VLADIMIR 83.142.106.60 
1 83.142.106.60 
MAN2 83.142.106.60 
ëÇÖíÄ 83.142.106.60 
FIN 83.142.106.60 
ROMAN 83.142.106.60 
MAIL 83.142.106.60 
USER04 83.142.106.60 
TARAS 83.142.106.60 
S1 83.142.106.60 
VALERA 83.142.106.60 
BUH3 83.142.106.60 
1 83.142.106.60 
BOGDAN 83.142.106.60 
ëÇÖíÄ 83.142.106.60 
12 83.142.106.60 
ROMAN 83.142.106.60 
SHARA 83.142.106.60 
USER04 83.142.106.60 
GARANT 83.142.106.60 
S1 83.142.106.60 
àêàçÄ 83.142.106.60 
BUH3 83.142.106.60 
USER05 83.142.106.60 
BOGDAN 83.142.106.60 
TENDER 83.142.106.60 
12 83.142.106.60 
USER1C 83.142.106.60 
SHARA 83.142.106.60 
DESIGNER 83.142.106.60 
GARANT 83.142.106.60 
16 83.142.106.60 
àêàçÄ 83.142.106.60 
USR 83.142.106.60 
USER05 83.142.106.60 
KADR 83.142.106.60 
TENDER 83.142.106.60 
ÄçÑêÖâ 83.142.106.60 
USER1C 83.142.106.60 
ANALITIK 83.142.106.60 
DESIGNER 83.142.106.60 
KONSULTANT 83.142.106.60 
16 83.142.106.60 
VITALY 83.142.106.60 
USR 83.142.106.60 
MARKET 83.142.106.60 
KADR 83.142.106.60 
USER2 83.142.106.60 
ÄçÑêÖâ 83.142.106.60 
VITALIK 83.142.106.60 
ANALITIK 83.142.106.60 
TEMPUSER 83.142.106.60 
KONSULTANT 83.142.106.60 
DB2ADMIN 83.142.106.60 
VITALY 83.142.106.60 
ANTON 83.142.106.60 
MARKET 83.142.106.60 
äÄëëÄ 83.142.106.60 
USER2 83.142.106.60 
SECRARY 83.142.106.60 
VITALIK 83.142.106.60 
ÅìïÉÄãíÖê 83.142.106.60 
TEMPUSER 83.142.106.60 
AUDIT1 83.142.106.60 
DB2ADMIN 83.142.106.60 
íÖïçéãéÉ 83.142.106.60 
ANTON 83.142.106.60 
USER22 83.142.106.60 
äÄëëÄ 83.142.106.60 
ALEKSEY 83.142.106.60 
SECRARY 83.142.106.60 
DNS 83.142.106.60 
ÅìïÉÄãíÖê 83.142.106.60 
SERVER 83.142.106.60 
AUDIT1 83.142.106.60 
SRV 83.142.106.60 
íÖïçéãéÉ 83.142.106.60 
NIKITA 83.142.106.60 
USER22 83.142.106.60 
USERRDP 83.142.106.60 
ALEKSEY 83.142.106.60 
USER4 83.142.106.60 
DNS 83.142.106.60 
üçÄ 83.142.106.60 
guest 92.255.85.163 
guest 92.255.85.163 
guest 92.255.85.163 
guest 92.255.85.163 
guest 92.255.85.163 
guest 92.255.85.163 
guest 92.255.85.163 
guest 92.255.85.163 
guest 92.255.85.163 
guest 92.255.85.163 
guest 92.255.85.163 
guest 92.255.85.163 
guest 92.255.85.163 
guest 92.255.85.163 
guest 92.255.85.163 
guest 92.255.85.163 
guest 92.255.85.163 
guest 92.255.85.163 
guest 92.255.85.163 
guest 92.255.85.163 
guest 92.255.85.163 
guest 92.255.85.163 
guest 92.255.85.163 
guest 92.255.85.163 
guest 92.255.85.163 
guest 92.255.85.163 
guest 92.255.85.163 
guest 92.255.85.163 
guest 92.255.85.163 
guest 92.255.85.163 
guest 92.255.85.163 
guest 92.255.85.163 
guest 92.255.85.163 
guest 92.255.85.163 
guest 92.255.85.163 
guest 92.255.85.163 
guest 92.255.85.163 
guest 92.255.85.163 
guest 92.255.85.163 
guest 92.255.85.163 
guest 92.255.85.163 
guest 92.255.85.163 
guest 92.255.85.163 
guest 92.255.85.163 
guest 92.255.85.163 
guest 92.255.85.163 
guest 92.255.85.163 
guest 92.255.85.163 
guest 92.255.85.163 
guest 92.255.85.163 
guest 92.255.85.163 
guest 92.255.85.163 
guest 92.255.85.163 
guest 92.255.85.163 
guest 92.255.85.163 
guest 92.255.85.163 
guest 92.255.85.163 
guest 92.255.85.163 
guest 92.255.85.163 
guest 92.255.85.163 
guest 92.255.85.163 
guest 92.255.85.163 
guest 92.255.85.163 
guest 92.255.85.163 
guest 92.255.85.163 
guest 92.255.85.163 
guest 92.255.85.163 
guest 92.255.85.163 
guest 92.255.85.163 
guest 92.255.85.163 
guest 92.255.85.163 
guest 92.255.85.163 
guest 92.255.85.163 
guest 92.255.85.163 
guest 92.255.85.163 
guest 92.255.85.163 
guest 92.255.85.163 
guest 92.255.85.163 
guest 92.255.85.163 
guest 92.255.85.163 
guest 92.255.85.163 
guest 92.255.85.163 
guest 92.255.85.163 
guest 92.255.85.163 
guest 92.255.85.163 
guest 92.255.85.163 
guest 92.255.85.163 
guest 92.255.85.163 
guest 92.255.85.163 
guest 92.255.85.163 
guest 92.255.85.163 
guest 92.255.85.163 
guest 92.255.85.163 
guest 92.255.85.163 
guest 92.255.85.163 
guest 92.255.85.163 
guest 92.255.85.163 
guest 92.255.85.163 
guest 92.255.85.163 
guest 92.255.85.163 
guest 92.255.85.163 
guest 92.255.85.163 
guest 92.255.85.163 
guest 92.255.85.163 
guest 92.255.85.163 
guest 92.255.85.163 
guest 92.255.85.163 
guest 92.255.85.163 
guest 92.255.85.163 
guest 92.255.85.163 
guest 92.255.85.163 
guest 92.255.85.163 
guest 92.255.85.163 
guest 92.255.85.163 
guest 92.255.85.163 
guest 92.255.85.163 
guest 92.255.85.163 
guest 92.255.85.163 
guest 92.255.85.163 
guest 92.255.85.163 
guest 92.255.85.163 
guest 92.255.85.163 
guest 92.255.85.163 
guest 92.255.85.163 
guest 92.255.85.163 
guest 92.255.85.163 
guest 92.255.85.163 
guest 92.255.85.163 
guest 92.255.85.163 
guest 92.255.85.163 
guest 92.255.85.163 
guest 92.255.85.163 
guest 92.255.85.163 
guest 92.255.85.163 
guest 92.255.85.163 
guest 92.255.85.163 
guest 92.255.85.163 
guest 92.255.85.163 
guest 92.255.85.163 
guest 92.255.85.163 
guest 92.255.85.163 
guest 92.255.85.163 
guest 92.255.85.163 
guest 92.255.85.163 
guest 92.255.85.163 
guest 92.255.85.163 
guest 92.255.85.163 
guest 92.255.85.163 
guest 92.255.85.163 
guest 92.255.85.163 
guest 92.255.85.163 
guest 92.255.85.163 
guest 92.255.85.163 
guest 92.255.85.163 
guest 92.255.85.163 
guest 92.255.85.163 
guest 92.255.85.163 
guest 92.255.85.163 
guest 92.255.85.163 
guest 92.255.85.163 
guest 92.255.85.163 
guest 92.255.85.163 
guest 92.255.85.163 
guest 92.255.85.163 
guest 92.255.85.163 
guest 92.255.85.163 
guest 92.255.85.163 
guest 92.255.85.163 
guest 92.255.85.163 
guest 92.255.85.163 
guest 92.255.85.163 
guest 92.255.85.163 
guest 92.255.85.163 
guest 92.255.85.163 
guest 92.255.85.163 
guest 92.255.85.163 
guest 92.255.85.163 
guest 92.255.85.163 
guest 92.255.85.163 
guest 92.255.85.163 
guest 92.255.85.163 
guest 92.255.85.163 
guest 92.255.85.163 
guest 92.255.85.163 
guest 92.255.85.163 
guest 92.255.85.163 
guest 92.255.85.163 
guest 92.255.85.163 
guest 92.255.85.163 
guest 92.255.85.163 
guest 92.255.85.163 
guest 92.255.85.163 
guest 92.255.85.163 
guest 92.255.85.163 
guest 92.255.85.163 
guest 92.255.85.163 
guest 92.255.85.163 
guest 92.255.85.163 
guest 92.255.85.163 
guest 92.255.85.163 
guest 92.255.85.163 
guest 92.255.85.163 
guest 92.255.85.163 
guest 92.255.85.163 
guest 92.255.85.163 
guest 92.255.85.163 
guest 92.255.85.163 
guest 92.255.85.163 
guest 92.255.85.163 
guest 92.255.85.163 
guest 92.255.85.163 
guest 92.255.85.163 
guest 92.255.85.163 
guest 92.255.85.163 
guest 92.255.85.163 
guest 92.255.85.163 
guest 92.255.85.163 
guest 92.255.85.163 
guest 92.255.85.163 
guest 92.255.85.163 
guest 92.255.85.163 
guest 92.255.85.163 
guest 92.255.85.163 
guest 92.255.85.163 
guest 92.255.85.163 
guest 92.255.85.163 
guest 92.255.85.163 
guest 92.255.85.163 
guest 92.255.85.163 
guest 92.255.85.163 
guest 92.255.85.163 
guest 92.255.85.163 
guest 92.255.85.163 
guest 92.255.85.163 
guest 92.255.85.163 
guest 92.255.85.163 
guest 92.255.85.163 
guest 92.255.85.163 
guest 92.255.85.163 
guest 92.255.85.163 
guest 92.255.85.163 
guest 92.255.85.163 
guest 92.255.85.163 
guest 92.255.85.163 
guest 92.255.85.163 
guest 92.255.85.163 
guest 92.255.85.163 
guest 92.255.85.163 
guest 92.255.85.163 
guest 92.255.85.163 
guest 92.255.85.163 
guest 92.255.85.163 
AA 89.248.165.232 
Test 194.26.29.31 
DESKTOP-I0125LL 92.255.85.181 
DESKTOP-I0125LL 92.255.85.181 
DESKTOP-I0125LL 92.255.85.181 
DESKTOP-I0125LL 92.255.85.181 
DESKTOP-I0125LL 92.255.85.181 
DESKTOP-I0125LL 92.255.85.181 
DESKTOP-I0125LL 92.255.85.181 
DESKTOP-I0125LL 92.255.85.181 
DESKTOP-I0125LL 92.255.85.181 
DESKTOP-I0125LL 92.255.85.181 
DESKTOP-I0125LL 92.255.85.181 
DESKTOP-I0125LL 92.255.85.181 
DESKTOP-I0125LL 92.255.85.181 
DESKTOP-I0125LL 92.255.85.181 
DESKTOP-I0125LL 92.255.85.181 
DESKTOP-I0125LL 92.255.85.181 
DESKTOP-I0125LL 92.255.85.181 
DESKTOP-I0125LL 92.255.85.181 
DESKTOP-I0125LL 92.255.85.181 
DESKTOP-I0125LL 92.255.85.181 
DESKTOP-I0125LL 92.255.85.181 
DESKTOP-I0125LL 92.255.85.181 
DESKTOP-I0125LL 92.255.85.181 
DESKTOP-I0125LL 92.255.85.181 
DESKTOP-I0125LL 92.255.85.181 
DESKTOP-I0125LL 92.255.85.181 
DESKTOP-I0125LL 92.255.85.181 
DESKTOP-I0125LL 92.255.85.181 
DESKTOP-I0125LL 92.255.85.181 
DESKTOP-I0125LL 92.255.85.181 
DESKTOP-I0125LL 92.255.85.181 
DESKTOP-I0125LL 92.255.85.181 
DESKTOP-I0125LL 92.255.85.181 
DESKTOP-I0125LL 92.255.85.181 
DESKTOP-I0125LL 92.255.85.181 
DESKTOP-I0125LL 92.255.85.181 
DESKTOP-I0125LL 92.255.85.181 
DESKTOP-I0125LL 92.255.85.181 
DESKTOP-I0125LL 92.255.85.181 
DESKTOP-I0125LL 92.255.85.181 
DESKTOP-I0125LL 92.255.85.181 
DESKTOP-I0125LL 92.255.85.181 
DESKTOP-I0125LL 92.255.85.181 
DESKTOP-I0125LL 92.255.85.181 
DESKTOP-I0125LL 92.255.85.181 
DESKTOP-I0125LL 92.255.85.181 
DESKTOP-I0125LL 92.255.85.181 
DESKTOP-I0125LL 92.255.85.181 
DESKTOP-I0125LL 92.255.85.181 
DESKTOP-I0125LL 92.255.85.181 
DESKTOP-I0125LL 92.255.85.181 
DESKTOP-I0125LL 92.255.85.181 
DESKTOP-I0125LL 92.255.85.181 
DESKTOP-I0125LL 92.255.85.181 
DESKTOP-I0125LL 92.255.85.181 
DESKTOP-I0125LL 92.255.85.181 
DESKTOP-I0125LL 92.255.85.181 
DESKTOP-I0125LL 92.255.85.181 
DESKTOP-I0125LL 92.255.85.181 
DESKTOP-I0125LL 92.255.85.181 
DESKTOP-I0125LL 92.255.85.181 
DESKTOP-I0125LL 92.255.85.181 
DESKTOP-I0125LL 92.255.85.181 
DESKTOP-I0125LL 92.255.85.181 
DESKTOP-I0125LL 92.255.85.181 
DESKTOP-I0125LL 92.255.85.181 
DESKTOP-I0125LL 92.255.85.181 
DESKTOP-I0125LL 92.255.85.181 
DESKTOP-I0125LL 92.255.85.181 
DESKTOP-I0125LL 92.255.85.181 
DESKTOP-I0125LL 92.255.85.181 
DESKTOP-I0125LL 92.255.85.181 
DESKTOP-I0125LL 92.255.85.181 
DESKTOP-I0125LL 92.255.85.181 
DESKTOP-I0125LL 92.255.85.181 
DESKTOP-I0125LL 92.255.85.181 
DESKTOP-I0125LL 92.255.85.181 
DESKTOP-I0125LL 92.255.85.181 
DESKTOP-I0125LL 92.255.85.181 
DESKTOP-I0125LL 92.255.85.181 
DESKTOP-I0125LL 92.255.85.181 
DESKTOP-I0125LL 92.255.85.181 
DESKTOP-I0125LL 92.255.85.181 
DESKTOP-I0125LL 92.255.85.181 
DESKTOP-I0125LL 92.255.85.181 
DESKTOP-I0125LL 92.255.85.181 
DESKTOP-I0125LL 92.255.85.181 
DESKTOP-I0125LL 92.255.85.181 
DESKTOP-I0125LL 92.255.85.181 
DESKTOP-I0125LL 92.255.85.181 
DESKTOP-I0125LL 92.255.85.181 
DESKTOP-I0125LL 92.255.85.181 
DESKTOP-I0125LL 92.255.85.181 
DESKTOP-I0125LL 92.255.85.181 
DESKTOP-I0125LL 92.255.85.181 
DESKTOP-I0125LL 92.255.85.181 
DESKTOP-I0125LL 92.255.85.181 
DESKTOP-I0125LL 92.255.85.181 
DESKTOP-I0125LL 92.255.85.181 
DESKTOP-I0125LL 92.255.85.181 
DESKTOP-I0125LL 92.255.85.181 
DESKTOP-I0125LL 92.255.85.181 
DESKTOP-I0125LL 92.255.85.181 
DESKTOP-I0125LL 92.255.85.181 
DESKTOP-I0125LL 92.255.85.181 
DESKTOP-I0125LL 92.255.85.181 
DESKTOP-I0125LL 92.255.85.181 
DESKTOP-I0125LL 92.255.85.181 
DESKTOP-I0125LL 92.255.85.181 
DESKTOP-I0125LL 92.255.85.181 
DESKTOP-I0125LL 92.255.85.181 
DESKTOP-I0125LL 92.255.85.181 
DESKTOP-I0125LL 92.255.85.181 
DESKTOP-I0125LL 92.255.85.181 
DESKTOP-I0125LL 92.255.85.181 
DESKTOP-I0125LL 92.255.85.181 
DESKTOP-I0125LL 92.255.85.181 
DESKTOP-I0125LL 92.255.85.181 
DESKTOP-I0125LL 92.255.85.181 
DESKTOP-I0125LL 92.255.85.181 
DESKTOP-I0125LL 92.255.85.181 
DESKTOP-I0125LL 92.255.85.181 
DESKTOP-I0125LL 92.255.85.181 
DESKTOP-I0125LL 92.255.85.181 
DESKTOP-I0125LL 92.255.85.181 
DESKTOP-I0125LL 92.255.85.181 
DESKTOP-I0125LL 92.255.85.181 
DESKTOP-I0125LL 92.255.85.181 
DESKTOP-I0125LL 92.255.85.181 
DESKTOP-I0125LL 92.255.85.181 
DESKTOP-I0125LL 92.255.85.181 
DESKTOP-I0125LL 92.255.85.181 
DESKTOP-I0125LL 92.255.85.181 
DESKTOP-I0125LL 92.255.85.181 
DESKTOP-I0125LL 92.255.85.181 
DESKTOP-I0125LL 92.255.85.181 
DESKTOP-I0125LL 92.255.85.181 
DESKTOP-I0125LL 92.255.85.181 
DESKTOP-I0125LL 92.255.85.181 
DESKTOP-I0125LL 92.255.85.181 
DESKTOP-I0125LL 92.255.85.181 
DESKTOP-I0125LL 92.255.85.181 
DESKTOP-I0125LL 92.255.85.181 
DESKTOP-I0125LL 92.255.85.181 
DESKTOP-I0125LL 92.255.85.181 
DESKTOP-I0125LL 92.255.85.181 
DESKTOP-I0125LL 92.255.85.181 
DESKTOP-I0125LL 92.255.85.181 
DESKTOP-I0125LL 92.255.85.181 
DESKTOP-I0125LL 92.255.85.181 
DESKTOP-I0125LL 92.255.85.181 
DESKTOP-I0125LL 92.255.85.181 
DESKTOP-I0125LL 92.255.85.181 
DESKTOP-I0125LL 92.255.85.181 
DESKTOP-I0125LL 92.255.85.181 
DESKTOP-I0125LL 92.255.85.181 
DESKTOP-I0125LL 92.255.85.181 
DESKTOP-I0125LL 92.255.85.181 
DESKTOP-I0125LL 92.255.85.181 
DESKTOP-I0125LL 92.255.85.181 
DESKTOP-I0125LL 92.255.85.181 
DESKTOP-I0125LL 92.255.85.181 
DESKTOP-I0125LL 92.255.85.181 
DESKTOP-I0125LL 92.255.85.181 
DESKTOP-I0125LL 92.255.85.181 
DESKTOP-I0125LL 92.255.85.181 
DESKTOP-I0125LL 92.255.85.181 
DESKTOP-I0125LL 92.255.85.181 
DESKTOP-I0125LL 92.255.85.181 
DESKTOP-I0125LL 92.255.85.181 
DESKTOP-I0125LL 92.255.85.181 
DESKTOP-I0125LL 92.255.85.181 
DESKTOP-I0125LL 92.255.85.181 
DESKTOP-I0125LL 92.255.85.181 
DESKTOP-I0125LL 92.255.85.181 
DESKTOP-I0125LL 92.255.85.181 
DESKTOP-I0125LL 92.255.85.181 
DESKTOP-I0125LL 92.255.85.181 
DESKTOP-I0125LL 92.255.85.181 
DESKTOP-I0125LL 92.255.85.181 
DESKTOP-I0125LL 92.255.85.181 
DESKTOP-I0125LL 92.255.85.181 
DESKTOP-I0125LL 92.255.85.181 
DESKTOP-I0125LL 92.255.85.181 
DESKTOP-I0125LL 92.255.85.181 
DESKTOP-I0125LL 92.255.85.181 
DESKTOP-I0125LL 92.255.85.181 
DESKTOP-I0125LL 92.255.85.181 
DESKTOP-I0125LL 92.255.85.181 
DESKTOP-I0125LL 92.255.85.181 
DESKTOP-I0125LL 92.255.85.181 
DESKTOP-I0125LL 92.255.85.181 
DESKTOP-I0125LL 92.255.85.181 
DESKTOP-I0125LL 92.255.85.181 
DESKTOP-I0125LL 92.255.85.181 
DESKTOP-I0125LL 92.255.85.181 
DESKTOP-I0125LL 92.255.85.181 
DESKTOP-I0125LL 92.255.85.181 
DESKTOP-I0125LL 92.255.85.181 
DESKTOP-I0125LL 92.255.85.181 
DESKTOP-I0125LL 92.255.85.181 
DESKTOP-I0125LL 92.255.85.181 
DESKTOP-I0125LL 92.255.85.181 
DESKTOP-I0125LL 92.255.85.181 
DESKTOP-I0125LL 92.255.85.181 
DESKTOP-I0125LL 92.255.85.181 
DESKTOP-I0125LL 92.255.85.181 
DESKTOP-I0125LL 92.255.85.181 
DESKTOP-I0125LL 92.255.85.181 
DESKTOP-I0125LL 92.255.85.181 
DESKTOP-I0125LL 92.255.85.181 
DESKTOP-I0125LL 92.255.85.181 
DESKTOP-I0125LL 92.255.85.181 
DESKTOP-I0125LL 92.255.85.181 
DESKTOP-I0125LL 92.255.85.181 
DESKTOP-I0125LL 92.255.85.181 
DESKTOP-I0125LL 92.255.85.181 
DESKTOP-I0125LL 92.255.85.181 
DESKTOP-I0125LL 92.255.85.181 
DESKTOP-I0125LL 92.255.85.181 
DESKTOP-I0125LL 92.255.85.181 
DESKTOP-I0125LL 92.255.85.181 
DESKTOP-I0125LL 92.255.85.181 
DESKTOP-I0125LL 92.255.85.181 
DESKTOP-I0125LL 92.255.85.181 
DESKTOP-I0125LL 92.255.85.181 
DESKTOP-I0125LL 92.255.85.181 
DESKTOP-I0125LL 92.255.85.181 
DESKTOP-I0125LL 92.255.85.181 
DESKTOP-I0125LL 92.255.85.181 
DESKTOP-I0125LL 92.255.85.181 
DESKTOP-I0125LL 92.255.85.181 
DESKTOP-I0125LL 92.255.85.181 
DESKTOP-I0125LL 92.255.85.181 
DESKTOP-I0125LL 92.255.85.181 
DESKTOP-I0125LL 92.255.85.181 
DESKTOP-I0125LL 92.255.85.181 
DESKTOP-I0125LL 92.255.85.181 
DESKTOP-I0125LL 92.255.85.181 
DESKTOP-I0125LL 92.255.85.181 
DESKTOP-I0125LL 92.255.85.181 
DESKTOP-I0125LL 92.255.85.181 
DESKTOP-I0125LL 92.255.85.181 
DESKTOP-I0125LL 92.255.85.181 
DESKTOP-I0125LL 92.255.85.181 
DESKTOP-I0125LL 92.255.85.181 
DESKTOP-I0125LL 92.255.85.181 
DESKTOP-I0125LL 92.255.85.181 
DESKTOP-I0125LL 92.255.85.181 
DESKTOP-I0125LL 92.255.85.181 
DESKTOP-I0125LL 92.255.85.181 
DESKTOP-I0125LL 92.255.85.181 
DESKTOP-I0125LL 92.255.85.181 
DESKTOP-I0125LL 92.255.85.181 
DESKTOP-I0125LL 92.255.85.181 
DESKTOP-I0125LL 92.255.85.181 
DESKTOP-I0125LL 92.255.85.181 
DESKTOP-I0125LL 92.255.85.181 
DESKTOP-I0125LL 92.255.85.181 
DESKTOP-I0125LL 92.255.85.181 
DESKTOP-I0125LL 92.255.85.181 
DESKTOP-I0125LL 92.255.85.181 
DESKTOP-I0125LL 92.255.85.181 
DESKTOP-I0125LL 92.255.85.181 
DESKTOP-I0125LL 92.255.85.181 
DESKTOP-I0125LL 92.255.85.181 
DESKTOP-I0125LL 92.255.85.181 
DESKTOP-I0125LL 92.255.85.181 
DESKTOP-I0125LL 92.255.85.181 
DESKTOP-I0125LL 92.255.85.181 
DESKTOP-I0125LL 92.255.85.181 
DESKTOP-I0125LL 92.255.85.181 
DESKTOP-I0125LL 92.255.85.181 
DESKTOP-I0125LL 92.255.85.181 
DESKTOP-I0125LL 92.255.85.181 
DESKTOP-I0125LL 92.255.85.181 
DESKTOP-I0125LL 92.255.85.181 
DESKTOP-I0125LL 92.255.85.181 
DESKTOP-I0125LL 92.255.85.181 
DESKTOP-I0125LL 92.255.85.181 
DESKTOP-I0125LL 92.255.85.181 
DESKTOP-I0125LL 92.255.85.181 
DESKTOP-I0125LL 92.255.85.181 
DESKTOP-I0125LL 92.255.85.181 
DESKTOP-I0125LL 92.255.85.181 
DESKTOP-I0125LL 92.255.85.181 
DESKTOP-I0125LL 92.255.85.181 
DESKTOP-I0125LL 92.255.85.181 
DESKTOP-I0125LL 92.255.85.181 
DESKTOP-I0125LL 92.255.85.181 
DESKTOP-I0125LL 92.255.85.181 
DESKTOP-I0125LL 92.255.85.181 
DESKTOP-I0125LL 92.255.85.181 
DESKTOP-I0125LL 92.255.85.181 
DESKTOP-I0125LL 92.255.85.181 
DESKTOP-I0125LL 92.255.85.181 
DESKTOP-I0125LL 92.255.85.181 
DESKTOP-I0125LL 92.255.85.181 
DESKTOP-I0125LL 92.255.85.181 
DESKTOP-I0125LL 92.255.85.181 
DESKTOP-I0125LL 92.255.85.181 
DESKTOP-I0125LL 92.255.85.181 
DESKTOP-I0125LL 92.255.85.181 
DESKTOP-I0125LL 92.255.85.181 
DESKTOP-I0125LL 92.255.85.181 
DESKTOP-I0125LL 92.255.85.181 
DESKTOP-I0125LL 92.255.85.181 
DESKTOP-I0125LL 92.255.85.181 
DESKTOP-I0125LL 92.255.85.181 
DESKTOP-I0125LL 92.255.85.181 
DESKTOP-I0125LL 92.255.85.181 
DESKTOP-I0125LL 92.255.85.181 
DESKTOP-I0125LL 92.255.85.181 
DESKTOP-I0125LL 92.255.85.181 
DESKTOP-I0125LL 92.255.85.181 
DESKTOP-I0125LL 92.255.85.181 
DESKTOP-I0125LL 92.255.85.181 
DESKTOP-I0125LL 92.255.85.181 
DESKTOP-I0125LL 92.255.85.181 
DESKTOP-I0125LL 92.255.85.181 
DESKTOP-I0125LL 92.255.85.181 
DESKTOP-I0125LL 92.255.85.181 
DESKTOP-I0125LL 92.255.85.181 
DESKTOP-I0125LL 92.255.85.181 
DESKTOP-I0125LL 92.255.85.181 
DESKTOP-I0125LL 92.255.85.181 
DESKTOP-I0125LL 92.255.85.181 
DESKTOP-I0125LL 92.255.85.181 
DESKTOP-I0125LL 92.255.85.181 
DESKTOP-I0125LL 92.255.85.181 
DESKTOP-I0125LL 92.255.85.181 
DESKTOP-I0125LL 92.255.85.181 
DESKTOP-I0125LL 92.255.85.181 
DESKTOP-I0125LL 92.255.85.181 
DESKTOP-I0125LL 92.255.85.181 
DESKTOP-I0125LL 92.255.85.181 
DESKTOP-I0125LL 92.255.85.181 
DESKTOP-I0125LL 92.255.85.181 
DESKTOP-I0125LL 92.255.85.181 
DESKTOP-I0125LL 92.255.85.181 
DESKTOP-I0125LL 92.255.85.181 
DESKTOP-I0125LL 92.255.85.181 
DESKTOP-I0125LL 92.255.85.181 
DESKTOP-I0125LL 92.255.85.181 
DESKTOP-I0125LL 92.255.85.181 
DESKTOP-I0125LL 92.255.85.181 
DESKTOP-I0125LL 92.255.85.181 
DESKTOP-I0125LL 92.255.85.181 
DESKTOP-I0125LL 92.255.85.181 
DESKTOP-I0125LL 92.255.85.181 
DESKTOP-I0125LL 92.255.85.181 
DESKTOP-I0125LL 92.255.85.181 
DESKTOP-I0125LL 92.255.85.181 
DESKTOP-I0125LL 92.255.85.181 
DESKTOP-I0125LL 92.255.85.181 
DESKTOP-I0125LL 92.255.85.181 
DESKTOP-I0125LL 92.255.85.181 
DESKTOP-I0125LL 92.255.85.181 
DESKTOP-I0125LL 92.255.85.181 
DESKTOP-I0125LL 92.255.85.181 
DESKTOP-I0125LL 92.255.85.181 
DESKTOP-I0125LL 92.255.85.181 
DESKTOP-I0125LL 92.255.85.181 
DESKTOP-I0125LL 92.255.85.181 
DESKTOP-I0125LL 92.255.85.181 
DESKTOP-I0125LL 92.255.85.181 
DESKTOP-I0125LL 92.255.85.181 
DESKTOP-I0125LL 92.255.85.181 
DESKTOP-I0125LL 92.255.85.181 
DESKTOP-I0125LL 92.255.85.181 
DESKTOP-I0125LL 92.255.85.181 
DESKTOP-I0125LL 92.255.85.181 
DESKTOP-I0125LL 92.255.85.181 
DESKTOP-I0125LL 92.255.85.181 
DESKTOP-I0125LL 92.255.85.181 
DESKTOP-I0125LL 92.255.85.181 
DESKTOP-I0125LL 92.255.85.181 
DESKTOP-I0125LL 92.255.85.181 
DESKTOP-I0125LL 92.255.85.181 
DESKTOP-I0125LL 92.255.85.181 
DESKTOP-I0125LL 92.255.85.181 
DESKTOP-I0125LL 92.255.85.181 
DESKTOP-I0125LL 92.255.85.181 
DESKTOP-I0125LL 92.255.85.181 
DESKTOP-I0125LL 92.255.85.181 
DESKTOP-I0125LL 92.255.85.181 
DESKTOP-I0125LL 92.255.85.181 
DESKTOP-I0125LL 92.255.85.181 
DESKTOP-I0125LL 92.255.85.181 
DESKTOP-I0125LL 92.255.85.181 
DESKTOP-I0125LL 92.255.85.181 
DESKTOP-I0125LL 92.255.85.181 
DESKTOP-I0125LL 92.255.85.181 
DESKTOP-I0125LL 92.255.85.181 
DESKTOP-I0125LL 92.255.85.181 
DESKTOP-I0125LL 92.255.85.181 
DESKTOP-I0125LL 92.255.85.181 
DESKTOP-I0125LL 92.255.85.181 
DESKTOP-I0125LL 92.255.85.181 
DESKTOP-I0125LL 92.255.85.181 
DESKTOP-I0125LL 92.255.85.181 
DESKTOP-I0125LL 92.255.85.181 
DESKTOP-I0125LL 92.255.85.181 
DESKTOP-I0125LL 92.255.85.181 
DESKTOP-I0125LL 92.255.85.181 
DESKTOP-I0125LL 92.255.85.181 
DESKTOP-I0125LL 92.255.85.181 
DESKTOP-I0125LL 92.255.85.181 
DESKTOP-I0125LL 92.255.85.181 
DESKTOP-I0125LL 92.255.85.181 
DESKTOP-I0125LL 92.255.85.181 
DESKTOP-I0125LL 92.255.85.181 
DESKTOP-I0125LL 92.255.85.181 
DESKTOP-I0125LL 92.255.85.181 
DESKTOP-I0125LL 92.255.85.181 
DESKTOP-I0125LL 92.255.85.181 
DESKTOP-I0125LL 92.255.85.181 
DESKTOP-I0125LL 92.255.85.181 
DESKTOP-I0125LL 92.255.85.181 
DESKTOP-I0125LL 92.255.85.181 
DESKTOP-I0125LL 92.255.85.181 
DESKTOP-I0125LL 92.255.85.181 
DESKTOP-I0125LL 92.255.85.181 
DESKTOP-I0125LL 92.255.85.181 
DESKTOP-I0125LL 92.255.85.181 
DESKTOP-I0125LL 92.255.85.181 
DESKTOP-I0125LL 92.255.85.181 
DESKTOP-I0125LL 92.255.85.181 
DESKTOP-I0125LL 92.255.85.181 
DESKTOP-I0125LL 92.255.85.181 
DESKTOP-I0125LL 92.255.85.181 
DESKTOP-I0125LL 92.255.85.181 
DESKTOP-I0125LL 92.255.85.181 
DESKTOP-I0125LL 92.255.85.181 
DESKTOP-I0125LL 92.255.85.181 
DESKTOP-I0125LL 92.255.85.181 
DESKTOP-I0125LL 92.255.85.181 
DESKTOP-I0125LL 92.255.85.181 
DESKTOP-I0125LL 92.255.85.181 
DESKTOP-I0125LL 92.255.85.181 
DESKTOP-I0125LL 92.255.85.181 
DESKTOP-I0125LL 92.255.85.181 
DESKTOP-I0125LL 92.255.85.181 
DESKTOP-I0125LL 92.255.85.181 
DESKTOP-I0125LL 92.255.85.181 
DESKTOP-I0125LL 92.255.85.181 
DESKTOP-I0125LL 92.255.85.181 
DESKTOP-I0125LL 92.255.85.181 
DESKTOP-I0125LL 92.255.85.181 
DESKTOP-I0125LL 92.255.85.181 
DESKTOP-I0125LL 92.255.85.181 
DESKTOP-I0125LL 92.255.85.181 
DESKTOP-I0125LL 92.255.85.181 
DESKTOP-I0125LL 92.255.85.181 
DESKTOP-I0125LL 92.255.85.181 
DESKTOP-I0125LL 92.255.85.181 
DESKTOP-I0125LL 92.255.85.181 
DESKTOP-I0125LL 92.255.85.181 
DESKTOP-I0125LL 92.255.85.181 
DESKTOP-I0125LL 92.255.85.181 
DESKTOP-I0125LL 92.255.85.181 
DESKTOP-I0125LL 92.255.85.181 
DESKTOP-I0125LL 92.255.85.181 
DESKTOP-I0125LL 92.255.85.181 
DESKTOP-I0125LL 92.255.85.181 
DESKTOP-I0125LL 92.255.85.181 
DESKTOP-I0125LL 92.255.85.181 
DESKTOP-I0125LL 92.255.85.181 
DESKTOP-I0125LL 92.255.85.181 
DESKTOP-I0125LL 92.255.85.181 
DESKTOP-I0125LL 92.255.85.181 
DESKTOP-I0125LL 92.255.85.181 
DESKTOP-I0125LL 92.255.85.181 
DESKTOP-I0125LL 92.255.85.181 
DESKTOP-I0125LL 92.255.85.181 
DESKTOP-I0125LL 92.255.85.181 
DESKTOP-I0125LL 92.255.85.181 
DESKTOP-I0125LL 92.255.85.181 
DESKTOP-I0125LL 92.255.85.181 
DESKTOP-I0125LL 92.255.85.181 
DESKTOP-I0125LL 92.255.85.181 
DESKTOP-I0125LL 92.255.85.181 
DESKTOP-I0125LL 92.255.85.181 
DESKTOP-I0125LL 92.255.85.181 
DESKTOP-I0125LL 92.255.85.181 
DESKTOP-I0125LL 92.255.85.181 
DESKTOP-I0125LL 92.255.85.181 
DESKTOP-I0125LL 92.255.85.181 
DESKTOP-I0125LL 92.255.85.181 
DESKTOP-I0125LL 92.255.85.181 
DESKTOP-I0125LL 92.255.85.181 
DESKTOP-I0125LL 92.255.85.181 
DESKTOP-I0125LL 92.255.85.181 
DESKTOP-I0125LL 92.255.85.181 
DESKTOP-I0125LL 92.255.85.181 
DESKTOP-I0125LL 92.255.85.181 
DESKTOP-I0125LL 92.255.85.181 
DESKTOP-I0125LL 92.255.85.181 
DESKTOP-I0125LL 92.255.85.181 
DESKTOP-I0125LL 92.255.85.181 
DESKTOP-I0125LL 92.255.85.181 
DESKTOP-I0125LL 92.255.85.181 
DESKTOP-I0125LL 92.255.85.181 
DESKTOP-I0125LL 92.255.85.181 
DESKTOP-I0125LL 92.255.85.181 
DESKTOP-I0125LL 92.255.85.181 
DESKTOP-I0125LL 92.255.85.181 
DESKTOP-I0125LL 92.255.85.181 
DESKTOP-I0125LL 92.255.85.181 
DESKTOP-I0125LL 92.255.85.181 
DESKTOP-I0125LL 92.255.85.181 
DESKTOP-I0125LL 92.255.85.181 
DESKTOP-I0125LL 92.255.85.181 
DESKTOP-I0125LL 92.255.85.181 
DESKTOP-I0125LL 92.255.85.181 
DESKTOP-I0125LL 92.255.85.181 
DESKTOP-I0125LL 92.255.85.181 
DESKTOP-I0125LL 92.255.85.181 
DESKTOP-I0125LL 92.255.85.181 
DESKTOP-I0125LL 92.255.85.181 
DESKTOP-I0125LL 92.255.85.181 
DESKTOP-I0125LL 92.255.85.181 
DESKTOP-I0125LL 92.255.85.181 
DESKTOP-I0125LL 92.255.85.181 
DESKTOP-I0125LL 92.255.85.181 
DESKTOP-I0125LL 92.255.85.181 
DESKTOP-I0125LL 92.255.85.181 
DESKTOP-I0125LL 92.255.85.181 
DESKTOP-I0125LL 92.255.85.181 
DESKTOP-I0125LL 92.255.85.181 
DESKTOP-I0125LL 92.255.85.181 
DESKTOP-I0125LL 92.255.85.181 
DESKTOP-I0125LL 92.255.85.181 
DESKTOP-I0125LL 92.255.85.181 
DESKTOP-I0125LL 92.255.85.181 
DESKTOP-I0125LL 92.255.85.181 
DESKTOP-I0125LL 92.255.85.181 
DESKTOP-I0125LL 92.255.85.181 
DESKTOP-I0125LL 92.255.85.181 
DESKTOP-I0125LL 92.255.85.181 
DESKTOP-I0125LL 92.255.85.181 
DESKTOP-I0125LL 92.255.85.181 
DESKTOP-I0125LL 92.255.85.181 
DESKTOP-I0125LL 92.255.85.181 
DESKTOP-I0125LL 92.255.85.181 
DESKTOP-I0125LL 92.255.85.181 
DESKTOP-I0125LL 92.255.85.181 
DESKTOP-I0125LL 92.255.85.181 
DESKTOP-I0125LL 92.255.85.181 
DESKTOP-I0125LL 92.255.85.181 
DESKTOP-I0125LL 92.255.85.181 
DESKTOP-I0125LL 92.255.85.181 
DESKTOP-I0125LL 92.255.85.181 
DESKTOP-I0125LL 92.255.85.181 
DESKTOP-I0125LL 92.255.85.181 
DESKTOP-I0125LL 92.255.85.181 
DESKTOP-I0125LL 92.255.85.181 
DESKTOP-I0125LL 92.255.85.181 
DESKTOP-I0125LL 92.255.85.181 
DESKTOP-I0125LL 92.255.85.181 
DESKTOP-I0125LL 92.255.85.181 
DESKTOP-I0125LL 92.255.85.181 
DESKTOP-I0125LL 92.255.85.181 
DESKTOP-I0125LL 92.255.85.181 
DESKTOP-I0125LL 92.255.85.181 
DESKTOP-I0125LL 92.255.85.181 
DESKTOP-I0125LL 92.255.85.181 
DESKTOP-I0125LL 92.255.85.181 
DESKTOP-I0125LL 92.255.85.181 
DESKTOP-I0125LL 92.255.85.181 
DESKTOP-I0125LL 92.255.85.181 
DESKTOP-I0125LL 92.255.85.181 
DESKTOP-I0125LL 92.255.85.181 
DESKTOP-I0125LL 92.255.85.181 
DESKTOP-I0125LL 92.255.85.181 
DESKTOP-I0125LL 92.255.85.181 
DESKTOP-I0125LL 92.255.85.181 
DESKTOP-I0125LL 92.255.85.181 
DESKTOP-I0125LL 92.255.85.181 
DESKTOP-I0125LL 92.255.85.181 
DESKTOP-I0125LL 92.255.85.181 
DESKTOP-I0125LL 92.255.85.181 
DESKTOP-I0125LL 92.255.85.181 
DESKTOP-I0125LL 92.255.85.181 
DESKTOP-I0125LL 92.255.85.181 
DESKTOP-I0125LL 92.255.85.181 
DESKTOP-I0125LL 92.255.85.181 
DESKTOP-I0125LL 92.255.85.181 
DESKTOP-I0125LL 92.255.85.181 
DESKTOP-I0125LL 92.255.85.181 
DESKTOP-I0125LL 92.255.85.181 
DESKTOP-I0125LL 92.255.85.181 
DESKTOP-I0125LL 92.255.85.181 
DESKTOP-I0125LL 92.255.85.181 
DESKTOP-I0125LL 92.255.85.181 
DESKTOP-I0125LL 92.255.85.181 
DESKTOP-I0125LL 92.255.85.181 
DESKTOP-I0125LL 92.255.85.181 
DESKTOP-I0125LL 92.255.85.181 
DESKTOP-I0125LL 92.255.85.181 
DESKTOP-I0125LL 92.255.85.181 
DESKTOP-I0125LL 92.255.85.181 
DESKTOP-I0125LL 92.255.85.181 
DESKTOP-I0125LL 92.255.85.181 
DESKTOP-I0125LL 92.255.85.181 
DESKTOP-I0125LL 92.255.85.181 
DESKTOP-I0125LL 92.255.85.181 
DESKTOP-I0125LL 92.255.85.181 
DESKTOP-I0125LL 92.255.85.181 
DESKTOP-I0125LL 92.255.85.181 
DESKTOP-I0125LL 92.255.85.181 
DESKTOP-I0125LL 92.255.85.181 
DESKTOP-I0125LL 92.255.85.181 
DESKTOP-I0125LL 92.255.85.181 
DESKTOP-I0125LL 92.255.85.181 
DESKTOP-I0125LL 92.255.85.181 
DESKTOP-I0125LL 92.255.85.181 
DESKTOP-I0125LL 92.255.85.181 
DESKTOP-I0125LL 92.255.85.181 
DESKTOP-I0125LL 92.255.85.181 
DESKTOP-I0125LL 92.255.85.181 
DESKTOP-I0125LL 92.255.85.181 
DESKTOP-I0125LL 92.255.85.181 
DESKTOP-I0125LL 92.255.85.181 
DESKTOP-I0125LL 92.255.85.181 
DESKTOP-I0125LL 92.255.85.181 
DESKTOP-I0125LL 92.255.85.181 
DESKTOP-I0125LL 92.255.85.181 
DESKTOP-I0125LL 92.255.85.181 
DESKTOP-I0125LL 92.255.85.181 
DESKTOP-I0125LL 92.255.85.181 
DESKTOP-I0125LL 92.255.85.181 
DESKTOP-I0125LL 92.255.85.181 
DESKTOP-I0125LL 92.255.85.181 
DESKTOP-I0125LL 92.255.85.181 
DESKTOP-I0125LL 92.255.85.181 
DESKTOP-I0125LL 92.255.85.181 
DESKTOP-I0125LL 92.255.85.181 
DESKTOP-I0125LL 92.255.85.181 
DESKTOP-I0125LL 92.255.85.181 
DESKTOP-I0125LL 92.255.85.181 
DESKTOP-I0125LL 92.255.85.181 
DESKTOP-I0125LL 92.255.85.181 
DESKTOP-I0125LL 92.255.85.181 
DESKTOP-I0125LL 92.255.85.181 
DESKTOP-I0125LL 92.255.85.181 
DESKTOP-I0125LL 92.255.85.181 
DESKTOP-I0125LL 92.255.85.181 
DESKTOP-I0125LL 92.255.85.181 
DESKTOP-I0125LL 92.255.85.181 
DESKTOP-I0125LL 92.255.85.181 
DESKTOP-I0125LL 92.255.85.181 
DESKTOP-I0125LL 92.255.85.181 
DESKTOP-I0125LL 92.255.85.181 
DESKTOP-I0125LL 92.255.85.181 
DESKTOP-I0125LL 92.255.85.181 
DESKTOP-I0125LL 92.255.85.181 
DESKTOP-I0125LL 92.255.85.181 
DESKTOP-I0125LL 92.255.85.181 
DESKTOP-I0125LL 92.255.85.181 
DESKTOP-I0125LL 92.255.85.181 
DESKTOP-I0125LL 92.255.85.181 
DESKTOP-I0125LL 92.255.85.181 
DESKTOP-I0125LL 92.255.85.181 
DESKTOP-I0125LL 92.255.85.181 
DESKTOP-I0125LL 92.255.85.181 
DESKTOP-I0125LL 92.255.85.181 
DESKTOP-I0125LL 92.255.85.181 
DESKTOP-I0125LL 92.255.85.181 
DESKTOP-I0125LL 92.255.85.181 
DESKTOP-I0125LL 92.255.85.181 
DESKTOP-I0125LL 92.255.85.181 
DESKTOP-I0125LL 92.255.85.181 
DESKTOP-I0125LL 92.255.85.181 
DESKTOP-I0125LL 92.255.85.181 
DESKTOP-I0125LL 92.255.85.181 
DESKTOP-I0125LL 92.255.85.181 
DESKTOP-I0125LL 92.255.85.181 
DESKTOP-I0125LL 92.255.85.181 
DESKTOP-I0125LL 92.255.85.181 
DESKTOP-I0125LL 92.255.85.181 
DESKTOP-I0125LL 92.255.85.181 
DESKTOP-I0125LL 92.255.85.181 
DESKTOP-I0125LL 92.255.85.181 
DESKTOP-I0125LL 92.255.85.181 
DESKTOP-I0125LL 92.255.85.181 
DESKTOP-I0125LL 92.255.85.181 
DESKTOP-I0125LL 92.255.85.181 
DESKTOP-I0125LL 92.255.85.181 
DESKTOP-I0125LL 92.255.85.181 
DESKTOP-I0125LL 92.255.85.181 
DESKTOP-I0125LL 92.255.85.181 
DESKTOP-I0125LL 92.255.85.181 
DESKTOP-I0125LL 92.255.85.181 
DESKTOP-I0125LL 92.255.85.181 
DESKTOP-I0125LL 92.255.85.181 
DESKTOP-I0125LL 92.255.85.181 
DESKTOP-I0125LL 92.255.85.181 
DESKTOP-I0125LL 92.255.85.181 
DESKTOP-I0125LL 92.255.85.181 
DESKTOP-I0125LL 92.255.85.181 
DESKTOP-I0125LL 92.255.85.181 
DESKTOP-I0125LL 92.255.85.181 
DESKTOP-I0125LL 92.255.85.181 
DESKTOP-I0125LL 92.255.85.181 
DESKTOP-I0125LL 92.255.85.181 
DESKTOP-I0125LL 92.255.85.181 
DESKTOP-I0125LL 92.255.85.181 
DESKTOP-I0125LL 92.255.85.181 
DESKTOP-I0125LL 92.255.85.181 
DESKTOP-I0125LL 92.255.85.181 
DESKTOP-I0125LL 92.255.85.181 
DESKTOP-I0125LL 92.255.85.181 
DESKTOP-I0125LL 92.255.85.181 
DESKTOP-I0125LL 92.255.85.181 
DESKTOP-I0125LL 92.255.85.181 
DESKTOP-I0125LL 92.255.85.181 
DESKTOP-I0125LL 92.255.85.181 
DESKTOP-I0125LL 92.255.85.181 
DESKTOP-I0125LL 92.255.85.181 
DESKTOP-I0125LL 92.255.85.181 
DESKTOP-I0125LL 92.255.85.181 
DESKTOP-I0125LL 92.255.85.181 
DESKTOP-I0125LL 92.255.85.181 
DESKTOP-I0125LL 92.255.85.181 
DESKTOP-I0125LL 92.255.85.181 
DESKTOP-I0125LL 92.255.85.181 
DESKTOP-I0125LL 92.255.85.181 
DESKTOP-I0125LL 92.255.85.181 
DESKTOP-I0125LL 92.255.85.181 
DESKTOP-I0125LL 92.255.85.181 
DESKTOP-I0125LL 92.255.85.181 
DESKTOP-I0125LL 92.255.85.181 
DESKTOP-I0125LL 92.255.85.181 
DESKTOP-I0125LL 92.255.85.181 
DESKTOP-I0125LL 92.255.85.181 
DESKTOP-I0125LL 92.255.85.181 
DESKTOP-I0125LL 92.255.85.181 
DESKTOP-I0125LL 92.255.85.181 
DESKTOP-I0125LL 92.255.85.181 
DESKTOP-I0125LL 92.255.85.181 
DESKTOP-I0125LL 92.255.85.181 
DESKTOP-I0125LL 92.255.85.181 
DESKTOP-I0125LL 92.255.85.181 
DESKTOP-I0125LL 92.255.85.181 
DESKTOP-I0125LL 92.255.85.181 
DESKTOP-I0125LL 92.255.85.181 
DESKTOP-I0125LL 92.255.85.181 
DESKTOP-I0125LL 92.255.85.181 
DESKTOP-I0125LL 92.255.85.181 
DESKTOP-I0125LL 92.255.85.181 
DESKTOP-I0125LL 92.255.85.181 
DESKTOP-I0125LL 92.255.85.181 
DESKTOP-I0125LL 92.255.85.181 
DESKTOP-I0125LL 92.255.85.181 
DESKTOP-I0125LL 92.255.85.181 
DESKTOP-I0125LL 92.255.85.181 
DESKTOP-I0125LL 92.255.85.181 
DESKTOP-I0125LL 92.255.85.181 
DESKTOP-I0125LL 92.255.85.181 
DESKTOP-I0125LL 92.255.85.181 
DESKTOP-I0125LL 92.255.85.181 
DESKTOP-I0125LL 92.255.85.181 
DESKTOP-I0125LL 92.255.85.181 
DESKTOP-I0125LL 92.255.85.181 
DESKTOP-I0125LL 92.255.85.181 
DESKTOP-I0125LL 92.255.85.181 
DESKTOP-I0125LL 92.255.85.181 
DESKTOP-I0125LL 92.255.85.181 
DESKTOP-I0125LL 92.255.85.181 
DESKTOP-I0125LL 92.255.85.181 
DESKTOP-I0125LL 92.255.85.181 
DESKTOP-I0125LL 92.255.85.181 
DESKTOP-I0125LL 92.255.85.181 
DESKTOP-I0125LL 92.255.85.181 
DESKTOP-I0125LL 92.255.85.181 
DESKTOP-I0125LL 92.255.85.181 
DESKTOP-I0125LL 92.255.85.181 
DESKTOP-I0125LL 92.255.85.181 
DESKTOP-I0125LL 92.255.85.181 
DESKTOP-I0125LL 92.255.85.181 
DESKTOP-I0125LL 92.255.85.181 
DESKTOP-I0125LL 92.255.85.181 
DESKTOP-I0125LL 92.255.85.181 
DESKTOP-I0125LL 92.255.85.181 
DESKTOP-I0125LL 92.255.85.181 
DESKTOP-I0125LL 92.255.85.181 
DESKTOP-I0125LL 92.255.85.181 
DESKTOP-I0125LL 92.255.85.181 
DESKTOP-I0125LL 92.255.85.181 
DESKTOP-I0125LL 92.255.85.181 
DESKTOP-I0125LL 92.255.85.181 
DESKTOP-I0125LL 92.255.85.181 
DESKTOP-I0125LL 92.255.85.181 
DESKTOP-I0125LL 92.255.85.181 
DESKTOP-I0125LL 92.255.85.181 
DESKTOP-I0125LL 92.255.85.181 
DESKTOP-I0125LL 92.255.85.181 
DESKTOP-I0125LL 92.255.85.181 
DESKTOP-I0125LL 92.255.85.181 
DESKTOP-I0125LL 92.255.85.181 
DESKTOP-I0125LL 92.255.85.181 
DESKTOP-I0125LL 92.255.85.181 
DESKTOP-I0125LL 92.255.85.181 
DESKTOP-I0125LL 92.255.85.181 
DESKTOP-I0125LL 92.255.85.181 
DESKTOP-I0125LL 92.255.85.181 
DESKTOP-I0125LL 92.255.85.181 
DESKTOP-I0125LL 92.255.85.181 
DESKTOP-I0125LL 92.255.85.181 
DESKTOP-I0125LL 92.255.85.181 
DESKTOP-I0125LL 92.255.85.181 
DESKTOP-I0125LL 92.255.85.181 
DESKTOP-I0125LL 92.255.85.181 
DESKTOP-I0125LL 92.255.85.181 
DESKTOP-I0125LL 92.255.85.181 
DESKTOP-I0125LL 92.255.85.181 
DESKTOP-I0125LL 92.255.85.181 
DESKTOP-I0125LL 92.255.85.181 
DESKTOP-I0125LL 92.255.85.181 
DESKTOP-I0125LL 92.255.85.181 
DESKTOP-I0125LL 92.255.85.181 
DESKTOP-I0125LL 92.255.85.181 
DESKTOP-I0125LL 92.255.85.181 
DESKTOP-I0125LL 92.255.85.181 
DESKTOP-I0125LL 92.255.85.181 
DESKTOP-I0125LL 92.255.85.181 
DESKTOP-I0125LL 92.255.85.181 
DESKTOP-I0125LL 92.255.85.181 
DESKTOP-I0125LL 92.255.85.181 
DESKTOP-I0125LL 92.255.85.181 
DESKTOP-I0125LL 92.255.85.181 
DESKTOP-I0125LL 92.255.85.181 
DESKTOP-I0125LL 92.255.85.181 
DESKTOP-I0125LL 92.255.85.181 
DESKTOP-I0125LL 92.255.85.181 
DESKTOP-I0125LL 92.255.85.181 
DESKTOP-I0125LL 92.255.85.181 
DESKTOP-I0125LL 92.255.85.181 
DESKTOP-I0125LL 92.255.85.181 
DESKTOP-I0125LL 92.255.85.181 
DESKTOP-I0125LL 92.255.85.181 
DESKTOP-I0125LL 92.255.85.181 
DESKTOP-I0125LL 92.255.85.181 
DESKTOP-I0125LL 92.255.85.181 
DESKTOP-I0125LL 92.255.85.181 
DESKTOP-I0125LL 92.255.85.181 
DESKTOP-I0125LL 92.255.85.181 
DESKTOP-I0125LL 92.255.85.181 
DESKTOP-I0125LL 92.255.85.181 
DESKTOP-I0125LL 92.255.85.181 
DESKTOP-I0125LL 92.255.85.181 
DESKTOP-I0125LL 92.255.85.181 
DESKTOP-I0125LL 92.255.85.181 
DESKTOP-I0125LL 92.255.85.181 
DESKTOP-I0125LL 92.255.85.181 
DESKTOP-I0125LL 92.255.85.181 
DESKTOP-I0125LL 92.255.85.181 
DESKTOP-I0125LL 92.255.85.181 
DESKTOP-I0125LL 92.255.85.181 
DESKTOP-I0125LL 92.255.85.181 
DESKTOP-I0125LL 92.255.85.181 
DESKTOP-I0125LL 92.255.85.181 
DESKTOP-I0125LL 92.255.85.181 
DESKTOP-I0125LL 92.255.85.181 
DESKTOP-I0125LL 92.255.85.181 
DESKTOP-I0125LL 92.255.85.181 
DESKTOP-I0125LL 92.255.85.181 
DESKTOP-I0125LL 92.255.85.181 
DESKTOP-I0125LL 92.255.85.181 
DESKTOP-I0125LL 92.255.85.181 
DESKTOP-I0125LL 92.255.85.181 
DESKTOP-I0125LL 92.255.85.181 
DESKTOP-I0125LL 92.255.85.181 
DESKTOP-I0125LL 92.255.85.181 
DESKTOP-I0125LL 92.255.85.181 
DESKTOP-I0125LL 92.255.85.181 
DESKTOP-I0125LL 92.255.85.181 
DESKTOP-I0125LL 92.255.85.181 
DESKTOP-I0125LL 92.255.85.181 
DESKTOP-I0125LL 92.255.85.181 
DESKTOP-I0125LL 92.255.85.181 
DESKTOP-I0125LL 92.255.85.181 
DESKTOP-I0125LL 92.255.85.181 
DESKTOP-I0125LL 92.255.85.181 
DESKTOP-I0125LL 92.255.85.181 
DESKTOP-I0125LL 92.255.85.181 
DESKTOP-I0125LL 92.255.85.181 
DESKTOP-I0125LL 92.255.85.181 
DESKTOP-I0125LL 92.255.85.181 
DESKTOP-I0125LL 92.255.85.181 
DESKTOP-I0125LL 92.255.85.181 
DESKTOP-I0125LL 92.255.85.181 
DESKTOP-I0125LL 92.255.85.181 
DESKTOP-I0125LL 92.255.85.181 
DESKTOP-I0125LL 92.255.85.181 
DESKTOP-I0125LL 92.255.85.181 
DESKTOP-I0125LL 92.255.85.181 
DESKTOP-I0125LL 92.255.85.181 
DESKTOP-I0125LL 92.255.85.181 
DESKTOP-I0125LL 92.255.85.181 
DESKTOP-I0125LL 92.255.85.181 
DESKTOP-I0125LL 92.255.85.181 
DESKTOP-I0125LL 92.255.85.181 
DESKTOP-I0125LL 92.255.85.181 
DESKTOP-I0125LL 92.255.85.181 
DESKTOP-I0125LL 92.255.85.181 
DESKTOP-I0125LL 92.255.85.181 
DESKTOP-I0125LL 92.255.85.181 
DESKTOP-I0125LL 92.255.85.181 
DESKTOP-I0125LL 92.255.85.181 
DESKTOP-I0125LL 92.255.85.181 
DESKTOP-I0125LL 92.255.85.181 
DESKTOP-I0125LL 92.255.85.181 
DESKTOP-I0125LL 92.255.85.181 
DESKTOP-I0125LL 92.255.85.181 
DESKTOP-I0125LL 92.255.85.181 
DESKTOP-I0125LL 92.255.85.181 
DESKTOP-I0125LL 92.255.85.181 
DESKTOP-I0125LL 92.255.85.181 
DESKTOP-I0125LL 92.255.85.181 
DESKTOP-I0125LL 92.255.85.181 
DESKTOP-I0125LL 92.255.85.181 
DESKTOP-I0125LL 92.255.85.181 
DESKTOP-I0125LL 92.255.85.181 
DESKTOP-I0125LL 92.255.85.181 
DESKTOP-I0125LL 92.255.85.181 
DESKTOP-I0125LL 92.255.85.181 
DESKTOP-I0125LL 92.255.85.181 
DESKTOP-I0125LL 92.255.85.181 
DESKTOP-I0125LL 92.255.85.181 
DESKTOP-I0125LL 92.255.85.181 
DESKTOP-I0125LL 92.255.85.181 
DESKTOP-I0125LL 92.255.85.181 
DESKTOP-I0125LL 92.255.85.181 
DESKTOP-I0125LL 92.255.85.181 
DESKTOP-I0125LL 92.255.85.181 
DESKTOP-I0125LL 92.255.85.181 
DESKTOP-I0125LL 92.255.85.181 
DESKTOP-I0125LL 92.255.85.181 
DESKTOP-I0125LL 92.255.85.181 
DESKTOP-I0125LL 92.255.85.181 
DESKTOP-I0125LL 92.255.85.181 
DESKTOP-I0125LL 92.255.85.181 
DESKTOP-I0125LL 92.255.85.181 
DESKTOP-I0125LL 92.255.85.181 
DESKTOP-I0125LL 92.255.85.181 
DESKTOP-I0125LL 92.255.85.181 
DESKTOP-I0125LL 92.255.85.181 
DESKTOP-I0125LL 92.255.85.181 
DESKTOP-I0125LL 92.255.85.181 
DESKTOP-I0125LL 92.255.85.181 
DESKTOP-I0125LL 92.255.85.181 
DESKTOP-I0125LL 92.255.85.181 
DESKTOP-I0125LL 92.255.85.181 
DESKTOP-I0125LL 92.255.85.181 
DESKTOP-I0125LL 92.255.85.181 
DESKTOP-I0125LL 92.255.85.181 
DESKTOP-I0125LL 92.255.85.181 
DESKTOP-I0125LL 92.255.85.181 
DESKTOP-I0125LL 92.255.85.181 
DESKTOP-I0125LL 92.255.85.181 
DESKTOP-I0125LL 92.255.85.181 
DESKTOP-I0125LL 92.255.85.181 
DESKTOP-I0125LL 92.255.85.181 
DESKTOP-I0125LL 92.255.85.181 
DESKTOP-I0125LL 92.255.85.181 
DESKTOP-I0125LL 92.255.85.181 
DESKTOP-I0125LL 92.255.85.181 
DESKTOP-I0125LL 92.255.85.181 
DESKTOP-I0125LL 92.255.85.181 
DESKTOP-I0125LL 92.255.85.181 
DESKTOP-I0125LL 92.255.85.181 
DESKTOP-I0125LL 92.255.85.181 
DESKTOP-I0125LL 92.255.85.181 
DESKTOP-I0125LL 92.255.85.181 
DESKTOP-I0125LL 92.255.85.181 
DESKTOP-I0125LL 92.255.85.181 
DESKTOP-I0125LL 92.255.85.181 
DESKTOP-I0125LL 92.255.85.181 
DESKTOP-I0125LL 92.255.85.181 
DESKTOP-I0125LL 92.255.85.181 
DESKTOP-I0125LL 92.255.85.181 
DESKTOP-I0125LL 92.255.85.181 
DESKTOP-I0125LL 92.255.85.181 
DESKTOP-I0125LL 92.255.85.181 
DESKTOP-I0125LL 92.255.85.181 
DESKTOP-I0125LL 92.255.85.181 
DESKTOP-I0125LL 92.255.85.181 
DESKTOP-I0125LL 92.255.85.181 
DESKTOP-I0125LL 92.255.85.181 
DESKTOP-I0125LL 92.255.85.181 
DESKTOP-I0125LL 92.255.85.181 
DESKTOP-I0125LL 92.255.85.181 
DESKTOP-I0125LL 92.255.85.181 
DESKTOP-I0125LL 92.255.85.181 
DESKTOP-I0125LL 92.255.85.181 
DESKTOP-I0125LL 92.255.85.181 
DESKTOP-I0125LL 92.255.85.181 
DESKTOP-I0125LL 92.255.85.181 
DESKTOP-I0125LL 92.255.85.181 
DESKTOP-I0125LL 92.255.85.181 
DESKTOP-I0125LL 92.255.85.181 
DESKTOP-I0125LL 92.255.85.181 
DESKTOP-I0125LL 92.255.85.181 
DESKTOP-I0125LL 92.255.85.181 
DESKTOP-I0125LL 92.255.85.181 
DESKTOP-I0125LL 92.255.85.181 
DESKTOP-I0125LL 92.255.85.181 
DESKTOP-I0125LL 92.255.85.181 
DESKTOP-I0125LL 92.255.85.181 
DESKTOP-I0125LL 92.255.85.181 
DESKTOP-I0125LL 92.255.85.181 
DESKTOP-I0125LL 92.255.85.181 
DESKTOP-I0125LL 92.255.85.181 
DESKTOP-I0125LL 92.255.85.181 
DESKTOP-I0125LL 92.255.85.181 
DESKTOP-I0125LL 92.255.85.181 
DESKTOP-I0125LL 92.255.85.181 
DESKTOP-I0125LL 92.255.85.181 
DESKTOP-I0125LL 92.255.85.181 
DESKTOP-I0125LL 92.255.85.181 
DESKTOP-I0125LL 92.255.85.181 
DESKTOP-I0125LL 92.255.85.181 
DESKTOP-I0125LL 92.255.85.181 
DESKTOP-I0125LL 92.255.85.181 
DESKTOP-I0125LL 92.255.85.181 
DESKTOP-I0125LL 92.255.85.181 
DESKTOP-I0125LL 92.255.85.181 
DESKTOP-I0125LL 92.255.85.181 
DESKTOP-I0125LL 92.255.85.181 
DESKTOP-I0125LL 92.255.85.181 
DESKTOP-I0125LL 92.255.85.181 
DESKTOP-I0125LL 92.255.85.181 
DESKTOP-I0125LL 92.255.85.181 
DESKTOP-I0125LL 92.255.85.181 
DESKTOP-I0125LL 92.255.85.181 
DESKTOP-I0125LL 92.255.85.181 
DESKTOP-I0125LL 92.255.85.181 
DESKTOP-I0125LL 92.255.85.181 
DESKTOP-I0125LL 92.255.85.181 
DESKTOP-I0125LL 92.255.85.181 
DESKTOP-I0125LL 92.255.85.181 
DESKTOP-I0125LL 92.255.85.181 
DESKTOP-I0125LL 92.255.85.181 
DESKTOP-I0125LL 92.255.85.181 
DESKTOP-I0125LL 92.255.85.181 
DESKTOP-I0125LL 92.255.85.181 
DESKTOP-I0125LL 92.255.85.181 
DESKTOP-I0125LL 92.255.85.181 
DESKTOP-I0125LL 92.255.85.181 
DESKTOP-I0125LL 92.255.85.181 
DESKTOP-I0125LL 92.255.85.181 
DESKTOP-I0125LL 92.255.85.181 
DESKTOP-I0125LL 92.255.85.181 
DESKTOP-I0125LL 92.255.85.181 
DESKTOP-I0125LL 92.255.85.181 
DESKTOP-I0125LL 92.255.85.181 
DESKTOP-I0125LL 92.255.85.181 
DESKTOP-I0125LL 92.255.85.181 
DESKTOP-I0125LL 92.255.85.181 
DESKTOP-I0125LL 92.255.85.181 
DESKTOP-I0125LL 92.255.85.181 
DESKTOP-I0125LL 92.255.85.181 
DESKTOP-I0125LL 92.255.85.181 
DESKTOP-I0125LL 92.255.85.181 
DESKTOP-I0125LL 92.255.85.181 
DESKTOP-I0125LL 92.255.85.181 
DESKTOP-I0125LL 92.255.85.181 
DESKTOP-I0125LL 92.255.85.181 
DESKTOP-I0125LL 92.255.85.181 
DESKTOP-I0125LL 92.255.85.181 
DESKTOP-I0125LL 92.255.85.181 
DESKTOP-I0125LL 92.255.85.181 
DESKTOP-I0125LL 92.255.85.181 
DESKTOP-I0125LL 92.255.85.181 
DESKTOP-I0125LL 92.255.85.181 
DESKTOP-I0125LL 92.255.85.181 
DESKTOP-I0125LL 92.255.85.181 
DESKTOP-I0125LL 92.255.85.181 
DESKTOP-I0125LL 92.255.85.181 
DESKTOP-I0125LL 92.255.85.181 
DESKTOP-I0125LL 92.255.85.181 
DESKTOP-I0125LL 92.255.85.181 
DESKTOP-I0125LL 92.255.85.181 
DESKTOP-I0125LL 92.255.85.181 
DESKTOP-I0125LL 92.255.85.181 
DESKTOP-I0125LL 92.255.85.181 
DESKTOP-I0125LL 92.255.85.181 
DESKTOP-I0125LL 92.255.85.181 
DESKTOP-I0125LL 92.255.85.181 
DESKTOP-I0125LL 92.255.85.181 
DESKTOP-I0125LL 92.255.85.181 
DESKTOP-I0125LL 92.255.85.181 
DESKTOP-I0125LL 92.255.85.181 
DESKTOP-I0125LL 92.255.85.181 
DESKTOP-I0125LL 92.255.85.181 
DESKTOP-I0125LL 92.255.85.181 
DESKTOP-I0125LL 92.255.85.181 
DESKTOP-I0125LL 92.255.85.181 
DESKTOP-I0125LL 92.255.85.181 
DESKTOP-I0125LL 92.255.85.181 
DESKTOP-I0125LL 92.255.85.181 
DESKTOP-I0125LL 92.255.85.181 
DESKTOP-I0125LL 92.255.85.181 
DESKTOP-I0125LL 92.255.85.181 
DESKTOP-I0125LL 92.255.85.181 
DESKTOP-I0125LL 92.255.85.181 
DESKTOP-I0125LL 92.255.85.181 
DESKTOP-I0125LL 92.255.85.181 
DESKTOP-I0125LL 92.255.85.181 
DESKTOP-I0125LL 92.255.85.181 
DESKTOP-I0125LL 92.255.85.181 
DESKTOP-I0125LL 92.255.85.181 
DESKTOP-I0125LL 92.255.85.181 
DESKTOP-I0125LL 92.255.85.181 
DESKTOP-I0125LL 92.255.85.181 
DESKTOP-I0125LL 92.255.85.181 
DESKTOP-I0125LL 92.255.85.181 
DESKTOP-I0125LL 92.255.85.181 
DESKTOP-I0125LL 92.255.85.181 
DESKTOP-I0125LL 92.255.85.181 
DESKTOP-I0125LL 92.255.85.181 
DESKTOP-I0125LL 92.255.85.181 
DESKTOP-I0125LL 92.255.85.181 
DESKTOP-I0125LL 92.255.85.181 
DESKTOP-I0125LL 92.255.85.181 
DESKTOP-I0125LL 92.255.85.181 
DESKTOP-I0125LL 92.255.85.181 
DESKTOP-I0125LL 92.255.85.181 
DESKTOP-I0125LL 92.255.85.181 
DESKTOP-I0125LL 92.255.85.181 
DESKTOP-I0125LL 92.255.85.181 
DESKTOP-I0125LL 92.255.85.181 
DESKTOP-I0125LL 92.255.85.181 
DESKTOP-I0125LL 92.255.85.181 
DESKTOP-I0125LL 92.255.85.181 
DESKTOP-I0125LL 92.255.85.181 
DESKTOP-I0125LL 92.255.85.181 
DESKTOP-I0125LL 92.255.85.181 
DESKTOP-I0125LL 92.255.85.181 
DESKTOP-I0125LL 92.255.85.181 
DESKTOP-I0125LL 92.255.85.181 
DESKTOP-I0125LL 92.255.85.181 
DESKTOP-I0125LL 92.255.85.181 
DESKTOP-I0125LL 92.255.85.181 
DESKTOP-I0125LL 92.255.85.181 
DESKTOP-I0125LL 92.255.85.181 
DESKTOP-I0125LL 92.255.85.181 
DESKTOP-I0125LL 92.255.85.181 
DESKTOP-I0125LL 92.255.85.181 
DESKTOP-I0125LL 92.255.85.181 
DESKTOP-I0125LL 92.255.85.181 
DESKTOP-I0125LL 92.255.85.181 
DESKTOP-I0125LL 92.255.85.181 
DESKTOP-I0125LL 92.255.85.181 
DESKTOP-I0125LL 92.255.85.181 
DESKTOP-I0125LL 92.255.85.181 
DESKTOP-I0125LL 92.255.85.181 
DESKTOP-I0125LL 92.255.85.181 
DESKTOP-I0125LL 92.255.85.181 
DESKTOP-I0125LL 92.255.85.181 
DESKTOP-I0125LL 92.255.85.181 
DESKTOP-I0125LL 92.255.85.181 
DESKTOP-I0125LL 92.255.85.181 
DESKTOP-I0125LL 92.255.85.181 
DESKTOP-I0125LL 92.255.85.181 
DESKTOP-I0125LL 92.255.85.181 
DESKTOP-I0125LL 92.255.85.181 
DESKTOP-I0125LL 92.255.85.181 
DESKTOP-I0125LL 92.255.85.181 
DESKTOP-I0125LL 92.255.85.181 
DESKTOP-I0125LL 92.255.85.181 
DESKTOP-I0125LL 92.255.85.181 
DESKTOP-I0125LL 92.255.85.181 
DESKTOP-I0125LL 92.255.85.181 
DESKTOP-I0125LL 92.255.85.181 
DESKTOP-I0125LL 92.255.85.181 
DESKTOP-I0125LL 92.255.85.181 
DESKTOP-I0125LL 92.255.85.181 
DESKTOP-I0125LL 92.255.85.181 
DESKTOP-I0125LL 92.255.85.181 
DESKTOP-I0125LL 92.255.85.181 
DESKTOP-I0125LL 92.255.85.181 
DESKTOP-I0125LL 92.255.85.181 
DESKTOP-I0125LL 92.255.85.181 
DESKTOP-I0125LL 92.255.85.181 
DESKTOP-I0125LL 92.255.85.181 
DESKTOP-I0125LL 92.255.85.181 
DESKTOP-I0125LL 92.255.85.181 
DESKTOP-I0125LL 92.255.85.181 
DESKTOP-I0125LL 92.255.85.181 
DESKTOP-I0125LL 92.255.85.181 
DESKTOP-I0125LL 92.255.85.181 
DESKTOP-I0125LL 92.255.85.181 
DESKTOP-I0125LL 92.255.85.181 
DESKTOP-I0125LL 92.255.85.181 
DESKTOP-I0125LL 92.255.85.181 
DESKTOP-I0125LL 92.255.85.181 
DESKTOP-I0125LL 92.255.85.181 
DESKTOP-I0125LL 92.255.85.181 
DESKTOP-I0125LL 92.255.85.181 
DESKTOP-I0125LL 92.255.85.181 
DESKTOP-I0125LL 92.255.85.181 
DESKTOP-I0125LL 92.255.85.181 
DESKTOP-I0125LL 92.255.85.181 
DESKTOP-I0125LL 92.255.85.181 
DESKTOP-I0125LL 92.255.85.181 
DESKTOP-I0125LL 92.255.85.181 
DESKTOP-I0125LL 92.255.85.181 
DESKTOP-I0125LL 92.255.85.181 
DESKTOP-I0125LL 92.255.85.181 
DESKTOP-I0125LL 92.255.85.181 
DESKTOP-I0125LL 92.255.85.181 
DESKTOP-I0125LL 92.255.85.181 
DESKTOP-I0125LL 92.255.85.181 
DESKTOP-I0125LL 92.255.85.181 
DESKTOP-I0125LL 92.255.85.181 
DESKTOP-I0125LL 92.255.85.181 
DESKTOP-I0125LL 92.255.85.181 
DESKTOP-I0125LL 92.255.85.181 
DESKTOP-I0125LL 92.255.85.181 
DESKTOP-I0125LL 92.255.85.181 
DESKTOP-I0125LL 92.255.85.181 
DESKTOP-I0125LL 92.255.85.181 
DESKTOP-I0125LL 92.255.85.181 
DESKTOP-I0125LL 92.255.85.181 
DESKTOP-I0125LL 92.255.85.181 
DESKTOP-I0125LL 92.255.85.181 
DESKTOP-I0125LL 92.255.85.181 
DESKTOP-I0125LL 92.255.85.181 
DESKTOP-I0125LL 92.255.85.181 
DESKTOP-I0125LL 92.255.85.181 
DESKTOP-I0125LL 92.255.85.181 
DESKTOP-I0125LL 92.255.85.181 
DESKTOP-I0125LL 92.255.85.181 
DESKTOP-I0125LL 92.255.85.181 
DESKTOP-I0125LL 92.255.85.181 
DESKTOP-I0125LL 92.255.85.181 
DESKTOP-I0125LL 92.255.85.181 
DESKTOP-I0125LL 92.255.85.181 
DESKTOP-I0125LL 92.255.85.181 
DESKTOP-I0125LL 92.255.85.181 
DESKTOP-I0125LL 92.255.85.181 
DESKTOP-I0125LL 92.255.85.181 
DESKTOP-I0125LL 92.255.85.181 
DESKTOP-I0125LL 92.255.85.181 
DESKTOP-I0125LL 92.255.85.181 
DESKTOP-I0125LL 92.255.85.181 
DESKTOP-I0125LL 92.255.85.181 
DESKTOP-I0125LL 92.255.85.181 
DESKTOP-I0125LL 92.255.85.181 
DESKTOP-I0125LL 92.255.85.181 
DESKTOP-I0125LL 92.255.85.181 
DESKTOP-I0125LL 92.255.85.181 
DESKTOP-I0125LL 92.255.85.181 
DESKTOP-I0125LL 92.255.85.181 
DESKTOP-I0125LL 92.255.85.181 
DESKTOP-I0125LL 92.255.85.181 
DESKTOP-I0125LL 92.255.85.181 
DESKTOP-I0125LL 92.255.85.181 
DESKTOP-I0125LL 92.255.85.181 
DESKTOP-I0125LL 92.255.85.181 
DESKTOP-I0125LL 92.255.85.181 
DESKTOP-I0125LL 92.255.85.181 
DESKTOP-I0125LL 92.255.85.181 
DESKTOP-I0125LL 92.255.85.181 
DESKTOP-I0125LL 92.255.85.181 
DESKTOP-I0125LL 92.255.85.181 
DESKTOP-I0125LL 92.255.85.181 
DESKTOP-I0125LL 92.255.85.181 
DESKTOP-I0125LL 92.255.85.181 
DESKTOP-I0125LL 92.255.85.181 
DESKTOP-I0125LL 92.255.85.181 
DESKTOP-I0125LL 92.255.85.181 
DESKTOP-I0125LL 92.255.85.181 
DESKTOP-I0125LL 92.255.85.181 
DESKTOP-I0125LL 92.255.85.181 
DESKTOP-I0125LL 92.255.85.181 
DESKTOP-I0125LL 92.255.85.181 
DESKTOP-I0125LL 92.255.85.181 
DESKTOP-I0125LL 92.255.85.181 
DESKTOP-I0125LL 92.255.85.181 
DESKTOP-I0125LL 92.255.85.181 
DESKTOP-I0125LL 92.255.85.181 
DESKTOP-I0125LL 92.255.85.181 
DESKTOP-I0125LL 92.255.85.181 
DESKTOP-I0125LL 92.255.85.181 
DESKTOP-I0125LL 92.255.85.181 
DESKTOP-I0125LL 92.255.85.181 
DESKTOP-I0125LL 92.255.85.181 
DESKTOP-I0125LL 92.255.85.181 
DESKTOP-I0125LL 92.255.85.181 
DESKTOP-I0125LL 92.255.85.181 
DESKTOP-I0125LL 92.255.85.181 
DESKTOP-I0125LL 92.255.85.181 
DESKTOP-I0125LL 92.255.85.181 
DESKTOP-I0125LL 92.255.85.181 
DESKTOP-I0125LL 92.255.85.181 
DESKTOP-I0125LL 92.255.85.181 
DESKTOP-I0125LL 92.255.85.181 
DESKTOP-I0125LL 92.255.85.181 
DESKTOP-I0125LL 92.255.85.181 
DESKTOP-I0125LL 92.255.85.181 
DESKTOP-I0125LL 92.255.85.181 
DESKTOP-I0125LL 92.255.85.181 
DESKTOP-I0125LL 92.255.85.181 
DESKTOP-I0125LL 92.255.85.181 
DESKTOP-I0125LL 92.255.85.181 
DESKTOP-I0125LL 92.255.85.181 
DESKTOP-I0125LL 92.255.85.181 
DESKTOP-I0125LL 92.255.85.181 
DESKTOP-I0125LL 92.255.85.181 
DESKTOP-I0125LL 92.255.85.181 
DESKTOP-I0125LL 92.255.85.181 
DESKTOP-I0125LL 92.255.85.181 
DESKTOP-I0125LL 92.255.85.181 
DESKTOP-I0125LL 92.255.85.181 
DESKTOP-I0125LL 92.255.85.181 
DESKTOP-I0125LL 92.255.85.181 
DESKTOP-I0125LL 92.255.85.181 
DESKTOP-I0125LL 92.255.85.181 
DESKTOP-I0125LL 92.255.85.181 
DESKTOP-I0125LL 92.255.85.181 
DESKTOP-I0125LL 92.255.85.181 
DESKTOP-I0125LL 92.255.85.181 
DESKTOP-I0125LL 92.255.85.181 
DESKTOP-I0125LL 92.255.85.181 
DESKTOP-I0125LL 92.255.85.181 
DESKTOP-I0125LL 92.255.85.181 
DESKTOP-I0125LL 92.255.85.181 
DESKTOP-I0125LL 92.255.85.181 
DESKTOP-I0125LL 92.255.85.181 
DESKTOP-I0125LL 92.255.85.181 
DESKTOP-I0125LL 92.255.85.181 
DESKTOP-I0125LL 92.255.85.181 
DESKTOP-I0125LL 92.255.85.181 
DESKTOP-I0125LL 92.255.85.181 
DESKTOP-I0125LL 92.255.85.181 
DESKTOP-I0125LL 92.255.85.181 
DESKTOP-I0125LL 92.255.85.181 
DESKTOP-I0125LL 92.255.85.181 
DESKTOP-I0125LL 92.255.85.181 
DESKTOP-I0125LL 92.255.85.181 
DESKTOP-I0125LL 92.255.85.181 
DESKTOP-I0125LL 92.255.85.181 
DESKTOP-I0125LL 92.255.85.181 
DESKTOP-I0125LL 92.255.85.181 
DESKTOP-I0125LL 92.255.85.181 
DESKTOP-I0125LL 92.255.85.181 
DESKTOP-I0125LL 92.255.85.181 
DESKTOP-I0125LL 92.255.85.181 
DESKTOP-I0125LL 92.255.85.181 
DESKTOP-I0125LL 92.255.85.181 
DESKTOP-I0125LL 92.255.85.181 
DESKTOP-I0125LL 92.255.85.181 
DESKTOP-I0125LL 92.255.85.181 
DESKTOP-I0125LL 92.255.85.181 
DESKTOP-I0125LL 92.255.85.181 
DESKTOP-I0125LL 92.255.85.181 
DESKTOP-I0125LL 92.255.85.181 
DESKTOP-I0125LL 92.255.85.181 
DESKTOP-I0125LL 92.255.85.181 
DESKTOP-I0125LL 92.255.85.181 
DESKTOP-I0125LL 92.255.85.181 
DESKTOP-I0125LL 92.255.85.181 
DESKTOP-I0125LL 92.255.85.181 
DESKTOP-I0125LL 92.255.85.181 
DESKTOP-I0125LL 92.255.85.181 
DESKTOP-I0125LL 92.255.85.181 
DESKTOP-I0125LL 92.255.85.181 
DESKTOP-I0125LL 92.255.85.181 
DESKTOP-I0125LL 92.255.85.181 
DESKTOP-I0125LL 92.255.85.181 
DESKTOP-I0125LL 92.255.85.181 
DESKTOP-I0125LL 92.255.85.181 
DESKTOP-I0125LL 92.255.85.181 
DESKTOP-I0125LL 92.255.85.181 
DESKTOP-I0125LL 92.255.85.181 
DESKTOP-I0125LL 92.255.85.181 
DESKTOP-I0125LL 92.255.85.181 
DESKTOP-I0125LL 92.255.85.181 
DESKTOP-I0125LL 92.255.85.181 
DESKTOP-I0125LL 92.255.85.181 
DESKTOP-I0125LL 92.255.85.181 
DESKTOP-I0125LL 92.255.85.181 
DESKTOP-I0125LL 92.255.85.181 
DESKTOP-I0125LL 92.255.85.181 
DESKTOP-I0125LL 92.255.85.181 
DESKTOP-I0125LL 92.255.85.181 
DESKTOP-I0125LL 92.255.85.181 
DESKTOP-I0125LL 92.255.85.181 
DESKTOP-I0125LL 92.255.85.181 
DESKTOP-I0125LL 92.255.85.181 
DESKTOP-I0125LL 92.255.85.181 
DESKTOP-I0125LL 92.255.85.181 
DESKTOP-I0125LL 92.255.85.181 
DESKTOP-I0125LL 92.255.85.181 
DESKTOP-I0125LL 92.255.85.181 
DESKTOP-I0125LL 92.255.85.181 
DESKTOP-I0125LL 92.255.85.181 
DESKTOP-I0125LL 92.255.85.181 
DESKTOP-I0125LL 92.255.85.181 
DESKTOP-I0125LL 92.255.85.181 
DESKTOP-I0125LL 92.255.85.181 
DESKTOP-I0125LL 92.255.85.181 
DESKTOP-I0125LL 92.255.85.181 
DESKTOP-I0125LL 92.255.85.181 
DESKTOP-I0125LL 92.255.85.181 
DESKTOP-I0125LL 92.255.85.181 
DESKTOP-I0125LL 92.255.85.181 
DESKTOP-I0125LL 92.255.85.181 
DESKTOP-I0125LL 92.255.85.181 
DESKTOP-I0125LL 92.255.85.181 
DESKTOP-I0125LL 92.255.85.181 
DESKTOP-I0125LL 92.255.85.181 
DESKTOP-I0125LL 92.255.85.181 
DESKTOP-I0125LL 92.255.85.181 
DESKTOP-I0125LL 92.255.85.181 
DESKTOP-I0125LL 92.255.85.181 
DESKTOP-I0125LL 92.255.85.181 
DESKTOP-I0125LL 92.255.85.181 
DESKTOP-I0125LL 92.255.85.181 
DESKTOP-I0125LL 92.255.85.181 
DESKTOP-I0125LL 92.255.85.181 
DESKTOP-I0125LL 92.255.85.181 
DESKTOP-I0125LL 92.255.85.181 
DESKTOP-I0125LL 92.255.85.181 
DESKTOP-I0125LL 92.255.85.181 
DESKTOP-I0125LL 92.255.85.181 
DESKTOP-I0125LL 92.255.85.181 
DESKTOP-I0125LL 92.255.85.181 
DESKTOP-I0125LL 92.255.85.181 
anux777@ukr.net 46.211.173.168 
SYSCOM 200.89.159.62 
BGSYSTEM 200.89.159.62 
CLI 200.89.159.62 
ADMIN03 200.89.159.62 
MICROSOFT 200.89.159.62 
WINDOWS11 200.89.159.62 
WINUPD 200.89.159.62 
ADMIN 200.89.159.62 
ITADMIN 200.89.159.62 
KBTGT 200.89.159.62 
SYSTADMIN 200.89.159.62 
USER 200.89.159.62 
ROOT 200.89.159.62 
FINBIT 200.89.159.62 
K8H3D 200.89.159.62 
GRIFFIN7 200.89.159.62 
ADMINISTRATOR 200.89.159.62 
Q34005 200.89.159.62 
DEPJIVE 200.89.159.62 
HOST 200.89.159.62 
ADMIN1 200.89.159.62 
HOST 200.89.159.62 
ADMIN 200.89.159.62 
NETCAT 200.89.159.62 
VHOST 200.89.159.62 
ADMINISTRATEUR 200.89.159.62 
STUDENT 185.156.72.48 
NATASHA 185.156.72.48 
USER 185.156.72.48 
åÄêàçÄ 185.156.72.48 
1C 185.156.72.48 
ARTUR 185.156.72.48 
OPERATOR 185.156.72.48 
IVAN 185.156.72.48 
BACKUP 185.156.72.48 
ATS 185.156.72.48 
TUSER 185.156.72.48 
Åìï 185.156.72.48 
BUH1 185.156.72.48 
KIRILL 185.156.72.48 
TEST 185.156.72.48 
ëÇÖíãÄçÄ 185.156.72.48 
MANAGER 185.156.72.48 
àãúü 185.156.72.48 
TEST 185.156.72.48 
STAS 185.156.72.48 
ëäãÄÑ 185.156.72.48 
MIHAIL 185.156.72.48 
SCAN 185.156.72.48 
ûãàü 185.156.72.48 
ELENA 185.156.72.48 
ILIA 185.156.72.48 
TEST 185.156.72.48 
123 185.156.72.48 
SKLAD 185.156.72.48 
ÄãÖäëÄçÑê 185.156.72.48 
TRAINING 185.156.72.48 
ADM 185.156.72.48 
äÄëëÄ 185.156.72.48 
JUPITER 185.156.72.48 
BACKUP 185.156.72.48 
PROG 185.156.72.48 
OLEG 185.156.72.48 
ADMIN 185.156.72.48 
INSTALL 185.156.72.48 
IRINA 185.156.72.48 
Q 185.156.72.48 
Åìï 185.156.72.48 
DEMO 185.156.72.48 
TEMP1 185.156.72.48 
ADMIN 185.156.72.48 
AUDIT 185.156.72.48 
äÄÑêõ 185.156.72.48 
LEONID 185.156.72.48 
OPERATOR 185.156.72.48 
PROGRAMMER 185.156.72.48 
ADMIN 185.156.72.48 
çÄíÄòÄ 185.156.72.48 
MANAGER 185.156.72.48 
1 185.156.72.48 
TEST 185.156.72.48 
DMITRIY 185.156.72.48 
STAFF 185.156.72.48 
BUH1 185.156.72.48 
ELENA 185.156.72.48 
MANAGER1 185.156.72.48 
ARTUR 185.156.72.48 
USER1 185.156.72.48 
1C 185.156.72.48 
BUH 185.156.72.48 
SYMANTEC 185.156.72.48 
LENA 185.156.72.48 
ûêàëí 185.156.72.48 
INFO 185.156.72.48 
KASSIR 185.156.72.48 
DIR 185.156.72.48 
KARINA 185.156.72.48 
POLINA 185.156.72.48 
SKLAD 185.156.72.48 
VLAD 185.156.72.48 
VOVA 185.156.72.48 
MIHAIL 185.156.72.48 
RESTORE 185.156.72.48 
VADIM 185.156.72.48 
ûêàëí 185.156.72.48 
ROOT 185.156.72.48 
SECURITY 185.156.72.48 
IVAN 185.156.72.48 
USER14 185.156.72.48 
USER 185.156.72.48 
ADMIN 185.156.72.48 
USER11 185.156.72.48 
ÄÑåàçàëíêÄíéê 185.156.72.48 
ÄÑåàçàëíêÄíéê 185.156.72.48 
LDAP 185.156.72.48 
USER2 185.156.72.48 
ÄÑåàçàëíêÄíéê 185.156.72.48 
ÄÑåàçàëíêÄíéê 185.156.72.48 
SKLAD 185.156.72.48 
OBMEN 185.156.72.48 
ÄÑåàçàëíêÄíéê 185.156.72.48 
ëäãÄÑ 185.156.72.48 
INFO 185.156.72.48 
ÖãÖçÄ 185.156.72.48 
SVETA 185.156.72.48 
åÄÉÄáàç 185.156.72.48 
KONICA 185.156.72.48 
çÄíÄãúü 185.156.72.48 
ALENA 185.156.72.48 
SERVER 185.156.72.48 
SHAREPOINT 185.156.72.48 
VLADIMIR 185.156.72.48 
MARIYA 185.156.72.48 
USER1 185.156.72.48 
MONITOR 185.156.72.48 
ALLA 185.156.72.48 
ÖãÖçÄ 185.156.72.48 
CONFERENCE 185.156.72.48 
VLADIMIR 185.156.72.48 
èÄÇÖã 185.156.72.48 
MARKETING 185.156.72.48 
URIST 185.156.72.48 
DMITRIY 185.156.72.48 
KAM 185.156.72.48 
PRINT 185.156.72.48 
àãúü 185.156.72.48 
LUDA 185.156.72.48 
ALENA 185.156.72.48 
INFO 185.156.72.48 
OKSANA 185.156.72.48 
ãàÑàü 185.156.72.48 
UH 185.156.72.48 
GUEST 185.156.72.48 
NASTYA 185.156.72.48 
ãûÅÄ 185.156.72.48 
DIRECTOR 185.156.72.48 
ANONYMOUS 185.156.72.48 
USER 185.156.72.48 
10 185.156.72.48 
BUH 185.156.72.48 
STUDENT1 185.156.72.48 
BUROV 185.156.72.48 
4 185.156.72.48 
USER9 185.156.72.48 
TEMP 185.156.72.48 
PRINT 185.156.72.48 
9 185.156.72.48 
SVM 185.156.72.48 
VPN 185.156.72.48 
TITADMIN 185.156.72.48 
BUH2 185.156.72.48 
SCAN 185.156.72.48 
SCANNER 185.156.72.48 
USER3 185.156.72.48 
NATASHA 185.156.72.48 
TEST 185.156.72.48 
RECEPTION 185.156.72.48 
SA 185.156.72.48 
ëÇÖíãÄçÄ 185.156.72.48 
BUH2 185.156.72.48 
HELP 185.156.72.48 
USER1 185.156.72.48 
4 185.156.72.48 
BACKUP 185.156.72.48 
PLOTTER 185.156.72.48 
ADMINISTRATOR 185.156.72.48 
ANNA 185.156.72.48 
INFO 185.156.72.48 
PRODUCTION 185.156.72.48 
VICTOR 185.156.72.48 
AUDIT 185.156.72.48 
ADMIN 185.156.72.48 
VIDEO 185.156.72.48 
ALEX 185.156.72.48 
ANDREY 185.156.72.48 
PODSEVATKINAEA 185.156.72.48 
ADMINISTRATOR 185.156.72.48 
ANNA 185.156.72.48 
LUDMILA 185.156.72.48 
GUEST1 185.156.72.48 
VPN 185.156.72.48 
ANTON 185.156.72.48 
KUDRYAVCEV 185.156.72.48 
ADMINISTRATOR 185.156.72.48 
LENA 185.156.72.48 
KUZNECOVA 185.156.72.48 
GUARD 185.156.72.48 
USER 185.156.72.48 
MISHA 185.156.72.48 
FTPUSER 185.156.72.48 
MASTER 185.156.72.48 
1D 185.156.72.48 
SERVER 185.156.72.48 
KASSA3 185.156.72.48 
RESUME 185.156.72.48 
CAFE 185.156.72.48 
SECRETAR 185.156.72.48 
USER 185.156.72.48 
LOCALUSER 185.156.72.48 
SERGEY 185.156.72.48 
PRINT 185.156.72.48 
TEST 185.156.72.48 
QSI 185.156.72.48 
UTILIZER 185.156.72.48 
TEST 185.156.72.48 
èéãúáéÇÄíÖãú 185.156.72.48 
ADMINISTRATOR 185.156.72.48 
DBADMIN 185.156.72.48 
ëÖäêÖíÄêú 185.156.72.48 
ALINA 185.156.72.48 
GARAGE 185.156.72.48 
SKLAD1 185.156.72.48 
MENEDGER 185.156.72.48 
SASHA 185.156.72.48 
ALINA 185.156.72.48 
ÄÑåàçàëíêÄíéê 185.156.72.48 
SCANNER 185.156.72.48 
KIM 185.156.72.48 
TERMINAL 185.156.72.48 
MANAGER2 185.156.72.48 
HOTEL 185.156.72.48 
ÖÇÉÖçàâ 185.156.72.48 
KASSIR 185.156.72.48 
SALONI 185.156.72.48 
SERGE 185.156.72.48 
ãÖçÄ 185.156.72.48 
SHARING 185.156.72.48 
LARISA 185.156.72.48 
ûêàâ 185.156.72.48 
ADMNIHE 185.156.72.48 
DIMA 185.156.72.48 
PROG 185.156.72.48 
TOR 185.156.72.48 
DMITRY 185.156.72.48 
ALEXANDER 185.156.72.48 
ADMIN 185.156.72.48 
KIRILL 185.156.72.48 
MEETING 185.156.72.48 
ROOT 185.156.72.48 
MAXIM 185.156.72.48 
SALES 185.156.72.48 
SCANNER 185.156.72.48 
SERGEI 185.156.72.48 
EXCHANGE 185.156.72.48 
ÄÑåàçàëíêÄíéê 185.156.72.48 
VERA 185.156.72.48 
ARCHIVE 185.156.72.48 
USER 185.156.72.48 
KARINA 185.156.72.48 
VISITOR 185.156.72.48 
YURA 185.156.72.48 
U 185.156.72.48 
SERG 185.156.72.48 
TEMP 185.156.72.48 
ÅìïÉÄãíÖê 185.156.72.48 
VALERY 185.156.72.48 
IRA 185.156.72.48 
MANAGER1 185.156.72.48 
URIST 185.156.72.48 
KASSIR 185.156.72.48 
BACKUPS 185.156.72.48 
DOM_SKLAD4 185.156.72.48 
MASTER 185.156.72.48 
ALEXANDR 185.156.72.48 
PETR 185.156.72.48 
LINUX 185.156.72.48 
ELENA 185.156.72.48 
OHRANA 185.156.72.48 
VICTORIA 185.156.72.48 
BUH2 185.156.72.48 
SHUTDOWN 185.156.72.48 
TERMINAL1 185.156.72.48 
DEVELOPMENT 185.156.72.48 
USER2 185.156.72.48 
TERMINAL2 185.156.72.48 
XRAY 185.156.72.48 
NATALI 185.156.72.48 
USER3 185.156.72.48 
ANTON 185.156.72.48 
ÖÇÉÖçàâ 185.156.72.48 
USER7 185.156.72.48 
AGENT 185.156.72.48 
BUH6 185.156.72.48 
CNC 185.156.72.48 
1C 185.156.72.48 
PROJECT 185.156.72.48 
BUH7 185.156.72.48 
USER8 185.156.72.48 
ADMIN 185.156.72.48 
äÄíü 185.156.72.48 
ANNA4 185.156.72.48 
ÄÑåàçàëíêÄíéê 185.156.72.48 
ACCOUNTANT 185.156.72.48 
OPERATOR6 185.156.72.48 
ADMIN 185.156.72.48 
FAXES 185.156.72.48 
HAK 185.156.72.48 
ÄÑåàçàëíêÄíéê 185.156.72.48 
CAFE 185.156.72.48 
USER4 185.156.72.48 
MONITOR 185.156.72.48 
TUOS 185.156.72.48 
MANAGER2 185.156.72.48 
AUDITOR2 185.156.72.48 
IRINA 185.156.72.48 
AV 185.156.72.48 
USER1 185.156.72.48 
ORION 185.156.72.48 
USER5 185.156.72.48 
CONTROL 185.156.72.48 
INNA 185.156.72.48 
FADEEVA 185.156.72.48 
ALEXANDER 185.156.72.48 
2 185.156.72.48 
NATALY 185.156.72.48 
SECRETAR 185.156.72.48 
BUH-1 185.156.72.48 
REPORT 185.156.72.48 
BUH01 185.156.72.48 
ZOYA 185.156.72.48 
ÖãÖçÄ 185.156.72.48 
BUH02 185.156.72.48 
ADMINSERVER 185.156.72.48 
JULIA 185.156.72.48 
USER2 185.156.72.48 
V.MYC 185.156.72.48 
BUH5 185.156.72.48 
SEKRETARIAT 185.156.72.48 
MANAGER4 185.156.72.48 
KASSA2 185.156.72.48 
BOSS 185.156.72.48 
USER7 185.156.72.48 
MARINA 185.156.72.48 
LAB 185.156.72.48 
ÄÑåàçàëíêÄíéê 185.156.72.48 
NOTEBOOK 185.156.72.48 
ADMINISTRATOR 185.156.72.48 
1C 185.156.72.48 
SECRETAR 185.156.72.48 
IVANOVA 185.156.72.48 
èéãúáéÇÄíÖãú1 185.156.72.48 
FTPUSER 185.156.72.48 
MM 185.156.72.48 
èéãúáéÇÄíÖãú3 185.156.72.48 
PRINECT 185.156.72.48 
STR 185.156.72.48 
COREL 185.156.72.48 
TEST1 185.156.72.48 
INTERN 185.156.72.48 
ÄÑåàçàëíêÄíéê 185.156.72.48 
BUH06 185.156.72.48 
ROOT 185.156.72.48 
666 185.156.72.48 
ADMIN 185.156.72.48 
BIGBOSS 185.156.72.48 
SQLADMIN 185.156.72.48 
ORACLE 185.156.72.48 
ADMIN 185.156.72.48 
MIN 185.156.72.48 
NEFERTITI 185.156.72.48 
DESIGN 185.156.72.48 
ÄÑåàçàëíêÄíéê 185.156.72.48 
YATYU 185.156.72.48 
UNIT01 185.156.72.48 
BAAN 185.156.72.48 
ÄÑåàçàëíêÄíéê 185.156.72.48 
BUH 185.156.72.48 
CONSULT 185.156.72.48 
STAFF 185.156.72.48 
ÄÑåàçàëíêÄíéê 185.156.72.48 
ZAV 185.156.72.48 
OLA 185.156.72.48 
ADMINISTRATOR 185.156.72.48 
ADMIN 185.156.72.48 
USER16 185.156.72.48 
DEMON 185.156.72.48 
PRINTER 185.156.72.48 
ÄÑåàçàëíêÄíéê 185.156.72.48 
USER13 185.156.72.48 
KATE 185.156.72.48 
ADMIN 185.156.72.48 
ÄÑåàçàëíêÄíéê 185.156.72.48 
BUH03 185.156.72.48 
OPERATOR1 185.156.72.48 
SCANUSER 185.156.72.48 
ADMIN 185.156.72.48 
BUH01 185.156.72.48 
IIC-NEW-1 185.156.72.48 
BIZHUB 185.156.72.48 
ÄÑåàçàëíêÄíéê 185.156.72.48 
AUDITOR2 185.156.72.48 
OPER 185.156.72.48 
VPN 185.156.72.48 
O.KUZKO 185.156.72.48 
BUHGALTER 185.156.72.48 
ADMIN 185.156.72.48 
INFO 185.156.72.48 
ADMIN 185.156.72.48 
US1 185.156.72.48 
ADMIN 185.156.72.48 
CHEMISTRY 185.156.72.48 
AUDITOR 185.156.72.48 
ÑàêÖäíéê 185.156.72.48 
PERSONAL 185.156.72.48 
USER3 185.156.72.48 
MORDAKINA_A 185.156.72.48 
åÄÉÄáàç 185.156.72.48 
YAROSLAV 185.156.72.48 
SCAN 185.156.72.48 
GAIVORONSKIIG 185.156.72.48 
äÄëëàê 185.156.72.48 
2 185.156.72.48 
WIFI 185.156.72.48 
PRINTUSER 185.156.72.48 
åÄÉÄáàç 185.156.72.48 
IVAN 185.156.72.48 
TABLET 185.156.72.48 
BUHZVER 185.156.72.48 
Åìï2 185.156.72.48 
ALEXANDRA 185.156.72.48 
RED 185.156.72.48 
DIMA 185.156.72.48 
Åìï4 185.156.72.48 
ABMINISTRATOR 185.156.72.48 
USER1 185.156.72.48 
MAINMAN08 185.156.72.48 
001 185.156.72.48 
USER1 185.156.72.48 
SHIPPING 185.156.72.48 
PUPKIN 185.156.72.48 
MASHA 185.156.72.48 
USER 185.156.72.48 
SCANS 185.156.72.48 
TESTUSER 185.156.72.48 
ZAV 185.156.72.48 
USR5 185.156.72.48 
FTP 185.156.72.48 
AUDITOR 185.156.72.48 
EVGENIY 185.156.72.48 
ADM1C 185.156.72.48 
WERKSTATT 185.156.72.48 
PROG 185.156.72.48 
NATALY 185.156.72.48 
MICHEL 185.156.72.48 
BYXGALTER 185.156.72.48 
USER1 185.156.72.48 
PARUS 185.156.72.48 
USER 185.156.72.48 
POSTGRES 185.156.72.48 
USER3 185.156.72.48 
BUH01 185.156.72.48 
USER 185.156.72.48 
ILS_ANONYMOUS_USER 185.156.72.48 
USER4 185.156.72.48 
GHOSTUSER 185.156.72.48 
ILYA 185.156.72.48 
ETBUSER 185.156.72.48 
USER5 185.156.72.48 
USER1 185.156.72.48 
ADMINS 185.156.72.48 
OPENPGSVC 185.156.72.48 
USER9 185.156.72.48 
OLEG 185.156.72.48 
AD 185.156.72.48 
ADMINISTRATOR 185.156.72.48 
01 185.156.72.48 
KSUSHA 185.156.72.48 
RICHARD 185.156.72.48 
XEROX 185.156.72.48 
02 185.156.72.48 
ALLA 185.156.72.48 
EGOR 185.156.72.48 
IUSR_SERVS 185.156.72.48 
03 185.156.72.48 
USER2 185.156.72.48 
KAV 185.156.72.48 
IME_ADMIN 185.156.72.48 
TERMINAL2 185.156.72.48 
USER3 185.156.72.48 
I 185.156.72.48 
ADMIN 185.156.72.48 
ANTON 185.156.72.48 
USER4 185.156.72.48 
INSTALLER 185.156.72.48 
ADMINISTRATOR 185.156.72.48 
TANYA 185.156.72.48 
USER5 185.156.72.48 
GLBUH 185.156.72.48 
SIDEXIS4SERVICE 185.156.72.48 
VITALIY 185.156.72.48 
MANAGER2 185.156.72.48 
TANYA 185.156.72.48 
ADMINISTRATOR 185.156.72.48 
NINA 185.156.72.48 
ALENA 185.156.72.48 
USER 185.156.72.48 
XAFSERVICEACCNT 185.156.72.48 
VIKA 185.156.72.48 
SVETLANA 185.156.72.48 
MITINA_V 185.156.72.48 
ADMIN 185.156.72.48 
VALERIA 185.156.72.48 
DEMO 185.156.72.48 
VADIM 185.156.72.48 
ADMINISTRATOR 185.156.72.48 
MASHA 185.156.72.48 
éäëÄçÄ 185.156.72.48 
USER 185.156.72.48 
TEMP 185.156.72.48 
GALINA 185.156.72.48 
åÖçÖÑÜÖê 185.156.72.48 
SKLAD1 185.156.72.48 
ÄÑåàçàëíêÄíéê 185.156.72.48 
EVGENY 185.156.72.48 
ÉãÄÇÅìï 185.156.72.48 
SERVICE 185.156.72.48 
ÅìïÉÄãíÖê 185.156.72.48 
KATE 185.156.72.48 
TS 185.156.72.48 
TERMBUHGALTER 185.156.72.48 
SQLSERVER 185.156.72.48 
GALINA 185.156.72.48 
USER1 185.156.72.48 
PAVEL 185.156.72.48 
ÄÑåàçàëíêÄíéê 185.156.72.48 
ROMAN 185.156.72.48 
DIRECTOR 185.156.72.48 
SVETLANA 185.156.72.48 
STAFF 185.156.72.48 
SERVER 185.156.72.48 
ÄÑåàçàëíêÄíéê 185.156.72.48 
FTP 185.156.72.48 
HOTEL 185.156.72.48 
USER1 185.156.72.48 
USER 185.156.72.48 
TUSER 185.156.72.48 
ADMIN 185.156.72.48 
DASHA 185.156.72.48 
KIM 185.156.72.48 
KASSIR 185.156.72.48 
ADMIN 185.156.72.48 
ADMINISTRATOR 185.156.72.48 
LAB 185.156.72.48 
QEYDIYYAT 185.156.72.48 
SHARE 185.156.72.48 
USER 185.156.72.48 
AUDIT 185.156.72.48 
ADMIN 185.156.72.48 
GUEST 185.156.72.48 
ADMINISTRATOR 185.156.72.48 
KYOCERA 185.156.72.48 
ADMINISTRATOR 185.156.72.48 
N.PETROVA 185.156.72.48 
TS3 185.156.72.48 
2 185.156.72.48 
ADMIN 185.156.72.48 
WEBUSER 185.156.72.48 
AUDIT 185.156.72.48 
3 185.156.72.48 
ADMINISTRATOR 185.156.72.48 
TERM1 185.156.72.48 
SLAWA2 185.156.72.48 
ARHIV 185.156.72.48 
ADMINISTRATOR 185.156.72.48 
KSP 185.156.72.48 
USERFOODFRESH 185.156.72.48 
ARHIVRO 185.156.72.48 
IAG 185.156.72.48 
USER 185.156.72.48 
1C 185.156.72.48 
STAC 185.156.72.48 
ROMANOV 185.156.72.48 
FTP_SNS 185.156.72.48 
MANAGER 185.156.72.48 
CONSP 185.156.72.48 
FROLOV 185.156.72.48 
CALC 185.156.72.48 
MANAGER 185.156.72.48 
KLINOV 185.156.72.48 
KALASHNIKOVA 185.156.72.48 
BUH 185.156.72.48 
MANAGER 185.156.72.48 
DUMPS 185.156.72.48 
ABRAMOV 185.156.72.48 
GLBUH 185.156.72.48 
1C 185.156.72.48 
DANILOVA 185.156.72.48 
ÄçíéçéÇÄ 185.156.72.48 
USER 185.156.72.48 
1C 185.156.72.48 
EGAIS 185.156.72.48 
TEST 185.156.72.48 
ADMINISTRATOR 185.156.72.48 
1C 185.156.72.48 
JAVASTUD 185.156.72.48 
VLAD 185.156.72.48 
ëÖäêÖíÄêú 185.156.72.48 
1C 185.156.72.48 
1C1 185.156.72.48 
BUH2 185.156.72.48 
PRESENTATION 185.156.72.48 
OLYA 185.156.72.48 
ADMIN 185.156.72.48 
ADMIN 185.156.72.48 
ÄÑåàçàëíêÄíéê 185.156.72.48 
ADM1C 185.156.72.48 
BUH 185.156.72.48 
SLAVA 185.156.72.48 
SCHEDULE 185.156.72.48 
OPERATOR 185.156.72.48 
UNIT 185.156.72.48 
ALEKSANDR 185.156.72.48 
CONFROOM 185.156.72.48 
NATALI 185.156.72.48 
USER71 185.156.72.48 
GUEST 185.156.72.48 
TESTU 185.156.72.48 
DIMA 185.156.72.48 
SCANER 185.156.72.48 
ÄÑåàç 185.156.72.48 
NEWTECH 185.156.72.48 
01 185.156.72.48 
XBMC 185.156.72.48 
ADMIN 185.156.72.48 
AKOLOKOLTSOVA 185.156.72.48 
SECRETAR 185.156.72.48 
USER-8 185.156.72.48 
LDAP 185.156.72.48 
111 185.156.72.48 
USER3 185.156.72.48 
CALL 185.156.72.48 
ADMIN 185.156.72.48 
KASSA2 185.156.72.48 
BUH1 185.156.72.48 
DISPETCHER 185.156.72.48 
MANAGER2 185.156.72.48 
KASSA1 185.156.72.48 
PROFI 185.156.72.48 
LOGISTIC 185.156.72.48 
SECURITY 185.156.72.48 
ADMINISTRATOR 185.156.72.48 
USER 185.156.72.48 
NDOFF 185.156.72.48 
POS 185.156.72.48 
ADMIN 185.156.72.48 
SERGEEVA 185.156.72.48 
PHOTO 185.156.72.48 
PRINTER 185.156.72.48 
KASSA 185.156.72.48 
BORDO 185.156.72.48 
LAN2 185.156.72.48 
U 185.156.72.48 
ÄÑåàçàëíêÄíéê 185.156.72.48 
AD-USER3 185.156.72.48 
LAN4 185.156.72.48 
ACCOUNTANT 185.156.72.48 
USER 185.156.72.48 
POSTGRES 185.156.72.48 
FOTO 185.156.72.48 
ANTON 185.156.72.48 
TEST 185.156.72.48 
OBZOR 185.156.72.48 
USERPM 185.156.72.48 
DRAGON 185.156.72.48 
TEST 185.156.72.48 
PLATONOVA 185.156.72.48 
USER11 185.156.72.48 
POS 185.156.72.48 
DEMO 185.156.72.48 
FEDOR 185.156.72.48 
USER17 185.156.72.48 
äÄëëÄ 185.156.72.48 
USER 185.156.72.48 
ILYA 185.156.72.48 
USER19 185.156.72.48 
ADMIN 185.156.72.48 
MANAGER 185.156.72.48 
BOYS 185.156.72.48 
1C 185.156.72.48 
USER 185.156.72.48 
SKLAD 185.156.72.48 
BKP 185.156.72.48 
PROG 185.156.72.48 
USER 185.156.72.48 
UDAR 185.156.72.48 
PROG1 185.156.72.48 
SCAN 185.156.72.48 
NINA 185.156.72.48 
SPRINTER 185.156.72.48 
åÄÉÄáàç 185.156.72.48 
ADMINISTRATOR 185.156.72.48 
KSENYA 185.156.72.48 
SHARE 185.156.72.48 
ADMIN 185.156.72.48 
IRINA 185.156.72.48 
BUHGALTER 185.156.72.48 
SYSADMIN 185.156.72.48 
BUH1 185.156.72.48 
ADMINISTRATOR 185.156.72.48 
ELGATE 185.156.72.48 
ACCOUNTANT 185.156.72.48 
AIGUL 185.156.72.48 
ADMIN_R 185.156.72.48 
K 185.156.72.48 
SYSADMIN 185.156.72.48 
MARINA 185.156.72.48 
MARINA.B 185.156.72.48 
DIMA 185.156.72.48 
HR 185.156.72.48 
KASSA 185.156.72.48 
BURUM 185.156.72.48 
DISPETCHER 185.156.72.48 
CLIENT1 185.156.72.48 
ADMIN 185.156.72.48 
VALENTINA.O 185.156.72.48 
USR 185.156.72.48 
SHESTAKOVAI 185.156.72.48 
GUEST 185.156.72.48 
ZAMBUH 185.156.72.48 
ADMIN 185.156.72.48 
TIMESTROI 185.156.72.48 
BUH 185.156.72.48 
PRO 185.156.72.48 
ADMIN 185.156.72.48 
PRINTER 185.156.72.48 
1 185.156.72.48 
PRINT 185.156.72.48 
POSTGRES 185.156.72.48 
KLESHCHEV 185.156.72.48 
SCAN 185.156.72.48 
éíÑÖãèêéÑÄÜ 185.156.72.48 
SQLSERVICE 185.156.72.48 
LOBANOVAGP 185.156.72.48 
RDP 185.156.72.48 
USER18 185.156.72.48 
ADMIN 185.156.72.48 
KOROLEV 185.156.72.48 
TEST 185.156.72.48 
WSADMIN 185.156.72.48 
ÄãÖäëÖâ 185.156.72.48 
VOSKOV 185.156.72.48 
ADM 185.156.72.48 
BAZA 185.156.72.48 
MARIYA 185.156.72.48 
USER 185.156.72.48 
MURAVIEV 185.156.72.48 
KSENYA 185.156.72.48 
SCANSALE 185.156.72.48 
ALEXEY 185.156.72.48 
MAXIM 185.156.72.48 
SELIM 185.156.72.48 
ANTONOVA 185.156.72.48 
ADMIN2 185.156.72.48 
CLASS 185.156.72.48 
MEHANIK 185.156.72.48 
ÄÑåàç 185.156.72.48 
AT 185.156.72.48 
SHARE 185.156.72.48 
ZAMDIR 185.156.72.48 
ADMIN 185.156.72.48 
TEST2 185.156.72.48 
USER 185.156.72.48 
BOSS_ 185.156.72.48 
ROMAN 185.156.72.48 
SCAN 185.156.72.48 
N.FILIPPOV 185.156.72.48 
BUH_1 185.156.72.48 
àÉéêú 185.156.72.48 
TEST 185.156.72.48 
KRENDYASOVA 185.156.72.48 
BUHDONA 185.156.72.48 
ëÇÖíãÄçÄ 185.156.72.48 
USER03 185.156.72.48 
DKNLAWYER 185.156.72.48 
VLADIMIR 185.156.72.48 
MARINOVKA 185.156.72.48 
ECONOMIST 185.156.72.48 
OPER 185.156.72.48 
KUZINA 185.156.72.48 
GUEST 185.156.72.48 
BUH_2 185.156.72.48 
LUBA 185.156.72.48 
MOLCHANOVOS 185.156.72.48 
ADMIN 185.156.72.48 
GLBUH 185.156.72.48 
ANDREY 185.156.72.48 
XRAY 185.156.72.48 
ADM 185.156.72.48 
FEDA 185.156.72.48 
NEW 185.156.72.48 
PODDUBNAYATB 185.156.72.48 
TAMTA 185.156.72.48 
SKLAD 185.156.72.48 
éîàë 185.156.72.48 
VIKA 185.156.72.48 
EKHOROSHEVSKIY 185.156.72.48 
APTEKA 185.156.72.48 
ÄÑåàçàëíêÄíéê 185.156.72.48 
HELPDESK 185.156.72.48 
OPER 185.156.72.48 
APT 185.156.72.48 
VERONIKA 185.156.72.48 
ROOT 185.156.72.48 
USER 185.156.72.48 
MANAGER2 185.156.72.48 
ELENA.O 185.156.72.48 
PHONE 185.156.72.48 
1ë 185.156.72.48 
OFFICE 185.156.72.48 
YULIYA 185.156.72.48 
SOFIA 185.156.72.48 
MEDIA 185.156.72.48 
MISHA 185.156.72.48 
VM 185.156.72.48 
ÅìïÉÄãíÖê 185.156.72.48 
EDEM-ADM 185.156.72.48 
NATALYA 185.156.72.48 
KASSA 185.156.72.48 
TANYA 185.156.72.48 
YULIA 185.156.72.48 
PTO 185.156.72.48 
10CAB 185.156.72.48 
ILYA 185.156.72.48 
USER4 185.156.72.48 
MEDIA 185.156.72.48 
OPER 185.156.72.48 
USER10 185.156.72.48 
LOCAL 185.156.72.48 
BACKUP 185.156.72.48 
USER10 185.156.72.48 
GAMER 185.156.72.48 
KATHERINE 185.156.72.48 
TERM3 185.156.72.48 
AVDEEVA 185.156.72.48 
JANE 185.156.72.48 
IGOR 185.156.72.48 
WORKER 185.156.72.48 
OLYA 185.156.72.48 
KATERINA 185.156.72.48 
ADMINISTRATOR 185.156.72.48 
AVTODROM 185.156.72.48 
IGOR 185.156.72.48 
MISHA 185.156.72.48 
4 185.156.72.48 
AVTOSHKOLA 185.156.72.48 
åÄÉÄáàç 185.156.72.48 
TANYA 185.156.72.48 
MADINA 185.156.72.48 
BUH2 185.156.72.48 
DEMO 185.156.72.48 
NATALY 185.156.72.48 
RJ 185.156.72.48 
DEMO1 185.156.72.48 
åÄêàü 185.156.72.48 
ULYANA 185.156.72.48 
BUH 185.156.72.48 
CHEREZOVA_LA 185.156.72.48 
ANDREY 185.156.72.48 
àÇÄç 185.156.72.48 
SHARED 185.156.72.48 
APT 185.156.72.48 
DMITRIY 185.156.72.48 
OPERATOR 185.156.72.48 
VERITAS 185.156.72.48 
SHAPIRO_LA 185.156.72.48 
ALEXEY 185.156.72.48 
1 185.156.72.48 
KASSA1 185.156.72.48 
TUCHKOV_AN 185.156.72.48 
MAXIM 185.156.72.48 
SUPPORT 185.156.72.48 
DENIS 185.156.72.48 
TEMP 185.156.72.48 
MARIYA 185.156.72.48 
ÄÑåàçàëíêÄíéê 185.156.72.48 
PRONZN 185.156.72.48 
LOCALADMIN 185.156.72.48 
ÇãÄÑàåàê 185.156.72.48 
ADMIN 185.156.72.48 
EFS 185.156.72.48 
DIR 185.156.72.48 
ROOT 185.156.72.48 
IVANCHENKO 185.156.72.48 
MICRO 185.156.72.48 
A.HAERTDINOVA 185.156.72.48 
POSTGRES 185.156.72.48 
ADM 185.156.72.48 
USER 185.156.72.48 
DISP 185.156.72.48 
ROMAN 185.156.72.48 
BUH1 185.156.72.48 
USER 185.156.72.48 
OPROS 185.156.72.48 
DISPATCH 185.156.72.48 
GLAVBUH 185.156.72.48 
USER 185.156.72.48 
1CUSER 185.156.72.48 
ûêàâ 185.156.72.48 
TESTER 185.156.72.48 
SYSUSE 185.156.72.48 
OLHA 185.156.72.48 
ùäéçéåàëí 185.156.72.48 
BUH2 185.156.72.48 
SYSUSER 185.156.72.48 
KSD 185.156.72.48 
àêàçÄ 185.156.72.48 
ELENA 185.156.72.48 
USER 185.156.72.48 
SHOP 185.156.72.48 
åàïÄàã 185.156.72.48 
ADMIN 185.156.72.48 
ANAR.KAZIMOV 185.156.72.48 
DIMA 185.156.72.48 
VLAD 185.156.72.48 
ADMIN 185.156.72.48 
ANAR.NACAFZADA 185.156.72.48 
BACAEV-I 185.156.72.48 
MAILUSER 185.156.72.48 
USER02 185.156.72.48 
CHINGIZ.AZIMOV 185.156.72.48 
PLATONOV 185.156.72.48 
BUH9 185.156.72.48 
USER01 185.156.72.48 
MINSTRANS 185.156.72.48 
FTPUSER 185.156.72.48 
GREG 185.156.72.48 
GUEST 185.156.72.48 
ADMIN 185.156.72.48 
DENIS 185.156.72.48 
SAS 185.156.72.48 
STUDENT 185.156.72.48 
GRODKB 185.156.72.48 
K12 185.156.72.48 
123 185.156.72.48 
ADMINISTRATOR 185.156.72.48 
ADMIN 185.156.72.48 
KAS 185.156.72.48 
KALININ 185.156.72.48 
SCANNER 185.156.72.48 
CHEPURNIKH_DV 185.156.72.48 
KD-MO 185.156.72.48 
DOCTOR 185.156.72.48 
PAVEL 185.156.72.48 
PROFUSER 185.156.72.48 
M62 185.156.72.48 
LIBRA 185.156.72.48 
MARINA 185.156.72.48 
YATSKEVICH 185.156.72.48 
FTP 185.156.72.48 
RDPUSER3 185.156.72.48 
AUDIT 185.156.72.48 
SHARED 185.156.72.48 
MARAT 185.156.72.48 
ECONOMUSER 185.156.72.48 
ISOROKIN 185.156.72.48 
ZAVOD 185.156.72.48 
TEST 185.156.72.48 
NET 185.156.72.48 
IT 185.156.72.48 
OPERATOR 185.156.72.48 
KATY 185.156.72.48 
USER002 185.156.72.48 
FIELD 185.156.72.48 
USER 185.156.72.48 
SOOB 185.156.72.48 
1C1 185.156.72.48 
NATALYA 185.156.72.48 
TEST 185.156.72.48 
BKZSTKASSIR 185.156.72.48 
USER1 185.156.72.48 
USERSMU 185.156.72.48 
SHARE 185.156.72.48 
Åìï1 185.156.72.48 
DZICHKOVSKY 185.156.72.48 
Ééëíú 185.156.72.48 
éèÖêÄíéê 185.156.72.48 
TEST2 185.156.72.48 
OFIS 185.156.72.48 
VERA 185.156.72.48 
EMELIANOV 185.156.72.48 
KSM 185.156.72.48 
SUPPORT 185.156.72.48 
OHORENZHY 185.156.72.48 
BUHGALTER 185.156.72.48 
äÄëëàê 185.156.72.48 
TABLET1 185.156.72.48 
VODOPYANOVAO 185.156.72.48 
ÖÇÉÖçàâ 185.156.72.48 
DAN 185.156.72.48 
RECEPTION 185.156.72.48 
HOME 185.156.72.48 
PRO 185.156.72.48 
SNAB 185.156.72.48 
KIM 185.156.72.48 
KOSTYA 185.156.72.48 
TERM1 185.156.72.48 
USERV 185.156.72.48 
01 185.156.72.48 
ARTUR 185.156.72.48 
USER9 185.156.72.48 
MANAGER3 185.156.72.48 
SYSADMIN 185.156.72.48 
M1 185.156.72.48 
WORK 185.156.72.48 
ZAL 185.156.72.48 
MAGAZIN 185.156.72.48 
GULYUSHKINA 185.156.72.48 
KINASH 185.156.72.48 
äÄëëàê 185.156.72.48 
CHABANENKO 185.156.72.48 
ADMINISTRATOR 185.156.72.48 
éèÖêÄíéê 185.156.72.48 
TECH 185.156.72.48 
ILYINA 185.156.72.48 
PUBLIC 185.156.72.48 
OPER 185.156.72.48 
ãûÑåàãÄ 185.156.72.48 
KADIEVA 185.156.72.48 
RECEPTIONIST 185.156.72.48 
POS 185.156.72.48 
äÄÑêõ 185.156.72.48 
WSUSER 185.156.72.48 
SQL 185.156.72.48 
SMOLKOVA 185.156.72.48 
ãûÑåàãÄ 185.156.72.48 
KARASEVA 185.156.72.48 
RS2 185.156.72.48 
DOWNLOADS 185.156.72.48 
áÄäìèäÄ 185.156.72.48 
CHOBI 185.156.72.48 
ROOT 185.156.72.48 
CHANGE 185.156.72.48 
IGOR 185.156.72.48 
IRINA 185.156.72.48 
STUDENT 185.156.72.48 
BROADVIEW 185.156.72.48 
U 185.156.72.48 
äãÄëë 185.156.72.48 
OFFICE 185.156.72.48 
LAN3 185.156.72.48 
äÄÑêõ 185.156.72.48 
ALBINA 185.156.72.48 
INFO 185.156.72.48 
SQLSERVER 185.156.72.48 
OPER1 185.156.72.48 
çéÇÖçúäàâ 185.156.72.48 
HOME 185.156.72.48 
SVETA 185.156.72.48 
PROG 185.156.72.48 
SDN_STAFF 185.156.72.48 
ROOT 185.156.72.48 
FILES 185.156.72.48 
PROG1 185.156.72.48 
BUCH-USER 185.156.72.48 
XEROX 185.156.72.48 
AANTROPOV 185.156.72.48 
GLBUH 185.156.72.48 
ÅÄãÄçÖçäé 185.156.72.48 
SCAN 185.156.72.48 
AKATAEV 185.156.72.48 
TEMP 185.156.72.48 
OFFICE-USER 185.156.72.48 
KAZAKHMYS 185.156.72.48 
AKONOVALOV 185.156.72.48 
OPER2 185.156.72.48 
M129 185.156.72.48 
USER3 185.156.72.48 
ALUNEGOV 185.156.72.48 
ëíìÑÖçí 185.156.72.48 
SHARE_ADM 185.156.72.48 
USER 185.156.72.48 
ARYBNIKOV 185.156.72.48 
BSADMIN 185.156.72.48 
POSTGRES 185.156.72.48 
SHARE 185.156.72.48 
EGUSEVA 185.156.72.48 
SKLAD 185.156.72.48 
K1 185.156.72.48 
AIDANA 185.156.72.48 
GSHIRYEV 185.156.72.48 
PRODAVEC 185.156.72.48 
M134 185.156.72.48 
ALMATY 185.156.72.48 
INOVIKOVA 185.156.72.48 
APTEKOZAVR 185.156.72.48 
KEKS 185.156.72.48 
ASSEL 185.156.72.48 
IPERMYAKOV 185.156.72.48 
CLIENT2 185.156.72.48 
NBEREG 185.156.72.48 
BOSS 185.156.72.48 
ALLA.T 185.156.72.48 
ARMSOFT 185.156.72.48 
ITERNIA 185.156.72.48 
BUH 185.156.72.48 
JIZZAHNEW 185.156.72.48 
PRODNAL 185.156.72.48 
NOSKOVAYN 185.156.72.48 
ADMIN 185.156.72.48 
AVRAN 185.156.72.48 
OGIER 185.156.72.48 
íÖïçàóÖëäàâÑàêÖäíéê 185.156.72.48 
ADMIN 185.156.72.48 
GEN 185.156.72.48 
KOLYA 185.156.72.48 
USER2 185.156.72.48 
USER 185.156.72.48 
VIC 185.156.72.48 
VALYA 185.156.72.48 
KASSIR2 185.156.72.48 
ADMINISTRATOR 185.156.72.48 
1303 185.156.72.48 
PENKOVA 185.156.72.48 
TEST1 185.156.72.48 
NSK1 185.156.72.48 
NATA 185.156.72.48 
VAS 185.156.72.48 
NSK2 185.156.72.48 
USER3 185.156.72.48 
AKSOL 185.156.72.48 
NSK3 185.156.72.48 
èéãúáéÇÄíÖãú 185.156.72.48 
EFSOL 185.156.72.48 
NSK4 185.156.72.48 
MANAGER 185.156.72.48 
NIKEA 185.156.72.48 
OKSANA 185.156.72.48 
ELENA 185.156.72.48 
POL 185.156.72.48 
RECEPTION 185.156.72.48 
1C 185.156.72.48 
BELKA 185.156.72.48 
EKATERINA 185.156.72.48 
USER8 185.156.72.48 
DENN 185.156.72.48 
HEKAS 185.156.72.48 
ÄçÑêÖâ 185.156.72.48 
POLYLOG 185.156.72.48 
TATIANA 185.156.72.48 
OWNER 185.156.72.48 
GULLER 185.156.72.48 
MANAGER_1 185.156.72.48 
USER13 185.156.72.48 
PKVS 185.156.72.48 
MAX 185.156.72.48 
CONS 185.156.72.48 
AQUARELL 185.156.72.48 
EYA 185.156.72.48 
ÉãÄÇçõâÅìïÉÄãíÖê 185.156.72.48 
123 185.156.72.48 
BOSS 185.156.72.48 
TERMINAL 185.156.72.48 
ASUS 185.156.72.48 
EKA 185.156.72.48 
ÄìÑàíéê 185.156.72.48 
FARB 185.156.72.48 
TESTTEST 185.156.72.48 
ALEX 185.156.72.48 
GLOBUS 185.156.72.48 
MV 185.156.72.48 
SERVICE 185.156.72.48 
AEROMAR 185.156.72.48 
PL 185.156.72.48 
SA 185.156.72.48 
SEZAR 185.156.72.48 
BOSS 185.156.72.48 
USER3 185.156.72.48 
VADIM 185.156.72.48 
OPTIKA 185.156.72.48 
BUH4 185.156.72.48 
BUH 185.156.72.48 
USER1 185.156.72.48 
USER1 185.156.72.48 
RECEPTION 185.156.72.48 
1234 185.156.72.48 
TEST 185.156.72.48 
USER24 185.156.72.48 
íÄíúüçÄ 185.156.72.48 
TESTING 185.156.72.48 
ADMINISTRATOR 185.156.72.48 
OLYA 185.156.72.48 
KASSA 185.156.72.48 
TEMP 185.156.72.48 
MASHA 185.156.72.48 
ALLA 185.156.72.48 
USER 185.156.72.48 
ADMIN 185.156.72.48 
AUDIT 185.156.72.48 
1CPROG 185.156.72.48 
KAFE 185.156.72.48 
SERG 185.156.72.48 
ÄÑåàç 185.156.72.48 
OKSANA 185.156.72.48 
DIRECTOR 185.156.72.48 
ALEXANDER 185.156.72.48 
BUHGALTER 185.156.72.48 
AUDITOR 185.156.72.48 
SHAKASHAKA 185.156.72.48 
ÄêíÖå 185.156.72.48 
BUH1 185.156.72.48 
ADMINISTRATOR 185.156.72.48 
OSMP2 185.156.72.48 
USER3 185.156.72.48 
USER5 185.156.72.48 
INTEL 185.156.72.48 
1C 185.156.72.48 
USER2 185.156.72.48 
USER 185.156.72.48 
ADMIN 185.156.72.48 
USER8 185.156.72.48 
T.URYEVNA 185.156.72.48 
ëÖåäé 185.156.72.48 
LOCALADMIN 185.156.72.48 
ADMIN 185.156.72.48 
USER4 185.156.72.48 
ADMINISTRATOR 185.156.72.48 
USER10 185.156.72.48 
KASSA1 185.156.72.48 
USERDATA 185.156.72.48 
AUDITOR 185.156.72.48 
ÄãÖäëÄçÑê 185.156.72.48 
202 185.156.72.48 
USER12 185.156.72.48 
SVETA 185.156.72.48 
USER 185.156.72.48 
START 185.156.72.48 
ALEXANDER 185.156.72.48 
ÄÑåàçàëíêÄíéê 185.156.72.48 
VOVA 185.156.72.48 
USER11 185.156.72.48 
VALENTIN 185.156.72.48 
MASLOVA 185.156.72.48 
LUBA 185.156.72.48 
USER2 185.156.72.48 
BORANI 185.156.72.48 
ILDAR 185.156.72.48 
USER3 185.156.72.48 
ORLOVA.YP 185.156.72.48 
NIKOLA 185.156.72.48 
IIKO 185.156.72.48 
GLBUH 185.156.72.48 
DIREKTOR 185.156.72.48 
AQIL 185.156.72.48 
SECRETARY 185.156.72.48 
GEORGE 185.156.72.48 
SET 185.156.72.48 
ADMIN 185.156.72.48 
ëÇÖíÄ 185.156.72.48 
ADINAI 185.156.72.48 
SAMIR 185.156.72.48 
DANILOV 185.156.72.48 
DASHA 185.156.72.48 
WEBAPPUSER 185.156.72.48 
123 185.156.72.48 
GALATEY 185.156.72.48 
DETI 185.156.72.48 
éãúÉÄ 185.156.72.48 
äÄëëàê 185.156.72.48 
KADRY 185.156.72.48 
12345 185.156.72.48 
SCAN 185.156.72.48 
BALTIKA 185.156.72.48 
BUH 185.156.72.48 
ADMINISTRATOR 185.156.72.48 
PRINT 185.156.72.48 
ROMAN 185.156.72.48 
JULIA 185.156.72.48 
SANZHAR 185.156.72.48 
SCAN 185.156.72.48 
MANAGER3 185.156.72.48 
LARISA 185.156.72.48 
åÖçÖÑÜÖê 185.156.72.48 
åÄêàçÄ 185.156.72.48 
GBUH 185.156.72.48 
èéãúáéÇÄíÖãú 185.156.72.48 
SECURITY 185.156.72.48 
ALAMDAR 185.156.72.48 
ëÇÖíãÄçÄ 185.156.72.48 
NEW 185.156.72.48 
BUH2 185.156.72.48 
ëäãÄÑ 185.156.72.48 
USER 185.156.72.48 
AYTEKIN 185.156.72.48 
1C 185.156.72.48 
ADMINISTRATOR 185.156.72.48 
AYXAN 185.156.72.48 
ANNA 185.156.72.48 
TOS 185.156.72.48 
ANNA 185.156.72.48 
KADRI 185.156.72.48 
BUGALTER 185.156.72.48 
IVAN 185.156.72.48 
1 185.156.72.48 
JULIA 185.156.72.48 
JOB 185.156.72.48 
ÄÑåàçàëíêÄíéê 185.156.72.48 
KASSA2 185.156.72.48 
ÉãÄÇÅìï 185.156.72.48 
GULNARE 185.156.72.48 
DIMA 185.156.72.48 
LIDA 185.156.72.48 
USER3 185.156.72.48 
BUH1 185.156.72.48 
OKSANA 185.156.72.48 
AUDITOR 185.156.72.48 
MONITOR 185.156.72.48 
BANK 185.156.72.48 
2018 185.156.72.48 
USER2 185.156.72.48 
OFFICE4 185.156.72.48 
IRINA 185.156.72.48 
USER4 185.156.72.48 
USER04 185.156.72.48 
PAUL 185.156.72.48 
USER3 185.156.72.48 
1CUSER 185.156.72.48 
ADMIN 185.156.72.48 
1 185.156.72.48 
USER6 185.156.72.48 
1CUSER 185.156.72.48 
AVT 185.156.72.48 
ADMINS 185.156.72.48 
KASSA 185.156.72.48 
GL-B 185.156.72.48 
ANDREY 185.156.72.48 
USER 185.156.72.48 
ÑàëèÖíóÖê 185.156.72.48 
DOMINO 185.156.72.48 
MIRONOVA 185.156.72.48 
USER9 185.156.72.48 
ADM 185.156.72.48 
SCAN 185.156.72.48 
OPERATOR1 185.156.72.48 
äÄëëàê 185.156.72.48 
OLGA 185.156.72.48 
BUH 185.156.72.48 
ANNA 185.156.72.48 
MANAGER2 185.156.72.48 
USER 185.156.72.48 
USER 185.156.72.48 
TERENTEV 185.156.72.48 
BOSS 185.156.72.48 
USER1C 185.156.72.48 
BUH 185.156.72.48 
SADM 185.156.72.48 
SCAN 185.156.72.48 
USER3 185.156.72.48 
EVGEN 185.156.72.48 
USER3 185.156.72.48 
LEONOVA 185.156.72.48 
SERG 185.156.72.48 
êùë 185.156.72.48 
AUDIT 185.156.72.48 
RUSLAN 185.156.72.48 
KYOCERA 185.156.72.48 
TEST 185.156.72.48 
ADMINISTRATOR 185.156.72.48 
KONTUR 185.156.72.48 
ALM_KOSM 185.156.72.48 
SIP 185.156.72.48 
LIZA 185.156.72.48 
åÄêàçÄ 185.156.72.48 
MRT 185.156.72.48 
TANYA 185.156.72.48 
ÅìïÉÄãíÖê 185.156.72.48 
SHELTER 185.156.72.48 
PETRENKO 185.156.72.48 
MARIAS 185.156.72.48 
GUSCHI 185.156.72.48 
USER 185.156.72.48 
BABENKO 185.156.72.48 
SVETIK 185.156.72.48 
ûêàëí 185.156.72.48 
MESPLAN 185.156.72.48 
DEFAULT 185.156.72.48 
USER 185.156.72.48 
GUEST 185.156.72.48 
DALI1 185.156.72.48 
CHEFF 185.156.72.48 
AUDIT 185.156.72.48 
TANYA 185.156.72.48 
ATZIK 185.156.72.48 
ëÇÖíÄ 185.156.72.48 
ÉãÄÇÅìï 185.156.72.48 
àÇÄçéÇàãúü 185.156.72.48 
ALEX 185.156.72.48 
LEONID 185.156.72.48 
LES 185.156.72.48 
DMITRY 185.156.72.48 
ÉãÅìï 185.156.72.48 
HACKINTOSH 185.156.72.48 
AUDIT 185.156.72.48 
DOC 185.156.72.48 
ESTA 185.156.72.48 
NATALIA 185.156.72.48 
íÄçü 185.156.72.48 
ANNA 185.156.72.48 
CONS 185.156.72.48 
BUH1 185.156.72.48 
ARTEM 185.156.72.48 
IIKO 185.156.72.48 
OPERATOR3 185.156.72.48 
USER 185.156.72.48 
BUH01 185.156.72.48 
RSTYLE_T 185.156.72.48 
ADMIN 185.156.72.48 
AADM 185.156.72.48 
FIZIO 185.156.72.48 
ÄÑåàçàëíêÄíéê 185.156.72.48 
BYHGALTER 185.156.72.48 
ADMINRMS 185.156.72.48 
MANAGER1 185.156.72.48 
ELGUN.SULEYMANOV 185.156.72.48 
AMANM-120 185.156.72.48 
SYMANTEC 185.156.72.48 
ELMIRA.ALAKBAROVA 185.156.72.48 
ARIYAS-119 185.156.72.48 
ADMINISTRATOR 185.156.72.48 
EMIL.BABAYEV 185.156.72.48 
AYAULYMZ-117 185.156.72.48 
USER1 185.156.72.48 
BUH4 185.156.72.48 
ADMINISTRATOR 185.156.72.48 
NEO 185.156.72.48 
USER1 185.156.72.48 
VIKA 185.156.72.48 
ADMINISTRATOR 185.156.72.48 
BUCHGALTERIYA-137 185.156.72.48 
1111 185.156.72.48 
T.KOBZAR 185.156.72.48 
MAXI 185.156.72.48 
DOCS 185.156.72.48 
ADMIN 185.156.72.48 
DIREKTOR 185.156.72.48 
REPORTS_CUSTOMCASE 185.156.72.48 
çÄëíü 185.156.72.48 
ADMIN 185.156.72.48 
MIDI 185.156.72.48 
USER 185.156.72.48 
LEONOVA 185.156.72.48 
DEMO 185.156.72.48 
MINI 185.156.72.48 
ADMINISTRATOR 185.156.72.48 
NIKITINA 185.156.72.48 
ADMINISTRATOR 185.156.72.48 
PC1 185.156.72.48 
åÖçÖÑÜÖê 185.156.72.48 
ALFAEL 185.156.72.48 
GALINAD-118 185.156.72.48 
PROG 185.156.72.48 
EVGENIATM 185.156.72.48 
JANNAZ-106 185.156.72.48 
ADM 185.156.72.48 
USER3 185.156.72.48 
SCAN 185.156.72.48 
OLEGAB 185.156.72.48 
ELENA 185.156.72.48 
BUH 185.156.72.48 
SKYAIR 185.156.72.48 
ADMIN 185.156.72.48 
Åìï3 185.156.72.48 
BUH1 185.156.72.48 
EKATERINA 185.156.72.48 
USER 185.156.72.48 
BUH2 185.156.72.48 
REVIAKI 185.156.72.48 
JOB 185.156.72.48 
1C 185.156.72.48 
USER14 185.156.72.48 
VAK 185.156.72.48 
SK 185.156.72.48 
TEST 185.156.72.48 
RIPSHARA 185.156.72.48 
BUHG 185.156.72.48 
GUESTHT 185.156.72.48 
TEST 185.156.72.48 
ALMATY 185.156.72.48 
ASPNET 185.156.72.48 
SA 185.156.72.48 
CONSULT 185.156.72.48 
ADMINAD 185.156.72.48 
ACRONIS 185.156.72.48 
ÄÑåàç 185.156.72.48 
ANG 185.156.72.48 
ADMINISTRATOR 185.156.72.48 
TEHUCHET 185.156.72.48 
ëäãÄÑ 185.156.72.48 
éèÖêÄíéê 185.156.72.48 
USER2 185.156.72.48 
PKOCHETKOV 185.156.72.48 
ÅìïÉÄãíÖê 185.156.72.48 
éèÖêÄíéê1 185.156.72.48 
ALEX 185.156.72.48 
USER1 185.156.72.48 
TEST 185.156.72.48 
éèÖêÄíéê2 185.156.72.48 
ûêàëí 185.156.72.48 
USER 185.156.72.48 
SERVICE 185.156.72.48 
BUHGALTER 185.156.72.48 
SECRETAR 185.156.72.48 
USER 185.156.72.48 
OPERATOR 185.156.72.48 
GUEST 185.156.72.48 
VERONIKA 185.156.72.48 
ADMIN 185.156.72.48 
3399 185.156.72.48 
USER5 185.156.72.48 
BACKUP 185.156.72.48 
JULIA 185.156.72.48 
GULYA 185.156.72.48 
US2 185.156.72.48 
VADIM 185.156.72.48 
TSD 185.156.72.48 
ÅìïÉÄãíÖê 185.156.72.48 
BUH 185.156.72.48 
êÄàëÄ 185.156.72.48 
NINA 185.156.72.48 
OTCHET 185.156.72.48 
MANAGER2 185.156.72.48 
ùäéçéåàëí 185.156.72.48 
NATALY 185.156.72.48 
FROLOV 185.156.72.48 
GLAVBUH 185.156.72.48 
INNA 185.156.72.48 
IRA 185.156.72.48 
BORISOVA 185.156.72.48 
KASSIR 185.156.72.48 
OLGA 185.156.72.48 
AUDIT 185.156.72.48 
MEHANIK 185.156.72.48 
USER1 185.156.72.48 
CONFERENCE 185.156.72.48 
MAX 185.156.72.48 
åÄêàçÄ 185.156.72.48 
USER2 185.156.72.48 
ACCOUNTANT 185.156.72.48 
PRINTER 185.156.72.48 
DIR 185.156.72.48 
USER1 185.156.72.48 
SECRETARY 185.156.72.48 
ALEXANDR 185.156.72.48 
SEKRETAR 185.156.72.48 
USER7 185.156.72.48 
INFO 185.156.72.48 
TAT 185.156.72.48 
STAT 185.156.72.48 
ÄÑåàçàëíêÄíéê 185.156.72.48 
ELENA 185.156.72.48 
SEKRETAR 185.156.72.48 
SALE 185.156.72.48 
êéÅéí 185.156.72.48 
BUH 185.156.72.48 
USER_1C 185.156.72.48 
IRINA 185.156.72.48 
PASHA 185.156.72.48 
1CBIT 185.156.72.48 
KONSTANTIN 185.156.72.48 
ELMA 185.156.72.48 
ÅìïÉÄãíÖê 185.156.72.48 
USERTKM 185.156.72.48 
NALADCHIKI 185.156.72.48 
SYSADM 185.156.72.48 
TSMS 185.156.72.48 
1C-USER 185.156.72.48 
PCI 185.156.72.48 
PENIVAIZ 185.156.72.48 
ADMINISTRATOR 185.156.72.48 
RINAT 185.156.72.48 
KOT 185.156.72.48 
ADMINISTRATOR 185.156.72.48 
CANDY 185.156.72.48 
TEST 185.156.72.48 
USER 185.156.72.48 
LOGIST 185.156.72.48 
BACKUPEXEC 185.156.72.48 
TEST 185.156.72.48 
TEST 185.156.72.48 
NIK 185.156.72.48 
USER1 185.156.72.48 
USER 185.156.72.48 
KIRILL 185.156.72.48 
KIM 185.156.72.48 
TEST1 185.156.72.48 
LERA 185.156.72.48 
SQLSERVICE 185.156.72.48 
ADMIN 185.156.72.48 
RARUS 185.156.72.48 
USER12 185.156.72.48 
SHURIK 185.156.72.48 
SCAN 185.156.72.48 
äÄëëÄ 185.156.72.48 
ADMIN1 185.156.72.48 
GALVANIKA 185.156.72.48 
AUDIT 185.156.72.48 
ÄÑåàçàëíêÄíéê 185.156.72.48 
GUARD 185.156.72.48 
MAX 185.156.72.48 
TIME 185.156.72.48 
ÄÑåàçàëíêÄíéê 185.156.72.48 
USER2 185.156.72.48 
CLIENT1 185.156.72.48 
åÄÉÄáàç 185.156.72.48 
BUH1 185.156.72.48 
ADM 185.156.72.48 
USER6 185.156.72.48 
BUH3 185.156.72.48 
BUH2 185.156.72.48 
USER8 185.156.72.48 
BUH4 185.156.72.48 
KASSIR 185.156.72.48 
KASSA 185.156.72.48 
USER9 185.156.72.48 
TERMINAL1 185.156.72.48 
005 185.156.72.48 
SERVICE 185.156.72.48 
RECEPTION 185.156.72.48 
BUH 185.156.72.48 
SERVICE 185.156.72.48 
MANAGER 185.156.72.48 
LIZA 185.156.72.48 
éèÖêÄíéê1 185.156.72.48 
BACKUP 185.156.72.48 
SKLAD 185.156.72.48 
SCAN 185.156.72.48 
USER 185.156.72.48 
USER11 185.156.72.48 
FARMASOFT 185.156.72.48 
åÖçÖÑÜÖê1 185.156.72.48 
SQLAGENT 185.156.72.48 
LUDMILA 185.156.72.48 
ADMIN 185.156.72.48 
USER3 185.156.72.48 
BACKUP 185.156.72.48 
YULIA 185.156.72.48 
911 185.156.72.48 
OPERATOR 185.156.72.48 
SQL 185.156.72.48 
EVGENIY 185.156.72.48 
OPERATOR 185.156.72.48 
OPERATOR2 185.156.72.48 
USER5 185.156.72.48 
KOZLOV 185.156.72.48 
ADMIN 185.156.72.48 
åÖçÖÑÜÖê1 185.156.72.48 
PUBLIC 185.156.72.48 
USER1 185.156.72.48 
OFFICE 185.156.72.48 
OPER 185.156.72.48 
NATALI 185.156.72.48 
USER08 185.156.72.48 
ADMIN 185.156.72.48 
BUHGALTER 185.156.72.48 
INNA 185.156.72.48 
DEFAULTACCOUNT 185.156.72.48 
USER4 185.156.72.48 
SERGEY 185.156.72.48 
SERV 185.156.72.48 
SQLSERVICE 185.156.72.48 
USER7 185.156.72.48 
ANDREI 185.156.72.48 
7 185.156.72.48 
PERVYAK 185.156.72.48 
1C 185.156.72.48 
OLEG 185.156.72.48 
UNIT 185.156.72.48 
ADMIN 185.156.72.48 
USER 185.156.72.48 
BUCH 185.156.72.48 
USER 185.156.72.48 
SILICO 185.156.72.48 
SHAREUSER 185.156.72.48 
USER8 185.156.72.48 
ADMIN 185.156.72.48 
BUH2 185.156.72.48 
GOST 185.156.72.48 
ALEX 185.156.72.48 
BECOME 185.156.72.48 
ADMINISTRATOR 185.156.72.48 
IVANOVA 185.156.72.48 
ÄçÑêÖâ 185.156.72.48 
OKSANA 185.156.72.48 
KYOCERA 185.156.72.48 
AUDITOR 185.156.72.48 
LUDA 185.156.72.48 
ADMINISTRATOR 185.156.72.48 
BACKUP 185.156.72.48 
ACCOUNT 185.156.72.48 
VALERA 185.156.72.48 
02 185.156.72.48 
USERS 185.156.72.48 
IVANOVA 185.156.72.48 
ãûÑÄ 185.156.72.48 
03 185.156.72.48 
VPN 185.156.72.48 
OHRANA 185.156.72.48 
àççÄ 185.156.72.48 
1 185.156.72.48 
PROGRAMMER2 185.156.72.48 
ROMANOV 185.156.72.48 
ALEXANDER 185.156.72.48 
PROGRAMMER 185.156.72.48 
SQLUSER 185.156.72.48 
TOVAROVED 185.156.72.48 
ALINA 185.156.72.48 
Ééëíú 185.156.72.48 
ûêàâ 185.156.72.48 
åÄêàçÄ 185.156.72.48 
VERA 185.156.72.48 
ÄÑåàçàëíêÄíéê 185.156.72.48 
AUDIT 185.156.72.48 
ëÖêÉÖâ 185.156.72.48 
ûãàü 185.156.72.48 
ÄÑåàçàëíêÄíéê 185.156.72.48 
TECH 185.156.72.48 
ANDROID 185.156.72.48 
SCANUSER 185.156.72.48 
ÄÑåàçàëíêÄíéê 185.156.72.48 
ALEKS 185.156.72.48 
USER3 185.156.72.48 
123 185.156.72.48 
ADMINISTRATOR 185.156.72.48 
ãûÑåàãÄ 185.156.72.48 
ASKUE 185.156.72.48 
ADMIN 185.156.72.48 
ADMIN 185.156.72.48 
TEST 185.156.72.48 
BAV 185.156.72.48 
1ë 185.156.72.48 
ÄÑåàçàëíêÄíéê 185.156.72.48 
USER2 185.156.72.48 
ÇãÄÑàåàê 185.156.72.48 
MAGAZIN 185.156.72.48 
ÄèíÖäÄ 185.156.72.48 
ADMIN 185.156.72.48 
DELL 185.156.72.48 
USR1 185.156.72.48 
ÄèíÖäÄ 185.156.72.48 
ANNA_A 185.156.72.48 
1ë 185.156.72.48 
USER 185.156.72.48 
äÄëëÄ2 185.156.72.48 
ADMINISTRATOR 185.156.72.48 
RDP 185.156.72.48 
GLBUH 185.156.72.48 
éãÖÉ 185.156.72.48 
USER 185.156.72.48 
ADMINDVS 185.156.72.48 
éãúÉÄ 185.156.72.48 
ÄãÖäëÖâ 185.156.72.48 
TEST1 185.156.72.48 
1CBIT 185.156.72.48 
XENIA 185.156.72.48 
DMITRIY 185.156.72.48 
ANNA 185.156.72.48 
TEST 185.156.72.48 
àÉéêú 185.156.72.48 
APTEKA 185.156.72.48 
MANAGER 185.156.72.48 
KASSIR 185.156.72.48 
àãúü 185.156.72.48 
OPERATOR1 185.156.72.48 
SAMSUNG 185.156.72.48 
USER2 185.156.72.48 
1 185.156.72.48 
USER1C 185.156.72.48 
DIREKTOR 185.156.72.48 
LENA 185.156.72.48 
USR4 185.156.72.48 
201 185.156.72.48 
EKONOMIST 185.156.72.48 
MIHAIL 185.156.72.48 
URIST 185.156.72.48 
CLASSROOM 185.156.72.48 
STANISLAV 185.156.72.48 
USR1CV8 185.156.72.48 
ACCOUNTANT 185.156.72.48 
MEZENCEVAOA 185.156.72.48 
DEFACCOUNT 185.156.72.48 
ÄÑåàçàëíêÄíéê 185.156.72.48 
ADMIN 185.156.72.48 
ADMIN 185.156.72.48 
MNGR2 185.156.72.48 
OHRANA 185.156.72.48 
BYHALTER 185.156.72.48 
ULRIH_IV 185.156.72.48 
MNGR3 185.156.72.48 
1CADM 185.156.72.48 
USER14 185.156.72.48 
TANY 185.156.72.48 
MNGR4 185.156.72.48 
REMOTEUSER 185.156.72.48 
HOME 185.156.72.48 
EVGEN 185.156.72.48 
1CU 185.156.72.48 
MAIL 185.156.72.48 
OFFICE 185.156.72.48 
DENIS009 185.156.72.48 
SOK37 185.156.72.48 
TATYANA 185.156.72.48 
MANAGER2 185.156.72.48 
DENIS0092 185.156.72.48 
VAD 185.156.72.48 
ÄÑåàçàëíêÄíéê 185.156.72.48 
TRANS 185.156.72.48 
DENIS0093 185.156.72.48 
QRISTINE 185.156.72.48 
éãü 185.156.72.48 
PRINTER 185.156.72.48 
DENIS0094 185.156.72.48 
VYNT 185.156.72.48 
ëÇÖíãÄçÄ 185.156.72.48 
íÖëí 185.156.72.48 
SHAU008 185.156.72.48 
USER2 185.156.72.48 
ëäãÄÑ 185.156.72.48 
ADMINISTRATOR 185.156.72.48 
SHAU009 185.156.72.48 
BUH4 185.156.72.48 
VLASOVA 185.156.72.48 
ADMIN 185.156.72.48 
OPERATOR 185.156.72.48 
ADMIN1C 185.156.72.48 
COMP2 185.156.72.48 
LAB 185.156.72.48 
BUHGALTER 185.156.72.48 
AUDITOR 185.156.72.48 
USER 185.156.72.48 
USER12 185.156.72.48 
SHPILEVOY 185.156.72.48 
çÄíÄãúü 185.156.72.48 
SEKRETAR 185.156.72.48 
DB2ADMIN 185.156.72.48 
USER1 185.156.72.48 
PETROV 185.156.72.48 
USER_3 185.156.72.48 
OPERATOR 185.156.72.48 
Ééëíú 185.156.72.48 
SECRETARY 185.156.72.48 
BOYKO 185.156.72.48 
TEST 185.156.72.48 
ÖãÖçÄ 185.156.72.48 
MANAGERS 185.156.72.48 
LAW2 185.156.72.48 
SUPPORT 185.156.72.48 
USER 185.156.72.48 
ëÇÖíãÄçÄ 185.156.72.48 
LESYA 185.156.72.48 
ADMINISTRATOR 185.156.72.48 
ADMINISTRATOR 185.156.72.48 
TSD 185.156.72.48 
USER 185.156.72.48 
ADMIN 185.156.72.48 
USER 185.156.72.48 
CONS 185.156.72.48 
ëÇÖíãÄçÄ 185.156.72.48 
ADMINISTRATOR 185.156.72.48 
LENOVO 185.156.72.48 
FIN 185.156.72.48 
ÄêíÖå 185.156.72.48 
SKLAD 185.156.72.48 
OFFICE 185.156.72.48 
TERMINAL 185.156.72.48 
ADMINISTRATOR 185.156.72.48 
USER 185.156.72.48 
USER2 185.156.72.48 
USER8 185.156.72.48 
èéãúáéÇÄíÖãú 185.156.72.48 
MANAGER 185.156.72.48 
USER3 185.156.72.48 
ADMIN1C 185.156.72.48 
SCAN 185.156.72.48 
USER 185.156.72.48 
BUH 185.156.72.48 
AUDITOR 185.156.72.48 
EVGEN 185.156.72.48 
ADMIN 185.156.72.48 
STONE 185.156.72.48 
ÄìÑàíéê 185.156.72.48 
ÄÑåàçàëíêÄíéê 185.156.72.48 
SCAN 185.156.72.48 
EXECUTIVE 185.156.72.48 
MANAGER4 185.156.72.48 
OKSANA 185.156.72.48 
ADMIN 185.156.72.48 
PAVLOVA 185.156.72.48 
NATALIA 185.156.72.48 
GULINA 185.156.72.48 
USER4 185.156.72.48 
BUH1 185.156.72.48 
éãúÉÄ 185.156.72.48 
ãûÑåàãÄ 185.156.72.48 
USER9 185.156.72.48 
TEST 185.156.72.48 
RECEPTION 185.156.72.48 
SOF 185.156.72.48 
ADMIN 185.156.72.48 
KASSA 185.156.72.48 
çÄíÄãúü 185.156.72.48 
GUARD 185.156.72.48 
USER 185.156.72.48 
èéãúáéÇÄíÖãú 185.156.72.48 
ãÖçÄ 185.156.72.48 
ANNA 185.156.72.48 
ADMIN 185.156.72.48 
FTP 185.156.72.48 
äÄíü 185.156.72.48 
USER2 185.156.72.48 
ADMIN 185.156.72.48 
ÑàêÖäíéê 185.156.72.48 
ADMIN 185.156.72.48 
MARKETING 185.156.72.48 
MASTER 185.156.72.48 
ADM 185.156.72.48 
ADMIN2 185.156.72.48 
MARINA 185.156.72.48 
ADMINISTRATOR 185.156.72.48 
SERGEY 185.156.72.48 
W 185.156.72.48 
IME_USER 185.156.72.48 
ADMIN 185.156.72.48 
BUH1 185.156.72.48 
MANAGER6 185.156.72.48 
VLASOVAI 185.156.72.48 
BACKUP 185.156.72.48 
ELENA 185.156.72.48 
CONSULTANT 185.156.72.48 
ADM 185.156.72.48 
TEMPUSER 185.156.72.48 
ëäãÄÑ 185.156.72.48 
ADM 185.156.72.48 
RADMIN 185.156.72.48 
ADMINISTRATOR 185.156.72.48 
BUH1 185.156.72.48 
USER3 185.156.72.48 
AUDITOR 185.156.72.48 
USER 185.156.72.48 
OPERATOR 185.156.72.48 
USER2 185.156.72.48 
ALEX 185.156.72.48 
STUDENT 185.156.72.48 
üçÄ 185.156.72.48 
USER4 185.156.72.48 
MINOLTA 185.156.72.48 
ADMIN 185.156.72.48 
1CADMIN 185.156.72.48 
USER1 185.156.72.48 
DBAGENT 185.156.72.48 
ALEX 185.156.72.48 
BUH1 185.156.72.48 
ADMIN 185.156.72.48 
KABATOV.SE 185.156.72.48 
GERMAN 185.156.72.48 
MIHAIL 185.156.72.48 
USER2 185.156.72.48 
GAV 185.156.72.48 
USER11 185.156.72.48 
PAUL 185.156.72.48 
DEN 185.156.72.48 
USERPC 185.156.72.48 
USER01 185.156.72.48 
IGOR 185.156.72.48 
ALEKSANDR 185.156.72.48 
USER 185.156.72.48 
TESTUSER 185.156.72.48 
ULYA 185.156.72.48 
ÖÇÉÖçàâ 185.156.72.48 
DENIS 185.156.72.48 
QWE 185.156.72.48 
USER2 185.156.72.48 
ÄãÖçÄ 185.156.72.48 
LYUDMILA 185.156.72.48 
RECEP 185.156.72.48 
ARIS 185.156.72.48 
USER4 185.156.72.48 
KASSA 185.156.72.48 
1 185.156.72.48 
ADMINISTRATOR 185.156.72.48 
USER8 185.156.72.48 
VITAL 185.156.72.48 
COPIER 185.156.72.48 
ADMIN 185.156.72.48 
USER9 185.156.72.48 
UNO 185.156.72.48 
CONFERENCE 185.156.72.48 
CONFERENCE 185.156.72.48 
USER 185.156.72.48 
GAM01 185.156.72.48 
SERVICE1 185.156.72.48 
AUDITOR 185.156.72.48 
OSK 185.156.72.48 
GAM03 185.156.72.48 
USER5 185.156.72.48 
IT 185.156.72.48 
ADMINISTRATOR 185.156.72.48 
KHARKOV 185.156.72.48 
REPORTUSER 185.156.72.48 
SHARE 185.156.72.48 
ADMINISTRATOR 185.156.72.48 
PROFI 185.156.72.48 
ANNA 185.156.72.48 
INSTAL 185.156.72.48 
ADMINISTRATOR 185.156.72.48 
ADMIN 185.156.72.48 
VALENTIN 185.156.72.48 
SUPERUSER 185.156.72.48 
USER 185.156.72.48 
DIMA 185.156.72.48 
SKLAD 185.156.72.48 
V.PEDORICH 185.156.72.48 
USER 185.156.72.48 
STUDENT 185.156.72.48 
ADMINREST 185.156.72.48 
JULIA 185.156.72.48 
USER1 185.156.72.48 
VIDEO 185.156.72.48 
BYHALTER 185.156.72.48 
BUH2 185.156.72.48 
SKALD 185.156.72.48 
GALINA 185.156.72.48 
OFICIANT 185.156.72.48 
ARMAN 185.156.72.48 
ADMINISTRATOR 185.156.72.48 
STAS 185.156.72.48 
SASHA 185.156.72.48 
TESTUSER 185.156.72.48 
SQL 185.156.72.48 
KADR 185.156.72.48 
NURSE2 185.156.72.48 
OPERATOR 185.156.72.48 
AUDITOR 185.156.72.48 
MISHA 185.156.72.48 
INTERN1 185.156.72.48 
USER 185.156.72.48 
USER 185.156.72.48 
BUH01 185.156.72.48 
SCAN 185.156.72.48 
LIBRARY 185.156.72.48 
LOCALADMIN 185.156.72.48 
NAS 185.156.72.48 
WWW 185.156.72.48 
TP 185.156.72.48 
SECRETARY 185.156.72.48 
ÄÑåàçàëíêÄíéê 185.156.72.48 
SIS 185.156.72.48 
ADMIN1 185.156.72.48 
TELTONIKA 185.156.72.48 
KYOCERA 185.156.72.48 
BOBKOVATV 185.156.72.48 
GLEB 185.156.72.48 
WINDOWS 185.156.72.48 
ASSISTANT 185.156.72.48 
BUDGET 185.156.72.48 
USER3 185.156.72.48 
BOGATOVA 185.156.72.48 
AUDIT 185.156.72.48 
ADMIN 185.156.72.48 
TRASSIR 185.156.72.48 
ÄÑåàçàëíêÄíéê 185.156.72.48 
USER 185.156.72.48 
DYRASOVAEL 185.156.72.48 
101 185.156.72.48 
ÄÑåàçàëíêÄíéê 185.156.72.48 
TEST 185.156.72.48 
INSTAL 185.156.72.48 
10 185.156.72.48 
àêàçÄ 185.156.72.48 
ADMINISTRATOR 185.156.72.48 
USER1 185.156.72.48 
OLGA 185.156.72.48 
ÄãÖäëÄçÑê 185.156.72.48 
ADMIN 185.156.72.48 
ADMINISTRATOR 185.156.72.48 
USER03 185.156.72.48 
ÄÑåàçàëíêÄíéê 185.156.72.48 
ADMIN 185.156.72.48 
TEST 185.156.72.48 
NOVIKOV 185.156.72.48 
ADMINISTRATOR 185.156.72.48 
ADMIN 185.156.72.48 
BATAEVA 185.156.72.48 
NATALIYA 185.156.72.48 
ÄÑåàçàëíêÄíéê 185.156.72.48 
ABBOS 185.156.72.48 
VPN_AKVA-TECH 185.156.72.48 
MAKSIMOV 185.156.72.48 
ADMINISTRATOR 185.156.72.48 
KYO 185.156.72.48 
PROGRAM 185.156.72.48 
TARASOV 185.156.72.48 
ADMIN 185.156.72.48 
TASH 185.156.72.48 
NPOTIJKO 185.156.72.48 
LOBANOV 185.156.72.48 
ADMIN 185.156.72.48 
SKLAD 185.156.72.48 
PETR 185.156.72.48 
USER2 185.156.72.48 
USER 185.156.72.48 
USER2018 185.156.72.48 
STEP2 185.156.72.48 
LAZAREV 185.156.72.48 
USER 185.156.72.48 
FORSEC 185.156.72.48 
ANNA 185.156.72.48 
MAKEEV 185.156.72.48 
USER 185.156.72.48 
VLADIK 185.156.72.48 
223 185.156.72.48 
USER3 185.156.72.48 
USER 185.156.72.48 
NAFORE 185.156.72.48 
VITALIC 185.156.72.48 
USER 185.156.72.48 
USER 185.156.72.48 
BUHSTORE 185.156.72.48 
PAVEL 185.156.72.48 
USER 185.156.72.48 
USER 185.156.72.48 
BRAND2 185.156.72.48 
SVETA 185.156.72.48 
SERVICE 185.156.72.48 
USER 185.156.72.48 
COUNT 185.156.72.48 
ONE 185.156.72.48 
USER03 185.156.72.48 
USER 185.156.72.48 
DEPO 185.156.72.48 
MIR 185.156.72.48 
POLINA 185.156.72.48 
USER 185.156.72.48 
BUYER3 185.156.72.48 
ADMINISTRATOR 185.156.72.48 
ALEKS 185.156.72.48 
USER 185.156.72.48 
IZUMRUD 185.156.72.48 
PCN 185.156.72.48 
USER07 185.156.72.48 
USER 185.156.72.48 
INTERNET 185.156.72.48 
SD4 185.156.72.48 
KAZAKOV 185.156.72.48 
ÄÑåàç 185.156.72.48 
LAWS 185.156.72.48 
ADMINISTRATOR 185.156.72.48 
èéãúáéÇÄíÖãú 185.156.72.48 
ÄÑåàçàëíêÄíéê 185.156.72.48 
ÄÑåàçàëíêÄíéê 185.156.72.48 
ADMINISTRATOR 185.156.72.48 
ADMIN 185.156.72.48 
ADMIN 185.156.72.48 
RECEPTION 185.156.72.48 
TEST 185.156.72.48 
USER 185.156.72.48 
ÄÑåàçàëíêÄíéê 185.156.72.48 
TEST 185.156.72.48 
TEST 185.156.72.48 
1CPROG 185.156.72.48 
ÄÑåàçàëíêÄíéê 185.156.72.48 
REMOTE1 185.156.72.48 
ELENA 185.156.72.48 
1CUSER1 185.156.72.48 
ÄÑåàçàëíêÄíéê 185.156.72.48 
ADMIN 185.156.72.48 
SERGEY 185.156.72.48 
REAL 185.156.72.48 
MANAGER 185.156.72.48 
TEST1 185.156.72.48 
ALEXANDER 185.156.72.48 
DIR 185.156.72.48 
BACKUP 185.156.72.48 
USER 185.156.72.48 
AUDITOR 185.156.72.48 
TEMP 185.156.72.48 
OPERATOR 185.156.72.48 
USER1 185.156.72.48 
ÄÑåàçàëíêÄíéê 185.156.72.48 
Åìï 185.156.72.48 
TESTER 185.156.72.48 
USER1 185.156.72.48 
KASSA 185.156.72.48 
èéãúáéÇÄíÖãú 185.156.72.48 
SERGEY 185.156.72.48 
USER1 185.156.72.48 
ÄÑåàçàëíêÄíéê 185.156.72.48 
TESTUSER 185.156.72.48 
BUH1 185.156.72.48 
TEST 185.156.72.48 
TEST 185.156.72.48 
USER1 185.156.72.48 
ÅìïÉÄãíÖê 185.156.72.48 
TEST 185.156.72.48 
BUH 185.156.72.48 
PASHA 185.156.72.48 
OPERATOR 185.156.72.48 
NATALYAM 185.156.72.48 
RECEPTION 185.156.72.48 
SKLAD 185.156.72.48 
OLEG 185.156.72.48 
BAGS 185.156.72.48 
ÄÑåàçàëíêÄíéê 185.156.72.48 
KASSA_1 185.156.72.48 
ADM 185.156.72.48 
HODOS_ADMIN 185.156.72.48 
ÄÑåàçàëíêÄíéê 185.156.72.48 
USER07 185.156.72.48 
OLEG 185.156.72.48 
ROOT 185.156.72.48 
VASILIY 185.156.72.48 
ATS 185.156.72.48 
TEST 185.156.72.48 
ESPRIMO 185.156.72.48 
éèÖêÄíéê 185.156.72.48 
VAV 185.156.72.48 
SKLAD 185.156.72.48 
ADMINISTRATOR 185.156.72.48 
CONDITER 185.156.72.48 
VAV 185.156.72.48 
ELENA 185.156.72.48 
TEST 185.156.72.48 
TEST1 185.156.72.48 
DAV 185.156.72.48 
ÅìïÉÄãíÖê 185.156.72.48 
USER2 185.156.72.48 
S 185.156.72.48 
LOGIST 185.156.72.48 
TESTER 185.156.72.48 
0007 185.156.72.48 
NICK 185.156.72.48 
SOUND 185.156.72.48 
ELENA 185.156.72.48 
IVANDIK 185.156.72.48 
BUH3 185.156.72.48 
ÄÑåàçàëíêÄíéê 185.156.72.48 
LENA 185.156.72.48 
SYSTEMS 185.156.72.48 
USER 185.156.72.48 
1CUSER1 185.156.72.48 
ELENA 185.156.72.48 
SYSTEMA 185.156.72.48 
äÄëëÄ 185.156.72.48 
OPERATOR1 185.156.72.48 
OPERATOR 185.156.72.48 
USER 185.156.72.48 
ADMIN 185.156.72.48 
RECEPTION 185.156.72.48 
MANAGER 185.156.72.48 
ADMIN 185.156.72.48 
VIDEOSERV 185.156.72.48 
USER9 185.156.72.48 
äÄëëÄ 185.156.72.48 
MARIA 185.156.72.48 
DRUZHBA 185.156.72.48 
USR 185.156.72.48 
VPN 185.156.72.48 
USER 185.156.72.48 
MASTER 185.156.72.48 
STAT 185.156.72.48 
OFFICE 185.156.72.48 
TEMPUSER 185.156.72.48 
LEBEDEVA 185.156.72.48 
FIRST 185.156.72.48 
FTP 185.156.72.48 
IML 185.156.72.48 
ALEXEY 185.156.72.48 
SQLSERV 185.156.72.48 
BUH 185.156.72.48 
ADMIN 185.156.72.48 
INTER 185.156.72.48 
RKADMIN 185.156.72.48 
SYSADMIN 185.156.72.48 
BACKUP 185.156.72.48 
MOLOKEEVA 185.156.72.48 
APTEKA 185.156.72.48 
BACKUP 185.156.72.48 
USER1 185.156.72.48 
èêéÉêÄååàëí 185.156.72.48 
MEGATEC 185.156.72.48 
MANAGER 185.156.72.48 
SYSTEMA 185.156.72.48 
ALEX 185.156.72.48 
DISP 185.156.72.48 
MANAGER 185.156.72.48 
SYMBOL 185.156.72.48 
USER 185.156.72.48 
PAV 185.156.72.48 
Åìï 185.156.72.48 
GORCHINSKIY.S 185.156.72.48 
INSTALL 185.156.72.48 
BUH 185.156.72.48 
OPERATOR 185.156.72.48 
IVASHKO.D 185.156.72.48 
SSISAURI 185.156.72.48 
MANAGER2 185.156.72.48 
OFFICE 185.156.72.48 
TURAN.MURADBAYLI 185.156.72.48 
éãÖÉ 185.156.72.48 
USER1 185.156.72.48 
DIRECTOR 185.156.72.48 
MICROINVEST 185.156.72.48 
ÄÑåàçàëíêÄíéê 185.156.72.48 
USER2 185.156.72.48 
ÄêíÖå 185.156.72.48 
ADMINISTRATOR 185.156.72.48 
NATALIA 185.156.72.48 
USER3 185.156.72.48 
ÑÖçàë 185.156.72.48 
TEST 185.156.72.48 
åÄêàçÄ 185.156.72.48 
SITE 185.156.72.48 
äéãü 185.156.72.48 
COBIAN 185.156.72.48 
URIST 185.156.72.48 
BAV 185.156.72.48 
çÄíÄãúü 185.156.72.48 
TRAINING 185.156.72.48 
USER1 185.156.72.48 
SA 185.156.72.48 
íÄíúüçÄ 185.156.72.48 
TEST 185.156.72.48 
CONF 185.156.72.48 
DATAKRAT 185.156.72.48 
ÄêíÖå 185.156.72.48 
PROGRAMMER 185.156.72.48 
USER4 185.156.72.48 
BUH9 185.156.72.48 
ÑÖçàë 185.156.72.48 
RIELT18 185.156.72.48 
TEST 185.156.72.48 
TIMOFEEV 185.156.72.48 
äéãü 185.156.72.48 
CAMERA 185.156.72.48 
íÄçü 185.156.72.48 
UPDATE 185.156.72.48 
çÄíÄãúü 185.156.72.48 
MODER 185.156.72.48 
éãúÉÄ 185.156.72.48 
PORTAL 185.156.72.48 
íÄíúüçÄ 185.156.72.48 
FTPTEST 185.156.72.48 
OLYA 185.156.72.48 
USERRDP 185.156.72.48 
ÑàåÄ 185.156.72.48 
DISP 185.156.72.48 
A 185.156.72.48 
MAGNIT_K2 185.156.72.48 
ÑàåÄ 185.156.72.48 
EKOLOG 185.156.72.48 
USER 185.156.72.48 
SCAN 185.156.72.48 
äÄëëÄ2 185.156.72.48 
OLEGA 185.156.72.48 
1C 185.156.72.48 
SCAN 185.156.72.48 
äÄëëÄ3 185.156.72.48 
EKONOM 185.156.72.48 
äÄëëÄ 185.156.72.48 
WAREHOUSE 185.156.72.48 
äÄëëÄ5 185.156.72.48 
BUH02 185.156.72.48 
åÖçÖÑÜÖê 185.156.72.48 
ADMIN 185.156.72.48 
äéçëíÄçíàç 185.156.72.48 
FTP_USER_1 185.156.72.48 
COUNTER 185.156.72.48 
ÄÑåàçàëíêÄíéê 185.156.72.48 
åÄêÉÄêàíÄ 185.156.72.48 
ENERG 185.156.72.48 
ALEXANDRA 185.156.72.48 
SUPPORT 185.156.72.48 
åÖçÖÑÜÖê2 185.156.72.48 
BUT_ADM 185.156.72.48 
BMS 185.156.72.48 
SKLAD 185.156.72.48 
åÖçÖÑÜÖê7 185.156.72.48 
SALON 185.156.72.48 
SQL 185.156.72.48 
ÄÑåàçàëíêÄíéê 185.156.72.48 
GEOLOG 185.156.72.48 
USER 185.156.72.48 
SKLAD 185.156.72.48 
BUH03 185.156.72.48 
SCAN1 185.156.72.48 
BUH 185.156.72.48 
ANDREW 185.156.72.48 
OXPAHA 185.156.72.48 
BUH 185.156.72.48 
ÄÑåàçàëíêÄíéê 185.156.72.48 
SCANUSER 185.156.72.48 
DOCTOR 185.156.72.48 
BUH1 185.156.72.48 
ADMIN 185.156.72.48 
NETUSE 185.156.72.48 
SHRAMCHUK 185.156.72.48 
IGOR 185.156.72.48 
åÖçÖÑÜÖê2 185.156.72.48 
ADMIN 185.156.72.48 
BOSS 185.156.72.48 
USER4 185.156.72.48 
ÄãÖäëÄçÑê 185.156.72.48 
ING 185.156.72.48 
OTV 185.156.72.48 
BUH6 185.156.72.48 
ADM 185.156.72.48 
TESTRDP 185.156.72.48 
ELLA 185.156.72.48 
SECRETARY 185.156.72.48 
DIRECTOR 185.156.72.48 
BUHTRANS 185.156.72.48 
DOC 185.156.72.48 
ëäãÄÑ1 185.156.72.48 
ÖãÖçÄ 185.156.72.48 
FORMULA 185.156.72.48 
REG 185.156.72.48 
ëäãÄÑ10 185.156.72.48 
A 185.156.72.48 
GARANT 185.156.72.48 
DIRECTOR 185.156.72.48 
ëäãÄÑ2 185.156.72.48 
ëÇÖíãÄçÄ 185.156.72.48 
VENERA 185.156.72.48 
IGOR 185.156.72.48 
ëäãÄÑ3 185.156.72.48 
ORLOVA 185.156.72.48 
BELOV 185.156.72.48 
MIT 185.156.72.48 
ëäãÄÑ5 185.156.72.48 
PROFILDOORS4 185.156.72.48 
IAKIMOVA 185.156.72.48 
TEST 185.156.72.48 
ëäãÄÑ6 185.156.72.48 
HASHVAPAHUTYUN 185.156.72.48 
KPP2 185.156.72.48 
DOS 185.156.72.48 
ëäãÄÑ7 185.156.72.48 
ZORY_NN 185.156.72.48 
USER_02 185.156.72.48 
WATCOM 185.156.72.48 
ëäãÄÑ8 185.156.72.48 
VIKTOR 185.156.72.48 
BOHAROVA 185.156.72.48 
VALERY 185.156.72.48 
ëäãÄÑ9 185.156.72.48 
ADMIN 185.156.72.48 
LAB 185.156.72.48 
DIEN 185.156.72.48 
1C_USER1 185.156.72.48 
ADMIN1 185.156.72.48 
DIR27 185.156.72.48 
OXANA 185.156.72.48 
KASSA2 185.156.72.48 
BOUTIQUEMOBILE 185.156.72.48 
BORODINA 185.156.72.48 
MAGAZIN 185.156.72.48 
MANAGER1 185.156.72.48 
STUDENT_USR 185.156.72.48 
USER 185.156.72.48 
KASSA 185.156.72.48 
MANAGER3 185.156.72.48 
TNAVIGATOR_USR 185.156.72.48 
USER1122 185.156.72.48 
PRINTER 185.156.72.48 
USER1 185.156.72.48 
RDP 185.156.72.48 
OBMEN 185.156.72.48 
SLAVA 185.156.72.48 
USER2 185.156.72.48 
ÄÑåàçàëíêÄíéê 185.156.72.48 
MEH 185.156.72.48 
VALERY 185.156.72.48 
USER3 185.156.72.48 
ÄÑåàçàëíêÄíéê 185.156.72.48 
NETUSER 185.156.72.48 
AUDIO 185.156.72.48 
KASSA1 185.156.72.48 
ÄÑåàçàëíêÄíéê 185.156.72.48 
ADMIN 185.156.72.48 
VERA 185.156.72.48 
KASSA2 185.156.72.48 
DIRECTOR 185.156.72.48 
BULGAKOVA 185.156.72.48 
USER 185.156.72.48 
KASSA3 185.156.72.48 
ÄÑåàçàëíêÄíéê 185.156.72.48 
OTB 185.156.72.48 
LARISSA 185.156.72.48 
KASSA4 185.156.72.48 
ÄÑåàçàëíêÄíéê 185.156.72.48 
HASANOVA 185.156.72.48 
PRINTER 185.156.72.48 
SKLAD2 185.156.72.48 
ADMINISTRATOR 185.156.72.48 
NUMBER2 185.156.72.48 
TFSADMIN 185.156.72.48 
SKLAD3 185.156.72.48 
SEC 185.156.72.48 
LECTOR 185.156.72.48 
LCD 185.156.72.48 
SKLAD5 185.156.72.48 
GP3 185.156.72.48 
CHERNIKOVA 185.156.72.48 
INET 185.156.72.48 
ÑÖçàë 185.156.72.48 
PC14 185.156.72.48 
MIKE_EIRE 185.156.72.48 
BULKIN 185.156.72.48 
åÄêàü 185.156.72.48 
PIKALOV 185.156.72.48 
HRAN 185.156.72.48 
ALEX 185.156.72.48 
ëÖêÉÖâ 185.156.72.48 
FARBY 185.156.72.48 
ALLENIRANTO 185.156.72.48 
KHODOS 185.156.72.48 
ÅìïÉÄãíÖê2 185.156.72.48 
CDM 185.156.72.48 
SPIRYAGINA.ANASTASIA 185.156.72.48 
LEVCHENKO 185.156.72.48 
åÄêàü 185.156.72.48 
íÖëí 185.156.72.48 
USER01 78.134.7.211 
DAVIDOVA 185.156.72.48 
MVOSKALO 185.156.72.48 
åÖçÖÑÜÖê6 185.156.72.48 
ÅìïÉÄãíÖêïÅ 185.156.72.48 
NATASHA 185.156.72.48 
åÄêàçÄ 78.134.7.211 
USER 185.156.72.48 
ëäãÄÑ4 185.156.72.48 
SCANS 185.156.72.48 
WEBDESIGNER 185.156.72.48 
USER3 185.156.72.48 
ùãúÇàêÄ 78.134.7.211 
123456 185.156.72.48 
BUCH 185.156.72.48 
RECEPTION 185.156.72.48 
BMS 185.156.72.48 
ALLA 185.156.72.48 
BUCH1 185.156.72.48 
FOMINA 185.156.72.48 
AGA 185.156.72.48 
ELENA 185.156.72.48 
åÄäëàå 185.156.72.48 
LERA 185.156.72.48 
BOB 185.156.72.48 
LUDMILA 185.156.72.48 
PIT_TDV 185.156.72.48 
KADR 185.156.72.48 
USER4 185.156.72.48 
MANAGER4 185.156.72.48 
WORKER3 185.156.72.48 
VPN 185.156.72.48 
USER3 185.156.72.48 
MANAGER5 185.156.72.48 
WORKER4 185.156.72.48 
C220_4 185.156.72.48 
GPV 185.156.72.48 
MANAGER6 185.156.72.48 
NATA 185.156.72.48 
FROLOVA 185.156.72.48 
USER16 78.134.7.211 
LENA 185.156.72.48 
TATYANA 185.156.72.48 
óÄÄÑÄÖÇÄ 185.156.72.48 
NEJINSKAYA 185.156.72.48 
HELPASSISTANT 185.156.72.48 
USER2 185.156.72.48 
M.PETRENKO 185.156.72.48 
DIMA 185.156.72.48 
BACKUP 185.156.72.48 
YULYA 185.156.72.48 
ÜÄççÄ 78.134.7.211 
PLATOVA_OO 185.156.72.48 
ELENA 185.156.72.48 
SHOP 185.156.72.48 
MASTER1 185.156.72.48 
SHARE_USER1 185.156.72.48 
REMOTE 185.156.72.48 
WINDOWS 185.156.72.48 
PRORAB 185.156.72.48 
BACKUP 185.156.72.48 
ALEX-SH 185.156.72.48 
SVETLANA 185.156.72.48 
STUDENT 185.156.72.48 
SHARE_USER2 185.156.72.48 
GARANT 185.156.72.48 
LAB 185.156.72.48 
IVAN 185.156.72.48 
PRG 185.156.72.48 
KASSA 185.156.72.48 
MOBITIME 185.156.72.48 
SCANNER 185.156.72.48 
USER 185.156.72.48 
GORODA 185.156.72.48 
ANA 185.156.72.48 
TEST1 185.156.72.48 
MOSKVA 185.156.72.48 
C6-8F 185.156.72.48 
SASHA 185.156.72.48 
MARINA 185.156.72.48 
LEONCHIK 185.156.72.48 
GIVIH 185.156.72.48 
TEMP 185.156.72.48 
WEB 185.156.72.48 
äÄãÄâÑÄ 185.156.72.48 
3ST 185.156.72.48 
NADYA 185.156.72.48 
SCANER 185.156.72.48 
DADMIN 185.156.72.48 
TESTCOMP 185.156.72.48 
ADM 185.156.72.48 
MARAT 185.156.72.48 
N.IVANOVA 185.156.72.48 
ADMINSBS 185.156.72.48 
MASTER 185.156.72.48 
VICTORIYA 185.156.72.48 
AU1 185.156.72.48 
KAMNEVA 185.156.72.48 
REMOTE1 185.156.72.48 
003 185.156.72.48 
G.OMAROV 185.156.72.48 
GAMMA26 185.156.72.48 
TEST2 185.156.72.48 
ADMINISTRATOR 185.156.72.48 
DIR 185.156.72.48 
ANASTASEVA 185.156.72.48 
ACTUALIS 185.156.72.48 
ADMIN 185.156.72.48 
ANNA.KONONOVA 185.156.72.48 
USERXP 185.156.72.48 
RECEPTION 185.156.72.48 
ADMINISTRATOR 185.156.72.48 
KUSKOV 185.156.72.48 
ADMINISTRATOR 185.156.72.48 
USER15 185.156.72.48 
BUH 185.156.72.48 
SRV-ADMIN 185.156.72.48 
TANJA 185.156.72.48 
KYOCERA 185.156.72.48 
GEUST 185.156.72.48 
ëÄçíÖïçàäÄ 185.156.72.48 
GUEST 185.156.72.48 
TEST 185.156.72.48 
ZAPAS 185.156.72.48 
ëíêéâäÄ 185.156.72.48 
SCAN3 185.156.72.48 
àêàçÄ 185.156.72.48 
USER 185.156.72.48 
NECHAY 185.156.72.48 
ADMINISTRATOR 185.156.72.48 
ÄãÖäëÖâ 185.156.72.48 
123 185.156.72.48 
ANT 185.156.72.48 
VIRTUAL 185.156.72.48 
IVAN 185.156.72.48 
GALINA 185.156.72.48 
ARTUR 185.156.72.48 
TERM1 185.156.72.48 
PAVEL 185.156.72.48 
REMOTE 185.156.72.48 
CHUB 185.156.72.48 
TEMP 185.156.72.48 
OLGA 185.156.72.48 
FAKS 185.156.72.48 
TORG 185.156.72.48 
KATYA 185.156.72.48 
NIKOLAY 185.156.72.48 
ÄÑåàçàëíêÄíéê 185.156.72.48 
RADMIN 185.156.72.48 
DAN 185.156.72.48 
TORGZAL6 185.156.72.48 
MISHA 185.156.72.48 
USER 185.156.72.48 
TATYANA 185.156.72.48 
FROLOVAOI 185.156.72.48 
SKLAD 185.156.72.48 
PC3 185.156.72.48 
ÄãÖäëÄçÑê 185.156.72.48 
ILAUTO 185.156.72.48 
MANAGER2 185.156.72.48 
ULTIMACLIENT 185.156.72.48 
ÄããÄ 185.156.72.48 
PROGRAMMIST 185.156.72.48 
POSTGRES 185.156.72.48 
ADMINSCADA 185.156.72.48 
LARISA 185.156.72.48 
USER3 185.156.72.48 
USR 185.156.72.48 
KUB 185.156.72.48 
SVETA 185.156.72.48 
USER4 185.156.72.48 
PETR 185.156.72.48 
GARANT 185.156.72.48 
åÄäëàå 185.156.72.48 
USER8 185.156.72.48 
KISELEVA 185.156.72.48 
BUH 185.156.72.48 
DASHA 185.156.72.48 
ÑàëèÖíóÖê 185.156.72.48 
PEREGUDOVA 185.156.72.48 
MINNAKHMETOVR 185.156.72.48 
TIMOSHENKO 185.156.72.48 
MARIA 185.156.72.48 
VIKA 185.156.72.48 
àêàçÄ 185.156.72.48 
MAKAROV 185.156.72.48 
RUZILYA 185.156.72.48 
USER5 185.156.72.48 
RECEPTION 185.156.72.48 
íÄíúüçÄ 185.156.72.48 
TELESTAR 185.156.72.48 
BUHGALTER3 185.156.72.48 
SCAN 185.156.72.48 
ãÖçÄ 185.156.72.48 
ALEXANDRA 185.156.72.48 
TEST 185.156.72.48 
URALSIB2 185.156.72.48 
ÄÑåàçàëíêÄíéê 185.156.72.48 
ÑàëèÖíóÖê 185.156.72.48 
USER7 185.156.72.48 
NIDERLANDEC 185.156.72.48 
ADMIN 185.156.72.48 
USERTEST 185.156.72.48 
LAB1 185.156.72.48 
VIRT 185.156.72.48 
USER 185.156.72.48 
ELENA 185.156.72.48 
PROJECTOR 185.156.72.48 
APTEKA 185.156.72.48 
BACKUP 185.156.72.48 
ALI 185.156.72.48 
ANNA 185.156.72.48 
ADMIN 185.156.72.48 
ALISHER 185.156.72.48 
VIRTUAL 185.156.72.48 
DANA 185.156.72.48 
TABA 185.156.72.48 
ELENA 185.156.72.48 
ACER 185.156.72.48 
TERMINAL1 185.156.72.48 
USER2 185.156.72.48 
GAZALA 185.156.72.48 
RECEPTION1 185.156.72.48 
Ñåàíêàâ 185.156.72.48 
GULZOHIRA 185.156.72.48 
OP1 185.156.72.48 
JULIA 185.156.72.48 
NAJIMIDDIN 185.156.72.48 
MIA 185.156.72.48 
USER1 185.156.72.48 
NASIBA 185.156.72.48 
MARKUS 185.156.72.48 
SETUP 185.156.72.48 
NASIBA_K 185.156.72.48 
FTP 185.156.72.48 
ALEXANDR 185.156.72.48 
VID 185.156.72.48 
TERM1 185.156.72.48 
ADMINISTRATOR 185.156.72.48 
SAADI 185.156.72.48 
MAX 185.156.72.48 
ÄÑåàçàëíêÄíéê 185.156.72.48 
ABM123 185.156.72.48 
LOVTSOV.B 185.156.72.48 
TERM3 185.156.72.48 
ADMINISTRATOR 185.156.72.48 
BAZAVIDEO 185.156.72.48 
USER4 185.156.72.48 
TERM2 185.156.72.48 
DIRECTOR 185.156.72.48 
GS_EDU 185.156.72.48 
USER3 185.156.72.48 
MUSIC 185.156.72.48 
OLEG 185.156.72.48 
GS_USER 185.156.72.48 
USER2 185.156.72.48 
CAM 185.156.72.48 
LENA 185.156.72.48 
TSD 185.156.72.48 
OHRANA 185.156.72.48 
NAS 185.156.72.48 
NATASHA 185.156.72.48 
USER 185.156.72.48 
HELP-DESK 185.156.72.48 
TERM4 185.156.72.48 
USER1 185.156.72.48 
BOS 185.156.72.48 
ÅìïÉÄãíÖê 185.156.72.48 
ADMINSCADA 185.156.72.48 
USER1 185.156.72.48 
BUH 185.156.72.48 
OLGM 185.156.72.48 
GENA 185.156.72.48 
ELENA 185.156.72.48 
HOZ 185.156.72.48 
GUSEV 185.156.72.48 
DANIL 185.156.72.48 
SKLAD 185.156.72.48 
PRO 185.156.72.48 
USER1 185.156.72.48 
USER1 185.156.72.48 
SUPPORT 185.156.72.48 
ALEKO 185.156.72.48 
ALEKSANDER 185.156.72.48 
USER1 185.156.72.48 
MANAGER 185.156.72.48 
OPER 185.156.72.48 
USER3 185.156.72.48 
USER1 185.156.72.48 
äÄëëÄ 185.156.72.48 
AUDIT 185.156.72.48 
ÉãÄÇçõâãÖëçàóàâ 185.156.72.48 
USER1 185.156.72.48 
ÑàêÖäíéê 185.156.72.48 
ARTFOOD 185.156.72.48 
ÜÄççÄ 185.156.72.48 
USER1 185.156.72.48 
1C 185.156.72.48 
RADIOR 185.156.72.48 
ÑàåÄÇàéãÖçíàâ 185.156.72.48 
USER1 185.156.72.48 
ÄÑåàçàëíêÄíéê 185.156.72.48 
CASHFRONT 185.156.72.48 
éîàñàÄçí 185.156.72.48 
USER1 185.156.72.48 
BACKUP 185.156.72.48 
TEST 185.156.72.48 
åàòÄ 185.156.72.48 
USER1 185.156.72.48 
BUH 185.156.72.48 
SCAN 185.156.72.48 
BEKETOVA 185.156.72.48 
USER1 185.156.72.48 
MANAGER 185.156.72.48 
RESEPTION 185.156.72.48 
íéãäÄóÖÇÄÄççÄ 185.156.72.48 
USER1 185.156.72.48 
TEST 185.156.72.48 
USER 185.156.72.48 
ANDREY 185.156.72.48 
USERRDP 185.156.72.48 
USER1 185.156.72.48 
GEST 185.156.72.48 
ILYA 185.156.72.48 
ADMINISTRATOR 185.156.72.48 
SERGEY 185.156.72.48 
LOCAL-ADMIN 185.156.72.48 
ìÑÄãèéã 185.156.72.48 
PRINT 185.156.72.48 
IRINA 185.156.72.48 
AVID_USER 185.156.72.48 
ADMIN 185.156.72.48 
åÄÉÄáàç 185.156.72.48 
USER 185.156.72.48 
ANDREY 185.156.72.48 
BUH1 185.156.72.48 
ROOT 185.156.72.48 
ALI 185.156.72.48 
USER1 185.156.72.48 
IRINA 185.156.72.48 
éêÑÜéçàäàÑáÖ 185.156.72.48 
ELENA 185.156.72.48 
ELENA 185.156.72.48 
DAC 185.156.72.48 
SYSADMIN 185.156.72.48 
ÄÑåàçàëíêÄíéê 185.156.72.48 
SHARA 185.156.72.48 
OPERATOR 185.156.72.48 
ELENA 185.156.72.48 
MARINA 185.156.72.48 
ASP.IISS 185.156.72.48 
OPTIMUM 185.156.72.48 
USER1 185.156.72.48 
SHAXNOZA 185.156.72.48 
ASP.IIS 185.156.72.48 
KENT 185.156.72.48 
SKLAD 185.156.72.48 
NOD 185.156.72.48 
SUPPORTS 185.156.72.48 
ALEX-ANALITIK 185.156.72.48 
ÄÑåàçàëíêÄíéê 185.156.72.48 
P01 185.156.72.48 
ADMINISTRATOR 185.156.72.48 
ALEX 185.156.72.48 
SERVER 185.156.72.48 
TEST 185.156.72.48 
ADMINISTRATOR 185.156.72.48 
LIDA 185.156.72.48 
1C 185.156.72.48 
SABIT 185.156.72.48 
ADMIN 185.156.72.48 
ADMFTP 185.156.72.48 
ÅìïÉÄãíÖê 185.156.72.48 
USERREAD 185.156.72.48 
ADMIN 185.156.72.48 
USRFTP 185.156.72.48 
DIRECTOR 185.156.72.48 
USERNBU 185.156.72.48 
ADMIN 185.156.72.48 
ENERGY 185.156.72.48 
USER1 185.156.72.48 
TEST 185.156.72.48 
SHOP1 185.156.72.48 
VOVA 185.156.72.48 
SKLAD 185.156.72.48 
TEST 185.156.72.48 
ÄÑåàçàëíêÄíéê 185.156.72.48 
KASSA 185.156.72.48 
USER1 185.156.72.48 
TEST 185.156.72.48 
ÄÑåàçàëíêÄíéê 185.156.72.48 
BUH 185.156.72.48 
ëäãÄÑ 185.156.72.48 
KASSA 185.156.72.48 
ÄÑåàçàëíêÄíéê 185.156.72.48 
BQUSER 185.156.72.48 
äÄëëÄ 185.156.72.48 
KASSIR 185.156.72.48 
ÄÑåàçàëíêÄíéê 185.156.72.48 
ADM-LOCAL 185.156.72.48 
KASSA 185.156.72.48 
OBMEN 185.156.72.48 
ÄÑåàçàëíêÄíéê 185.156.72.48 
SERVER1CV8 185.156.72.48 
IRINA 185.156.72.48 
LOCAL 185.156.72.48 
ÄÑåàçàëíêÄíéê 185.156.72.48 
P.CHIZHIK 185.156.72.48 
OPERATOR 185.156.72.48 
SHARA 185.156.72.48 
ÄÑåàçàëíêÄíéê 185.156.72.48 
ADMIN_1C 185.156.72.48 
USER1 185.156.72.48 
SASHA 185.156.72.48 
ÄÑåàçàëíêÄíéê 185.156.72.48 
ADM1 185.156.72.48 
USER1 185.156.72.48 
USERIK 185.156.72.48 
ÄÑåàçàëíêÄíéê 185.156.72.48 
USER 185.156.72.48 
ÄÑåàçàëíêÄíéê 185.156.72.48 
TEST 185.156.72.48 
ÄÑåàçàëíêÄíéê 185.156.72.48 
MANAGER 185.156.72.48 
USER1 185.156.72.48 
KIDS 185.156.72.48 
ÄÑåàçàëíêÄíéê 185.156.72.48 
ADMIN 185.156.72.48 
UPDATE 185.156.72.48 
PRINT 185.156.72.48 
ROMAN 185.156.72.48 
Ééëíú 185.156.72.48 
äÄëëÄ 185.156.72.48 
KITCHEN 185.156.72.48 
USER 185.156.72.48 
ALENA 185.156.72.48 
SKLAD 185.156.72.48 
SQUIDPROXY 185.156.72.48 
USER 185.156.72.48 
ûãàü 185.156.72.48 
ëäãÄÑ 185.156.72.48 
OFFICE 185.156.72.48 
USER 185.156.72.48 
ÅìïÉÄãíÖê1 185.156.72.48 
DIRECTOR 185.156.72.48 
ADMINI 185.156.72.48 
USER 185.156.72.48 
USER 185.156.72.48 
SERVICE 185.156.72.48 
IVR 185.156.72.48 
USER 185.156.72.48 
USER 185.156.72.48 
KASSA 185.156.72.48 
DIMA 185.156.72.48 
USER 185.156.72.48 
MANAGER 185.156.72.48 
ÄÑåàçàëíêÄíéê 185.156.72.48 
LENA 185.156.72.48 
ÄÑåàçàëíêÄíéê 185.156.72.48 
USER 185.156.72.48 
TEST 185.156.72.48 
OLGA 185.156.72.48 
çÄíÄòÄ 185.156.72.48 
USER 185.156.72.48 
ADMINISTRATOR 185.156.72.48 
USER 185.156.72.48 
4PRINT 185.156.72.48 
MANAGER 185.156.72.48 
OPERATOR1 185.156.72.48 
ADMINISTRATOR 185.156.72.48 
ANATOL 185.156.72.48 
MANAGER 185.156.72.48 
BUHGALTER 185.156.72.48 
ADMIN 185.156.72.48 
óÖäìçéÇÄ 185.156.72.48 
USER 185.156.72.48 
äÄëëÄ 185.156.72.48 
1 185.156.72.48 
ÉêéåìïÄ 185.156.72.48 
USER 185.156.72.48 
OPERATOR2 185.156.72.48 
USER1 185.156.72.48 
áìÅäé 185.156.72.48 
Ééëíú 185.156.72.48 
éèÖêÄíéê1 185.156.72.48 
USER1 185.156.72.48 
äÄêèéÇÄ 185.156.72.48 
USER 185.156.72.48 
éèÖêÄíéê2 185.156.72.48 
TEST 185.156.72.48 
ADMINNEKS 185.156.72.48 
Ééëíú 185.156.72.48 
ZAKUPKA 185.156.72.48 
ADMINISTRATOR 185.156.72.48 
USR1CV81 185.156.72.48 
Ééëíú 185.156.72.48 
USER6 185.156.72.48 
USER1 185.156.72.48 
ELENAFLOWER 185.156.72.48 
USER 185.156.72.48 
PEN 185.156.72.48 
ADMINISTRATOR 185.156.72.48 
äìáúåàçÄÖ 185.156.72.48 
Ééëíú 185.156.72.48 
SCANNER 185.156.72.48 
USER1 185.156.72.48 
èéãúáéÇÄíÖãú 185.156.72.48 
ZBUT-7 185.156.72.48 
USER1 185.156.72.48 
åÄÉÄáàç 185.156.72.48 
USER 185.156.72.48 
3389:KSUSHAR 185.156.72.48 
TEST 185.156.72.48 
TERMINAL 185.156.72.48 
PC2 185.156.72.48 
SB 185.156.72.48 
USER 185.156.72.48 
ADMIN2 185.156.72.48 
åÄâêÄ 185.156.72.48 
OOIK 185.156.72.48 
USER 185.156.72.48 
ALUA 185.156.72.48 
ÇÄãÖçíàçÄ 185.156.72.48 
USER 185.156.72.48 
USER1 185.156.72.48 
Çàäíéêàü 185.156.72.48 
USER 185.156.72.48 
ROOT 185.156.72.48 
èÄÇãéÇÄ 185.156.72.48 
BAZIS4 185.156.72.48 
ADMIN 185.156.72.48 
ÖäÄíÖêàçÄ 185.156.72.48 
ëèÄëëäàâ 185.156.72.48 
SHARING 185.156.72.48 
USER 185.156.72.48 
ADMINISTRATOR 185.156.72.48 
ûãü 185.156.72.48 
BAZIS_BUH 185.156.72.48 
ADMIN 185.156.72.48 
MEDIA 185.156.72.48 
DYSPECHER 185.156.72.48 
WEBUSER 185.156.72.48 
ADMIN 185.156.72.48 
DBUSER 185.156.72.48 
OSK 185.156.72.48 
URBAN 185.156.72.48 
Ééëíú 185.156.72.48 
VOVA 185.156.72.48 
CIML 185.156.72.48 
TADMIN 185.156.72.48 
USER 185.156.72.48 
MARKET 185.156.72.48 
VASUKMA 185.156.72.48 
ACCOUNTING 185.156.72.48 
USER 185.156.72.48 
PRINT 185.156.72.48 
DUBOVKA 185.156.72.48 
SERGEY 185.156.72.48 
èéãúáéÇÄíÖãú 185.156.72.48 
SHARE 185.156.72.48 
MART 185.156.72.48 
TERMINAL 185.156.72.48 
USER 185.156.72.48 
HANNOVER 185.156.72.48 
OSHEPKOVAE 185.156.72.48 
SCANNER 185.156.72.48 
USER 185.156.72.48 
APACHE 185.156.72.48 
ZIMOVNIKI 185.156.72.48 
THOMAS 185.156.72.48 
ADMIN 185.156.72.48 
MYSQL 185.156.72.48 
ANDREEVA 185.156.72.48 
SERGEY 185.156.72.48 
USER 185.156.72.48 
USER 185.156.72.48 
PAVLO 185.156.72.48 
TEMP 185.156.72.48 
Ééëíú 185.156.72.48 
TEST 185.156.72.48 
ÉéãìÅàçÄ 185.156.72.48 
SALES 185.156.72.48 
GUEST 185.156.72.48 
Ééëíú 185.156.72.48 
TEKSTIL9 185.156.72.48 
ELENA 185.156.72.48 
USER1 185.156.72.48 
KOSTIKOFF 185.156.72.48 
CHIEF 185.156.72.48 
TEST 185.156.72.48 
SKLAD 185.156.72.48 
KHOMIN 185.156.72.48 
USER1 185.156.72.48 
ADMIN-PC 185.156.72.48 
ADMINA 185.156.72.48 
GRIL 185.156.72.48 
DRUZBAR 185.156.72.48 
ADMIN2 185.156.72.48 
CASSA 185.156.72.48 
BUH 185.156.72.48 
ADMINK 185.156.72.48 
4444 185.156.72.48 
SKLAD 185.156.72.48 
ADMINM 185.156.72.48 
TEST 185.156.72.48 
SERVICECENTER 185.156.72.48 
DCPC 185.156.72.48 
TARIF 185.156.72.48 
SKLAD 185.156.72.48 
MOSKOVSKY 185.156.72.48 
MASTER2 185.156.72.48 
KASSA 185.156.72.48 
VIEWER 185.156.72.48 
BAK 185.156.72.48 
DEMOUSER 185.156.72.48 
DIRECTOR 185.156.72.48 
REMOTE 185.156.72.48 
áÄÇÖÑìûôÄüëäãÄÑéå 185.156.72.48 
KYOCERA 185.156.72.48 
TESTING 185.156.72.48 
áÑêÄÇåÖÑíÖï 185.156.72.48 
IVAN 185.156.72.48 
SKLAD 185.156.72.48 
BUHGALTER2 185.156.72.48 
èéãúáéÇÄíÖãú 185.156.72.48 
STORE 185.156.72.48 
KASSA 185.156.72.48 
DIREKTOR 185.156.72.48 
HOMEUSER 185.156.72.48 
ADMINSVAN 185.156.72.48 
KASSA 185.156.72.48 
BUH2 185.156.72.48 
VINCHI 185.156.72.48 
SADMIN 185.156.72.48 
BUH 185.156.72.48 
USER10 185.156.72.48 
SALNIKOVAEV 185.156.72.48 
ELENA 185.156.72.48 
KASSA 185.156.72.48 
OFFICE 185.156.72.48 
Ééëíú 185.156.72.48 
POSTGRES 185.156.72.48 
SKLAD 185.156.72.48 
ëÄòÄ 185.156.72.48 
POLYANA 185.156.72.48 
GALINA 185.156.72.48 
ADMINISTRATOR 185.156.72.48 
ROMAN 185.156.72.48 
VITALIIK 185.156.72.48 
OLEG 185.156.72.48 
RDP 185.156.72.48 
GUEST 185.156.72.48 
BUH2 185.156.72.48 
MAL 185.156.72.48 
OMEGA 185.156.72.48 
ûãü 185.156.72.48 
ADMINKN 185.156.72.48 
ADMINISTRATOR 185.156.72.48 
INTERN 185.156.72.48 
íÄíúüçÄ 185.156.72.48 
ÇàÑÖé 185.156.72.48 
KASSA 185.156.72.48 
GEOVISION 185.156.72.48 
ÄçÄëíÄëàü 185.156.72.48 
SCORAYA 185.156.72.48 
MANAGER 185.156.72.48 
USER 185.156.72.48 
ANDREY 185.156.72.48 
ÅìïÉÄãíÖê 185.156.72.48 
HR 185.156.72.48 
ADMIN 185.156.72.48 
DIMA 185.156.72.48 
èêéÉêÄååàëí 185.156.72.48 
OPERATOR 185.156.72.48 
ROOT 185.156.72.48 
005 185.156.72.48 
NIKITA 185.156.72.48 
USER1 185.156.72.48 
SERVER 185.156.72.48 
USER2 185.156.72.48 
ÇÄãÖçíàçÄ 185.156.72.48 
USER2 185.156.72.48 
ADMINISTRATOR 185.156.72.48 
REMOTE 185.156.72.48 
ÖãÖçÄ 185.156.72.48 
USER3 185.156.72.48 
AUDIT 185.156.72.48 
GLBUH 185.156.72.48 
SYSADMIN 185.156.72.48 
USER4 185.156.72.48 
MANAGER 185.156.72.48 
BUH 185.156.72.48 
OFFICE 185.156.72.48 
USER5 185.156.72.48 
ûãü 185.156.72.48 
USER3 185.156.72.48 
TEST 185.156.72.48 
USER6 185.156.72.48 
WEBPROMO 185.156.72.48 
éèÖêÄíéê2 185.156.72.48 
SERVICE 185.156.72.48 
USER9 185.156.72.48 
OLEG 185.156.72.48 
éãúÉÄ 185.156.72.48 
NIKOLAY 185.156.72.48 
USER8 185.156.72.48 
ALGA 185.156.72.48 
BUH 185.156.72.48 
ëÇÖíÄ 185.156.72.48 
USER10 185.156.72.48 
MUSICNP 185.156.72.48 
TERMINAL1 185.156.72.48 
ÜÖçü 185.156.72.48 
USER14 185.156.72.48 
MUHASIB 185.156.72.48 
BILLING 185.156.72.48 
SKLAD 185.156.72.48 
éèÖêÄíéê 185.156.72.48 
ADMINISTRATOR 185.156.72.48 
TESTUSER 185.156.72.48 
SKLAD 185.156.72.48 
éèÖêÄíéê2 185.156.72.48 
ADMINISTRATOR 185.156.72.48 
ANNA 185.156.72.48 
USER1 185.156.72.48 
èéãúáéÇÄíÖãú1 185.156.72.48 
SKLAD 185.156.72.48 
ADM 185.156.72.48 
BUH2 185.156.72.48 
EMIL 185.156.72.48 
DIRECTOR 185.156.72.48 
USER9 185.156.72.48 
LUX 185.156.72.48 
NATASHA 185.156.72.48 
TEST 185.156.72.48 
ADMINISTRATOR 185.156.72.48 
DIRECTOR 185.156.72.48 
TESTER 185.156.72.48 
DATA 185.156.72.48 
TEST 185.156.72.48 
ëäãÄÑ 185.156.72.48 
LINN 185.156.72.48 
OWSTEST 185.156.72.48 
SKLAD 185.156.72.48 
TEST 185.156.72.48 
USER1 185.156.72.48 
SU1 185.156.72.48 
TEMP 185.156.72.48 
ÅìïÉÄãíÖê 185.156.72.48 
1CMSL 185.156.72.48 
TANA 185.156.72.48 
PRINTER 185.156.72.48 
äÄëëàê 185.156.72.48 
RPC 185.156.72.48 
AVARKOM 185.156.72.48 
USER1 185.156.72.48 
TEST 185.156.72.48 
ADMIN 185.156.72.48 
TEST 185.156.72.48 
äÄëëàê 185.156.72.48 
TEMPADMIN 185.156.72.48 
NTV 185.156.72.48 
ADMIN 185.156.72.48 
SKLAD 185.156.72.48 
DENIS 185.156.72.48 
SKLAD 185.156.72.48 
TEST 185.156.72.48 
1C 185.156.72.48 
IIKO 185.156.72.48 
SVETLANA 185.156.72.48 
TEST 185.156.72.48 
LENA 185.156.72.48 
SHAMIL 185.156.72.48 
VALENTINA 185.156.72.48 
SKLAD 185.156.72.48 
111 185.156.72.48 
1C 185.156.72.48 
1C 185.156.72.48 
SHADOW 185.156.72.48 
S.KRIVENKOV 185.156.72.48 
ADMINISTRATOR 185.156.72.48 
TEST 185.156.72.48 
SYBASEUSER 185.156.72.48 
äêÄëäàÜàáçà 185.156.72.48 
REPORTS 185.156.72.48 
SKLAD 185.156.72.48 
SHEVCHENKOAV 185.156.72.48 
OFFICE 185.156.72.48 
ÄÑåàçàëíêÄíéê 185.156.72.48 
USER1 185.156.72.48 
ROZOPER 185.156.72.48 
BUH 185.156.72.48 
1C_SQL_STARTER 185.156.72.48 
BUH1 185.156.72.48 
TEST 185.156.72.48 
CALLCENTER 185.156.72.48 
LAVRENTEVA 185.156.72.48 
ANGEL 185.156.72.48 
5 185.156.72.48 
GAASDO 185.156.72.48 
SISTEMA 185.156.72.48 
REZERV 185.156.72.48 
ADMIN1C 185.156.72.48 
ÇÄãÖçíàçÄ 185.156.72.48 
KIOSK 185.156.72.48 
BAR 185.156.72.48 
IRINA 185.156.72.48 
ÖãÖçÄ 185.156.72.48 
WORKSHOP 185.156.72.48 
KAMISHIN 185.156.72.48 
FTP_USER 185.156.72.48 
BUH2 185.156.72.48 
CUSTOMER 185.156.72.48 
SQL 185.156.72.48 
ASSIST 185.156.72.48 
KARINA 185.156.72.48 
BACKUP 185.156.72.48 
AAA 185.156.72.48 
VASILIEVMJ 185.156.72.48 
TEST01 185.156.72.48 
32-BIT-PC 185.156.72.48 
BOGDAN 185.156.72.48 
PRINT 185.156.72.48 
WORKSHOP 185.156.72.48 
COMP-111 185.156.72.48 
USR 185.156.72.48 
Åìä 185.156.72.48 
ADMINISTRATOR 185.156.72.48 
SHARE 185.156.72.48 
ADMINISTRATOR 185.156.72.48 
USER01 185.156.72.48 
CALLCENTER 185.156.72.48 
NOD32 185.156.72.48 
ACHACHIBAIA 185.156.72.48 
ARCHIDELIVERY 185.156.72.48 
GUEST 185.156.72.48 
FTP-AGENT 185.156.72.48 
ITADMIN 185.156.72.48 
SADAQAT 185.156.72.48 
MGTES 185.156.72.48 
BOOK 185.156.72.48 
àçÜÖçÖê 185.156.72.48 
ADM 185.156.72.48 
SVETA 185.156.72.48 
ENGINEER 185.156.72.48 
ÉÖêÅ 185.156.72.48 
TEXNO 185.156.72.48 
OLEG 185.156.72.48 
NOTADMIN 185.156.72.48 
ISAL 185.156.72.48 
PROJECTOR 185.156.72.48 
NPUSER 185.156.72.48 
IGORE 185.156.72.48 
LOCALUSER 185.156.72.48 
TESTADMIN 185.156.72.48 
ÑÄçàãÄ 185.156.72.48 
TEST 185.156.72.48 
KADRY 185.156.72.48 
ADMIN 185.156.72.48 
RHOUSEFTP 185.156.72.48 
USER 185.156.72.48 
AS 185.156.72.48 
ADMIN4 185.156.72.48 
ûêàëí 185.156.72.48 
ADMINISTRATOR 185.156.72.48 
MD 185.156.72.48 
ADMINISTRATOR 185.156.72.48 
SERG 185.156.72.48 
ADMINISTRATOR 185.156.72.48 
U2 185.156.72.48 
GROZ 185.156.72.48 
CLIENT 185.156.72.48 
SA 185.156.72.48 
äéåè 185.156.72.48 
ADMIN 185.156.72.48 
DISP 185.156.72.48 
KABINET3 185.156.72.48 
INSTALL 185.156.72.48 
SERGEY 185.156.72.48 
ÅÄçà 185.156.72.48 
BOSS 185.156.72.48 
IRINA 185.156.72.48 
ADMINISTRATOR 185.156.72.48 
1 185.156.72.48 
USER1 185.156.72.48 
ACCOUNT 185.156.72.48 
PUBLIC 185.156.72.48 
VIDEORDP 185.156.72.48 
ëÄìçõ 185.156.72.48 
ÄçÄëíÄëàü 185.156.72.48 
LIBRARY 185.156.72.48 
GALION 185.156.72.48 
ADMINISTRATOR 185.156.72.48 
ÖäÄíÖêàçÄ 185.156.72.48 
ALEX 185.156.72.48 
SYNC 185.156.72.48 
àÉéêú 185.156.72.48 
USER3 185.156.72.48 
AGENT 185.156.72.48 
2 185.156.72.48 
ëÇÖíãÄçÄ 185.156.72.48 
ADMINISTRATOR 185.156.72.48 
ìëÄÑúÅÄ 185.156.72.48 
3 185.156.72.48 
MEDVEDEV 185.156.72.48 
VLADIMIR 185.156.72.48 
åÖçÖÑÜÖê 185.156.72.48 
ANDREY 185.156.72.48 
VADIMP 185.156.72.48 
DENIS 185.156.72.48 
EZAL2 185.156.72.48 
ëÇÖíãÄçÄ 185.156.72.48 
1 185.156.72.48 
GLAVBUH 185.156.72.48 
EZAL3 185.156.72.48 
éãÖÉ 185.156.72.48 
CONTACT 185.156.72.48 
SVETA 185.156.72.48 
èêéÑÄÇÖñ 185.156.72.48 
NIKOLAY 185.156.72.48 
PRINT 185.156.72.48 
VLADIMIR 185.156.72.48 
EZAL4 185.156.72.48 
MIHAIL 185.156.72.48 
KASA2 185.156.72.48 
RDP 185.156.72.48 
EZAL6 185.156.72.48 
VALENTIN 185.156.72.48 
1C 185.156.72.48 
MARIA 185.156.72.48 
EZAL7 185.156.72.48 
USER2 185.156.72.48 
USER 185.156.72.48 
KAS 185.156.72.48 
FOLDER 185.156.72.48 
FTPKPRO 185.156.72.48 
ADMIN 185.156.72.48 
ãÖéçóàä 185.156.72.48 
ëÖêÉÖâ 185.156.72.48 
ADMIN 185.156.72.48 
ÉÄãÄäíàäÄ 185.156.72.48 
USER5 185.156.72.48 
TEMP 185.156.72.48 
ADMINISTRATOR 185.156.72.48 
PASHA 185.156.72.48 
USER6 185.156.72.48 
1C 185.156.72.48 
ADMINISTRATOR 185.156.72.48 
USER7 185.156.72.48 
USER-1 185.156.72.48 
LAMPS 185.156.72.48 
ÑàëèÖíóÖê 185.156.72.48 
USER8 185.156.72.48 
TEMP 185.156.72.48 
PAKISTAN 185.156.72.48 
NAVIGATOR 185.156.72.48 
åÖçÖÑÜÖê 185.156.72.48 
AMBUL1 185.156.72.48 
ADMINISTRATOR 185.156.72.48 
åÖãÄòÄ 185.156.72.48 
3 185.156.72.48 
óéêçÄüÑàçÄ 185.156.72.48 
KALINA 185.156.72.48 
MASLOV 185.156.72.48 
BUH1 185.156.72.48 
åÄêàçÄ 185.156.72.48 
ÄãÖçÄ 185.156.72.48 
ëàíàãàçä 185.156.72.48 
BUH2 185.156.72.48 
AMBUL2 185.156.72.48 
DENIS 185.156.72.48 
àêàçÄ 185.156.72.48 
BUH3 185.156.72.48 
BORISLAV 185.156.72.48 
USR2 185.156.72.48 
äãìÅçàäÄ 185.156.72.48 
BUH4 185.156.72.48 
DYSPECHER 185.156.72.48 
USR3 185.156.72.48 
TEST 185.156.72.48 
AMBUL4 185.156.72.48 
ADMIN 185.156.72.48 
èéèéÇ 185.156.72.48 
MARINA 185.156.72.48 
SHAREUSER12 185.156.72.48 
USER 185.156.72.48 
äéåëéåéãúëäàâ 185.156.72.48 
ûãàü 185.156.72.48 
ÄÑåàçàëíêÄíéê 185.156.72.48 
COMPUTER7 185.156.72.48 
éãúÉÄ 185.156.72.48 
ÇÄëàãàçÄ 185.156.72.48 
11 185.156.72.48 
àêàçÄÄãÖäëÄçÑêéÇçÄ 185.156.72.48 
KIRILL 185.156.72.48 
èêéÑÄÇÖñú 185.156.72.48 
COMPUTER7 185.156.72.48 
ADMIN 185.156.72.48 
ÅìïÉÄãíÖê 185.156.72.48 
SQL 185.156.72.48 
íÄíúüçÄ 185.156.72.48 
1C 185.156.72.48 
OPERATOR 185.156.72.48 
ARTEM 185.156.72.48 
ÄÑåàç 185.156.72.48 
ADMIN 185.156.72.48 
ÅìïÉÄãíÖê 185.156.72.48 
USER 185.156.72.48 
USER 185.156.72.48 
ATS 185.156.72.48 
PS 185.156.72.48 
ÄÑåàçàëíêÄíéê 185.156.72.48 
BUH4 185.156.72.48 
KASSIR 185.156.72.48 
1C_MARINA 185.156.72.48 
TESTER 185.156.72.48 
RECEPTION 185.156.72.48 
ÄÑåàçàëíêÄíéê 185.156.72.48 
1C 185.156.72.48 
GBUH 185.156.72.48 
NOTEBOOK 185.156.72.48 
ARTEM 185.156.72.48 
TEST 185.156.72.48 
ãÄêàëÄ 185.156.72.48 
RDP 185.156.72.48 
ELENA 185.156.72.48 
1C 185.156.72.48 
éãúÉÄ 185.156.72.48 
COMP 185.156.72.48 
MANAGER 185.156.72.48 
LARISA 185.156.72.48 
GPS 185.156.72.48 
1C 185.156.72.48 
STORE 185.156.72.48 
APROSYS 185.156.72.48 
VLADIMIR 185.156.72.48 
ÄÑåàçàëíêÄíéê 185.156.72.48 
ADMINISTRATOR 185.156.72.48 
ÄççÄ 185.156.72.48 
åÖçÖÑÜÖê 185.156.72.48 
BUH1 185.156.72.48 
PAUL 185.156.72.48 
ÄÑåàçàëíêÄíéê 185.156.72.48 
BUH2 185.156.72.48 
LASHAKOCHORADZE 185.156.72.48 
ADMIN 185.156.72.48 
ADVANSYS 185.156.72.48 
USER 185.156.72.48 
ÄÑåàçàëíêÄíéê 185.156.72.48 
TESTER 185.156.72.48 
ODINES 185.156.72.48 
STN 185.156.72.48 
ÄÑåàçàëíêÄíéê 185.156.72.48 
ADMINISTRATOR 185.156.72.48 
OK2 185.156.72.48 
INFORMIX 185.156.72.48 
ÄÑåàçàëíêÄíéê 185.156.72.48 
ADMINISTRATOR 185.156.72.48 
MANAGER3 185.156.72.48 
BUX2 185.156.72.48 
ÄÑåàçàëíêÄíéê 185.156.72.48 
ADMINISTRATOR 185.156.72.48 
KASSA 185.156.72.48 
USER_1 185.156.72.48 
ÄÑåàçàëíêÄíéê 185.156.72.48 
GRABOVSKI 185.156.72.48 
1 185.156.72.48 
SOUTHCARGO 185.156.72.48 
ÄÑåàçàëíêÄíéê 185.156.72.48 
SERVATOVSKAYA 185.156.72.48 
SVETLANA 185.156.72.48 
WORKPC 185.156.72.48 
GLAVBUH 185.156.72.48 
REGINA 185.156.72.48 
ELENA 185.156.72.48 
OSIYOCOMPUTERS 185.156.72.48 
TESTUSER 185.156.72.48 
1C_KONSULTANT 185.156.72.48 
EKATERINA 185.156.72.48 
DIMAS 185.156.72.48 
MARCHNKO 185.156.72.48 
VUSAL 185.156.72.48 
SERGEY 185.156.72.48 
MANAGER 185.156.72.48 
BUH 185.156.72.48 
ALBINA 185.156.72.48 
SHOP 185.156.72.48 
BOUSHGALTER 185.156.72.48 
SYSTEMA 185.156.72.48 
ÄëëàëíÖçíéè 185.156.72.48 
SQL 185.156.72.48 
FSZN 185.156.72.48 
ANDRE 185.156.72.48 
COBIAN 185.156.72.48 
ëÖêÉÖâ 185.156.72.48 
BYX 185.156.72.48 
EGOR 185.156.72.48 
IGOR66 185.156.72.48 
VADIM 185.156.72.48 
NIKITA 185.156.72.48 
ADMINISTRATOR 185.156.72.48 
IGOR66_02 185.156.72.48 
KATYA 185.156.72.48 
AUDIT 185.156.72.48 
USER18 185.156.72.48 
MANAGER 185.156.72.48 
LERA 185.156.72.48 
VICTOR.KOROBKO 185.156.72.48 
ADMINISTRATOR 185.156.72.48 
HEAD 185.156.72.48 
OLYA 185.156.72.48 
MARKET 185.156.72.48 
USER 185.156.72.48 
GUEST 185.156.72.48 
GALINA 185.156.72.48 
AMDIN 185.156.72.48 
SUPPORT 185.156.72.48 
FARIDA 185.156.72.48 
ALEX 185.156.72.48 
PLASUNKOV 185.156.72.48 
1 185.156.72.48 
NADYA 185.156.72.48 
ANTON 185.156.72.48 
BUH7 185.156.72.48 
USER 185.156.72.48 
SVETLANA 185.156.72.48 
DENIS 185.156.72.48 
SNEZHANA 185.156.72.48 
DOM 185.156.72.48 
TATIANA 185.156.72.48 
LENA 185.156.72.48 
ILSHAT 185.156.72.48 
TIMW 185.156.72.48 
PALCEVA 185.156.72.48 
PASHA 185.156.72.48 
JPC 185.156.72.48 
SU20J 185.156.72.48 
FTPUSER 185.156.72.48 
ALEKSEI 185.156.72.48 
MANAGER 185.156.72.48 
AKSEL 185.156.72.48 
OFFICE 185.156.72.48 
OLGA 185.156.72.48 
VLADA 185.156.72.48 
ADMIN 185.156.72.48 
ADMINISTRATOR 185.156.72.48 
MANAGER 185.156.72.48 
FILE 185.156.72.48 
MICHUK 185.156.72.48 
ADMINISTRATOR 185.156.72.48 
ZMB_ADMIN 185.156.72.48 
USER 185.156.72.48 
INNA.MAKSIMOVA 185.156.72.48 
ADMIN 185.156.72.48 
STUDENT 185.156.72.48 
GLAVBUH 185.156.72.48 
ADU 185.156.72.48 
MAX 185.156.72.48 
MANAGER4 185.156.72.48 
ALIK_M 185.156.72.48 
ÑàëèÖíóÖê 185.156.72.48 
ANDREY 185.156.72.48 
WEBMASTER 185.156.72.48 
CEL 185.156.72.48 
TESTUSER 185.156.72.48 
AUDIT 185.156.72.48 
SAMBA 185.156.72.48 
JAZGUL 185.156.72.48 
SKD 185.156.72.48 
BUH4 185.156.72.48 
DAV 185.156.72.48 
BELTRADE 185.156.72.48 
LENA 185.156.72.48 
USER1 185.156.72.48 
UOFFICE 185.156.72.48 
BUXGALTER 185.156.72.48 
OBMEN 185.156.72.48 
INNA 185.156.72.48 
USER2 185.156.72.48 
USER 185.156.72.48 
FTP 185.156.72.48 
USER3 185.156.72.48 
TECHSUPPORT 185.156.72.48 
GRIGOR 185.156.72.48 
LINUX 185.156.72.48 
KATYA 185.156.72.48 
POSTGRES 185.156.72.48 
SERDAR 185.156.72.48 
SQLSERVICE 185.156.72.48 
2 185.156.72.48 
ITSUPPORT 185.156.72.48 
OFFICE 185.156.72.48 
FTP_USER_1 185.156.72.48 
KATYA 185.156.72.48 
LARA 185.156.72.48 
HS 185.156.72.48 
MEDIA 185.156.72.48 
NATALI 185.156.72.48 
ACCOUNTANT 185.156.72.48 
SUPPORT 185.156.72.48 
CONTENT 185.156.72.48 
CNC 185.156.72.48 
KARIMOV 185.156.72.48 
USER 185.156.72.48 
ÄÑåàçàëíêÄíéê 185.156.72.48 
RUSLAN 185.156.72.48 
CALC 185.156.72.48 
éèÖêÄíéê 185.156.72.48 
BAR 185.156.72.48 
TANYA 185.156.72.48 
VLADIMIR 185.156.72.48 
HOME 185.156.72.48 
BOSS 185.156.72.48 
SERG 185.156.72.48 
PAVEL 185.156.72.48 
Ñéå 185.156.72.48 
íÖêåàçÄã 185.156.72.48 
USER 185.156.72.48 
HELPASSISTANT 185.156.72.48 
èéãúáéÇÄíÖãú2 185.156.72.48 
USER 185.156.72.48 
ADMIN 185.156.72.48 
ENGINEER 185.156.72.48 
ADMINISTRATOR 185.156.72.48 
ADMINISTRATOR 185.156.72.48 
TEMP2 185.156.72.48 
READ 185.156.72.48 
STAFF 185.156.72.48 
ADMINISTRATOR 185.156.72.48 
GENERAL 185.156.72.48 
NACH-OK 185.156.72.48 
ADMINISTRATOR 185.156.72.48 
ÄÑåàçàëíêÄíéê 185.156.72.48 
USER3 185.156.72.48 
WEB_ACCESS 185.156.72.48 
OKSANA 185.156.72.48 
ÄÑåàçàëíêÄíéê 185.156.72.48 
BACKUP 185.156.72.48 
USR 185.156.72.48 
TEO 185.156.72.48 
ÄÑåàçàëíêÄíéê 185.156.72.48 
MARINA 185.156.72.48 
IGNAT 185.156.72.48 
MEDOC 185.156.72.48 
ÄÑåàçàëíêÄíéê 185.156.72.48 
AUDIT 185.156.72.48 
FORTABLET 185.156.72.48 
ADMINIS 185.156.72.48 
ÄÑåàçàëíêÄíéê 185.156.72.48 
USER12 185.156.72.48 
SOPHO-ACCOUNTENT 185.156.72.48 
LUBA 185.156.72.48 
ÄÑåàçàëíêÄíéê 185.156.72.48 
ADMIN 185.156.72.48 
SCAN 185.156.72.48 
ANYA 185.156.72.48 
ÄÑåàçàëíêÄíéê 185.156.72.48 
DESIGNER 185.156.72.48 
SHOP 185.156.72.48 
MANAGER 185.156.72.48 
ADMINISTRATOR 185.156.72.48 
PROGRAMMER 185.156.72.48 
USER3 185.156.72.48 
ZAL_USER 185.156.72.48 
ADMINISTRATOR 185.156.72.48 
ADMINISTRATOR 185.156.72.48 
MANAGER2 185.156.72.48 
BACKUP 185.156.72.48 
ÄÑåàçàëíêÄíéê 185.156.72.48 
ENEGRO_DEK 185.156.72.48 
MANAGER2 185.156.72.48 
BAKLANOVA-V 185.156.72.48 
ÄÑåàçàëíêÄíéê 185.156.72.48 
GLADKOVA 185.156.72.48 
BUH3 185.156.72.48 
TERMINAL_1C 185.156.72.48 
ADMINISTRATOR 185.156.72.48 
PTO 185.156.72.48 
BUH4 185.156.72.48 
éãúÉÄ 185.156.72.48 
ADMINISTRATOR 185.156.72.48 
AK 185.156.72.48 
USER12 185.156.72.48 
ROBERT 185.156.72.48 
ÄÑåàçàëíêÄíéê 185.156.72.48 
BUH2 185.156.72.48 
ORIS4 185.156.72.48 
PROFIT 185.156.72.48 
ÄÑåàçàëíêÄíéê 185.156.72.48 
GLAVBUH 185.156.72.48 
ADMIN1 185.156.72.48 
ELI 185.156.72.48 
ÄÑåàçàëíêÄíéê 185.156.72.48 
BUH 185.156.72.48 
SHARP 185.156.72.48 
CMS 185.156.72.48 
ADMINISTRATOR 185.156.72.48 
KBO 185.156.72.48 
ADMIN 185.156.72.48 
SKANER 185.156.72.48 
ÄÑåàçàëíêÄíéê 185.156.72.48 
SOL 185.156.72.48 
ADM 185.156.72.48 
ACCOUNT 185.156.72.48 
ÄÑåàçàëíêÄíéê 185.156.72.48 
ADM 185.156.72.48 
SKLAD 185.156.72.48 
AURA-03 185.156.72.48 
ÄÑåàçàëíêÄíéê 185.156.72.48 
USER2 185.156.72.48 
OFFICE 185.156.72.48 
INCUST 185.156.72.48 
ADMINISTRATOR 185.156.72.48 
USER4 185.156.72.48 
SVETLANA 185.156.72.48 
ADMIN 185.156.72.48 
OPER2 185.156.72.48 
BOSS 185.156.72.48 
RDP 185.156.72.48 
KSENIA 185.156.72.48 
ÄÑåàçàëíêÄíéê 185.156.72.48 
ALESHINA 185.156.72.48 
GREEN 185.156.72.48 
IRA 185.156.72.48 
ÄÑåàçàëíêÄíéê 185.156.72.48 
KATY 185.156.72.48 
TANYA 185.156.72.48 
NIKITA 185.156.72.48 
ÄÑåàçàëíêÄíéê 185.156.72.48 
RAXAT 185.156.72.48 
ADMINISTRATOR 185.156.72.48 
ÄÑåàçàëíêÄíéê 185.156.72.48 
ZAVED 185.156.72.48 
AB 185.156.72.48 
ADMINISTRATOR 185.156.72.48 
SHVETSOV.D 185.156.72.48 
äÄëëÄ 185.156.72.48 
ÄÑåàçàëíêÄíéê 185.156.72.48 
SKD 185.156.72.48 
ANNA 185.156.72.48 
ÄÑåàçàëíêÄíéê 185.156.72.48 
3108 185.156.72.48 
1CUSER 185.156.72.48 
ÄÑåàçàëíêÄíéê 185.156.72.48 
OHRANA 185.156.72.48 
BANK 185.156.72.48 
LENA 185.156.72.48 
ÄÑåàçàëíêÄíéê 185.156.72.48 
TANYA 185.156.72.48 
SUPPORT 185.156.72.48 
ãûÑåàãÄ 185.156.72.48 
ÄÑåàçàëíêÄíéê 185.156.72.48 
GLAVBUH 185.156.72.48 
USER6 185.156.72.48 
OLGA 185.156.72.48 
ÄÑåàçàëíêÄíéê 185.156.72.48 
TROFIMOV 185.156.72.48 
USER8 185.156.72.48 
KATYA 185.156.72.48 
ÄÑåàçàëíêÄíéê 185.156.72.48 
UESER 185.156.72.48 
USER9 185.156.72.48 
IVAN 185.156.72.48 
ÄÑåàçàëíêÄíéê 185.156.72.48 
SKAN 185.156.72.48 
USER14 185.156.72.48 
IRA 185.156.72.48 
ÄÑåàçàëíêÄíéê 185.156.72.48 
REMOTEUSER 185.156.72.48 
KOLYA 185.156.72.48 
LINA 185.156.72.48 
ADMINISTRATOR 185.156.72.48 
S.DZHUROV 185.156.72.48 
ADMINISTRATOR 185.156.72.48 
ADMINISTRATOR 185.156.72.48 
GERA 185.156.72.48 
VLAD 185.156.72.48 
A 185.156.72.48 
ÄÑåàçàëíêÄíéê 185.156.72.48 
USER 185.156.72.48 
BUH2 185.156.72.48 
ADMINISTRATOR 185.156.72.48 
POSTGRES 185.156.72.48 
333 185.156.72.48 
ÄÑåàçàëíêÄíéê 185.156.72.48 
RDP3 185.156.72.48 
ADMINS 185.156.72.48 
ÄÑåàçàëíêÄíéê 185.156.72.48 
KONSISTOMETR 185.156.72.48 
çÄíÄãúü 185.156.72.48 
USER 185.156.72.48 
FTP_ADMIN 185.156.72.48 
ELENAIVAN 185.156.72.48 
LEADY 185.156.72.48 
BACKUP 185.156.72.48 
MATERIAL 185.156.72.48 
106 185.156.72.48 
PRINT 185.156.72.48 
PEO 185.156.72.48 
107 185.156.72.48 
BUX3 185.156.72.48 
MANAGER 185.156.72.48 
117 185.156.72.48 
VLADIMIR 185.156.72.48 
IRINA.R 185.156.72.48 
USVER 185.156.72.48 
KKOTIP 185.156.72.48 
BUH 185.156.72.48 
3389 185.156.72.48 
NOUT 185.156.72.48 
DIREKTOR 185.156.72.48 
JEYRAN 185.156.72.48 
USER8 185.156.72.48 
KASSIR2 185.156.72.48 
REMOTE 185.156.72.48 
ADMINISTRATOR 185.156.72.48 
DRUKAR 185.156.72.48 
KASSIR3 185.156.72.48 
ADMINISTRATOR 185.156.72.48 
Åìï1 185.156.72.48 
ADMIN 185.156.72.48 
KASSIR4 185.156.72.48 
SUPER 185.156.72.48 
ÄÑåàç 185.156.72.48 
USER1 185.156.72.48 
ZAL 185.156.72.48 
ÄÑåàç 185.156.72.48 
000 185.156.72.48 
NICK 185.156.72.48 
NKS3 185.156.72.48 
888 185.156.72.48 
DEPECH 185.156.72.48 
ADMINISTRATOR 185.156.72.48 
USER1 185.156.72.48 
KODI 185.156.72.48 
ÉãÄÇçõâÅìïÉÄãíÖê 185.156.72.48 
OBMEN 185.156.72.48 
SHARE 185.156.72.48 
1CPROG 185.156.72.48 
USER3 185.156.72.48 
HOTEL10 185.156.72.48 
èÄÇÖã 185.156.72.48 
SHARA 185.156.72.48 
USER4 185.156.72.48 
HOTEL3 185.156.72.48 
Ñåàíêàâ 185.156.72.48 
SLS 185.156.72.48 
ADMINISTRATOR 185.156.72.48 
HOTEL4 185.156.72.48 
åÄäëàå 185.156.72.48 
USER13 185.156.72.48 
USER 185.156.72.48 
HOTEL6 185.156.72.48 
éäëÄçÄ 185.156.72.48 
USER44 185.156.72.48 
PROD7 185.156.72.48 
HOTEL7 185.156.72.48 
íÄíúüçÄ 185.156.72.48 
TEMP-TEMP 185.156.72.48 
NIKA 185.156.72.48 
BIZHUB 185.156.72.48 
ÉãÄÇÅìï 185.156.72.48 
RKEEPER 185.156.72.48 
ADMINISTRATOR 185.156.72.48 
HOTEL8 185.156.72.48 
ADM1C 185.156.72.48 
ADMIN 185.156.72.48 
MARY 185.156.72.48 
HOTEL9 185.156.72.48 
SCAN 185.156.72.48 
BUH1 185.156.72.48 
SUPORT 185.156.72.48 
SLAVA 185.156.72.48 
ADMIN 185.156.72.48 
BASE 185.156.72.48 
ÄÑåàçàëíêÄíéê 185.156.72.48 
OBMEN- 185.156.72.48 
ADMINISTRATOR 185.156.72.48 
AZAT 185.156.72.48 
JOHN 185.156.72.48 
BUH 185.156.72.48 
SHOP 185.156.72.48 
ALLA 185.156.72.48 
ADMINISTRATOR 185.156.72.48 
VLADIMIR 185.156.72.48 
TANYA 185.156.72.48 
PROJECT 185.156.72.48 
CONSOL 185.156.72.48 
POS 185.156.72.48 
HOME 185.156.72.48 
BUHHH 185.156.72.48 
HP22 185.156.72.48 
MUSICBOX 185.156.72.48 
CONSUL 185.156.72.48 
JULIYA 185.156.72.48 
RDPUSER 185.156.72.48 
HOME 185.156.72.48 
àêàçÄ 185.156.72.48 
BUH 185.156.72.48 
ADMINISTRATOR 185.156.72.48 
USER-3 185.156.72.48 
USER01 185.156.72.48 
MEKHANOSHINA 185.156.72.48 
ADMIN 185.156.72.48 
SKIDKA 185.156.72.48 
DMITRY 185.156.72.48 
A.RUDNEV 185.156.72.48 
BUHLF 185.156.72.48 
SKYDOC 185.156.72.48 
KADRY 185.156.72.48 
E.VESELOVA 185.156.72.48 
EKO-7 185.156.72.48 
KYOCERA 185.156.72.48 
TRANSPORT 185.156.72.48 
SIDOROVA 185.156.72.48 
USER 185.156.72.48 
E_ZEMSKOV 185.156.72.48 
BACKUPUSER 185.156.72.48 
SOLOXA 185.156.72.48 
TERMINAL1 185.156.72.48 
SU3 185.156.72.48 
1CADMIN 185.156.72.48 
VERST 185.156.72.48 
ECONOMIST3 185.156.72.48 
COLVIR_USER 185.156.72.48 
WORKFLOW 185.156.72.48 
KOSTROMA4 185.156.72.48 
LILYA 185.156.72.48 
GRODNO_SERVER 185.156.72.48 
AUDIT 185.156.72.48 
BUGALTER 185.156.72.48 
NATASHA 185.156.72.48 
WPRO 185.156.72.48 
USER11 185.156.72.48 
ADMIN 185.156.72.48 
RAYA 185.156.72.48 
ARTEM 185.156.72.48 
USER12 185.156.72.48 
PUPS 185.156.72.48 
VALJA 185.156.72.48 
FUNGO 185.156.72.48 
ëÇÖíãÄçÄãÄáéêàä 185.156.72.48 
BUH1 185.156.72.48 
VALYA 185.156.72.48 
SCAN.KRASIN 185.156.72.48 
USER3 185.156.72.48 
ADMINISTRATOR 185.156.72.48 
ADMINISTRATOR 185.156.72.48 
ACHINOVICH 185.156.72.48 
TESTORACLE 185.156.72.48 
GUSEVA.V 185.156.72.48 
ADMINISTRATOR 185.156.72.48 
AGEENKO 185.156.72.48 
TAM 185.156.72.48 
MAILADMIN 185.156.72.48 
ADMINISTRATOR 185.156.72.48 
ANDRUKOV 185.156.72.48 
M0402 185.156.72.48 
SCAN 185.156.72.48 
ÄÑåàçàëíêÄíéê 185.156.72.48 
BERNEVEK 185.156.72.48 
URAZAEV 185.156.72.48 
WEBADMIN 185.156.72.48 
ÄÑåàçàëíêÄíéê 185.156.72.48 
BOKOV 185.156.72.48 
VAGANOVA 185.156.72.48 
TERM1 185.156.72.48 
ÄÑåàçàëíêÄíéê 185.156.72.48 
GOLOVLEV 185.156.72.48 
FASCO 185.156.72.48 
TERM 185.156.72.48 
ÄÑåàçàëíêÄíéê 185.156.72.48 
MELTENISOV 185.156.72.48 
IREN 185.156.72.48 
TERM2 185.156.72.48 
ÄÑåàçàëíêÄíéê 185.156.72.48 
MOTORINA 185.156.72.48 
USER2 185.156.72.48 
MAGAZIN 185.156.72.48 
ÄÑåàçàëíêÄíéê 185.156.72.48 
PUDOV 185.156.72.48 
ARTEM 185.156.72.48 
USER7 185.156.72.48 
ÄÑåàçàëíêÄíéê 185.156.72.48 
MARIYA 185.156.72.48 
001 185.156.72.48 
TVS 185.156.72.48 
ÄÑåàçàëíêÄíéê 185.156.72.48 
NIKO 185.156.72.48 
BUH1 185.156.72.48 
VPN_USER 185.156.72.48 
USER 185.156.72.48 
NIKITA 185.156.72.48 
1C 185.156.72.48 
SQLUPDATE 185.156.72.48 
QUARANTINE 185.156.72.48 
NASTYA 185.156.72.48 
SKLAD 185.156.72.48 
MXVIDEO 185.156.72.48 
NJORBENADZE 185.156.72.48 
VLADIMIR 185.156.72.48 
MANAGER1 185.156.72.48 
TUMEN 185.156.72.48 
BUH 185.156.72.48 
SERGEI 185.156.72.48 
MANAGER2 185.156.72.48 
CRL_FTP 185.156.72.48 
BUH 185.156.72.48 
SECRETAR 185.156.72.48 
USER6 185.156.72.48 
OFICIANT 185.156.72.48 
BUH 185.156.72.48 
MANAGER2 185.156.72.48 
USER7 185.156.72.48 
ADM-02 185.156.72.48 
BUH 185.156.72.48 
PROG 185.156.72.48 
ÄÑåàç 185.156.72.48 
BAJENOVO 185.156.72.48 
SKLAD 185.156.72.48 
BOGDAN 185.156.72.48 
USER 185.156.72.48 
ADM-03 185.156.72.48 
SKLAD 185.156.72.48 
ûêàëí 185.156.72.48 
USR2 185.156.72.48 
PARTPOST 185.156.72.48 
SKLAD 185.156.72.48 
SLAVA 185.156.72.48 
ISOLOVYEV 185.156.72.48 
IGNATOVA 185.156.72.48 
BUH 185.156.72.48 
SERGEY 185.156.72.48 
PRINTER 185.156.72.48 
AROR 185.156.72.48 
BUH 185.156.72.48 
äÄëëõ 185.156.72.48 
MARINA 185.156.72.48 
OHRANA 185.156.72.48 
USER 185.156.72.48 
ADM!N 185.156.72.48 
BTC 185.156.72.48 
GOODMAN 185.156.72.48 
USER 185.156.72.48 
MARINA 185.156.72.48 
SCREEN 185.156.72.48 
INSITE 185.156.72.48 
SKLAD 185.156.72.48 
ADM!N 185.156.72.48 
ADM 185.156.72.48 
ZOYA 185.156.72.48 
USER 185.156.72.48 
ADMIN 185.156.72.48 
RDP_USER 185.156.72.48 
SCANNER 185.156.72.48 
Åìï1 185.156.72.48 
EHA 185.156.72.48 
GURYANOVA 185.156.72.48 
TEST 185.156.72.48 
ÉãÄÇçõâÅìïÉÄãíÖê 185.156.72.48 
USER-LOCAL 185.156.72.48 
NOVAK 185.156.72.48 
USER1 185.156.72.48 
2 185.156.72.48 
SCAN 185.156.72.48 
ÜÖçü 185.156.72.48 
3 185.156.72.48 
VOVA 185.156.72.48 
MANAGER 185.156.72.48 
ÅìïÉÄãíÖê 185.156.72.48 
USER2 185.156.72.48 
USER02 185.156.72.48 
KAPITAL 185.156.72.48 
USER1 185.156.72.48 
HP426 185.156.72.48 
ADMINISTRATOR 185.156.72.48 
TAMARA 185.156.72.48 
ÄÑåàçàëíêÄíéê 185.156.72.48 
ARSANDOC 185.156.72.48 
EGOR 185.156.72.48 
YURI 185.156.72.48 
USR5 185.156.72.48 
SSTU 185.156.72.48 
ADMIN 185.156.72.48 
VOYNOVKA 185.156.72.48 
ÉãÄÇÅìï 185.156.72.48 
NETUSER 185.156.72.48 
USER2 185.156.72.48 
STARGOR 185.156.72.48 
äÄëëÄ 185.156.72.48 
TEMP 185.156.72.48 
BUHTA 185.156.72.48 
USER 185.156.72.48 
USER7 185.156.72.48 
BUH8 185.156.72.48 
FTP 185.156.72.48 
ADMIN 185.156.72.48 
ÅìïÉÄãíÖê 185.156.72.48 
KARAICHENCEVA_EI 185.156.72.48 
BILLINGSYSTEM 185.156.72.48 
LEE 185.156.72.48 
Ééëíú 185.156.72.48 
T1 185.156.72.48 
RDP 185.156.72.48 
BACKUPER 185.156.72.48 
T2 185.156.72.48 
004 185.156.72.48 
VPN 185.156.72.48 
T3 185.156.72.48 
005 185.156.72.48 
AWTBOOT 185.156.72.48 
AHROMEIKO 185.156.72.48 
007 185.156.72.48 
SERRES 185.156.72.48 
UCHEWIRE 185.156.72.48 
SKLAD 185.156.72.48 
DISP 185.156.72.48 
SVETA 185.156.72.48 
BARANOV 185.156.72.48 
LUDA 185.156.72.48 
AWTBOOT 185.156.72.48 
ÖãÖçÄ 185.156.72.48 
FROLOVA 185.156.72.48 
?????? 185.156.72.48 
RENTGEN 185.156.72.48 
ANNA 185.156.72.48 
1C 185.156.72.48 
JULIYA 185.156.72.48 
AUDITXP 185.156.72.48 
NATALIA 185.156.72.48 
HILUTA 185.156.72.48 
DIMA 185.156.72.48 
PASHA 185.156.72.48 
ALLA 185.156.72.48 
DEVORA 185.156.72.48 
ALEX 185.156.72.48 
ANTONOVA 185.156.72.48 
NATALI 185.156.72.48 
BUH 185.156.72.48 
ANNA 185.156.72.48 
ADMINISTRATOR 185.156.72.48 
MISHA 185.156.72.48 
CENTUM 185.156.72.48 
KRISTINA 185.156.72.48 
XML 185.156.72.48 
BIBLIO3 185.156.72.48 
JULIA 185.156.72.48 
BALANDINA_NEW 185.156.72.48 
EXAUSER 185.156.72.48 
MIC 185.156.72.48 
BUH 185.156.72.48 
KIBROEVA 185.156.72.48 
ADMIN 185.156.72.48 
SKAN 185.156.72.48 
KOKKO 185.156.72.48 
SHAREPOINT 185.156.72.48 
MECH 185.156.72.48 
USER 185.156.72.48 
GLINGEN 185.156.72.48 
SYSADM 185.156.72.48 
ANDREEVA 185.156.72.48 
USER 185.156.72.48 
KOLIAGO 185.156.72.48 
ASPNET2 185.156.72.48 
VYBORY 185.156.72.48 
BUH 185.156.72.48 
KOMARNIKOVA 185.156.72.48 
GIVIHACH 185.156.72.48 
VINOGRADOV 185.156.72.48 
BUH 185.156.72.48 
1D 185.156.72.48 
IIS_USR 185.156.72.48 
RR2018 185.156.72.48 
USER 185.156.72.48 
KADR2 185.156.72.48 
ABERBASH 185.156.72.48 
IZM 185.156.72.48 
USER 185.156.72.48 
SATURN 185.156.72.48 
ADMIN 185.156.72.48 
BUROBINA 185.156.72.48 
BUH 185.156.72.48 
NACHAHO 185.156.72.48 
MIC3 185.156.72.48 
E.KAPAKLY 185.156.72.48 
BUH 185.156.72.48 
BAKMAN 185.156.72.48 
AYNUR.FARZALIYEVA 185.156.72.48 
SEMERIKOVA 185.156.72.48 
BUH 185.156.72.48 
NACHFIN 185.156.72.48 
ELCHIN.NURALIYEV 185.156.72.48 
TOVAROVED6 185.156.72.48 
USER 185.156.72.48 
NACHOOS 185.156.72.48 
THESAINT 185.156.72.48 
G.RUDYAKOV 185.156.72.48 
USER 185.156.72.48 
19NORD 185.156.72.48 
TEST1 185.156.72.48 
KENESHBEKOVA 185.156.72.48 
SKLAD 185.156.72.48 
K1101 185.156.72.48 
ADMINISTRATOR 185.156.72.48 
GEMATOLOG 185.156.72.48 
USER 185.156.72.48 
VPN2 185.156.72.48 
TEST 185.156.72.48 
APPSERVER 185.156.72.48 
ADMIN 185.156.72.48 
LIME 185.156.72.48 
2908 185.156.72.48 
IGORK 185.156.72.48 
ADMIN 185.156.72.48 
EXPORT 185.156.72.48 
GBUH 185.156.72.48 
CCM 185.156.72.48 
ADMIN 185.156.72.48 
HOMECASTLE 185.156.72.48 
BMUSER 185.156.72.48 
PROC 185.156.72.48 
SKLAD 185.156.72.48 
LIB 185.156.72.48 
USER2 185.156.72.48 
USERRFU 185.156.72.48 
BUH 185.156.72.48 
RECEPTION 185.156.72.48 
VLAD 185.156.72.48 
BACKUP 185.156.72.48 
USER 185.156.72.48 
GEORGYM 185.156.72.48 
DUBAI 185.156.72.48 
FIN 185.156.72.48 
SKLAD 185.156.72.48 
KUZINE 185.156.72.48 
IRSHAD 185.156.72.48 
PRINTSCAN 185.156.72.48 
BUH 185.156.72.48 
ISRAEL 185.156.72.48 
TATYANA 185.156.72.48 
SHARE 185.156.72.48 
USER 185.156.72.48 
NADEZHDA 185.156.72.48 
SERVER 185.156.72.48 
MFU 185.156.72.48 
SKLAD 185.156.72.48 
GARNYY 185.156.72.48 
BUH 185.156.72.48 
KASSIR 185.156.72.48 
BUH 185.156.72.48 
MAMA 185.156.72.48 
SUN 185.156.72.48 
KYOCERA 185.156.72.48 
BUH 185.156.72.48 
OTM 185.156.72.48 
USER10 185.156.72.48 
KOSTENKO 185.156.72.48 
EMERGENCY 185.156.72.48 
BAA 185.156.72.48 
RDP 185.156.72.48 
BOSS 185.156.72.48 
BUH 185.156.72.48 
SAMSONOVAO 185.156.72.48 
ADMIN 185.156.72.48 
BABICH.IV 185.156.72.48 
ADMIN 185.156.72.48 
RECLIENT 185.156.72.48 
LOGO 185.156.72.48 
UER 185.156.72.48 
ADMIN 185.156.72.48 
SKOROVIK 185.156.72.48 
ëÄòÄ 185.156.72.48 
MASHA 185.156.72.48 
ADMIN 185.156.72.48 
TELESHKOA 185.156.72.48 
åàòÄ 185.156.72.48 
AUDITOR 185.156.72.48 
ADMIN 185.156.72.48 
TURCHINA 185.156.72.48 
Ñåàíêàâ 185.156.72.48 
CONSUL 185.156.72.48 
ADMIN 185.156.72.48 
äéèÖçäéÇÄ 185.156.72.48 
ADMLNISTRATOR 185.156.72.48 
BAZIL.IV 185.156.72.48 
ADMIN 185.156.72.48 
PPP 185.156.72.48 
PAINT 185.156.72.48 
SCANPRINT 185.156.72.48 
ÄÑåàç 185.156.72.48 
KASSA2 185.156.72.48 
VICTORIA 185.156.72.48 
NAGRO 185.156.72.48 
ÄÑåàç 185.156.72.48 
PPP1 185.156.72.48 
ELENA 185.156.72.48 
RECORDER 185.156.72.48 
BUH 185.156.72.48 
61TANDEM 185.156.72.48 
SKLAD 185.156.72.48 
NPROD 185.156.72.48 
BUH 185.156.72.48 
SMOLENSKAYA 185.156.72.48 
1C 185.156.72.48 
VERA 185.156.72.48 
ADMIN 185.156.72.48 
SMOLENSKY 185.156.72.48 
OPERATOR 185.156.72.48 
NURIST 185.156.72.48 
ADMIN 185.156.72.48 
0819 185.156.72.48 
VOVKA 185.156.72.48 
NZAKUP 185.156.72.48 
ADMIN 185.156.72.48 
SVETA 185.156.72.48 
ÄÑåàçàëíêÄíéê 185.156.72.48 
MAIL 185.156.72.48 
ADMIN 185.156.72.48 
ADMIN 185.156.72.48 
SUPPORT 185.156.72.48 
COMMON 185.156.72.48 
ADMIN 185.156.72.48 
AHCH 185.156.72.48 
MAX 185.156.72.48 
DR 185.156.72.48 
ÄÑåàç 185.156.72.48 
OBMEN 185.156.72.48 
ADMINISTRATOR 185.156.72.48 
LAB2 185.156.72.48 
ÄÑåàç 185.156.72.48 
PRINT 185.156.72.48 
TEST 185.156.72.48 
IRINA 185.156.72.48 
USER 185.156.72.48 
UCHTA 185.156.72.48 
TEST 185.156.72.48 
SERVER 185.156.72.48 
STOP 185.156.72.48 
MOTIVATOR 185.156.72.48 
USER 185.156.72.48 
ADMINISTRATOR 185.156.72.48 
ADMIN 185.156.72.48 
DELO 185.156.72.48 
SKLAD 185.156.72.48 
AZK 185.156.72.48 
USER1 185.156.72.48 
OPER 185.156.72.48 
KASSA 185.156.72.48 
COM 185.156.72.48 
TEST 185.156.72.48 
TEST 185.156.72.48 
OUTLOOK 185.156.72.48 
ANTONIO 185.156.72.48 
123 185.156.72.48 
SVAROG 185.156.72.48 
TEST 185.156.72.48 
USER 185.156.72.48 
ADMIN 185.156.72.48 
FTPUSER 185.156.72.48 
ADMINISTRATOR 185.156.72.48 
COPY 185.156.72.48 
ADMIN 185.156.72.48 
SHARED 185.156.72.48 
SKLAD 185.156.72.48 
NORMA 185.156.72.48 
ûãàü 185.156.72.48 
OD3 185.156.72.48 
VIDEO 185.156.72.48 
INFO 185.156.72.48 
ãàãàü 185.156.72.48 
ÇàçàóÖçäé 185.156.72.48 
OPERATOR2 185.156.72.48 
FTPUSER 185.156.72.48 
Ééëíú 185.156.72.48 
ÇàçéÉêÄÑéÇ 185.156.72.48 
ZAMDIR 185.156.72.48 
ADMIN 185.156.72.48 
ÑàêÖäíéê 185.156.72.48 
ÉãìòäéÇ 185.156.72.48 
SHELTER 185.156.72.48 
SPENCER 185.156.72.48 
åÖçÖÑÜÖê 185.156.72.48 
SHARE 185.156.72.48 
SERGEY 185.156.72.48 
QWE 185.156.72.48 
ÄêíÖå 185.156.72.48 
PRINTER 185.156.72.48 
YURA 185.156.72.48 
ENGINEER 185.156.72.48 
éãúÉÄ 185.156.72.48 
USER 185.156.72.48 
REMOTE 185.156.72.48 
SYS 185.156.72.48 
Äçü 185.156.72.48 
äàãàÑà 185.156.72.48 
BUH 185.156.72.48 
IRINA 185.156.72.48 
ÄçÄëíÄëàü 185.156.72.48 
äéÇÄãÖÇ 185.156.72.48 
JACK 185.156.72.48 
GUEST 185.156.72.48 
åÄêàü 185.156.72.48 
äéáÄóìä 185.156.72.48 
TEST 185.156.72.48 
BACKUP 185.156.72.48 
ëÖêÉÖâ 185.156.72.48 
USER 185.156.72.48 
VIKA 185.156.72.48 
USER 185.156.72.48 
çÄëíü 185.156.72.48 
äìáàçÄ 185.156.72.48 
OPERATOR3 185.156.72.48 
AUDITOR 185.156.72.48 
äêàëíàçÄ 185.156.72.48 
BACKUP 185.156.72.48 
INFOSIM 185.156.72.48 
1C 185.156.72.48 
ÄãÖäëÄçÑê 185.156.72.48 
FILM 185.156.72.48 
LAB101USER 185.156.72.48 
BUH_06 185.156.72.48 
çÄíÄãúü 185.156.72.48 
SCANREAD 185.156.72.48 
USER001 185.156.72.48 
ùãÖéçéêÄ 185.156.72.48 
SCAN 185.156.72.48 
USER 185.156.72.48 
VIRICHEVSV 185.156.72.48 
ALEX 185.156.72.48 
ADMIN1C 185.156.72.48 
DIMA 185.156.72.48 
AMM 185.156.72.48 
ALEX 185.156.72.48 
BUH 185.156.72.48 
EA 185.156.72.48 
ETBUSER 185.156.72.48 
BUH 185.156.72.48 
GLAVBUH 185.156.72.48 
ëÖåõäàç 185.156.72.48 
DATASHAR 185.156.72.48 
BUH 185.156.72.48 
USER1 185.156.72.48 
USR 185.156.72.48 
TAB 185.156.72.48 
GUEST 185.156.72.48 
USER2 185.156.72.48 
USERFTP 185.156.72.48 
èéãúáéÇÄíÖãúÉÄá 185.156.72.48 
IGOR 185.156.72.48 
USER3 185.156.72.48 
SHARA 185.156.72.48 
SERGEY 185.156.72.48 
MANAGER 185.156.72.48 
USER4 185.156.72.48 
A1C 185.156.72.48 
ROMAN 185.156.72.48 
MANAGER10 185.156.72.48 
USER5 185.156.72.48 
POLZ1 185.156.72.48 
SQLADMIN 185.156.72.48 
OLGA 185.156.72.48 
USER6 185.156.72.48 
PUPSIK 185.156.72.48 
AHCH 185.156.72.48 
SKLAD 185.156.72.48 
USER7 185.156.72.48 
DENIS 185.156.72.48 
DISP 185.156.72.48 
SVETA 185.156.72.48 
USER8 185.156.72.48 
ADMIN 185.156.72.48 
BUH_010 185.156.72.48 
USER3 185.156.72.48 
USER9 185.156.72.48 
ëÇÖíãÄçÄ 185.156.72.48 
KREDIT 185.156.72.48 
USER4 185.156.72.48 
USER10 185.156.72.48 
CISTOD 185.156.72.48 
WOODY 185.156.72.48 
A 185.156.72.48 
USER14 185.156.72.48 
BUH 185.156.72.48 
MESHIK.R 185.156.72.48 
ALEX 185.156.72.48 
èéãúáéÇÄíÖãú1 185.156.72.48 
BUHRE 185.156.72.48 
áÄèéãúëäàïéÄ 185.156.72.48 
IGOR 185.156.72.48 
MANAGER 185.156.72.48 
ìóÖçàä 185.156.72.48 
YULYA 185.156.72.48 
KASSA1 185.156.72.48 
BUHGALTER 185.156.72.48 
VPN6 185.156.72.48 
VNET 185.156.72.48 
LOCAL 185.156.72.48 
GLAVBUH 185.156.72.48 
MIKE 185.156.72.48 
ZGD1 185.156.72.48 
MARIA 185.156.72.48 
TEMP 185.156.72.48 
111 185.156.72.48 
ADM 185.156.72.48 
äÄíü 185.156.72.48 
RECEPTION 185.156.72.48 
SVETA2 185.156.72.48 
SOCHI 185.156.72.48 
åÄêàü 185.156.72.48 
ADMIN1C 185.156.72.48 
GLAVBUH 185.156.72.48 
ÄçÄëíÄëàü 185.156.72.48 
çÄÑÖÜÑÄ 185.156.72.48 
TEMP 185.156.72.48 
BUCH 185.156.72.48 
USER3 185.156.72.48 
èéãúáéÇÄíÖãú 185.156.72.48 
321 185.156.72.48 
MEDVEDEV 185.156.72.48 
SK 185.156.72.48 
ûãàü 185.156.72.48 
ART 185.156.72.48 
DASHA 185.156.72.48 
àÉéêú 185.156.72.48 
12345 185.156.72.48 
TEMP1 185.156.72.48 
ANUTIK 185.156.72.48 
SHEKHODANOVAOI 185.156.72.48 
1C_BUH 185.156.72.48 
LDAP 185.156.72.48 
ADM 185.156.72.48 
YAHNEYLV 185.156.72.48 
5 185.156.72.48 
TEMP2 185.156.72.48 
VROUGH 185.156.72.48 
ABDULGANEEVAAN 185.156.72.48 
EKATERINA 185.156.72.48 
WAREHOUSE 185.156.72.48 
GLAVBUHD 185.156.72.48 
àêàçÄ 185.156.72.48 
GLAVBUH 185.156.72.48 
SKLAD 185.156.72.48 
GLAVBUHN 185.156.72.48 
SMIRNOVDV 185.156.72.48 
GLAVBUH 185.156.72.48 
BUH3 185.156.72.48 
òàíéÇÄãç 185.156.72.48 
MASHUKOVAOI 185.156.72.48 
KASSA2 185.156.72.48 
BUH 185.156.72.48 
ÉÄãàçÄ 185.156.72.48 
DEDKOFFNV 185.156.72.48 
LIDA 185.156.72.48 
BUH2 185.156.72.48 
CLIENT_ADMIN 185.156.72.48 
SKUDO 185.156.72.48 
MANAGER 185.156.72.48 
SCAN 185.156.72.48 
KASSIR 185.156.72.48 
èéãúáéÇÄíÖãú20 185.156.72.48 
MANAGER1 185.156.72.48 
DIRECTOR 185.156.72.48 
VALERIY 185.156.72.48 
GRIGORIEV 185.156.72.48 
ROMAN 185.156.72.48 
USER_1 185.156.72.48 
KASSIR2 185.156.72.48 
USER1 185.156.72.48 
SERGEY 185.156.72.48 
USERSHARE 185.156.72.48 
SHELL_USER 185.156.72.48 
USER1 185.156.72.48 
SKLAD 185.156.72.48 
YULIA 185.156.72.48 
ÄççÄó 185.156.72.48 
USER1 185.156.72.48 
TATYANA 185.156.72.48 
ELENA 185.156.72.48 
ÄçÑêÄÅéÉÑÄç 185.156.72.48 
USER1 185.156.72.48 
ULYA 185.156.72.48 
NASTYA 185.156.72.48 
EGREAT 185.156.72.48 
USER1 185.156.72.48 
ARTEM 185.156.72.48 
KRISTINA 185.156.72.48 
GREEN 185.156.72.48 
TEST2 185.156.72.48 
ETBUSER 185.156.72.48 
TERM2 185.156.72.48 
BEZ 185.156.72.48 
NATALYA 185.156.72.48 
ADMIN 185.156.72.48 
AMBER 185.156.72.48 
SHARE1 185.156.72.48 
APTEKA 185.156.72.48 
NURGALI 185.156.72.48 
COBIAN 185.156.72.48 
USER 185.156.72.48 
ST 185.156.72.48 
ADMINISTRATOR 185.156.72.48 
SQL 185.156.72.48 
APETROVA 185.156.72.48 
RUSLAN 185.156.72.48 
BASEUSER 185.156.72.48 
MANAGER 185.156.72.48 
DJEROM 185.156.72.48 
BUHGALTER2 185.156.72.48 
áéãéíìïàçÄ 185.156.72.48 
AUDITOR 185.156.72.48 
ÅìíÄäéÇÄãÖäëÄçÑê 185.156.72.48 
AA 185.156.72.48 
NATALYAN 185.156.72.48 
SKLAD 185.156.72.48 
ADM 185.156.72.48 
FEDOTOV 185.156.72.48 
GEA 185.156.72.48 
äÄëëàê 185.156.72.48 
ÅìíìáéÇÇàíÄãàâ 185.156.72.48 
MAKAROVA 185.156.72.48 
SCANER 185.156.72.48 
SCAN 185.156.72.48 
DOCS 185.156.72.48 
NEW 185.156.72.48 
ADMIN 185.156.72.48 
èéãúáéÇÄíÖãú2 185.156.72.48 
äàèàÄ 185.156.72.48 
TESTUSER 185.156.72.48 
ADMIN 185.156.72.48 
COBIAN 185.156.72.48 
TRASSIR 185.156.72.48 
LAB 185.156.72.48 
PTV 185.156.72.48 
BRUSNEV4 185.156.72.48 
ÉãìïéÇëäàâÄãÖäëÄçÑê 185.156.72.48 
ACCOUNTING 185.156.72.48 
ROOT 185.156.72.48 
3692 185.156.72.48 
ÉêàçÖÇÖñäàâÇàäíéê 185.156.72.48 
LEO 185.156.72.48 
CHICHKALO 185.156.72.48 
TEST 185.156.72.48 
NETBOOKUSER 185.156.72.48 
USER 185.156.72.48 
ALLA 185.156.72.48 
IBV 185.156.72.48 
USERFORFTP 185.156.72.48 
SQL 185.156.72.48 
USER 185.156.72.48 
ANNA 185.156.72.48 
DISPATCHER 185.156.72.48 
VERONIKA 185.156.72.48 
ALEKSEEVA 185.156.72.48 
DASHA 185.156.72.48 
GBUH 185.156.72.48 
USER 185.156.72.48 
FTP_USER2 185.156.72.48 
TANYA 185.156.72.48 
KASSA 185.156.72.48 
åÄÑàçÄ 185.156.72.48 
VADIM 185.156.72.48 
1C 185.156.72.48 
ALBINA 185.156.72.48 
VIKTORIA 185.156.72.48 
1C 185.156.72.48 
BUH_ROS 185.156.72.48 
NATALI 185.156.72.48 
DIRECTOR 185.156.72.48 
KONTENT 185.156.72.48 
YANA 185.156.72.48 
TESTER 185.156.72.48 
BURBRI 185.156.72.48 
REMOTE 185.156.72.48 
USER1 185.156.72.48 
OPT 185.156.72.48 
äÄóÄçéÇÄÇãÄÑÄ 185.156.72.48 
BOGDAN 185.156.72.48 
1C_SERVER 185.156.72.48 
GR 185.156.72.48 
321 185.156.72.48 
USER3 185.156.72.48 
BORIS 185.156.72.48 
SUPPORT 185.156.72.48 
éïêÄçÄ 185.156.72.48 
GUSAROV 185.156.72.48 
MARKETING1 185.156.72.48 
USER5 185.156.72.48 
Ééëíú 185.156.72.48 
AUTOBATALL 185.156.72.48 
TS01 185.156.72.48 
USER6 185.156.72.48 
NIKOLAY 185.156.72.48 
ELENA 185.156.72.48 
LUDA 185.156.72.48 
USER7 185.156.72.48 
BUTIK 185.156.72.48 
2 185.156.72.48 
ILYA 185.156.72.48 
USER8 185.156.72.48 
ÄêïàÇ 185.156.72.48 
BUH3 185.156.72.48 
MARK 185.156.72.48 
LDAP 185.156.72.48 
MOSKOW 185.156.72.48 
USERID 185.156.72.48 
SECURITY 185.156.72.48 
TESTER 185.156.72.48 
1S_ARCH 185.156.72.48 
ÄÑåàç 185.156.72.48 
LIA 185.156.72.48 
DEN 185.156.72.48 
Çàäíéê 185.156.72.48 
BAZHANOV 185.156.72.48 
BANK 185.156.72.48 
USER5 185.156.72.48 
UFAUSER 185.156.72.48 
NET_SHARE 185.156.72.48 
USERL 185.156.72.48 
USER6 185.156.72.48 
APM 185.156.72.48 
ADMIN-ROOM-2 185.156.72.48 
CAFE 185.156.72.48 
KASSA 185.156.72.48 
DB_USER 185.156.72.48 
SHARE1 185.156.72.48 
MARINA 185.156.72.48 
8887 185.156.72.48 
FOTOBANK 185.156.72.48 
AVTOKLAD 185.156.72.48 
O.KUNTS 185.156.72.48 
RAISA 185.156.72.48 
OPER 185.156.72.48 
ÄèíÖäÄ 185.156.72.48 
PRESENT 185.156.72.48 
KREMEN 185.156.72.48 
ÄÑãÖê 185.156.72.48 
SURIEL 185.156.72.48 
USER 185.156.72.48 
ALEX 185.156.72.48 
DEN 185.156.72.48 
ëÄìãÖ 185.156.72.48 
ALEKSEJ 185.156.72.48 
OSA 185.156.72.48 
ëäãÄÑ 185.156.72.48 
CASHIER_ONE 185.156.72.48 
123 185.156.72.48 
ALENA 185.156.72.48 
SHARA 185.156.72.48 
ûè-ÄÑå 185.156.72.48 
UPLOAD 185.156.72.48 
LEGENDA 185.156.72.48 
RECEPTION 185.156.72.48 
ÅìïÉÄãíÖêèéáè 185.156.72.48 
MARINA 185.156.72.48 
BACKUP 185.156.72.48 
USER3 185.156.72.48 
ÅìïÉÄãíÖê 185.156.72.48 
ALEXANDER 185.156.72.48 
ANN 185.156.72.48 
MANAGER_10 185.156.72.48 
Åéëë 185.156.72.48 
GUARD 185.156.72.48 
GDUBROVSKAYA 185.156.72.48 
MANAGER_11 185.156.72.48 
äÄÑêõ 185.156.72.48 
DARIA 185.156.72.48 
1194 185.156.72.48 
MANAGER_12 185.156.72.48 
ÖÇÉÖçàâ 185.156.72.48 
USER7 185.156.72.48 
MARINA 185.156.72.48 
MANAGER_13 185.156.72.48 
åàêéëãÄÇÄ 185.156.72.48 
2 185.156.72.48 
USER11 185.156.72.48 
REBOOT069 185.156.72.48 
GUEST 185.156.72.48 
ADMIN1C 185.156.72.48 
COMPORT 185.156.72.48 
FIT 185.156.72.48 
ÇéãéÑü 185.156.72.48 
VITALIY 185.156.72.48 
LEON 185.156.72.48 
ÇÖëçÄ 185.156.72.48 
BUH 185.156.72.48 
BACKUP 185.156.72.48 
TANYA 185.156.72.48 
HARKOV3 185.156.72.48 
CAREVNA 185.156.72.48 
ALENA 185.156.72.48 
LORA231 185.156.72.48 
ëäÇéêñéÇÄÇ 185.156.72.48 
ÄãÖçÄ 185.156.72.48 
NATALYA 185.156.72.48 
5588 185.156.72.48 
MANAGER_16 185.156.72.48 
KNV 185.156.72.48 
SQLSERVICE 185.156.72.48 
ALBINA 185.156.72.48 
MANAGER_17 185.156.72.48 
USERDAN 185.156.72.48 
GUEST 185.156.72.48 
VALENTIN 185.156.72.48 
MANAGER_18 185.156.72.48 
OBD 185.156.72.48 
ADMIN 185.156.72.48 
íÄíúüçÄ 185.156.72.48 
TELNET 185.156.72.48 
AUDIT2 185.156.72.48 
SHARA 185.156.72.48 
USER 185.156.72.48 
BUH 185.156.72.48 
USER13 185.156.72.48 
USER 185.156.72.48 
UKOM 185.156.72.48 
GLAVMEH 185.156.72.48 
FLY2 185.156.72.48 
KOMAROV 185.156.72.48 
USER 185.156.72.48 
KLAD 185.156.72.48 
FLY3 185.156.72.48 
QQQ 185.156.72.48 
AZA 185.156.72.48 
SKLAD 185.156.72.48 
QZQZ 185.156.72.48 
ADMIN 185.156.72.48 
ADMINISTRATOR 185.156.72.48 
MUSEUM 185.156.72.48 
BOSS_EKSP 185.156.72.48 
ADMIN2 185.156.72.48 
ADMINISTRATOR 185.156.72.48 
CASH 185.156.72.48 
TURIZM 185.156.72.48 
KASSA1 185.156.72.48 
NET 185.156.72.48 
AXISVID 185.156.72.48 
êüÅàçäÄ 185.156.72.48 
DIRECTOR 185.156.72.48 
USER 185.156.72.48 
åìêÄòéÇÄë 185.156.72.48 
VSTO 185.156.72.48 
ARTEM 185.156.72.48 
ÅìïÉÄãíÖê 185.156.72.48 
äÄëëàê 185.156.72.48 
SDO 185.156.72.48 
MANAGER 185.156.72.48 
ÅìïÉÄãíÖê 185.156.72.48 
ÇÄêãÄäéÇÄ 185.156.72.48 
åÄêàçÄ 185.156.72.48 
ALLA 185.156.72.48 
ÅìïÉÄãíÖê 185.156.72.48 
PRINTER 185.156.72.48 
SOTNIKOV 185.156.72.48 
TS3 185.156.72.48 
ÅìïÉÄãíÖê 185.156.72.48 
SMB 185.156.72.48 
DASHA 185.156.72.48 
DENIS 185.156.72.48 
MANAGER 185.156.72.48 
ãÄçó 185.156.72.48 
USER2 185.156.72.48 
MISHA 185.156.72.48 
ÅìïÉÄãíÖê 185.156.72.48 
GOST 185.156.72.48 
MANAGER 185.156.72.48 
SRV 185.156.72.48 
ÅìïÉÄãíÖê 185.156.72.48 
USER 185.156.72.48 
BUCH2 185.156.72.48 
KOS 185.156.72.48 
COMMON 185.156.72.48 
ALEX 185.156.72.48 
Ééëíú 185.156.72.48 
SECURITY 185.156.72.48 
ADMIN 185.156.72.48 
JOHN 185.156.72.48 
MELNIKOVAVG 185.156.72.48 
SEARCH 185.156.72.48 
SUPPORT 185.156.72.48 
PECHENIN 185.156.72.48 
BESSONNIY 185.156.72.48 
ORACLE 185.156.72.48 
GHOST 185.156.72.48 
4ALL 185.156.72.48 
ÄÑåàçàëíêÄíéê 185.156.72.48 
INSTALL 185.156.72.48 
USER1 185.156.72.48 
KAZIMOVA 185.156.72.48 
ALEX 185.156.72.48 
ANTON 185.156.72.48 
ADMIN2 185.156.72.48 
OK2 185.156.72.48 
APICHULINA 185.156.72.48 
VN 185.156.72.48 
SUPPORT 185.156.72.48 
MARINA 185.156.72.48 
VPN1 185.156.72.48 
USER4 185.156.72.48 
ADMIN 185.156.72.48 
ASUS 185.156.72.48 
VPN2 185.156.72.48 
USER5 185.156.72.48 
ADMINISTRATOR 185.156.72.48 
ûêàäéÇ 185.156.72.48 
USER6 185.156.72.48 
01ADM100 185.156.72.48 
KISELEVA 185.156.72.48 
FTP_GUEST 185.156.72.48 
USR2 185.156.72.48 
PRINTER 185.156.72.48 
PRINTALL 185.156.72.48 
KONSTR 185.156.72.48 
USR3 185.156.72.48 
BAM 185.156.72.48 
POSTGRES 185.156.72.48 
STARYKH 185.156.72.48 
USR4 185.156.72.48 
KSM 185.156.72.48 
WEB_SERVER 185.156.72.48 
ANT 185.156.72.48 
USR5 185.156.72.48 
1 185.156.72.48 
USER 185.156.72.48 
íÖêÄèàü 185.156.72.48 
ADMIN1C 185.156.72.48 
1C 185.156.72.48 
USER06 185.156.72.48 
IRINA 185.156.72.48 
BUH2 185.156.72.48 
1C 185.156.72.48 
USER08 185.156.72.48 
éîîàëäìêÉÄççÄü 185.156.72.48 
BUH3 185.156.72.48 
1C 185.156.72.48 
AYNUR 185.156.72.48 
USER 185.156.72.48 
BUH4 185.156.72.48 
MANAGER 185.156.72.48 
1H 185.156.72.48 
STATION1 185.156.72.48 
1C 185.156.72.48 
éîîàëãÖçàçÄ 185.156.72.48 
BUH2 185.156.72.48 
ADMIN1C 185.156.72.48 
KASSA 185.156.72.48 
SECRETAR 185.156.72.48 
ADMINISTRATOR 185.156.72.48 
íéêÉéÇõâåÄâäéè 185.156.72.48 
VITA 185.156.72.48 
REMOTEUSER 185.156.72.48 
USER 185.156.72.48 
ARTISCHEVA.N 185.156.72.48 
SDOIUSR 185.156.72.48 
èêéÑÄÇÖñ 185.156.72.48 
RECEPTION2 185.156.72.48 
éèÖêÄíéê 185.156.72.48 
USER 185.156.72.48 
1C 185.156.72.48 
SVITLANA 185.156.72.48 
RINAT 185.156.72.48 
ARCHIMED 185.156.72.48 
ADMINISTRATOR 185.156.72.48 
ASTRKHANTCEV 185.156.72.48 
1 185.156.72.48 
AUDITOR 185.156.72.48 
GERCHINA 185.156.72.48 
USER2 185.156.72.48 
LD 185.156.72.48 
KUKSENKO 185.156.72.48 
IWAM_MS 185.156.72.48 
USER 185.156.72.48 
SHARK 185.156.72.48 
STUDENT 185.156.72.48 
ANV 185.156.72.48 
USER 185.156.72.48 
VOLKOV 185.156.72.48 
BUH 185.156.72.48 
VIDEO 185.156.72.48 
USER 185.156.72.48 
ZAYTCEV 185.156.72.48 
1 185.156.72.48 
TESTUSER 185.156.72.48 
USER 185.156.72.48 
SERV_ADMIN 185.156.72.48 
CLIENT1 185.156.72.48 
TAT 185.156.72.48 
FAX 185.156.72.48 
CLIENT2 185.156.72.48 
KATE 185.156.72.48 
ÄçÑêÖâ 185.156.72.48 
CLIENT4 185.156.72.48 
åÖÑëÖëíêÄ 185.156.72.48 
TEST 185.156.72.48 
ÄÑåàçàëíêÄíéê 185.156.72.48 
MAGAZIN 185.156.72.48 
ÉÖççÄÑàâ 185.156.72.48 
TEST 185.156.72.48 
ÄÑåàçàëíêÄíéê 185.156.72.48 
SHOP 185.156.72.48 
éîàñàÄçí 185.156.72.48 
SQL 185.156.72.48 
SHPAK 185.156.72.48 
DIMA 185.156.72.48 
ëéçÑåàíêàâ 185.156.72.48 
ÉãÄÇÅìï 185.156.72.48 
INGENER1 185.156.72.48 
002 185.156.72.48 
ÄÑåàçàëíêÄíéê 185.156.72.48 
ADMIN 185.156.72.48 
ÄÑåàçàëíêÄíéê 185.156.72.48 
003 185.156.72.48 
èêéÑÄÇÖñú 185.156.72.48 
ADMINISTRATOR 185.156.72.48 
BERGER 185.156.72.48 
BUH1 185.156.72.48 
ADMIN 185.156.72.48 
SCANER 185.156.72.48 
ÄÑåàçàëíêÄíéê 185.156.72.48 
NATALIA 185.156.72.48 
éèÖêÄíéê 185.156.72.48 
SECURITY 185.156.72.48 
SASHA 185.156.72.48 
USER5 185.156.72.48 
ADMIN 185.156.72.48 
911 185.156.72.48 
SERGO 185.156.72.48 
VASILIY 185.156.72.48 
BUH 185.156.72.48 
ANNA 185.156.72.48 
SHARA4 185.156.72.48 
ARTEM 185.156.72.48 
SERVER 185.156.72.48 
ELTA 185.156.72.48 
MANAGER 185.156.72.48 
DANIL 185.156.72.48 
TATARYN 185.156.72.48 
1COBMEN 185.156.72.48 
NHASIMOVA 185.156.72.48 
USER10 185.156.72.48 
ÑàêÖäíéê 185.156.72.48 
DEVELOPER 185.156.72.48 
SHARE 185.156.72.48 
USER12 185.156.72.48 
USER4 185.156.72.48 
DEVELOPER3 185.156.72.48 
KIRILL 185.156.72.48 
USER14 185.156.72.48 
ëÖêÇÖê 185.156.72.48 
NETUSER 185.156.72.48 
MASHARSKIY 185.156.72.48 
USER2 185.156.72.48 
ADMINISTRATOR 185.156.72.48 
FORALL 185.156.72.48 
äìêÉÄçàçëä 185.156.72.48 
USER3 185.156.72.48 
Z 185.156.72.48 
USER3 185.156.72.48 
VISITER 185.156.72.48 
USER4 185.156.72.48 
MEDVEDEV 185.156.72.48 
CONTEST 185.156.72.48 
SARGIS.HAMAYAKYAN 185.156.72.48 
USER5 185.156.72.48 
KULIKOV 185.156.72.48 
SKAN3.23 185.156.72.48 
ëÖêÉÖÖÇ 185.156.72.48 
USER6 185.156.72.48 
KARPOV 185.156.72.48 
CZHLJ87 185.156.72.48 
FILE 185.156.72.48 
USER7 185.156.72.48 
KLIMOV 185.156.72.48 
GERA 185.156.72.48 
äàå_ÄãÖäëÄçÑê 185.156.72.48 
USER8 185.156.72.48 
TROFIMOV 185.156.72.48 
UNIT 185.156.72.48 
ADMINISTRATOR 185.156.72.48 
USER9 185.156.72.48 
SIMONOV 185.156.72.48 
APTEKA 185.156.72.48 
BUH 185.156.72.48 
VICTOR 185.156.72.48 
BEREZIN 185.156.72.48 
ALEX 185.156.72.48 
INTERIN 185.156.72.48 
VITALIY 185.156.72.48 
KOZYREV 185.156.72.48 
SYSOEV 185.156.72.48 
D.SHATOV 185.156.72.48 
DIMA 185.156.72.48 
HAR 185.156.72.48 
FILES 185.156.72.48 
KITCHEN 185.156.72.48 
ANDREW 185.156.72.48 
AAA 185.156.72.48 
ALEXANDR 185.156.72.48 
PACK 185.156.72.48 
BOSS 185.156.72.48 
WORK 185.156.72.48 
NOD 185.156.72.48 
BOSS 185.156.72.48 
TANYA 185.156.72.48 
TERM3 185.156.72.48 
SMETA 185.156.72.48 
K.BASHTOVYJ 185.156.72.48 
USER1C3 185.156.72.48 
VAGRANT 185.156.72.48 
ZUP 185.156.72.48 
ÄÑåàçàëíêÄíéê 185.156.72.48 
USER1C2 185.156.72.48 
TERM2 185.156.72.48 
SCAN 185.156.72.48 
ÄççÄ 185.156.72.48 
DESIGNER 185.156.72.48 
SMART 185.156.72.48 
BUHC 185.156.72.48 
1C 185.156.72.48 
HELPDESK 185.156.72.48 
NATALIE 185.156.72.48 
MAGAZIN 185.156.72.48 
íÖëí 185.156.72.48 
LIANNA 185.156.72.48 
S 185.156.72.48 
SOFTS 185.156.72.48 
SERGEY 185.156.72.48 
ITS 185.156.72.48 
RDPUSER 185.156.72.48 
DUNE 185.156.72.48 
ãÖçÄ 185.156.72.48 
BUHGALTER 185.156.72.48 
CASSA 185.156.72.48 
WDTV 185.156.72.48 
ëÖêÉÖâ 185.156.72.48 
ADMIN1 185.156.72.48 
OPERATOR1 185.156.72.48 
BUH3 185.156.72.48 
ANTON 185.156.72.48 
3 185.156.72.48 
NOC 185.156.72.48 
BUH4 185.156.72.48 
USER1 185.156.72.48 
3 185.156.72.48 
IRA 185.156.72.48 
BUHBANK 185.156.72.48 
ADMIN 185.156.72.48 
TEST1 185.156.72.48 
STAS 185.156.72.48 
IRA 185.156.72.48 
FINGER 185.156.72.48 
SA 185.156.72.48 
OHRANA 185.156.72.48 
RICOHSCAN 185.156.72.48 
FENIX 185.156.72.48 
TEACHER 185.156.72.48 
SCAN2 185.156.72.48 
BUH4 185.156.72.48 
ASKOE 185.156.72.48 
NAMED 185.156.72.48 
SALE 185.156.72.48 
BUH3 185.156.72.48 
SENNAYA 185.156.72.48 
USER12 185.156.72.48 
KASSA1 185.156.72.48 
DMN 185.156.72.48 
PAPKA 185.156.72.48 
USER01 185.156.72.48 
TERMINAL4 185.156.72.48 
ALL 185.156.72.48 
DRUGON 185.156.72.48 
SAM 185.156.72.48 
1CADMIN 185.156.72.48 
USER1 185.156.72.48 
USER 185.156.72.48 
HOUSE 185.156.72.48 
MAXIM 185.156.72.48 
GORIZONT 185.156.72.48 
123 185.156.72.48 
AL 185.156.72.48 
VMWARE 185.156.72.48 
USER 185.156.72.48 
NOD 185.156.72.48 
ADMIN 185.156.72.48 
ACC1 185.156.72.48 
MEHANICK 185.156.72.48 
VIKA 185.156.72.48 
BUSINESS 185.156.72.48 
SERVER1 185.156.72.48 
SCAN 185.156.72.48 
LUMEN 185.156.72.48 
ROMANOV 185.156.72.48 
APC 185.156.72.48 
CONS 185.156.72.48 
DIR 185.156.72.48 
USER15 185.156.72.48 
ACC2 185.156.72.48 
PRINT2 185.156.72.48 
ENERGO 185.156.72.48 
TUSER 185.156.72.48 
GBUH 185.156.72.48 
KACCA 185.156.72.48 
GLAV 185.156.72.48 
AUDITOR 185.156.72.48 
11 185.156.72.48 
SHARE 185.156.72.48 
STUDY 185.156.72.48 
OPERATOR 185.156.72.48 
6 185.156.72.48 
SHEREGESH 185.156.72.48 
BUH 185.156.72.48 
VASILIEV 185.156.72.48 
SKYPE 185.156.72.48 
NOUT 185.156.72.48 
KADR 185.156.72.48 
ADMIN 185.156.72.48 
TRANSPORT 185.156.72.48 
MANAGER3 185.156.72.48 
MANAGER3 185.156.72.48 
TELEPHONE 185.156.72.48 
USER 185.156.72.48 
CHEKMAEVA 185.156.72.48 
PTO 185.156.72.48 
IVAN 185.156.72.48 
ANDREW 185.156.72.48 
MAMA 185.156.72.48 
ÅàêÄ-åàçà 185.156.72.48 
ADMIN 185.156.72.48 
DEMO 185.156.72.48 
SM01 185.156.72.48 
PRINTOP 185.156.72.48 
INFO 185.156.72.48 
GBUH 185.156.72.48 
SM02 185.156.72.48 
204 185.156.72.48 
BUH 185.156.72.48 
GBUH 185.156.72.48 
SM03 185.156.72.48 
303 185.156.72.48 
BUH 185.156.72.48 
SERVER 185.156.72.48 
SM04 185.156.72.48 
OTDIS 185.156.72.48 
ADMIN 185.156.72.48 
KASSA 185.156.72.48 
SOFTMASTER 185.156.72.48 
BUH_3 185.156.72.48 
RUKIN 185.156.72.48 
RDP 185.156.72.48 
PC4 185.156.72.48 
USER_BUH01 185.156.72.48 
TEMP 185.156.72.48 
DEMO 185.156.72.48 
ZAL4 185.156.72.48 
USER_BUH02 185.156.72.48 
åÖçÖÑÜÖê1 185.156.72.48 
BUHGALTER 185.156.72.48 
OPERATOR 185.156.72.48 
USER_BUH03 185.156.72.48 
USER 185.156.72.48 
RDP 185.156.72.48 
PDATA 185.156.72.48 
USER_BUH04 185.156.72.48 
RKEEPER 185.156.72.48 
TEMP 185.156.72.48 
GOROD 185.156.72.48 
USER_MAN02 185.156.72.48 
RDP1 185.156.72.48 
STUDENT 185.156.72.48 
GOROD3 185.156.72.48 
USER_MAN03 185.156.72.48 
DIR 185.156.72.48 
PRINTER 185.156.72.48 
GOROD4 185.156.72.48 
USER_MAN04 185.156.72.48 
IVAN 185.156.72.48 
BUH 185.156.72.48 
NATURPRODUKT 185.156.72.48 
ÇéÇä 185.156.72.48 
LAN 185.156.72.48 
SKLAD 185.156.72.48 
LADMIN 185.156.72.48 
SVETLANA 185.156.72.48 
ADMIN 185.156.72.48 
MANAGER 185.156.72.48 
MDN 185.156.72.48 
LOGIST 185.156.72.48 
MANAGER 185.156.72.48 
SKLAD 185.156.72.48 
BAZA 185.156.72.48 
VAL 185.156.72.48 
SKLAD 185.156.72.48 
GUEST 185.156.72.48 
JULIA 185.156.72.48 
CDO 185.156.72.48 
123 185.156.72.48 
SCAN 185.156.72.48 
SHARE 185.156.72.48 
COREL 185.156.72.48 
ABOR 185.156.72.48 
KOPSSYS 185.156.72.48 
USER 185.156.72.48 
BUH 185.156.72.48 
TERMMANAGER 185.156.72.48 
IRINASTEPANOVA 185.156.72.48 
LOCADMIN 185.156.72.48 
MUSIC 185.156.72.48 
DIR 185.156.72.48 
ATMOS 185.156.72.48 
EVASILEV 185.156.72.48 
LEARNER 185.156.72.48 
GBUH 185.156.72.48 
AVIA 185.156.72.48 
STAS 185.156.72.48 
VPN123 185.156.72.48 
1 185.156.72.48 
BERNARD 185.156.72.48 
FTP 185.156.72.48 
ESHKIEVA 185.156.72.48 
USER 185.156.72.48 
DEEPCOM 185.156.72.48 
DRUZHININ 185.156.72.48 
LASER 185.156.72.48 
UVAROVA_D 185.156.72.48 
DOMIN 185.156.72.48 
VLADIMIR 185.156.72.48 
ADMIN1 185.156.72.48 
OPERATOR16 185.156.72.48 
EMERSON 185.156.72.48 
1CADMIN 185.156.72.48 
DEP 185.156.72.48 
MAGNAB3 185.156.72.48 
FOREST 185.156.72.48 
111 185.156.72.48 
PERVYI 185.156.72.48 
MAKSIM 185.156.72.48 
KATRIN 185.156.72.48 
ARTUR 185.156.72.48 
KRYBCOVA 185.156.72.48 
VAZ 185.156.72.48 
MADE 185.156.72.48 
IRA 185.156.72.48 
O.HLYISTUNOVA 185.156.72.48 
DEWORK 185.156.72.48 
MASTER 185.156.72.48 
SERGEY 185.156.72.48 
FTPUSER 185.156.72.48 
SHELTER 185.156.72.48 
AIR 185.156.72.48 
USER 185.156.72.48 
í100 185.156.72.48 
OPERATOR3 185.156.72.48 
DIAMED 185.156.72.48 
USER_SFM 185.156.72.48 
TEST 185.156.72.48 
RM4 185.156.72.48 
NATALYA 185.156.72.48 
NATA 185.156.72.48 
ÅìïÄëíÄçÄ 185.156.72.48 
RM3 185.156.72.48 
SERVER-1C 185.156.72.48 
GAME 185.156.72.48 
ÇàäÄ 185.156.72.48 
UTD 185.156.72.48 
COMP3 185.156.72.48 
FIM 185.156.72.48 
IIKO 185.156.72.48 
UR106A 185.156.72.48 
TGMC121 185.156.72.48 
LIL9 185.156.72.48 
007 185.156.72.48 
RKEEPER 185.156.72.48 
USER 185.156.72.48 
BUH6 185.156.72.48 
BUX 185.156.72.48 
ADMIN 185.156.72.48 
TGMC123 185.156.72.48 
SERGEY 185.156.72.48 
TERMUSER 185.156.72.48 
ZAKUPKI 185.156.72.48 
TGMC124 185.156.72.48 
YULAI 185.156.72.48 
222 185.156.72.48 
MAYA 185.156.72.48 
TGMC126 185.156.72.48 
USER 185.156.72.48 
SERVER 185.156.72.48 
VLIGROPARK 185.156.72.48 
TGMC140 185.156.72.48 
WEBDAV 185.156.72.48 
èêàÇÖí 185.156.72.48 
USER 185.156.72.48 
TGMC142 185.156.72.48 
GLAVBUH 185.156.72.48 
ÄãÖäëÖâ 185.156.72.48 
USER 185.156.72.48 
TGMC143 185.156.72.48 
PRINTER 185.156.72.48 
åÖãúçàäéÇÄ 185.156.72.48 
ÄÑåàçàëíêÄíéê 185.156.72.48 
TGMC144 185.156.72.48 
USER1C82 185.156.72.48 
èéãúáéÇÄíÖãú 185.156.72.48 
ÄÑåàçàëíêÄíéê 185.156.72.48 
FILES 185.156.72.48 
HODOVA 185.156.72.48 
ÄÑåàçàëíêÄíéê 185.156.72.48 
ÄÑåàçàëíêÄíéê 185.156.72.48 
ANASTASYA 185.156.72.48 
NASTIA 185.156.72.48 
ÄãÖäëÄçÑê 185.156.72.48 
KRISTINA 185.156.72.48 
ECONOMIST 185.156.72.48 
VL1 185.156.72.48 
ÄÑåàçàëíêÄíéê 185.156.72.48 
SALES 185.156.72.48 
JURNALIST 185.156.72.48 
FAXEVROPA 185.156.72.48 
O.MAKHALOV 185.156.72.48 
GLBUH 185.156.72.48 
YURIST 185.156.72.48 
FAXTUR 185.156.72.48 
ÄãàçÄå 185.156.72.48 
USER_1 185.156.72.48 
DATAREON 185.156.72.48 
SDC 185.156.72.48 
POS 185.156.72.48 
TEST 185.156.72.48 
UZABCHUK 185.156.72.48 
TUR10 185.156.72.48 
ÄçÉÄêÄ 185.156.72.48 
VIDEO 185.156.72.48 
SERVER-2 185.156.72.48 
TUR2 185.156.72.48 
ÄêíÖå 185.156.72.48 
INSTALLER 185.156.72.48 
ALLOW 185.156.72.48 
TUR3 185.156.72.48 
ÄçíéçàÑÄ 185.156.72.48 
INTERNET 185.156.72.48 
KMS-AVP 185.156.72.48 
TUR4 185.156.72.48 
ÅêÄÉàçÖ 185.156.72.48 
MARINA 185.156.72.48 
SKUD 185.156.72.48 
MANAGER 185.156.72.48 
ÄÇêÄåÖçäé 185.156.72.48 
ADMINISTRATOR 185.156.72.48 
ECONOM3 185.156.72.48 
BUH 185.156.72.48 
MILTEN 185.156.72.48 
OFFICE 185.156.72.48 
WORKUSER 185.156.72.48 
BUH3 185.156.72.48 
ÄÑåàçàëíêÄíéê 185.156.72.48 
ADMINISTRATOR 185.156.72.48 
BUH_USER 185.156.72.48 
BUH4 185.156.72.48 
USER8 185.156.72.48 
AUDIT 185.156.72.48 
RECTOR 185.156.72.48 
SHEMOTEH 185.156.72.48 
áÇÖêÖÇÄ 185.156.72.48 
CONFERENCE 185.156.72.48 
GVOZDEVA 185.156.72.48 
GENYA 185.156.72.48 
BUKET 185.156.72.48 
METI 185.156.72.48 
PUPKIN 185.156.72.48 
ZAMFINDIR 185.156.72.48 
ÑÖïíüêúÇ 185.156.72.48 
DES1 185.156.72.48 
BBB 185.156.72.48 
NIKOLAY 185.156.72.48 
äéçëìãúíÄçí 185.156.72.48 
DES3 185.156.72.48 
USER 185.156.72.48 
USER-READ 185.156.72.48 
SP1 185.156.72.48 
OPERATOR4 185.156.72.48 
USER 185.156.72.48 
KANS 185.156.72.48 
äÄëëàê 185.156.72.48 
WHAZAA 185.156.72.48 
VICTOR 185.156.72.48 
FATIMA 185.156.72.48 
ãÖçÄ 185.156.72.48 
LIMON 185.156.72.48 
BUKINAAV 185.156.72.48 
BOSS 185.156.72.48 
ASTAHOVA 185.156.72.48 
DESIGNERS 185.156.72.48 
S_SCANN 185.156.72.48 
ALEX 185.156.72.48 
åÄêàü 185.156.72.48 
APTUSR 185.156.72.48 
SHARE 185.156.72.48 
IVAN 185.156.72.48 
DSP1 185.156.72.48 
MANAGER 185.156.72.48 
120 185.156.72.48 
ARTEM 185.156.72.48 
BITIUTSKAIA 185.156.72.48 
USER 185.156.72.48 
MWT-203 185.156.72.48 
KASSA 185.156.72.48 
NETUSER 185.156.72.48 
JURNALIST 185.156.72.48 
USER 185.156.72.48 
ANDREW 185.156.72.48 
ÇÄãÖçíàç 185.156.72.48 
VALENTINA 185.156.72.48 
ADS 185.156.72.48 
ADMIN 185.156.72.48 
TS-06 185.156.72.48 
DANIK 185.156.72.48 
REPL_LOGREADER 185.156.72.48 
ADMIN 185.156.72.48 
BARABASH 185.156.72.48 
TRM01 185.156.72.48 
REPL_MERGE 185.156.72.48 
èéãúáéÇÄíÖãú 185.156.72.48 
BYCHKOV 185.156.72.48 
TRM02 185.156.72.48 
REPL_SNAPSHOT 185.156.72.48 
ÅìïÉÄãíÖê 185.156.72.48 
CORRECTOR 185.156.72.48 
TEST 185.156.72.48 
LOGOPED 185.156.72.48 
ÑàêÖäíéê 185.156.72.48 
EDITOR 185.156.72.48 
UPL 185.156.72.48 
CASH 185.156.72.48 
GALINA 185.156.72.48 
EDITOR-201 185.156.72.48 
SIMON 185.156.72.48 
SHARED 185.156.72.48 
ÄççÄ 185.156.72.48 
EDITOR-202 185.156.72.48 
NJUTA 185.156.72.48 
RESEARCHER 185.156.72.48 
SERGEI 185.156.72.48 
EDITOR-203 185.156.72.48 
MARINA 185.156.72.48 
KTO3 185.156.72.48 
USER01 185.156.72.48 
EDITOR-204 185.156.72.48 
RKEEPER 185.156.72.48 
SHPIN 185.156.72.48 
AUDIT 185.156.72.48 
SVETLANA.EDU 185.156.72.48 
Ñåàíêàâ 185.156.72.48 
KAFSERVER 185.156.72.48 
TEST1 185.156.72.48 
åÄêíõçéÇÄ 185.156.72.48 
Ñåàíêàâ 185.156.72.48 
CAMUSER 185.156.72.48 
NIKITA 185.156.72.48 
ÄçÑêÖâ 185.156.72.48 
OHRANA 185.156.72.48 
LOGITECH 185.156.72.48 
éãü 185.156.72.48 
EDITOR-206 185.156.72.48 
SCANNER 185.156.72.48 
NATALIA.N 185.156.72.48 
ANNA 185.156.72.48 
EDITOR-207 185.156.72.48 
MAX 185.156.72.48 
OLGA.P 185.156.72.48 
VOVA 185.156.72.48 
EDITOR-208 185.156.72.48 
SCCMADMIN 185.156.72.48 
TATIANA.G 185.156.72.48 
OLESYA 185.156.72.48 
ÜÄãü 185.156.72.48 
TRANSFER 185.156.72.48 
PROM 185.156.72.48 
SECURITY 185.156.72.48 
PONOMARENKO 185.156.72.48 
OWNER 185.156.72.48 
DISTRIB 185.156.72.48 
HR 185.156.72.48 
Çéëíéä 185.156.72.48 
KARINA 185.156.72.48 
BUH 185.156.72.48 
BUH1 185.156.72.48 
ADMIN 185.156.72.48 
TEMP 185.156.72.48 
USER6 185.156.72.48 
ADMINISTRATOR 185.156.72.48 
M1 185.156.72.48 
GUEST 185.156.72.48 
ÄÑåàçàëíêÄíéê 185.156.72.48 
GBT 185.156.72.48 
10 185.156.72.48 
ÄÑåàç 185.156.72.48 
SCAN1 185.156.72.48 
APTEKA 185.156.72.48 
BUHGALTER 185.156.72.48 
QWE 185.156.72.48 
FAX 185.156.72.48 
éäëÄçÄ 185.156.72.48 
ADMINISTRATOR 185.156.72.48 
BOSS 185.156.72.48 
àÇÄçéÇ 185.156.72.48 
HELPDESK 185.156.72.48 
10 185.156.72.48 
ADMIN1 185.156.72.48 
INFO 185.156.72.48 
STUDENT 185.156.72.48 
SERVER 185.156.72.48 
WEBADMIN 185.156.72.48 
10 185.156.72.48 
USER2 185.156.72.48 
èéãúáéÇÄíÖãú 185.156.72.48 
LENA 185.156.72.48 
BUHGALTER 185.156.72.48 
BUH2 185.156.72.48 
ëãÄëíÖçÄ 185.156.72.48 
SYMANTEC 185.156.72.48 
ADMINISTRATOR 185.156.72.48 
MANAGER1 185.156.72.48 
ÅìïÉÄãíÖê 185.156.72.48 
SCANER 185.156.72.48 
ÄÑåàçàëíêÄíéê 185.156.72.48 
USER4 185.156.72.48 
RADMIN 185.156.72.48 
REMOTE 185.156.72.48 
ADMIN 185.156.72.48 
MASHA 185.156.72.48 
ÅìïÉÄãíÖêàü 185.156.72.48 
DREW 185.156.72.48 
NEWDELIVERY 185.156.72.48 
SERVER890 185.156.72.48 
èêéÑÄÇÖñ 185.156.72.48 
ADM 185.156.72.48 
V01 185.156.72.48 
ADMINK 185.156.72.48 
ÇàäÄ 185.156.72.48 
USR 185.156.72.48 
IDENT 185.156.72.48 
BUHGALTERIA 185.156.72.48 
IPDOM 185.156.72.48 
SKLAD 185.156.72.48 
DIREKTORE 185.156.72.48 
ÑÄêúü 185.156.72.48 
GLBUH 185.156.72.48 
UK4 185.156.72.48 
SERGEY 185.156.72.48 
íÄíúüçÄ 185.156.72.48 
JULIA 185.156.72.48 
RADIOSUGAR 185.156.72.48 
ADMIN 185.156.72.48 
OLIMP3 185.156.72.48 
NINO 185.156.72.48 
ûãàü 185.156.72.48 
ADMIN 185.156.72.48 
ADMIN 185.156.72.48 
NIKITA 185.156.72.48 
ÇãÄÑÄ 185.156.72.48 
TERMINAL1 185.156.72.48 
OPSVT 185.156.72.48 
SMEV 185.156.72.48 
ÇéãéÑü 185.156.72.48 
3389 185.156.72.48 
CALL_CENTER_4 185.156.72.48 
DRUZANOVA 185.156.72.48 
ÉÄãü 185.156.72.48 
BK 185.156.72.48 
VARLANCROY 185.156.72.48 
TENNIS 185.156.72.48 
ÑÄòÄ 185.156.72.48 
BUH1 185.156.72.48 
DEMIN 185.156.72.48 
RUSLAN 185.156.72.48 
OLGA 185.156.72.48 
SASHOK 185.156.72.48 
NACHKON 185.156.72.48 
NETUSER 185.156.72.48 
JULIA 185.156.72.48 
PEZ 185.156.72.48 
TEST 185.156.72.48 
IT_SIGN 185.156.72.48 
èéãúáéÇÄíÖãú5 185.156.72.48 
USER03 185.156.72.48 
TEST 185.156.72.48 
MICROSADMIN 185.156.72.48 
ALENA 185.156.72.48 
CYBERGROM 185.156.72.48 
TEST1 185.156.72.48 
OLGA 185.156.72.48 
ADMINISTRATOR 185.156.72.48 
MAKSIM 185.156.72.48 
TEST 185.156.72.48 
READADMIN 185.156.72.48 
POSTGRES 185.156.72.48 
BUH1 185.156.72.48 
ADMINISTRATOR 185.156.72.48 
ADMINISTRATOR 185.156.72.48 
OFFICE 185.156.72.48 
OBMEN 185.156.72.48 
MANAGER2 185.156.72.48 
CAM 185.156.72.48 
MANAGER1 185.156.72.48 
ADMINISTRAT 185.156.72.48 
åÖçÖÑÜÖê 185.156.72.48 
ADMINISTRATOR 185.156.72.48 
USER2 185.156.72.48 
HOTEL 185.156.72.48 
OPER2 185.156.72.48 
AUDIT 185.156.72.48 
TARAS 185.156.72.48 
TEMP 185.156.72.48 
3 185.156.72.48 
TORG 185.156.72.48 
2 185.156.72.48 
RDP 185.156.72.48 
ÅìïÉÄãíÖê 185.156.72.48 
MEDADMIN 185.156.72.48 
USER 185.156.72.48 
SERVICESOFT 185.156.72.48 
ADM 185.156.72.48 
ADMINISTRATOR 185.156.72.48 
OPER1 185.156.72.48 
NAFANY 185.156.72.48 
BUH2 185.156.72.48 
KIM 185.156.72.48 
BUH 185.156.72.48 
ADMIN2 185.156.72.48 
USER5 185.156.72.48 
CONF 185.156.72.48 
MANAGER2 185.156.72.48 
E.MANN 185.156.72.48 
ADMINISTRATOR 185.156.72.48 
ANNA 185.156.72.48 
1ë 185.156.72.48 
FED 185.156.72.48 
222 185.156.72.48 
INFO 185.156.72.48 
CHAIKA-80 185.156.72.48 
USER4 185.156.72.48 
TEST 185.156.72.48 
DIMON 185.156.72.48 
USER4 185.156.72.48 
USER5 185.156.72.48 
TEST 185.156.72.48 
DOM 185.156.72.48 
USER6 185.156.72.48 
POSTGRES 185.156.72.48 
LUSY 185.156.72.48 
USER8 185.156.72.48 
TCD002 185.156.72.48 
SALES 185.156.72.48 
LUPACH 185.156.72.48 
TYUMENEVKS 185.156.72.48 
VT 185.156.72.48 
OLEKSANDR 185.156.72.48 
BUH1 185.156.72.48 
USER3 185.156.72.48 
WORKER 185.156.72.48 
ÄçÑêÖâ 185.156.72.48 
TEHNO 185.156.72.48 
OKSANA 185.156.72.48 
éãü 185.156.72.48 
DOLMEN_ST 185.156.72.48 
MAKSIM 185.156.72.48 
ãÖçÄ 185.156.72.48 
FORUM 185.156.72.48 
BUH_BAR 185.156.72.48 
NATALI 185.156.72.48 
åÄêàçÄ 185.156.72.48 
OLGA 185.156.72.48 
BOSS 185.156.72.48 
FILE 185.156.72.48 
LOKI 185.156.72.48 
SERV_GODWIN 185.156.72.48 
íÄçü 185.156.72.48 
BUHM 185.156.72.48 
LARISSA 185.156.72.48 
BUH 185.156.72.48 
SET 185.156.72.48 
NATASHA 185.156.72.48 
AZIZ 185.156.72.48 
USER_BUH 185.156.72.48 
2 185.156.72.48 
VPN3 185.156.72.48 
PRINT 185.156.72.48 
AUTODATA 185.156.72.48 
MANAGER 185.156.72.48 
EROHINA 185.156.72.48 
M.POPOVA 185.156.72.48 
USER1 185.156.72.48 
BAR 185.156.72.48 
MARINA 185.156.72.48 
KVB 185.156.72.48 
ADMIN 185.156.72.48 
ANNK 185.156.72.48 
USER 185.156.72.48 
SLAV 185.156.72.48 
USER5 185.156.72.48 
USER 185.156.72.48 
AVIA 185.156.72.48 
USER 185.156.72.48 
B1 185.156.72.48 
ADMIN 185.156.72.48 
ëÖêÇàë 185.156.72.48 
VID2 185.156.72.48 
TEST 185.156.72.48 
PRINT 185.156.72.48 
Åìï3 185.156.72.48 
USER2 185.156.72.48 
VALYA 185.156.72.48 
ALEXANDER 185.156.72.48 
APACHE 185.156.72.48 
USER 185.156.72.48 
SUPERADMIN 185.156.72.48 
ECOHOME4 185.156.72.48 
ADMIN 185.156.72.48 
TEST8 185.156.72.48 
USER 185.156.72.48 
DISM_PUBLIC 185.156.72.48 
Äêíìê 185.156.72.48 
ÄÑåàçàëíêÄíéê 185.156.72.48 
KOSTYA 185.156.72.48 
MANAGER7 185.156.72.48 
INTERFACE 185.156.72.48 
P.ANTONIUK 185.156.72.48 
INNA 185.156.72.48 
WINDOWS 185.156.72.48 
INVENT3 185.156.72.48 
ÄÑåàçàëíêÄíéê 185.156.72.48 
ÅìïÉÄãíÖê2 185.156.72.48 
SQLSERVICE 185.156.72.48 
XAYCT 185.156.72.48 
ÄÑåàçàëíêÄíéê 185.156.72.48 
USER01 185.156.72.48 
LOGIST3 185.156.72.48 
USER1 185.156.72.48 
ADMINLOCAL 185.156.72.48 
GUARD 185.156.72.48 
123 185.156.72.48 
ALEX 185.156.72.48 
VKUROPATOV 185.156.72.48 
BUHGALTER 185.156.72.48 
MANAGER 185.156.72.48 
ARTUR 185.156.72.48 
BUH 185.156.72.48 
ADMIN 185.156.72.48 
ADMINISTRATOR 185.156.72.48 
TSUSER1 185.156.72.48 
DEF 185.156.72.48 
OLGA 185.156.72.48 
IGOR 185.156.72.48 
DIRECTOR 185.156.72.48 
MAKSIM 185.156.72.48 
USER5 185.156.72.48 
USER33 185.156.72.48 
LOVE 185.156.72.48 
USER13 185.156.72.48 
ALEKSANDR 185.156.72.48 
MIRIDA 185.156.72.48 
USER10 185.156.72.48 
LUBA 185.156.72.48 
ALENA 185.156.72.48 
LUDA 185.156.72.48 
VIKTOR 185.156.72.48 
U1 185.156.72.48 
JONNYSEVER 185.156.72.48 
USER16 185.156.72.48 
EVGENIY 185.156.72.48 
NIELSEN 185.156.72.48 
LAB 185.156.72.48 
BUH 185.156.72.48 
SKLAD2 185.156.72.48 
USER 185.156.72.48 
DEVELOPER 185.156.72.48 
Äçü 185.156.72.48 
SDEM 185.156.72.48 
PARUS 185.156.72.48 
USER-1 185.156.72.48 
CHIEF 185.156.72.48 
BOSS 185.156.72.48 
DIRECTOR 185.156.72.48 
ãÖçÄ 185.156.72.48 
SHIROKIH 185.156.72.48 
àÇÄç 185.156.72.48 
POLINA 185.156.72.48 
A 185.156.72.48 
åÖçÖÑÜÖê5 185.156.72.48 
GALYA 185.156.72.48 
SALE 185.156.72.48 
OLEG 185.156.72.48 
ëäÄçÖê 185.156.72.48 
VIDEO 185.156.72.48 
çÄíÄòÄ 185.156.72.48 
ëíìÑÖçí 185.156.72.48 
ADMINKEB 185.156.72.48 
USR1 185.156.72.48 
éèÖêÄíéê 185.156.72.48 
ãûÑåàãÄ 185.156.72.48 
ADMINISTRATOR 185.156.72.48 
äÄëëÄ2 185.156.72.48 
ELCOUSER 185.156.72.48 
ADMINISTRATOR 185.156.72.48 
åÖçÖÑÜÖê2 185.156.72.48 
USER1C 185.156.72.48 
USR1 185.156.72.48 
ÑÄêúü 185.156.72.48 
SYSADMIN 185.156.72.48 
SECRETARY 185.156.72.48 
êìäéÇéÑàíÖãú 185.156.72.48 
INFO 185.156.72.48 
MANAGER1 185.156.72.48 
åÄòÄ 185.156.72.48 
SECURITY 185.156.72.48 
TEST 185.156.72.48 
ëäãÄÑ3 185.156.72.48 
SCANNER 185.156.72.48 
Q3 185.156.72.48 
KATYA 185.156.72.48 
STAKEMAT 185.156.72.48 
NADEZHDA 185.156.72.48 
Q1 185.156.72.48 
ROBOT 185.156.72.48 
BUH 185.156.72.48 
ADMINISTRATOR 185.156.72.48 
OBMEN 185.156.72.48 
INFO 185.156.72.48 
ADMIN 185.156.72.48 
INSTALLER 185.156.72.48 
USR1CV83 185.156.72.48 
SKLAD 185.156.72.48 
MENEDGER 185.156.72.48 
MANAGER 185.156.72.48 
BUH01 185.156.72.48 
KASSA 185.156.72.48 
MIHALKIN 185.156.72.48 
USER-2 185.156.72.48 
RDP1 185.156.72.48 
BUH 185.156.72.48 
RODIKOVA 185.156.72.48 
ALEX 185.156.72.48 
USER001 185.156.72.48 
SKLAD 185.156.72.48 
HARRY 185.156.72.48 
KLAD 185.156.72.48 
TERM4 185.156.72.48 
ÄçÄëíÄëàü 185.156.72.48 
SURNEVA 185.156.72.48 
ROMANENKO 185.156.72.48 
KONSULTANT 185.156.72.48 
BUHGALTER 185.156.72.48 
N.DOMANOV 185.156.72.48 
MANAGER7 185.156.72.48 
DIRECTOR 185.156.72.48 
ERP_AUTH 185.156.72.48 
éäëÄçÄ 185.156.72.48 
TEST 185.156.72.48 
ERP_AUTH_USR 185.156.72.48 
ÅìïÉÄãíÖê2 185.156.72.48 
MIA 185.156.72.48 
SOFT 185.156.72.48 
äãÄÑéÇôàä 185.156.72.48 
TEMP 185.156.72.48 
ADMIN 185.156.72.48 
ARTUR 185.156.72.48 
ÄìÑàíéê 185.156.72.48 
STUDENT 185.156.72.48 
DUD 185.156.72.48 
MASHA 185.156.72.48 
GUEST 185.156.72.48 
LEVCHENKOA 185.156.72.48 
ROBOT 185.156.72.48 
SM2 185.156.72.48 
MEKSHUNE 185.156.72.48 
OPERATOR2 185.156.72.48 
ROOT 185.156.72.48 
MEKSHUNS 185.156.72.48 
CONTROLLER 185.156.72.48 
OPERATOR 185.156.72.48 
STARTER 185.156.72.48 
REV2 185.156.72.48 
USER 185.156.72.48 
éïêÄçÄ 185.156.72.48 
KHAYYAM 185.156.72.48 
ADMIN 185.156.72.48 
BANK1 185.156.72.48 
A_001 185.156.72.48 
RADIO 185.156.72.48 
BACHINSKII 185.156.72.48 
KAMAL 185.156.72.48 
COMP2 185.156.72.48 
HOLYAVINSKA 185.156.72.48 
PU-10-11-6-400 185.156.72.48 
ÄìÑàíéê 185.156.72.48 
ALLUSER 185.156.72.48 
USER 185.156.72.48 
SBIS 185.156.72.48 
CROSSTOUR 185.156.72.48 
IZMAILOVAK 185.156.72.48 
PAVEL 185.156.72.48 
010 185.156.72.48 
SKLAD 185.156.72.48 
KATYA 185.156.72.48 
011 185.156.72.48 
TEST 185.156.72.48 
4 185.156.72.48 
USER3 185.156.72.48 
TEST 185.156.72.48 
BUHGALTER1 185.156.72.48 
ADMIN 185.156.72.48 
MANAGER2 185.156.72.48 
SADMIN 185.156.72.48 
SECRITARY 185.156.72.48 
MANAGER4 185.156.72.48 
USER-1 185.156.72.48 
TREASURER 185.156.72.48 
BUH9 185.156.72.48 
6447 185.156.72.48 
GENERAL 185.156.72.48 
ãÖçÄ 185.156.72.48 
DALION 185.156.72.48 
OPERATOR1 185.156.72.48 
USER 185.156.72.48 
ÄÑåàçàëíêÄíéê 185.156.72.48 
ALEXANDR 185.156.72.48 
KIP 185.156.72.48 
ëÇÖíãÄçÄ 185.156.72.48 
ÅìïÉÄãíÖê2 185.156.72.48 
ANDREY 185.156.72.48 
ADMIN 185.156.72.48 
SERGEI 185.156.72.48 
USER17 185.156.72.48 
TEST 185.156.72.48 
SECRETAR 185.156.72.48 
USER16 185.156.72.48 
BOBAH 185.156.72.48 
RADMIN 185.156.72.48 
SULTANOV 185.156.72.48 
AMDSERVICE 185.156.72.48 
VIKTOR 185.156.72.48 
EVGENII 185.156.72.48 
ÅìïÉÄãíÖê 185.156.72.48 
USR 185.156.72.48 
BOZUNOV 185.156.72.48 
FOTA 185.156.72.48 
DIR 185.156.72.48 
VIRTUAL 185.156.72.48 
UFA 185.156.72.48 
NATA 185.156.72.48 
VUD 185.156.72.48 
GUESTS 185.156.72.48 
MASTER 185.156.72.48 
ADMIN 185.156.72.48 
DCT 185.156.72.48 
TAMARA 185.156.72.48 
ASP.NET 185.156.72.48 
QUEST 185.156.72.48 
USER2 185.156.72.48 
PASHA 185.156.72.48 
CONTACT 185.156.72.48 
SBIS 185.156.72.48 
SHARE 185.156.72.48 
NALOG 185.156.72.48 
ALBINA 185.156.72.48 
MARAT 185.156.72.48 
INSTALL 185.156.72.48 
BUH2 185.156.72.48 
ëäãÄÑ 185.156.72.48 
SED-SQL 185.156.72.48 
OPER1 185.156.72.48 
ëäãÄÑ 185.156.72.48 
IRA 185.156.72.48 
NIKITA 185.156.72.48 
INSTINCT3 185.156.72.48 
ÅìïÉÄãíÖê1 185.156.72.48 
DEMO 185.156.72.48 
VIKTORIYA 185.156.72.48 
POLYA 185.156.72.48 
ÑàêÖäíéê 185.156.72.48 
SB 185.156.72.48 
ADMIN 185.156.72.48 
PRINT 185.156.72.48 
EVGENIY 185.156.72.48 
MAKSIM 185.156.72.48 
USER9 185.156.72.48 
BUH 185.156.72.48 
IRINA 185.156.72.48 
íÖëí 185.156.72.48 
SHUR 185.156.72.48 
1C 185.156.72.48 
ÄÑåàç 185.156.72.48 
IRINA 185.156.72.48 
GLOBALSOFT 185.156.72.48 
ûêàëí 185.156.72.48 
CD 185.156.72.48 
ECONOMIST 185.156.72.48 
åÄëíÖê 185.156.72.48 
USER3 185.156.72.48 
USER2 185.156.72.48 
ROBOT 185.156.72.48 
SHEKO 185.156.72.48 
U02 185.156.72.48 
BUHGALTER2 185.156.72.48 
USER01 185.156.72.48 
01 185.156.72.48 
ROMA 185.156.72.48 
UNIFI 185.156.72.48 
ANTON 185.156.72.48 
NADEZHDA 185.156.72.48 
NAG 185.156.72.48 
POSTGRES 185.156.72.48 
SKLAD6 185.156.72.48 
KASSA 185.156.72.48 
PRINT 185.156.72.48 
êéåÄç 185.156.72.48 
SYS2 185.156.72.48 
BURLIN 185.156.72.48 
ÅìïÉÄãíÖê1 185.156.72.48 
INFO 185.156.72.48 
ADMINISTRATOR 185.156.72.48 
ÄìÑàí 185.156.72.48 
USER1 185.156.72.48 
BACKUP 185.156.72.48 
ÄìÑàí 185.156.72.48 
001 185.156.72.48 
VIDEO 185.156.72.48 
WORK 185.156.72.48 
MAKSIM 185.156.72.48 
PROGRAMMER3 185.156.72.48 
EGAPONOVA 185.156.72.48 
USER1 185.156.72.48 
TANYA 185.156.72.48 
TORNADO 185.156.72.48 
TEST 185.156.72.48 
MANAGER1 185.156.72.48 
GERASKIN 185.156.72.48 
MARKETOLOG 185.156.72.48 
FEDOTOVA 185.156.72.48 
BUH3 185.156.72.48 
SMOYKA 185.156.72.48 
BUH01 185.156.72.48 
AZGRANATA 185.156.72.48 
USER3 185.156.72.48 
ARSEN 185.156.72.48 
COMP1 185.156.72.48 
RK14 185.156.72.48 
OLGA 185.156.72.48 
BANK1 185.156.72.48 
LAB 185.156.72.48 
SKLAD.KOVALENKO 185.156.72.48 
TENDER 185.156.72.48 
VALENTIN 185.156.72.48 
ROMAN 185.156.72.48 
WORK 185.156.72.48 
ANASTASIA 185.156.72.48 
AUDIT 185.156.72.48 
TANYA 185.156.72.48 
OBMEN 185.156.72.48 
ADMIN 185.156.72.48 
MASLOVA 185.156.72.48 
LUDMILA 185.156.72.48 
ADMIN 185.156.72.48 
MFTP 185.156.72.48 
ELENA 185.156.72.48 
ALEXANDR 185.156.72.48 
HRYSTYNA 185.156.72.48 
OLGA 185.156.72.48 
çÄíÄòÄ 185.156.72.48 
RM1 185.156.72.48 
BUH 185.156.72.48 
USER1C 185.156.72.48 
MANAGER1 185.156.72.48 
ADMINREST 185.156.72.48 
ADMINISTRATOR 185.156.72.48 
ADMIN 185.156.72.48 
BUH 185.156.72.48 
GEOM 185.156.72.48 
IRBIS 185.156.72.48 
DATE 185.156.72.48 
GREENYA 185.156.72.48 
ARHIMED 185.156.72.48 
USER7 185.156.72.48 
ADMINISTRATOR 185.156.72.48 
DEFAULT 185.156.72.48 
DIRECTOR 185.156.72.48 
MOSKOV 185.156.72.48 
MM 185.156.72.48 
MARGARITA 185.156.72.48 
DOLGOVAM 185.156.72.48 
USER_2 185.156.72.48 
ITADMIN 185.156.72.48 
VITALIK 185.156.72.48 
USER_NLO 185.156.72.48 
NATASHA 185.156.72.48 
SYSADMIN 185.156.72.48 
BUH 185.156.72.48 
KSENIA 185.156.72.48 
TEMP 185.156.72.48 
SRVSPSETUP 185.156.72.48 
BUHGALTER 185.156.72.48 
MANAGER 185.156.72.48 
ÄãÖäëÄçÑê 185.156.72.48 
ANDREY 185.156.72.48 
WORK 185.156.72.48 
DOCTOR1 185.156.72.48 
KONDOR 185.156.72.48 
SAMSONOV 185.156.72.48 
TTT 185.156.72.48 
DEN 185.156.72.48 
ADMINWS 185.156.72.48 
USERIK 185.156.72.48 
IGOR 185.156.72.48 
HAFIZ 185.156.72.48 
NINKA 185.156.72.48 
DOMINION 185.156.72.48 
SECRETAR 185.156.72.48 
TEST4 185.156.72.48 
LALI2 185.156.72.48 
KASSIR3 185.156.72.48 
TX2 185.156.72.48 
TEST 185.156.72.48 
NINO 185.156.72.48 
ADMINISTRATOR 185.156.72.48 
01 185.156.72.48 
DURSUN 185.156.72.48 
USER 185.156.72.48 
02 185.156.72.48 
BUHALTER 185.156.72.48 
AISTLOG 185.156.72.48 
PROG 185.156.72.48 
KIMT_1 185.156.72.48 
LENA 185.156.72.48 
USER6 185.156.72.48 
010 185.156.72.48 
USERNAME 185.156.72.48 
GLAVBUH 185.156.72.48 
GENA 185.156.72.48 
BUH6 185.156.72.48 
MIA 185.156.72.48 
PLANOVIY2 185.156.72.48 
BUILDER 185.156.72.48 
ALLA 185.156.72.48 
DISPETCHER 185.156.72.48 
KOLBASA 185.156.72.48 
DIMA 185.156.72.48 
TERMMANAGER 185.156.72.48 
NICH3 185.156.72.48 
IGOR 185.156.72.48 
BUH1 185.156.72.48 
OKSANA 185.156.72.48 
COMP4 185.156.72.48 
REMONT 185.156.72.48 
YURA 185.156.72.48 
MOZI3 185.156.72.48 
INNA 185.156.72.48 
PMGLBUH 185.156.72.48 
ADMINISTRATOR 185.156.72.48 
REV2 185.156.72.48 
SANTRAL 185.156.72.48 
CALENDAR 185.156.72.48 
VPN 185.156.72.48 
EVGEN 185.156.72.48 
ADMINISTRATOR 185.156.72.48 
ITUSER 185.156.72.48 
NICK 185.156.72.48 
USER04 185.156.72.48 
SASHA 185.156.72.48 
BUHGALTER 185.156.72.48 
POTAPOVASG 185.156.72.48 
ASDDSA 185.156.72.48 
NIKOLAY 185.156.72.48 
BERESLAVKA 185.156.72.48 
LUBA 185.156.72.48 
VIKTORIYA 185.156.72.48 
NET 185.156.72.48 
SCAN 185.156.72.48 
USR2 185.156.72.48 
MASTER 185.156.72.48 
USER3 185.156.72.48 
CLIENT1 185.156.72.48 
BUH1 185.156.72.48 
NICK 185.156.72.48 
STAFF 185.156.72.48 
RECEPTION 185.156.72.48 
USER 185.156.72.48 
NEW 185.156.72.48 
SUPPORT 185.156.72.48 
WWWBAT_CLEAN 185.156.72.48 
VLAD 185.156.72.48 
KASSA 185.156.72.48 
SYMANTEC 185.156.72.48 
MAXIM 185.156.72.48 
KASSIR 185.156.72.48 
NIK 185.156.72.48 
ADMINISTRATOR 185.156.72.48 
1CPROG 185.156.72.48 
TERM 185.156.72.48 
ADMIN2 185.156.72.48 
USER5 185.156.72.48 
ADMIN 185.156.72.48 
ÄÑåàçàëíêÄíéê 185.156.72.48 
RECEPTION 185.156.72.48 
USER6 185.156.72.48 
ADMINISTRATOR 185.156.72.48 
USER2 185.156.72.48 
APTEKA2 185.156.72.48 
TS_37_ADMIN 185.156.72.48 
RECEPTION 185.156.72.48 
DIPLOMAT 185.156.72.48 
ROOT 185.156.72.48 
USER1 185.156.72.48 
WEB 185.156.72.48 
BUH 185.156.72.48 
ADM 185.156.72.48 
USER16 185.156.72.48 
USER4 185.156.72.48 
CODER 185.156.72.48 
ADMIN 185.156.72.48 
VLAD 185.156.72.48 
USER6 185.156.72.48 
VASILIY 185.156.72.48 
IRZCOLLECTOR 185.156.72.48 
USER7 185.156.72.48 
GLBUH 185.156.72.48 
ALLA 185.156.72.48 
SCAN 185.156.72.48 
USER9 185.156.72.48 
SCAN 185.156.72.48 
USER10 185.156.72.48 
AKSENENKOA 185.156.72.48 
SKLAD 185.156.72.48 
LIMECAFE 185.156.72.48 
SHOPTEMKA 185.156.72.48 
ORLOV3 185.156.72.48 
MSKRDP 185.156.72.48 
ÄÑåàçàëíêÄíéê 185.156.72.48 
OPSMASTER 185.156.72.48 
TARS 185.156.72.48 
ADMIN1C 185.156.72.48 
BUH 185.156.72.48 
USA 185.156.72.48 
BUH 185.156.72.48 
OFFICE 185.156.72.48 
CHERKASOVAHM 185.156.72.48 
TRAVEL 185.156.72.48 
GUARD 185.156.72.48 
DASHA 185.156.72.48 
NASTYA 185.156.72.48 
RDP 185.156.72.48 
HUMAN 185.156.72.48 
BUH 185.156.72.48 
ASUS 185.156.72.48 
ADMINISTRATOR 185.156.72.48 
ÄçÄíéãàâ 185.156.72.48 
KOVALISHINA 185.156.72.48 
NATALI 185.156.72.48 
1ë 185.156.72.48 
CONFERENCE 185.156.72.48 
ADMINISTRATOR 185.156.72.48 
ÄããÄ 185.156.72.48 
XEROX 185.156.72.48 
MOLARE 185.156.72.48 
CRMADMIN 185.156.72.48 
STUDENT 185.156.72.48 
KIOSKLUA 185.156.72.48 
USER10 185.156.72.48 
DRIVER 185.156.72.48 
Äêõë 185.156.72.48 
BUH6 185.156.72.48 
ADMINISTRATOR 185.156.72.48 
RDP1 185.156.72.48 
USER14 185.156.72.48 
USER 185.156.72.48 
NOR6.ADMIN 185.156.72.48 
CONS 185.156.72.48 
USER 185.156.72.48 
OLYA 185.156.72.48 
NARINE 185.156.72.48 
USER 185.156.72.48 
ROXMIT 185.156.72.48 
KATE 185.156.72.48 
USER 185.156.72.48 
TEST2 185.156.72.48 
ÄãÖäëÄçÑêÄ 185.156.72.48 
USER 185.156.72.48 
TEACHER 185.156.72.48 
SUPPORT 185.156.72.48 
USER 185.156.72.48 
MELKAMBINAT 185.156.72.48 
USER17 185.156.72.48 
USER 185.156.72.48 
ADMIN 185.156.72.48 
PETROV 185.156.72.48 
USER 185.156.72.48 
ÄÑåàçàëíêÄíéê 185.156.72.48 
VIKTOR 185.156.72.48 
KAM 185.156.72.48 
USER 185.156.72.48 
TEMP 185.156.72.48 
NIKITA 185.156.72.48 
ÄÑåàçàëíêÄíéê 185.156.72.48 
TEST 185.156.72.48 
ÅìïÉÄãíÖêàü 185.156.72.48 
PETROV 185.156.72.48 
ÄÑåàçàëíêÄíéê 185.156.72.48 
DIRECTOR 185.156.72.48 
USER13 185.156.72.48 
ADMINISTRATOR 185.156.72.48 
KA 185.156.72.48 
INNA 185.156.72.48 
MANAGER4 185.156.72.48 
GUEST 185.156.72.48 
àêÄ 185.156.72.48 
ëÄòÄ 185.156.72.48 
UPDATER 185.156.72.48 
IGOR 185.156.72.48 
VIKTOR 185.156.72.48 
MEDOC 185.156.72.48 
Äçü 185.156.72.48 
SHARA 185.156.72.48 
T.KOZACHENKO 185.156.72.48 
TEST 185.156.72.48 
BUCH 185.156.72.48 
ROAD 185.156.72.48 
CLIENT 185.156.72.48 
INSTALL 185.156.72.48 
RDPUSER 185.156.72.48 
ZAL 185.156.72.48 
SHOWROOM 185.156.72.48 
KATE02_B2 185.156.72.48 
ADMINADMIN 185.156.72.48 
XEROX 185.156.72.48 
GLAVBUH 185.156.72.48 
KOLOMYIA 185.156.72.48 
TEST 185.156.72.48 
ALEX 185.156.72.48 
ÅìïÉÄãíÖê 185.156.72.48 
TMP 185.156.72.48 
KODI 185.156.72.48 
ûãü 185.156.72.48 
MAXIM 185.156.72.48 
SERGEYS 185.156.72.48 
ãÖçÄ 185.156.72.48 
PFO 185.156.72.48 
éäëÄçÄ 185.156.72.48 
êéÅéí 185.156.72.48 
RODNIK7 185.156.72.48 
USER 185.156.72.48 
ÇãÄÑàåàê 185.156.72.48 
USER 185.156.72.48 
1C-USER 185.156.72.48 
ÉãÄÇçõâÅìïÉÄãíÖê 185.156.72.48 
SUPPORT 185.156.72.48 
éäëÄçÄ 185.156.72.48 
åÖçÖÑÜÖê 185.156.72.48 
ROMAN 185.156.72.48 
ÅìïÄëíÄçÄ2 185.156.72.48 
QAZ 185.156.72.48 
SASHA 185.156.72.48 
TREBA 185.156.72.48 
ÄÑåàçàëíêÄíéê 185.156.72.48 
VITALIY 185.156.72.48 
DESIGNER 185.156.72.48 
GBUH 185.156.72.48 
ÄÑåàçàëíêÄíéê 185.156.72.48 
USR2 185.156.72.48 
MANAGER1 185.156.72.48 
ÄÑåàçàëíêÄíéê 185.156.72.48 
USR5 185.156.72.48 
MANAGER3 185.156.72.48 
ÄÑåàçàëíêÄíéê 185.156.72.48 
BUH1 185.156.72.48 
ÖäÄíÖêàçÄ 185.156.72.48 
USER 185.156.72.48 
GLBUH 185.156.72.48 
åÄêàçÄ 185.156.72.48 
USER 185.156.72.48 
BUH 185.156.72.48 
èéçéåÄêÖçäé 185.156.72.48 
MANAGER 185.156.72.48 
USER 185.156.72.48 
USER1 185.156.72.48 
ëÇÖíãÄçÄ 185.156.72.48 
USER 185.156.72.48 
1CPROG 185.156.72.48 
ÇÄãü 185.156.72.48 
USER 185.156.72.48 
MANAGER2 185.156.72.48 
CODE 185.156.72.48 
MANAGER3 185.156.72.48 
USER 185.156.72.48 
MANAGER3 185.156.72.48 
IPADPRO 185.156.72.48 
USER 185.156.72.48 
ALEKSEY 185.156.72.48 
DANILA 185.156.72.48 
USER 185.156.72.48 
GLBUH 185.156.72.48 
ÄãÖäëÄçÑê 185.156.72.48 
USER 185.156.72.48 
ANDREW 185.156.72.48 
ÄçÑêÖâ 185.156.72.48 
IGOR 185.156.72.48 
SASHA 185.156.72.48 
NATASHA 185.156.72.48 
IGOR 185.156.72.48 
ISPAKIM 185.156.72.48 
USER2 185.156.72.48 
IRA 185.156.72.48 
KIRILL 185.156.72.48 
AST 185.156.72.48 
ALEKSEY 185.156.72.48 
MANAGER2 185.156.72.48 
íÄçü 185.156.72.48 
ADMIN2 185.156.72.48 
MANAGER3 185.156.72.48 
äÄëëàê 185.156.72.48 
äÄëÄëÄçíÖïç?äÄ 185.156.72.48 
ADMINISTRATOR 185.156.72.48 
GLBUH 185.156.72.48 
åÄäëàå 185.156.72.48 
ADMINISTRATOR 185.156.72.48 
VITALIY 185.156.72.48 
äÄëÄíäÄóÖçäé 185.156.72.48 
SVETLANA 185.156.72.48 
VOVA 185.156.72.48 
DARREN 185.156.72.48 
BUH1 185.156.72.48 
INNA 185.156.72.48 
STAFF 185.156.72.48 
ëÇÖíÄ 185.156.72.48 
LESYA 185.156.72.48 
USER01 185.156.72.48 
ÄÑåàçàëíêÄíéê 185.156.72.48 
USER10 185.156.72.48 
KOLYA 185.156.72.48 
USER12 185.156.72.48 
ÄçÄëíÄëàü 185.156.72.48 
NIKOLAY 185.156.72.48 
MANAGER 185.156.72.48 
USER14 185.156.72.48 
ÄäåÄêÄã 185.156.72.48 
çÄíÄãúü 185.156.72.48 
BUH1 185.156.72.48 
USER5 185.156.72.48 
ÄççÄ 185.156.72.48 
ÖÇÉÖçàâ 185.156.72.48 
ALEXANDR 185.156.72.48 
USER7 185.156.72.48 
éãúóàä 185.156.72.48 
èéãúáéÇÄíÖãú 185.156.72.48 
OKSANA 185.156.72.48 
PROGRAMMER 185.156.72.48 
ÅÄêÇàñäÄü 185.156.72.48 
IRINA 185.156.72.48 
USER7 185.156.72.48 
RECEPTION 185.156.72.48 
êÖÄãàáÄñàü 185.156.72.48 
LENA 185.156.72.48 
ELNUR 185.156.72.48 
ÅìïÉÄãíÖê 185.156.72.48 
àÉéêú 185.156.72.48 
äÄëëàê 185.156.72.48 
HEBIBE 185.156.72.48 
ANYA 185.156.72.48 
GONCHARENKO 185.156.72.48 
ADMIN 185.156.72.48 
SQLUSER 185.156.72.48 
OKSANA 185.156.72.48 
DETALI 185.156.72.48 
ADMIN 185.156.72.48 
BUH 185.156.72.48 
IRINA 185.156.72.48 
SPECTR 185.156.72.48 
ADMIN 185.156.72.48 
ÑÄçàãÄ 185.156.72.48 
OLYA 185.156.72.48 
KASSA 185.156.72.48 
ADMIN 185.156.72.48 
å.ç.ëóÄëíúÖ 185.156.72.48 
KATYA 185.156.72.48 
GUEST 185.156.72.48 
ADMIN 185.156.72.48 
PIO 185.156.72.48 
ELENA 185.156.72.48 
MANAGER2 185.156.72.48 
GOD 185.156.72.48 
VM 185.156.72.48 
YULIA 185.156.72.48 
NATALYABUH 185.156.72.48 
ÉãÄÇÅìï 185.156.72.48 
ÇçÖòçàâ 185.156.72.48 
INNA 185.156.72.48 
GAZTEL 185.156.72.48 
SLAVA 185.156.72.48 
MEN2 185.156.72.48 
ALEX 185.156.72.48 
MEGAADMIN 185.156.72.48 
EKATERINA 185.156.72.48 
åÖíéÑàëí 185.156.72.48 
INNA 185.156.72.48 
FARMA 185.156.72.48 
VIKA 185.156.72.48 
SLAVA 185.156.72.48 
URIST 185.156.72.48 
RKEEPER 185.156.72.48 
ÉÄãàçÄ 185.156.72.48 
FS_ACCESS 185.156.72.48 
ûãàü 185.156.72.48 
BAR 185.156.72.48 
INNA 185.156.72.48 
èñç 185.156.72.48 
CYG_SERVER 185.156.72.48 
SQL 185.156.72.48 
BORIS 185.156.72.48 
RDP1 185.156.72.48 
LABUSER 185.156.72.48 
ADM 185.156.72.48 
åÖçÖÑÜÖê 185.156.72.48 
òÖî 185.156.72.48 
1 185.156.72.48 
KAR0003 185.156.72.48 
ëäãÄÑ 185.156.72.48 
SERGT 185.156.72.48 
åÖçÖÑÜÖê1 185.156.72.48 
ADMIN 185.156.72.48 
çÄÑÖÜÑÄ 185.156.72.48 
DUNA 185.156.72.48 
äÄÑêõ 185.156.72.48 
SMB 185.156.72.48 
TS 185.156.72.48 
NA 185.156.72.48 
MARKETING 185.156.72.48 
1CEH 185.156.72.48 
ABC 185.156.72.48 
7S 185.156.72.48 
SCANNER 185.156.72.48 
OKK 185.156.72.48 
TEST1 185.156.72.48 
RICOH 185.156.72.48 
BUH 185.156.72.48 
OPENAT 185.156.72.48 
ÄççÄ 185.156.72.48 
BUHGALTER 185.156.72.48 
2CEH 185.156.72.48 
LOGISTICS 185.156.72.48 
USERK 185.156.72.48 
USER 185.156.72.48 
CHURKIN 185.156.72.48 
KS 185.156.72.48 
FTP 185.156.72.48 
LABADMIN 185.156.72.48 
FINA 185.156.72.48 
ILS_ANONYMOUS_USER 185.156.72.48 
MIHALEVA 185.156.72.48 
UR1 185.156.72.48 
MANAGER 185.156.72.48 
LIZA 185.156.72.48 
CRL_FTP 185.156.72.48 
ÄÑåàçàëíêÄíéê 185.156.72.48 
POSTGRES 185.156.72.48 
BACKUPUSER 185.156.72.48 
USERK1 185.156.72.48 
ÄÑåàç 185.156.72.48 
ADM 185.156.72.48 
TERMINAL 185.156.72.48 
ÄçÑêÖâ 185.156.72.48 
ADMIN 185.156.72.48 
OLGA 185.156.72.48 
DIRECTOR 185.156.72.48 
ÄççÄ 185.156.72.48 
USER3 185.156.72.48 
OLEG 185.156.72.48 
STUD10 185.156.72.48 
74-1 185.156.72.48 
ZHANAR 185.156.72.48 
WEBDAV 185.156.72.48 
STUD11 185.156.72.48 
ROMAN 185.156.72.48 
ÄÑåàçàëíêÄíéê 185.156.72.48 
RESERVATION 185.156.72.48 
SHARE 185.156.72.48 
BLS 185.156.72.48 
DAI 185.156.72.48 
ëíìÑÖçí 185.156.72.48 
KUZIN 185.156.72.48 
USER2 185.156.72.48 
ANDRON 185.156.72.48 
BUH6 185.156.72.48 
USER 185.156.72.48 
WEBTUTOR 185.156.72.48 
ÄãÖäëÖâ 185.156.72.48 
OLGA 185.156.72.48 
EGOROVATA 185.156.72.48 
USER6 185.156.72.48 
OIT 185.156.72.48 
SVETLANA 185.156.72.48 
NEGABORIT 185.156.72.48 
USER7 185.156.72.48 
éèÖêÄíéê 185.156.72.48 
OLEG 185.156.72.48 
1C-ADMIN 185.156.72.48 
T1 185.156.72.48 
ëÄòÄ 185.156.72.48 
RADIO 185.156.72.48 
MAG 185.156.72.48 
DISP 185.156.72.48 
GUMBATOVA 185.156.72.48 
TEST 185.156.72.48 
ADMIN 185.156.72.48 
BANYA 185.156.72.48 
USER04 185.156.72.48 
ADMIN 185.156.72.48 
ADMIN 185.156.72.48 
KAFE 185.156.72.48 
COLORRENDER 185.156.72.48 
MARGARITA 185.156.72.48 
MANAGER 185.156.72.48 
VISIONLINE 185.156.72.48 
PRINTERK 185.156.72.48 
TDF 185.156.72.48 
1CADMIN 185.156.72.48 
ÄÉÖçí 185.156.72.48 
ÄçÑêÖâ 185.156.72.48 
ADMIN 185.156.72.48 
DIRECTOR 185.156.72.48 
N2 185.156.72.48 
éïêÄçÄ 185.156.72.48 
BUH8 185.156.72.48 
GLAVBUH 185.156.72.48 
êÖÄã 185.156.72.48 
IRA 185.156.72.48 
OLGA 185.156.72.48 
BUHGALTER 185.156.72.48 
éíóÖíõ 185.156.72.48 
COLORRENDER2 185.156.72.48 
FTPUSER 185.156.72.48 
åÖçÖÑÜÖê2 185.156.72.48 
äéçëéãú 185.156.72.48 
A_KOCHETOV 185.156.72.48 
PROBA 185.156.72.48 
ëÇÖíãÄçÄ 185.156.72.48 
TABLO 185.156.72.48 
NET 185.156.72.48 
PRINT 185.156.72.48 
DIRECTOR 185.156.72.48 
PRIVATIZ_OKNA 185.156.72.48 
A.SOROKOLETOV 185.156.72.48 
B3 185.156.72.48 
èéãúáéÇÄíÖãú 185.156.72.48 
OLUGANSKAYA 185.156.72.48 
V.KONOVALOV 185.156.72.48 
HUMAN 185.156.72.48 
PAVEL 185.156.72.48 
OIB-1 185.156.72.48 
1C_2 185.156.72.48 
PRINTER 185.156.72.48 
USER8 185.156.72.48 
USER_0 185.156.72.48 
PRINTUSER 185.156.72.48 
PRESENT 185.156.72.48 
USER5 185.156.72.48 
ADMIN2 185.156.72.48 
ÄÑåàçàëíêÄíéê 185.156.72.48 
B4 185.156.72.48 
OLGA 185.156.72.48 
DISP 185.156.72.48 
ÅìïÉÄãíÖêàü 185.156.72.48 
ADMINISTRATOR 185.156.72.48 
USER8 185.156.72.48 
ADMIN3 185.156.72.48 
ÖÇÉÖçàâ 185.156.72.48 
GLAVBUH 185.156.72.48 
íÄíúüçÄ 185.156.72.48 
KAM 185.156.72.48 
GARA 185.156.72.48 
BUH2 185.156.72.48 
íéÇÄêéÇÖÑ 185.156.72.48 
TV 185.156.72.48 
WS_FR 185.156.72.48 
USER1 185.156.72.48 
BUH2 185.156.72.48 
GOROD 185.156.72.48 
LENA 185.156.72.48 
BUH 185.156.72.48 
DIRECTOR 185.156.72.48 
WEB2PY 185.156.72.48 
N.BUKINA 185.156.72.48 
USER8 185.156.72.48 
íÄíúüçÄ 185.156.72.48 
USER2 185.156.72.48 
êìîàçÄ 185.156.72.48 
Ñåàíêàâ 185.156.72.48 
DIRECTOR 185.156.72.48 
1 185.156.72.48 
N.KONONENKO 185.156.72.48 
MAX 185.156.72.48 
SKLAD 185.156.72.48 
PC-SV04 185.156.72.48 
ÄÑåàç 185.156.72.48 
USER3 185.156.72.48 
BUH 185.156.72.48 
TEST 185.156.72.48 
áÇÖáÑÄ 185.156.72.48 
1C 185.156.72.48 
Ééëíú 185.156.72.48 
MAC 185.156.72.48 
SCAN 185.156.72.48 
USER2 185.156.72.48 
SVETA 185.156.72.48 
3320 185.156.72.48 
M.POLYANSKIY 185.156.72.48 
USER12 185.156.72.48 
KASSA 185.156.72.48 
R002-04 185.156.72.48 
KRAVCHENKO 185.156.72.48 
RETARD 185.156.72.48 
1C 185.156.72.48 
FIORD 185.156.72.48 
íÄêÄë 185.156.72.48 
ÄÑåàçàëíêÄíéê 185.156.72.48 
BOSS 185.156.72.48 
ÄãÖäëÄçÑêÄ 185.156.72.48 
PROBA 185.156.72.48 
ADMINISTRATOR 185.156.72.48 
CONSULTANT 185.156.72.48 
ÇÖêëíÄãúôàä 185.156.72.48 
ÉãÄÇÅìï 185.156.72.48 
5 185.156.72.48 
USER2 185.156.72.48 
EKSP 185.156.72.48 
NATALYA_ABON 185.156.72.48 
ADMIN 185.156.72.48 
USER 185.156.72.48 
ÄìÑàí 185.156.72.48 
PESTOVA 185.156.72.48 
MANAGER 185.156.72.48 
ÄÑåàçàëíêÄíéê 185.156.72.48 
ASUP 185.156.72.48 
MEDRES 185.156.72.48 
BIG 185.156.72.48 
ADMIN1C 185.156.72.48 
JUL 185.156.72.48 
ÄçÑêÖâÅéêàëéÇàó 185.156.72.48 
OKSANA 185.156.72.48 
ëäãÄÑ 185.156.72.48 
USERSHYM 185.156.72.48 
îÖÑìçüäÄ 185.156.72.48 
ALENA 185.156.72.48 
ADMIN1C 185.156.72.48 
OBB 185.156.72.48 
äéçëìãúíÄçí 185.156.72.48 
SYSADMIN 185.156.72.48 
èéãúáéÇÄíÖãú 185.156.72.48 
BYHGALTER 185.156.72.48 
ÇàäÄ 185.156.72.48 
éãúÉÄ 185.156.72.48 
TOSHIBA 185.156.72.48 
ADMINISTRATOR 185.156.72.48 
SHUBENKIN 185.156.72.48 
DANIL 185.156.72.48 
STUDENT12 185.156.72.48 
MANAGER3 185.156.72.48 
ÇàíÄãàâëÖêÉÖÖÇàó 185.156.72.48 
TATYANA 185.156.72.48 
LAB1 185.156.72.48 
MANAGER2 185.156.72.48 
SNIKER 185.156.72.48 
ARTEM 185.156.72.48 
GUEST 185.156.72.48 
MANAGER1 185.156.72.48 
ÇãÄÑÖãÖñ 185.156.72.48 
çÄíÄòÄ 185.156.72.48 
SCANNER 185.156.72.48 
USER6 185.156.72.48 
KOLOSOV 185.156.72.48 
TEMPUSER 185.156.72.48 
GUEST 185.156.72.48 
SEKRETAR 185.156.72.48 
S.VENGEROVA 185.156.72.48 
ÄÑåàçàëíêÄíéê 185.156.72.48 
USER 185.156.72.48 
VASILEVA 185.156.72.48 
VIDEO 185.156.72.48 
BACKUP 185.156.72.48 
SCAN 185.156.72.48 
BSADMIN 185.156.72.48 
LIST 185.156.72.48 
USER 185.156.72.48 
KYO 185.156.72.48 
SKLAD 185.156.72.48 
A.KOSMIN 185.156.72.48 
ÄÑåàçàëíêÄíéê 185.156.72.48 
TEACHER109 185.156.72.48 
USER3 185.156.72.48 
S.SANAEV 185.156.72.48 
KASSA 185.156.72.48 
VPR 185.156.72.48 
OPERATOR2 185.156.72.48 
KORSHUNOVA 185.156.72.48 
GLAVBUH 185.156.72.48 
SHARE 185.156.72.48 
TEST 185.156.72.48 
ãûëü 185.156.72.48 
1 185.156.72.48 
AUTODILLER 185.156.72.48 
USER30 185.156.72.48 
BENZION 185.156.72.48 
èéãúáéÇÄíÖãú 185.156.72.48 
XEEN172 185.156.72.48 
USER40 185.156.72.48 
UNIT 185.156.72.48 
éîàë 185.156.72.48 
DISPECHER 185.156.72.48 
USER50 185.156.72.48 
äÄëëÄ 185.156.72.48 
UPS 185.156.72.48 
USER 185.156.72.48 
éïêÄçÄ 185.156.72.48 
VIDEO 185.156.72.48 
DESK 185.156.72.48 
OPERATOR 185.156.72.48 
BERYA 185.156.72.48 
USER4 185.156.72.48 
1 185.156.72.48 
TERMINAL 185.156.72.48 
ROOT 185.156.72.48 
êéåÄç 185.156.72.48 
BACKUP 185.156.72.48 
ZOMBOTUPDATE 185.156.72.48 
DINA 185.156.72.48 
åÄäëàå 185.156.72.48 
SQL 185.156.72.48 
ZOMBOTUPDATEMASTER 185.156.72.48 
VITA 185.156.72.48 
Çàäíéê 185.156.72.48 
USER1 185.156.72.48 
AILETAKSI 185.156.72.48 
DMITRY 185.156.72.48 
TERMINAL 185.156.72.48 
åÖçÖÑÜÖê 185.156.72.48 
ILUHA 185.156.72.48 
USER 185.156.72.48 
USER03 185.156.72.48 
USER8 185.156.72.48 
TATIANA 185.156.72.48 
ASBUH 185.156.72.48 
ALEKSEY 185.156.72.48 
ART 185.156.72.48 
MARKETING 185.156.72.48 
BOSS 185.156.72.48 
IGOR 185.156.72.48 
MEDIA 185.156.72.48 
MYFIT 185.156.72.48 
BUH1 185.156.72.48 
SVETLANA 185.156.72.48 
ADMIN2 185.156.72.48 
SALE 185.156.72.48 
ÄÑåàçàëíêÄíéê 185.156.72.48 
PRINT 185.156.72.48 
RECEPTION 185.156.72.48 
SKLAD 185.156.72.48 
PETER 185.156.72.48 
MANAGER4 185.156.72.48 
INFO 185.156.72.48 
PROFIT1 185.156.72.48 
TRAINER 185.156.72.48 
ûãàü 185.156.72.48 
QWE 185.156.72.48 
PROFIT 185.156.72.48 
TEST 185.156.72.48 
TATYANA 185.156.72.48 
OPERATOR2 185.156.72.48 
BUHBUH 185.156.72.48 
ADMIN1C 185.156.72.48 
êéåÄç 185.156.72.48 
DIRECTOR 185.156.72.48 
NOUT 185.156.72.48 
USR1CV8 185.156.72.48 
çÄÑÖÜÑÄ 185.156.72.48 
USR2 185.156.72.48 
OWL 185.156.72.48 
USER18 185.156.72.48 
ALEKS 185.156.72.48 
1 185.156.72.48 
VIDEO 185.156.72.48 
1C_USER 185.156.72.48 
àÇÄç 185.156.72.48 
2 185.156.72.48 
FLEXO 185.156.72.48 
USER13 185.156.72.48 
RECEPTION 185.156.72.48 
3 185.156.72.48 
ANONYMOUS 185.156.72.48 
COMP 185.156.72.48 
BUH4 185.156.72.48 
TEST 185.156.72.48 
UNIVER 185.156.72.48 
CORP 185.156.72.48 
USER10 185.156.72.48 
éèÖê1 185.156.72.48 
PRIEMKA 185.156.72.48 
TATIANA 185.156.72.48 
SERVICE 185.156.72.48 
BUH1 185.156.72.48 
SNVASILCHENKO 185.156.72.48 
KRISTINA 185.156.72.48 
MANAGER 185.156.72.48 
BUH2 185.156.72.48 
DORMI_AMORE 185.156.72.48 
1C-ADMIN 185.156.72.48 
ÅìïÉÄãíÖê 185.156.72.48 
BUH3 185.156.72.48 
1BIT 185.156.72.48 
PROGRAMMER 185.156.72.48 
ÄÑåàç 185.156.72.48 
BUH3 185.156.72.48 
DIRECTOR 185.156.72.48 
ÄÑåàç 185.156.72.48 
åÄêàçÄ 185.156.72.48 
BUH 185.156.72.48 
éãúÉÄ 185.156.72.48 
DENIS 185.156.72.48 
ANDREY 185.156.72.48 
BUH3 185.156.72.48 
ÄÑåàçàëíêÄíéê 185.156.72.48 
SHAROMOVA 185.156.72.48 
USER20 185.156.72.48 
OKSANA 185.156.72.48 
BACKUP 185.156.72.48 
NET 185.156.72.48 
USER19 185.156.72.48 
IRINA 185.156.72.48 
LENA 185.156.72.48 
DORA 185.156.72.48 
USER2 185.156.72.48 
USER 185.156.72.48 
ERMAKOV 185.156.72.48 
WORK 185.156.72.48 
USER 185.156.72.48 
KODI 185.156.72.48 
éäëÄçÄ 185.156.72.48 
ÄÑåàçàëíêÄíéê 185.156.72.48 
AAM 185.156.72.48 
ìèêÄÇãüûôàâ 185.156.72.48 
ADMIN 185.156.72.48 
LENTA 185.156.72.48 
BUH6 185.156.72.48 
SKLAD 185.156.72.48 
SA 185.156.72.48 
éãúÉÄ 185.156.72.48 
ADMIN 185.156.72.48 
CSADMIN 185.156.72.48 
ëäãÄÑ 185.156.72.48 
ÅìïÉÄãíÖê 185.156.72.48 
USER2 185.156.72.48 
ÄãÖäëÖâ 185.156.72.48 
ÉãÄÇçõâÅìïÉÄãíÖê 185.156.72.48 
MISHA 185.156.72.48 
KASSA 185.156.72.48 
BUH 185.156.72.48 
RDP 185.156.72.48 
BUH4 185.156.72.48 
01 185.156.72.48 
SCANER 185.156.72.48 
ADMIN1C 185.156.72.48 
02 185.156.72.48 
ADMINISTRATOR 185.156.72.48 
111 185.156.72.48 
03 185.156.72.48 
ADMINISTRATOR 185.156.72.48 
ÄÑåàçàëíêÄíéê 185.156.72.48 
KOROLEV 185.156.72.48 
ADMIN 185.156.72.48 
YURA 185.156.72.48 
USER 185.156.72.48 
MANAGER 185.156.72.48 
ÄìÑàíéê 185.156.72.48 
NORMA 185.156.72.48 
MANAGER2 185.156.72.48 
ITM 185.156.72.48 
ADMIN 185.156.72.48 
KASSA 185.156.72.48 
GENA 185.156.72.48 
DELL01 185.156.72.48 
HOME 185.156.72.48 
DB2ADMIN 185.156.72.48 
BUH 185.156.72.48 
LENA 185.156.72.48 
ADMINISTRATOR 185.156.72.48 
DIMA 185.156.72.48 
DIANA 185.156.72.48 
ANNA 185.156.72.48 
ADMIN 185.156.72.48 
TESTUSER 185.156.72.48 
OXILEN 185.156.72.48 
OP1 185.156.72.48 
USER 185.156.72.48 
SCAN 185.156.72.48 
ADMINISTRATOR 185.156.72.48 
GUEST 185.156.72.48 
GLBUH 185.156.72.48 
SADMIN 185.156.72.48 
RDP_KKM2 185.156.72.48 
ANNA 185.156.72.48 
NATALYA 185.156.72.48 
BRYANSKAYA_P 185.156.72.48 
MICHAEL 185.156.72.48 
VALYA 185.156.72.48 
ëÖêÉÖâ 185.156.72.48 
SERVICES 185.156.72.48 
SMART 185.156.72.48 
ûãàü 185.156.72.48 
ADMINISTRATOR 185.156.72.48 
KASSA1 185.156.72.48 
KATYA 185.156.72.48 
LENAP 185.156.72.48 
PERSONAL 185.156.72.48 
TECH 185.156.72.48 
NIKA 185.156.72.48 
NATASHA 185.156.72.48 
SALES2 185.156.72.48 
AUDIT 185.156.72.48 
NINA_NOUT 185.156.72.48 
RAUL 185.156.72.48 
ADMIN 185.156.72.48 
KASSA 185.156.72.48 
GLBUH 185.156.72.48 
PTADM 185.156.72.48 
MTZ3 185.156.72.48 
BUH 185.156.72.48 
USER03 185.156.72.48 
PROGRAMMER 185.156.72.48 
KASSIRPDD 185.156.72.48 
BOSS 185.156.72.48 
1ë 185.156.72.48 
TEST 185.156.72.48 
ANDREY 185.156.72.48 
ÄÑåàçàëíêÄíéê 185.156.72.48 
ARTEM 185.156.72.48 
GALINA 185.156.72.48 
SHAVLEGI 185.156.72.48 
BSROOT 185.156.72.48 
NATALI 185.156.72.48 
USER 185.156.72.48 
USER 185.156.72.48 
TESTER 185.156.72.48 
MEDOC 185.156.72.48 
ADMIN 185.156.72.48 
PROGRAMMER 185.156.72.48 
CONSULTANT 185.156.72.48 
MAG3_OPER4 185.156.72.48 
HEYDAR.RUSTAMOV 185.156.72.48 
ABDUL 185.156.72.48 
7 185.156.72.48 
PORTNOV 185.156.72.48 
SHOWROOM 185.156.72.48 
MEN2 185.156.72.48 
ADMIN 185.156.72.48 
OHRANA 185.156.72.48 
USERTHOME 185.156.72.48 
ELISEEV_I 185.156.72.48 
ADMIN 185.156.72.48 
KONSULTANT 185.156.72.48 
IRA 185.156.72.48 
ADMIN 185.156.72.48 
HIT-ADMIN 185.156.72.48 
USER1 185.156.72.48 
MAN 185.156.72.48 
BSV 185.156.72.48 
MANAGER_14 185.156.72.48 
ADMIN 185.156.72.48 
ADMIN 185.156.72.48 
KRO 185.156.72.48 
AKIMOV 185.156.72.48 
1 185.156.72.48 
DSG 185.156.72.48 
OHRANA3 185.156.72.48 
USER1 185.156.72.48 
1C 185.156.72.48 
D.AHMETOV 185.156.72.48 
FAX 185.156.72.48 
USER1 185.156.72.48 
MEDIA 185.156.72.48 
D.PIRMATOVA 185.156.72.48 
VROMANOVSKIY 185.156.72.48 
SKLAD 185.156.72.48 
EGOR 185.156.72.48 
E.BAIMAGAMBETOVA 185.156.72.48 
USERTEST 185.156.72.48 
SCAN 185.156.72.48 
1CUSER 185.156.72.48 
G.KARZHAUKYZY 185.156.72.48 
ADMINISTRATOR 185.156.72.48 
ROMAN 185.156.72.48 
IRA 185.156.72.48 
G.KENES 185.156.72.48 
USER4 185.156.72.48 
SUPPORT 185.156.72.48 
SVETA 185.156.72.48 
NET_USER 185.156.72.48 
PRINTER 185.156.72.48 
RECEPTION 185.156.72.48 
NINA 185.156.72.48 
SASHOK 185.156.72.48 
USER5 185.156.72.48 
KASSA 185.156.72.48 
VERONIKA 185.156.72.48 
EGAIS 185.156.72.48 
USER01 185.156.72.48 
TOM 185.156.72.48 
LARISA 185.156.72.48 
STAS 185.156.72.48 
BUH 185.156.72.48 
OLGA 185.156.72.48 
ADMIN 185.156.72.48 
RECEPTION 185.156.72.48 
USER7 185.156.72.48 
STAR 185.156.72.48 
BOGDAN 185.156.72.48 
NUSA 185.156.72.48 
USER8 185.156.72.48 
ALEXEY 185.156.72.48 
YANA 185.156.72.48 
BOSS_EKSP 185.156.72.48 
USER02 185.156.72.48 
US1 185.156.72.48 
SOS 185.156.72.48 
AKSENOV 185.156.72.48 
USER12 185.156.72.48 
MANAGER 185.156.72.48 
1C 185.156.72.48 
BUCH3 185.156.72.48 
USER9 185.156.72.48 
WEBCAM 185.156.72.48 
MANAGER2 185.156.72.48 
BUH_GL 185.156.72.48 
USER11 185.156.72.48 
VORK1 185.156.72.48 
VADIM 185.156.72.48 
CLADODCHIK 185.156.72.48 
ANDREW 185.156.72.48 
TENDER 185.156.72.48 
CONFERENCE 185.156.72.48 
DISPETCHER 185.156.72.48 
USER10 185.156.72.48 
ADMIN 185.156.72.48 
INTERN 185.156.72.48 
EKONOMIST 185.156.72.48 
BUH1 185.156.72.48 
1 185.156.72.48 
AUDIT 185.156.72.48 
EKSP 185.156.72.48 
BUH2 185.156.72.48 
SERGEY 185.156.72.48 
SALON 185.156.72.48 
TEMP 185.156.72.48 
USER03 185.156.72.48 
AUDITOR2 185.156.72.48 
TEST 185.156.72.48 
ABEM3 185.156.72.48 
MAINTENANCE 185.156.72.48 
ADMINISTRATOR 185.156.72.48 
US2 185.156.72.48 
POS 185.156.72.48 
ANDREY 185.156.72.48 
ANNA 185.156.72.48 
BUH 185.156.72.48 
SERGEY 185.156.72.48 
APTEKA 185.156.72.48 
104 185.156.72.48 
ANDREY 185.156.72.48 
DEGT 185.156.72.48 
USER04 185.156.72.48 
NASTYA 185.156.72.48 
ADMIN 185.156.72.48 
IRA 185.156.72.48 
USER14 185.156.72.48 
ALINA 185.156.72.48 
RECEPTION 185.156.72.48 
DIR 185.156.72.48 
BUH3 185.156.72.48 
JULIA 185.156.72.48 
ADMINISTRATOR 185.156.72.48 
OLEG 185.156.72.48 
BUH4 185.156.72.48 
DELL 185.156.72.48 
J.BORISOVA 185.156.72.48 
FERMA2 185.156.72.48 
ANGELICA 185.156.72.48 
SCAN 185.156.72.48 
STATION 185.156.72.48 
NESTER 185.156.72.48 
MANAGER3 185.156.72.48 
RECEPTION 185.156.72.48 
1C8 185.156.72.48 
OBMEN 185.156.72.48 
ANIL 185.156.72.48 
USER 185.156.72.48 
QQ 185.156.72.48 
PROINTELLEKT 185.156.72.48 
TEST123 185.156.72.48 
SECURITY 185.156.72.48 
M_SEMENOV 185.156.72.48 
ABARKOV 185.156.72.48 
FAX 185.156.72.48 
SKLAD 185.156.72.48 
PRESENTATION 185.156.72.48 
ABEDOIDZE 185.156.72.48 
ADMINISTRATOR 185.156.72.48 
CLIENT 185.156.72.48 
B2B 185.156.72.48 
ABORODULIN 185.156.72.48 
MANAGER 185.156.72.48 
OPERATOR 185.156.72.48 
MASTER 185.156.72.48 
NUAGE 185.156.72.48 
GUEST 185.156.72.48 
SUPERVISOR 185.156.72.48 
ADMINISTRATOR 185.156.72.48 
AZR 185.156.72.48 
MANAGER 185.156.72.48 
TOMMY 185.156.72.48 
ADMINISTRATOR 185.156.72.48 
MALO 185.156.72.48 
BUHGALTER 185.156.72.48 
BUHGALTER 185.156.72.48 
GBUH 185.156.72.48 
ADM 185.156.72.48 
PRINTER 185.156.72.48 
PRINT 185.156.72.48 
OPERATOR1 185.156.72.48 
HP2 185.156.72.48 
RDP 185.156.72.48 
OFFICE1 185.156.72.48 
1C 185.156.72.48 
HP3 185.156.72.48 
ADMINISTRATOR 185.156.72.48 
MIKO 185.156.72.48 
SUPPORT 185.156.72.48 
HP4 185.156.72.48 
TEST 185.156.72.48 
SERGEY 185.156.72.48 
DIRECTOR 185.156.72.48 
RECEPTION 185.156.72.48 
USER 185.156.72.48 
MANAGER 185.156.72.48 
USER10 185.156.72.48 
DAV 185.156.72.48 
SKLAD 185.156.72.48 
AUDITOR 185.156.72.48 
BUH1 185.156.72.48 
SYM 185.156.72.48 
RDP 185.156.72.48 
URIST 185.156.72.48 
BUH3 185.156.72.48 
RASP 185.156.72.48 
V 185.156.72.48 
DANIL 185.156.72.48 
TESTER 185.156.72.48 
WEB_USER_1 185.156.72.48 
MAX 185.156.72.48 
VIPNET 185.156.72.48 
1? 185.156.72.48 
BUHGALTER 185.156.72.48 
ACTION 185.156.72.48 
DENIS 185.156.72.48 
SCAN 185.156.72.48 
BIBLIOTEKA 185.156.72.48 
SERVER 185.156.72.48 
ANDREY 185.156.72.48 
INFO 185.156.72.48 
SHARE 185.156.72.48 
IIS 185.156.72.48 
USER12 185.156.72.48 
GIO 185.156.72.48 
OLIMP 185.156.72.48 
TEMP 185.156.72.48 
SCANNER 185.156.72.48 
GAYANE 185.156.72.48 
TTANYA 185.156.72.48 
VPN 185.156.72.48 
ENDOK-POST 185.156.72.48 
ADM1993 185.156.72.48 
TIC 185.156.72.48 
MP 185.156.72.48 
ENDO-POST3 185.156.72.48 
GHOSTUSER 185.156.72.48 
IRINA_VIKTOROVNA 185.156.72.48 
QNAP 185.156.72.48 
ENDO-POL 185.156.72.48 
USER2 185.156.72.48 
INNA 185.156.72.48 
SU 185.156.72.48 
ENDO-ORD2 185.156.72.48 
ADMINISTRATOR 185.156.72.48 
APPARATCHIKI 185.156.72.48 
DEV 185.156.72.48 
ENDO-POST 185.156.72.48 
OMELEKHIN 185.156.72.48 
NACHALNIK 185.156.72.48 
LS 185.156.72.48 
ADMIN1C 185.156.72.48 
BORIS 185.156.72.48 
SKLAD 185.156.72.48 
IT 185.156.72.48 
TEST 185.156.72.48 
BUH 185.156.72.48 
ALL 185.156.72.48 
KAN 185.156.72.48 
USER4 185.156.72.48 
DIR 185.156.72.48 
BRAMA 185.156.72.48 
DIP 185.156.72.48 
TAFT 185.156.72.48 
AYNUR 185.156.72.48 
VEVO 185.156.72.48 
ÄÑåàçàëíêÄíéê 185.156.72.48 
ADMIN 185.156.72.48 
A.KUCHER 185.156.72.48 
FTPCLIENT 185.156.72.48 
ÄÑåàçàëíêÄíéê 185.156.72.48 
ADMINISTRATOR 185.156.72.48 
DIRECTOR 185.156.72.48 
COMP18 185.156.72.48 
MEGA 185.156.72.48 
OPERATOR 185.156.72.48 
SCAN_BUH 185.156.72.48 
COMP3 185.156.72.48 
WORKER 185.156.72.48 
ANDREY 185.156.72.48 
RANDOM 185.156.72.48 
COMP4 185.156.72.48 
SQLUSER 185.156.72.48 
OLGA 185.156.72.48 
PANFILOVANDREY 185.156.72.48 
CODER 185.156.72.48 
TSD 185.156.72.48 
SVETLANA 185.156.72.48 
A.DJANIYAZOVA 185.156.72.48 
TANYA 185.156.72.48 
ALEXANDR 185.156.72.48 
SERGEY 185.156.72.48 
A.GASHNIKOVA 185.156.72.48 
PECHAT 185.156.72.48 
USER8 185.156.72.48 
TABLE 185.156.72.48 
N.MELTSOVA 185.156.72.48 
PRESS 185.156.72.48 
ADMIN1C 185.156.72.48 
CAFE 185.156.72.48 
YURIST 185.156.72.48 
WIFIAUTH 185.156.72.48 
TSD 185.156.72.48 
MARCHENKO_AA 185.156.72.48 
ITSPEC 185.156.72.48 
A.BABENKO 185.156.72.48 
DANILOV 185.156.72.48 
TEST 185.156.72.48 
RIHTER 185.156.72.48 
KANCELYARIYA 185.156.72.48 
BUH2 185.156.72.48 
PAVEL 185.156.72.48 
USER 185.156.72.48 
NATALIYA 185.156.72.48 
BUH4 185.156.72.48 
MARIYA 185.156.72.48 
PARUS 185.156.72.48 
UROLOG 185.156.72.48 
BUH6 185.156.72.48 
SADM 185.156.72.48 
ADMINISTRATOR 185.156.72.48 
BLN 185.156.72.48 
BUH7 185.156.72.48 
ART 185.156.72.48 
ANOTHER 185.156.72.48 
FEEDER 185.156.72.48 
INNA 185.156.72.48 
GLUKHOVA 185.156.72.48 
VPNUSER 185.156.72.48 
KOLI7N 185.156.72.48 
ELENA 185.156.72.48 
SERVICE1 185.156.72.48 
EEFANOVA 185.156.72.48 
SAP 185.156.72.48 
USER8 185.156.72.48 
SCAN 185.156.72.48 
EPETROVA 185.156.72.48 
ANDROID 185.156.72.48 
USER13 185.156.72.48 
KOROBOV 185.156.72.48 
IPETROV 185.156.72.48 
1C3 185.156.72.48 
PROG 185.156.72.48 
FINA 185.156.72.48 
ITETERINA 185.156.72.48 
APTEKA 185.156.72.48 
OLEG 185.156.72.48 
USER3 185.156.72.48 
UBICHKOVSKAYA 185.156.72.48 
INSAITUSER 185.156.72.48 
1C 185.156.72.48 
JULIA 185.156.72.48 
YANNENKOVA 185.156.72.48 
KONTUR-FOCUS 185.156.72.48 
OLEG 185.156.72.48 
MANAGER 185.156.72.48 
ADMIN 185.156.72.48 
SERGEY 185.156.72.48 
111 185.156.72.48 
ADMINISTRATOR 185.156.72.48 
BANK 185.156.72.48 
TOODOOM_TEST 185.156.72.48 
1 185.156.72.48 
ADMIN 185.156.72.48 
89384439989 185.156.72.48 
TANYA 185.156.72.48 
ORXAN 185.156.72.48 
3 185.156.72.48 
D.ILATOVSKIY 185.156.72.48 
POS 185.156.72.48 
ADMIN1 185.156.72.48 
2 185.156.72.48 
USR_1 185.156.72.48 
STAT 185.156.72.48 
IGOR 185.156.72.48 
GLBUH 185.156.72.48 
BUCH2 185.156.72.48 
PRINTER 185.156.72.48 
DIRECTOR 185.156.72.48 
RADIO 185.156.72.48 
AMALSAM 185.156.72.48 
RECEPTION 185.156.72.48 
ZAZA 185.156.72.48 
GDUBROVSKAYA 185.156.72.48 
SYSADMIN 185.156.72.48 
USER4 185.156.72.48 
ADMINISTRATOR 185.156.72.48 
TKLEBANOVA 185.156.72.48 
TV 185.156.72.48 
ASMIRNOV 185.156.72.48 
ANNA 185.156.72.48 
TATYANA 185.156.72.48 
USER1CV8 185.156.72.48 
MIKROTIK 185.156.72.48 
DESIGN 185.156.72.48 
LOGIST 185.156.72.48 
BUH3 185.156.72.48 
CHOCHO 185.156.72.48 
OPTIMA 185.156.72.48 
SCANER 185.156.72.48 
ZAP1 185.156.72.48 
PLATOVA_OO 185.156.72.48 
ROSTOV 185.156.72.48 
ALTUNKITAB 185.156.72.48 
NATALY 185.156.72.48 
LANSCAN 185.156.72.48 
UPDATE 185.156.72.48 
TERMINAL1 185.156.72.48 
1C_USER 185.156.72.48 
INESSA 185.156.72.48 
NOVEKS_USER 185.156.72.48 
TEST1 185.156.72.48 
OPER2 185.156.72.48 
AKATOVAGYU 185.156.72.48 
ADMIN 185.156.72.48 
TERMINAL3 185.156.72.48 
KASSIR 185.156.72.48 
BABURINAN 185.156.72.48 
ZHUCHOK 185.156.72.48 
TERMINAL2 185.156.72.48 
TESTUSER 185.156.72.48 
SERVER 185.156.72.48 
DIMITAR 185.156.72.48 
DIANA 185.156.72.48 
CHEBIKIN 185.156.72.48 
KIROVB 185.156.72.48 
VISAMBAUSER 185.156.72.48 
USER2 185.156.72.48 
NASTYA 185.156.72.48 
MULT 185.156.72.48 
ALINA 185.156.72.48 
REALTO 185.156.72.48 
COMDIR 185.156.72.48 
SCAN 185.156.72.48 
ALINA 185.156.72.48 
USER 185.156.72.48 
FTP_USER 185.156.72.48 
SHAREMAN 185.156.72.48 
USER44 185.156.72.48 
VIKA 185.156.72.48 
BUH6 185.156.72.48 
ASDEMO 185.156.72.48 
L 185.156.72.48 
SISADMIN 185.156.72.48 
USR1CV8 185.156.72.48 
ATM1 185.156.72.48 
KDADMIN 185.156.72.48 
OPER1 185.156.72.48 
USER6 185.156.72.48 
KARDIOMETER_3 185.156.72.48 
ADMINISTRATOR 185.156.72.48 
KADRY 185.156.72.48 
TEST 185.156.72.48 
BORIS 185.156.72.48 
OVECHKIN 185.156.72.48 
DEMO 185.156.72.48 
ADMIN 185.156.72.48 
YULYAS 185.156.72.48 
BUH 185.156.72.48 
WESTHILLS 185.156.72.48 
123 185.156.72.48 
MARKETING 185.156.72.48 
ÄÑåàçàëíêÄíéê 185.156.72.48 
SUSHIYAMI 185.156.72.48 
CRYPTO 185.156.72.48 
SMK 185.156.72.48 
BUH2 185.156.72.48 
KAMENSKIHEA 185.156.72.48 
USER2 185.156.72.48 
OLEG 185.156.72.48 
STARTSEVANY-PC 185.156.72.48 
ARM 185.156.72.48 
LP 185.156.72.48 
SERGEY 185.156.72.48 
BUH3 185.156.72.48 
JULIA 185.156.72.48 
ALERTHAK 185.156.72.48 
BEKSULTAN 185.156.72.48 
WORK 185.156.72.48 
USER 185.156.72.48 
POSLANEC 185.156.72.48 
AMKG 185.156.72.48 
äÄåÖãàü 185.156.72.48 
ADMINISTRATOR 185.156.72.48 
ÄÑåàçàëíêÄíéê 185.156.72.48 
VPN2 185.156.72.48 
ADMIN 185.156.72.48 
VPN 185.156.72.48 
ëäãÄÑ 185.156.72.48 
EAN 185.156.72.48 
GALKA 185.156.72.48 
VIDEO 185.156.72.48 
íÄíúüçÄ 185.156.72.48 
SCAN 185.156.72.48 
USER 185.156.72.48 
USER12 185.156.72.48 
USER 185.156.72.48 
LIBERTY 185.156.72.48 
ÉéëéÇàóéãÖÉ 185.156.72.48 
COMP1 185.156.72.48 
USER2 185.156.72.48 
OHX4 185.156.72.48 
ZYR 185.156.72.48 
DKOLODA 185.156.72.48 
äÄëëÄ 185.156.72.48 
WLQ4 185.156.72.48 
BUH 185.156.72.48 
LOCADMIN 185.156.72.48 
ÄÑåàçàëíêÄíéê 185.156.72.48 
ADMIN 185.156.72.48 
ÅÄïåÄíéÇÄ 185.156.72.48 
NATA 185.156.72.48 
OK3 185.156.72.48 
REMUSER 185.156.72.48 
ÇÄëàãúÖÇ 185.156.72.48 
GLBUH 185.156.72.48 
TENDER 185.156.72.48 
HELPSUPPORT 185.156.72.48 
GUZ 185.156.72.48 
CHEF 185.156.72.48 
ARTEM 185.156.72.48 
NET 185.156.72.48 
àÇÄçéÇÄãÖäëÖâ 185.156.72.48 
USER3 185.156.72.48 
STOLYROV 185.156.72.48 
HELP 185.156.72.48 
LOMBARD 185.156.72.48 
TEST1 185.156.72.48 
POSTGRESQL 185.156.72.48 
INFO 185.156.72.48 
ÑéåÄòçàâ 185.156.72.48 
MARINA 185.156.72.48 
REMOTE 185.156.72.48 
GRAF 185.156.72.48 
NATALY 185.156.72.48 
DSAW 185.156.72.48 
ALINA 185.156.72.48 
ALEXNEK 185.156.72.48 
ëäÄçÖê 185.156.72.48 
KC 185.156.72.48 
ADMINISTRATOR 185.156.72.48 
APETROVA 185.156.72.48 
ãÄÅéêÄíéêàü 185.156.72.48 
ADMINISTRATOR 185.156.72.48 
AXPOS 185.156.72.48 
ACCOUNTANT 185.156.72.48 
VPN 185.156.72.48 
ARTUR 185.156.72.48 
ROOT 185.156.72.48 
INDIWINE 185.156.72.48 
DIRECTOR 185.156.72.48 
IRINA 185.156.72.48 
ELENA 185.156.72.48 
ADMIN1C 185.156.72.48 
A.DESHA 185.156.72.48 
ÇÄçàçÄ 185.156.72.48 
JULIA 185.156.72.48 
SOLOMATIN 185.156.72.48 
ALISA 185.156.72.48 
ENGINEER 185.156.72.48 
113 185.156.72.48 
EVGEN 185.156.72.48 
AUDITOR1 185.156.72.48 
BUH2 185.156.72.48 
ACCOUNT 185.156.72.48 
TESTUSER 185.156.72.48 
TOSHIBA 185.156.72.48 
DISP 185.156.72.48 
POSTGRES 185.156.72.48 
MIRONOVA 185.156.72.48 
NAS 185.156.72.48 
KARINA 185.156.72.48 
ADMIN 185.156.72.48 
US1 185.156.72.48 
AUDIT 185.156.72.48 
ìèêÄÇãüûôàâ 185.156.72.48 
MEDVEDEV 185.156.72.48 
RZA 185.156.72.48 
USER 185.156.72.48 
HOME 185.156.72.48 
VPN 185.156.72.48 
ùäéçéåàëí 185.156.72.48 
NATASHA 185.156.72.48 
PROFIT 185.156.72.48 
ADMINISTRATOR 185.156.72.48 
T.TOKAREVA 185.156.72.48 
SERVERDELL 185.156.72.48 
REMOTEUSER 185.156.72.48 
URIST 185.156.72.48 
BUHAEV 185.156.72.48 
ADMINISTRATOR 185.156.72.48 
SV30 185.156.72.48 
XREPORT 185.156.72.48 
BUHBLY 185.156.72.48 
VEEAM 185.156.72.48 
ÑÄÉÄ 185.156.72.48 
SCAN 185.156.72.48 
KBP 185.156.72.48 
TERMINAL 185.156.72.48 
USER 185.156.72.48 
SCAN 185.156.72.48 
TW-01-PC 185.156.72.48 
OP2 185.156.72.48 
ÄÑåàç 185.156.72.48 
KYOCERA 185.156.72.48 
AMURSK 185.156.72.48 
UNIT 185.156.72.48 
EMEX_SERVICE 185.156.72.48 
MFY 185.156.72.48 
PETLAHVI 185.156.72.48 
ADMIN 185.156.72.48 
METEO 185.156.72.48 
SEROV 185.156.72.48 
BOSTANIKM 185.156.72.48 
SKLAD 185.156.72.48 
ÅÄêÄçéÇÄ 185.156.72.48 
SEKRETAR 185.156.72.48 
BACKUP 185.156.72.48 
PUBLIC 185.156.72.48 
PPC 185.156.72.48 
MAKS 185.156.72.48 
NET 185.156.72.48 
ANGELINA 185.156.72.48 
ãéÉàçéÇÄ 185.156.72.48 
IRINA 185.156.72.48 
PC-11 185.156.72.48 
1CX-FRAME 185.156.72.48 
äÄîÖ 185.156.72.48 
RUSLAN 185.156.72.48 
SYSDBA 185.156.72.48 
MD.USERS 185.156.72.48 
IIKO 185.156.72.48 
TRAVMATOLOGIYA 185.156.72.48 
GBUH 185.156.72.48 
ADMAN 185.156.72.48 
USER 185.156.72.48 
UZI 185.156.72.48 
BBB 185.156.72.48 
äèè 185.156.72.48 
USER 185.156.72.48 
SAMARA3 185.156.72.48 
éãúÉÄ 185.156.72.48 
LEVITSKY 185.156.72.48 
ITCN 185.156.72.48 
TEMP 185.156.72.48 
AUTO-PC64 185.156.72.48 
USER07 185.156.72.48 
MICROSOF-E6999C 185.156.72.48 
CONTROL 185.156.72.48 
VALENTINA 185.156.72.48 
USER1 185.156.72.48 
SAMVEL 185.156.72.48 
BOSS 185.156.72.48 
EKATERINA 185.156.72.48 
BUH2 185.156.72.48 
NET 185.156.72.48 
BUH 185.156.72.48 
USER16 185.156.72.48 
LITUIEV 185.156.72.48 
SECRET 185.156.72.48 
IMPORT 185.156.72.48 
KYOCERA 185.156.72.48 
USER4 185.156.72.48 
FILIAL 185.156.72.48 
MAKSIM 185.156.72.48 
1S 185.156.72.48 
BUH1 185.156.72.48 
CKR 185.156.72.48 
PROEKT 185.156.72.48 
ALEKSANDR 185.156.72.48 
GAM02 185.156.72.48 
ELENA 185.156.72.48 
BUCH_2 185.156.72.48 
äÄíü 185.156.72.48 
ADMINISTRATOR 185.156.72.48 
GALINA 185.156.72.48 
ADMIN 185.156.72.48 
ëÖêÉÖâ 185.156.72.48 
TEST1 185.156.72.48 
GRISHA 185.156.72.48 
HELEN 185.156.72.48 
KADR 185.156.72.48 
USER70 185.156.72.48 
IRINA 185.156.72.48 
INFO2 185.156.72.48 
CHIEF 185.156.72.48 
USER123 185.156.72.48 
LENA 185.156.72.48 
TEMPADMIN 185.156.72.48 
MANAGERS 185.156.72.48 
TESTUSER 185.156.72.48 
LUDA 185.156.72.48 
SQLSERVER 185.156.72.48 
USR1CV8 185.156.72.48 
ADMINISTRATOR 185.156.72.48 
OLEG-CH 185.156.72.48 
REMOTE1 185.156.72.48 
USER02 185.156.72.48 
SQLBACKUP 185.156.72.48 
OLEG-U 185.156.72.48 
QUALITY 185.156.72.48 
BUH3 185.156.72.48 
IRINA 185.156.72.48 
SVETA 185.156.72.48 
WEST 185.156.72.48 
USER9 185.156.72.48 
ALEX 185.156.72.48 
NOD 185.156.72.48 
MISHA 185.156.72.48 
RECEPTION 185.156.72.48 
ADMIN1 185.156.72.48 
ANNA 185.156.72.48 
MARINA 185.156.72.48 
USER14 185.156.72.48 
SCANER 185.156.72.48 
VGTL-SRV 185.156.72.48 
SERGEY 185.156.72.48 
1C 185.156.72.48 
ADMIN 185.156.72.48 
RECORD 185.156.72.48 
MISHA 185.156.72.48 
POS1 185.156.72.48 
USER2 185.156.72.48 
ITIMOKHIN 185.156.72.48 
DARIA 185.156.72.48 
SKLAD 185.156.72.48 
USER7 185.156.72.48 
MYAKOVLEV 185.156.72.48 
SERGEI 185.156.72.48 
2 185.156.72.48 
SERVER2 185.156.72.48 
MNT 185.156.72.48 
STANISLAV 185.156.72.48 
MANAGER1 185.156.72.48 
OSCAR 185.156.72.48 
AWTBOOT 185.156.72.48 
SVETA 185.156.72.48 
MANAGER3 185.156.72.48 
TEACHER 185.156.72.48 
DEFAULT 185.156.72.48 
ALEX 185.156.72.48 
SERVICE 185.156.72.48 
SCANER 185.156.72.48 
IMPORT 185.156.72.48 
OLGA 185.156.72.48 
BUH3 185.156.72.48 
BACKUP 185.156.72.48 
MANAGER 185.156.72.48 
OLGA 185.156.72.48 
BUH4 185.156.72.48 
STUDENT 185.156.72.48 
ECONOMIST_2 185.156.72.48 
SKLAD 185.156.72.48 
SERVICE 185.156.72.48 
MASTER 185.156.72.48 
SCANER 185.156.72.48 
SVETA 185.156.72.48 
OLESYA 185.156.72.48 
ADMIN 185.156.72.48 
MEF 185.156.72.48 
NASTYA 185.156.72.48 
DMNET 185.156.72.48 
WIN7 185.156.72.48 
SHAREDIR 185.156.72.48 
NIKITA 185.156.72.48 
BUH 185.156.72.48 
AUDITOR 185.156.72.48 
BIO 185.156.72.48 
VERONIKA 185.156.72.48 
BUH2 185.156.72.48 
BUH1 185.156.72.48 
BUCH 185.156.72.48 
RECEPTION 185.156.72.48 
BUH 185.156.72.48 
MASTER 185.156.72.48 
AETERNA 185.156.72.48 
RESERVATION 185.156.72.48 
1C 185.156.72.48 
ADM 185.156.72.48 
GUEST 185.156.72.48 
USER7 185.156.72.48 
SALES 185.156.72.48 
SALES 185.156.72.48 
FTPREAD 185.156.72.48 
NORMA 185.156.72.48 
TATYANA 185.156.72.48 
GAMES 185.156.72.48 
AS101 185.156.72.48 
ADMINISTRATOR 185.156.72.48 
VM 185.156.72.48 
CHUPA 185.156.72.48 
USER123 185.156.72.48 
ADMINISTRATOR 185.156.72.48 
JAN 185.156.72.48 
USER 185.156.72.48 
PROMTEXFILTEC 185.156.72.48 
USER2 185.156.72.48 
TEMPUSER 185.156.72.48 
VALENTINA 185.156.72.48 
DUNE 185.156.72.48 
NEWUSER 185.156.72.48 
TEMP1 185.156.72.48 
ÉãÄÇÅìï 185.156.72.48 
BKS 185.156.72.48 
TEST2 185.156.72.48 
DMTNT 185.156.72.48 
MANAGER1 185.156.72.48 
CONS 185.156.72.48 
REMOTE 185.156.72.48 
FREELANCER 185.156.72.48 
1ë 185.156.72.48 
VAVILONGROUP 185.156.72.48 
ADMIN 185.156.72.48 
ÑàêÖäíéê 185.156.72.48 
ëÇÖíãÄçÄ 185.156.72.48 
USERBMS 185.156.72.48 
DEMO 185.156.72.48 
KITAYKINFA 185.156.72.48 
ëÖêÉÖâ 185.156.72.48 
KINOMATIKA 185.156.72.48 
DEMO 185.156.72.48 
ÄÑåàç 185.156.72.48 
KOSTYA 185.156.72.48 
DARIA 185.156.72.48 
USER 185.156.72.48 
ÑàêÖäíéê 185.156.72.48 
BUH2 185.156.72.48 
LYBOV 185.156.72.48 
USER 185.156.72.48 
ÄãÖçÄ 185.156.72.48 
USER4 185.156.72.48 
AHTIRKA 185.156.72.48 
USER 185.156.72.48 
YARIK 185.156.72.48 
TATYANA 185.156.72.48 
OPALAMARCHUK 185.156.72.48 
USER 185.156.72.48 
HOMESERVER 185.156.72.48 
ÄÑåàçàëíêÄíéê 185.156.72.48 
KVIKTOR 185.156.72.48 
Çàäíéê 185.156.72.48 
GRAND 185.156.72.48 
TESTUSER 185.156.72.48 
USER 185.156.72.48 
ÑàëèÖíóÖê 185.156.72.48 
PRINTER 185.156.72.48 
USER12 185.156.72.48 
SALES 185.156.72.48 
äëÖçàü 185.156.72.48 
KRIVOSHEIN 185.156.72.48 
AUDITOR 185.156.72.48 
MOLCHANOV 185.156.72.48 
åÖçÖÑÜÖê1 185.156.72.48 
ÄÑåàçàëíêÄíéê 185.156.72.48 
PUBLIC 185.156.72.48 
1C-1 185.156.72.48 
ùÑìÄêÑ 185.156.72.48 
ÄÑåàçàëíêÄíéê 185.156.72.48 
SUPPORT 185.156.72.48 
1C-2 185.156.72.48 
Çàäíéê 185.156.72.48 
H_PRITNT 185.156.72.48 
Ééëíú 185.156.72.48 
USER-02 185.156.72.48 
äÄíü 185.156.72.48 
TATIANA.POPOVA 185.156.72.48 
MANAGER 185.156.72.48 
IVMS 185.156.72.48 
äëÖçàü 185.156.72.48 
äéçíêéãÖê 185.156.72.48 
SKLAD 185.156.72.48 
ALEX 185.156.72.48 
íêÄî 185.156.72.48 
LENOVO 185.156.72.48 
TEST 185.156.72.48 
åÖçÖÑÜÖê10 185.156.72.48 
ÅìïÉÄãíÖêëóÄëíúÖ 185.156.72.48 
USER 185.156.72.48 
íÄêÄë 185.156.72.48 
ÄÑåàç 185.156.72.48 
JOKER 185.156.72.48 
ORG_UCH_PROC 185.156.72.48 
VLAD.BONDAR 185.156.72.48 
SEB 185.156.72.48 
ENTONY 185.156.72.48 
ELENA 185.156.72.48 
OBMEN 185.156.72.48 
ANNA 185.156.72.48 
àçëèÖäñàü 185.156.72.48 
PUBLIC 185.156.72.48 
KATYA 185.156.72.48 
USERADM 185.156.72.48 
VIT 185.156.72.48 
OLGA 185.156.72.48 
ADMIN1 185.156.72.48 
MINULIN 185.156.72.48 
MANAGER2 185.156.72.48 
ëÄòÄ 185.156.72.48 
MANAGER 185.156.72.48 
MANAGER5 185.156.72.48 
YURIY 185.156.72.48 
ASKUE 185.156.72.48 
RIO3 185.156.72.48 
SERGEY 185.156.72.48 
SCAN 185.156.72.48 
BUH3 185.156.72.48 
OPERATOR2 185.156.72.48 
ANQILA 185.156.72.48 
DIREKTOR 185.156.72.48 
RIO7 185.156.72.48 
BEREKE 185.156.72.48 
ENRG 185.156.72.48 
åÄäëàå 185.156.72.48 
KASKAD 185.156.72.48 
GLAVBUH 185.156.72.48 
ëäãÄÑ 185.156.72.48 
OPERATOR2 185.156.72.48 
USER 185.156.72.48 
åÖçÖÑÜÖê5 185.156.72.48 
GUEST 185.156.72.48 
èíé 185.156.72.48 
GLAVIN 185.156.72.48 
ROOT 185.156.72.48 
KORZINA 185.156.72.48 
KADRY 185.156.72.48 
ALLA 185.156.72.48 
ROOT 185.156.72.48 
MT 185.156.72.48 
MECH 185.156.72.48 
USER 185.156.72.48 
KOMBIT 185.156.72.48 
1111 185.156.72.48 
BACKUP 185.156.72.48 
PARVIZ 185.156.72.48 
NOTEBOOK 185.156.72.48 
ADMIN 185.156.72.48 
TURKESTAN 185.156.72.48 
1234 185.156.72.48 
OFFICE3 185.156.72.48 
VIDEO 185.156.72.48 
MAJOR 185.156.72.48 
AUP_KVS 185.156.72.48 
MED9 185.156.72.48 
USER 185.156.72.48 
BUH_BAS 185.156.72.48 
RUMBA 185.156.72.48 
PROGRAMMER2 185.156.72.48 
BOSS 185.156.72.48 
SKLAD 185.156.72.48 
USERS 185.156.72.48 
PUBLIC 185.156.72.48 
GUEST1 185.156.72.48 
GRABLEV 185.156.72.48 
USER2 185.156.72.48 
GUEST1 185.156.72.48 
NSS 185.156.72.48 
USER3 185.156.72.48 
BOSS 185.156.72.48 
BUHGALTER 185.156.72.48 
USER8 185.156.72.48 
COMP101 185.156.72.48 
çÖí 185.156.72.48 
ALEXANDER 185.156.72.48 
INFO 185.156.72.48 
12 185.156.72.48 
SVETLANA 185.156.72.48 
14 185.156.72.48 
BUH4 185.156.72.48 
DINAMO 185.156.72.48 
18 185.156.72.48 
BACKUP 185.156.72.48 
MARIA 185.156.72.48 
19 185.156.72.48 
MARAT 185.156.72.48 
BARTER 185.156.72.48 
COMP103 185.156.72.48 
DIANA 185.156.72.48 
AVEGASVS 185.156.72.48 
MASTER 185.156.72.48 
COMP104 185.156.72.48 
ìèêÄÇãüûôàâ 185.156.72.48 
LASER 185.156.72.48 
31 185.156.72.48 
äãÄÑéÇôàä 185.156.72.48 
MANAGER 185.156.72.48 
BORISLAVNEW 185.156.72.48 
NEKRASOV 185.156.72.48 
IVANOVO 185.156.72.48 
BACKUP 185.156.72.48 
41 185.156.72.48 
VERSAL 185.156.72.48 
SRADIONOVA 185.156.72.48 
42 185.156.72.48 
USER3 185.156.72.48 
ÉãÄÇÅìï 185.156.72.48 
MASTER 185.156.72.48 
COMP107 185.156.72.48 
1CSERVER 185.156.72.48 
TEST 185.156.72.48 
STAR 185.156.72.48 
DIRECTOR 185.156.72.48 
SCAN 185.156.72.48 
S1 185.156.72.48 
BUCH 185.156.72.48 
USR 185.156.72.48 
COMP109 185.156.72.48 
LUDMILA 185.156.72.48 
E.SMIRNOVA 185.156.72.48 
TV 185.156.72.48 
QWERTY 185.156.72.48 
K.B.KLIMASHONOK 185.156.72.48 
COMP112 185.156.72.48 
FINDIR 185.156.72.48 
OBMEN 185.156.72.48 
BKP 185.156.72.48 
TEMP 185.156.72.48 
ODMIN 185.156.72.48 
TIMO 185.156.72.48 
COMP113 185.156.72.48 
TEMP 185.156.72.48 
USR1CV8 185.156.72.48 
QWE 185.156.72.48 
COMP121 185.156.72.48 
POSTMASTER 185.156.72.48 
DETKOVA 185.156.72.48 
ALEX 185.156.72.48 
OPERATOR2 185.156.72.48 
DUNAEVA 185.156.72.48 
MANKOV 185.156.72.48 
ÄìÑàíéê 185.156.72.48 
FINANCE 185.156.72.48 
VOROTA2 185.156.72.48 
TEST 185.156.72.48 
RICOH 185.156.72.48 
KASSA1 185.156.72.48 
TEST3 185.156.72.48 
KRISTINA 185.156.72.48 
AVTO 185.156.72.48 
UCHET 185.156.72.48 
TEST4 185.156.72.48 
TEMPLATE 185.156.72.48 
KASSA2 185.156.72.48 
USER01 185.156.72.48 
RTCSERVICE 185.156.72.48 
ATECHNOLOGY 185.156.72.48 
ITS 185.156.72.48 
GBUH 185.156.72.48 
PHOTO 185.156.72.48 
FIRST 185.156.72.48 
PSK 185.156.72.48 
NCXP3 185.156.72.48 
EVGENY 185.156.72.48 
KGUSEVA 185.156.72.48 
SVOB-OPER 185.156.72.48 
TERM3 185.156.72.48 
NAZD 185.156.72.48 
BUH1 185.156.72.48 
TERM2 185.156.72.48 
ARTEM 185.156.72.48 
GLCL1 185.156.72.48 
EXTUSER 185.156.72.48 
YAKR 185.156.72.48 
DIMA 185.156.72.48 
äÄÑêéÇàä 185.156.72.48 
RIVA 185.156.72.48 
USER-BUHG-02 185.156.72.48 
SNAB 185.156.72.48 
ALEXSH 185.156.72.48 
VIDEOSER2 185.156.72.48 
Ñåàíêàâ 185.156.72.48 
ENGINEER 185.156.72.48 
CALLCENTR1 185.156.72.48 
BUX 185.156.72.48 
BATUMI 185.156.72.48 
BALTASIADMIN 185.156.72.48 
REZONANS 185.156.72.48 
KADR 185.156.72.48 
HOTEL 185.156.72.48 
TEHNIK 185.156.72.48 
DISPATCHER 185.156.72.48 
LUDA 185.156.72.48 
LENA 185.156.72.48 
USER 185.156.72.48 
SELLER2 185.156.72.48 
NNORENKOVA 185.156.72.48 
ADMIN2 185.156.72.48 
ARMSOFT 185.156.72.48 
NTKTV 185.156.72.48 
àÉéêú 185.156.72.48 
KYOCERA 185.156.72.48 
ANALITIK-ALEX 185.156.72.48 
AVTOMEENKO 185.156.72.48 
1S 185.156.72.48 
ADMINISTRATOR 185.156.72.48 
ANDREEVA 185.156.72.48 
ADM 185.156.72.48 
LEXA 185.156.72.48 
RDPUSER1 185.156.72.48 
BOSS 185.156.72.48 
VENADM 185.156.72.48 
POCHELOV 185.156.72.48 
SHARYPOVAV 185.156.72.48 
MASTER 185.156.72.48 
S2 185.156.72.48 
YARMOLUK 185.156.72.48 
ALEX 185.156.72.48 
RDPUSER2 185.156.72.48 
TEMP 185.156.72.48 
TT 185.156.72.48 
OHRANAPROTVINO 185.156.72.48 
1990 185.156.72.48 
TERMINAL 185.156.72.48 
L.DANTSEVA 185.156.72.48 
FTP_SNS 185.156.72.48 
MM123$ 185.156.72.48 
ARH2 185.156.72.48 
ITCCAM 185.156.72.48 
EXAM2 185.156.72.48 
äãàÖçíåÖçÖÑÜÖê 185.156.72.48 
SEVEN 185.156.72.48 
CONF 185.156.72.48 
ÑàêÖäíéê 185.156.72.48 
OPERATOR 185.156.72.48 
USER 185.156.72.48 
DOKTOR_RU 185.156.72.48 
E.POLISHCHUK 185.156.72.48 
DIRECTOR 185.156.72.48 
ADMINISTRATOR 185.156.72.48 
SS1 185.156.72.48 
SHARE 185.156.72.48 
SERVER 185.156.72.48 
PETR2 185.156.72.48 
ëäéêéïéÑéÇÄíÄíúüçÄ 185.156.72.48 
BUH-3 185.156.72.48 
KASSIR 185.156.72.48 
VCHUGUNOV 185.156.72.48 
CH_DIREKTOR 185.156.72.48 
110 185.156.72.48 
BITRIX 185.156.72.48 
ZAHAR 185.156.72.48 
çÄíÄãúü 185.156.72.48 
BAR 185.156.72.48 
FIREBIRD 185.156.72.48 
YARIK 185.156.72.48 
MIKHALCHUK 185.156.72.48 
ADMIN 185.156.72.48 
1C 185.156.72.48 
3CLIENT 185.156.72.48 
DECOR 185.156.72.48 
ÉéçóÄêéÇÄçíéç 185.156.72.48 
PPHUD 185.156.72.48 
IPAD 185.156.72.48 
MASTER-STO 185.156.72.48 
BUH2 185.156.72.48 
GLAVBUH 185.156.72.48 
VOROTA 185.156.72.48 
FTP 185.156.72.48 
HP 185.156.72.48 
ÅìïÉÄãíÖê 185.156.72.48 
1CTERM 185.156.72.48 
KAS2 185.156.72.48 
CTC10 185.156.72.48 
ÑàêÖäíéê 185.156.72.48 
1CUSER 185.156.72.48 
USER2 185.156.72.48 
AUDENKOV 185.156.72.48 
MANAGER1 185.156.72.48 
LOTUS.ANDREY 185.156.72.48 
ÉêÖÅÖçäéíÄíúüçÄ 185.156.72.48 
STAROVOYTOVA 185.156.72.48 
ORDER 185.156.72.48 
NATALYA 185.156.72.48 
POSTGRES 185.156.72.48 
SCAN 185.156.72.48 
T.OSHAKBAYEV 185.156.72.48 
TATIANA 185.156.72.48 
CIT 185.156.72.48 
ALYAEVPN 185.156.72.48 
DMITRY 185.156.72.48 
MCKO 185.156.72.48 
ADMINISTRACIYA 185.156.72.48 
BACKUP 185.156.72.48 
SANTA 185.156.72.48 
1 185.156.72.48 
PC11 185.156.72.48 
KATYA 185.156.72.48 
HP 185.156.72.48 
TRANSPORT 185.156.72.48 
GUU 185.156.72.48 
T.LISAKONOVA 185.156.72.48 
USER1_1 185.156.72.48 
NKS 185.156.72.48 
OEMOPT 185.156.72.48 
VITALIY 185.156.72.48 
IML 185.156.72.48 
CASH 185.156.72.48 
èéãúáéÇÄíÖãú1 185.156.72.48 
ALB 185.156.72.48 
CHISTOVEN 185.156.72.48 
àÉéêú 185.156.72.48 
SKLADKARAGANDA 185.156.72.48 
AGORA 185.156.72.48 
V 185.156.72.48 
àêàçÄ 185.156.72.48 
TEMP 185.156.72.48 
BEREZOVA 185.156.72.48 
PRINTER 185.156.72.48 
TEST 185.156.72.48 
GANINAEN 185.156.72.48 
ZAM_REDAKTORA 185.156.72.48 
GUEST 185.156.72.48 
GAR3 185.156.72.48 
ÖÇÉÖçàâ 185.156.72.48 
SKLAD 185.156.72.48 
HRBOSS 185.156.72.48 
FTP 185.156.72.48 
USER 185.156.72.48 
ÉãÖÅ 185.156.72.48 
MAXIM 185.156.72.48 
SCANNER 185.156.72.48 
KLUCHANKOVAS 185.156.72.48 
NAILYA 185.156.72.48 
SKLAD 185.156.72.48 
TEMP 185.156.72.48 
ADMIN 185.156.72.48 
TEST 185.156.72.48 
FANDYUSHKIN 185.156.72.48 
ADMIN_S 185.156.72.48 
USER 185.156.72.48 
íêÄî 185.156.72.48 
ALEXANDRA 185.156.72.48 
SCAN 185.156.72.48 
KASSA 185.156.72.48 
PPHUD 185.156.72.48 
SCAN 185.156.72.48 
POPOVATAT 185.156.72.48 
1CUSER 185.156.72.48 
PRINTER 185.156.72.48 
CYG_SERVER 185.156.72.48 
NASTIA 185.156.72.48 
ADMINISTRATOR 185.156.72.48 
SCAN 185.156.72.48 
VMOSKIN 185.156.72.48 
SVETA 185.156.72.48 
UTM 185.156.72.48 
PRINTER 185.156.72.48 
UT 185.156.72.48 
INTERN 185.156.72.48 
CONSOLE 185.156.72.48 
SCAN 185.156.72.48 
SA 185.156.72.48 
USER2 185.156.72.48 
DEMO 185.156.72.48 
ARCHISOL 185.156.72.48 
USER4 185.156.72.48 
SCAN 185.156.72.48 
STAR 185.156.72.48 
USER3 185.156.72.48 
TEST123 185.156.72.48 
PRINTER 185.156.72.48 
ADMINISTRATOR 185.156.72.48 
1C 185.156.72.48 
1 185.156.72.48 
M1 185.156.72.48 
BUH1 185.156.72.48 
ADMINISTRATOR 185.156.72.48 
SCAN 185.156.72.48 
MONITORING 185.156.72.48 
BUH2 185.156.72.48 
888888 185.156.72.48 
ADM 185.156.72.48 
ADMINISTRATOR 185.156.72.48 
VPN 185.156.72.48 
BUHGALTER 185.156.72.48 
IPAD 185.156.72.48 
U 185.156.72.48 
1 185.156.72.48 
AUDIT 185.156.72.48 
BARANOVA 185.156.72.48 
REMOTE 185.156.72.48 
N.TARASOVA 185.156.72.48 
MAKAROVA 185.156.72.48 
SCAN 185.156.72.48 
ñàí 185.156.72.48 
KNYAZEV 185.156.72.48 
BUH3 185.156.72.48 
ADM 185.156.72.48 
ÅÄïÄêÖÇÄãà 185.156.72.48 
SIDOROVA 185.156.72.48 
SCAN 185.156.72.48 
Éàë 185.156.72.48 
PRIEMKA 185.156.72.48 
SCAN 185.156.72.48 
ST_KASS 185.156.72.48 
PC11 185.156.72.48 
POSTGRES 185.156.72.48 
LINE 185.156.72.48 
NATASHA 185.156.72.48 
ODIEVICH_VA 185.156.72.48 
REMOTEADMIN 185.156.72.48 
ANNA 185.156.72.48 
ACHELIDZE 185.156.72.48 
OFFICE 185.156.72.48 
OPERATOR01 185.156.72.48 
INNA 185.156.72.48 
PROBOOK3-USER1 185.156.72.48 
MARIA 185.156.72.48 
KASSA 185.156.72.48 
ADMINISTRATOR 185.156.72.48 
ADMIN 185.156.72.48 
PC04 185.156.72.48 
MOBIC 185.156.72.48 
DOCTOR2 185.156.72.48 
PC01 185.156.72.48 
ANDREY 185.156.72.48 
KIM 185.156.72.48 
USER3 185.156.72.48 
MEMBER 185.156.72.48 
MARINA 185.156.72.48 
BRUS 185.156.72.48 
ABOIHAP 185.156.72.48 
LENOVO 185.156.72.48 
EKT 185.156.72.48 
TERADMIN 185.156.72.48 
PC03 185.156.72.48 
MRVKUS 185.156.72.48 
USER3 185.156.72.48 
PC02 185.156.72.48 
AUDITOR 185.156.72.48 
MARINAZEREKIDZE 185.156.72.48 
LUDA 185.156.72.48 
LAB 185.156.72.48 
FTP 185.156.72.48 
TATIANA 185.156.72.48 
TESTUSER 185.156.72.48 
M127 185.156.72.48 
GLAVBUH 185.156.72.48 
TEST1 185.156.72.48 
ARG 185.156.72.48 
BACKUP 185.156.72.48 
TEST1 185.156.72.48 
LSA 185.156.72.48 
EKATERINA 185.156.72.48 
GARY 185.156.72.48 
BUH2 185.156.72.48 
ANGELINA 185.156.72.48 
ALAN 185.156.72.48 
BUH3 185.156.72.48 
KASSIR 185.156.72.48 
NIKO 185.156.72.48 
USER06 185.156.72.48 
JULIA 185.156.72.48 
SCANNER 185.156.72.48 
ADM 185.156.72.48 
DARIA 185.156.72.48 
SYS 185.156.72.48 
MARINA 185.156.72.48 
1CSHARE 185.156.72.48 
ROMAN 185.156.72.48 
123 185.156.72.48 
ARMANI 185.156.72.48 
ANASTASIYA 185.156.72.48 
SERVICES 185.156.72.48 
DIRK 185.156.72.48 
URIST 185.156.72.48 
ARCHIVE001 185.156.72.48 
REG 185.156.72.48 
GALINA 185.156.72.48 
OPERATOR 185.156.72.48 
N.GONCHARENKO 185.156.72.48 
LARISA 185.156.72.48 
MASHA 185.156.72.48 
SCAN 185.156.72.48 
KOSTYA 185.156.72.48 
OLEG 185.156.72.48 
SUPPORT 185.156.72.48 
DMITRIY 185.156.72.48 
1C 185.156.72.48 
MEDIA 185.156.72.48 
RUSLAN 185.156.72.48 
USER35 185.156.72.48 
BORIS 185.156.72.48 
FTPUSER 185.156.72.48 
USER 185.156.72.48 
ISERVER 185.156.72.48 
DEMO 185.156.72.48 
ADMINISTRATOR 185.156.72.48 
USER1 185.156.72.48 
TEMP 185.156.72.48 
SNT-KASSIR 185.156.72.48 
WH 185.156.72.48 
GLBUH 185.156.72.48 
SNT-PREDSEDATEL 185.156.72.48 
AUDIT 185.156.72.48 
REPORTER 185.156.72.48 
AUDIT 185.156.72.48 
JURIST 185.156.72.48 
VLAD 185.156.72.48 
ACCOUNTING 185.156.72.48 
SHARE 185.156.72.48 
HOME 185.156.72.48 
ACCOUNT 185.156.72.48 
NIKITA 185.156.72.48 
GRIDINE 185.156.72.48 
ZEBRA 185.156.72.48 
TESTUSER 185.156.72.48 
TEHNOLOG 185.156.72.48 
DANILOVA 185.156.72.48 
OPERATOR 185.156.72.48 
USER 185.156.72.48 
PUBLIC 185.156.72.48 
1 185.156.72.48 
BUHG 185.156.72.48 
USER1 185.156.72.48 
G.ILYUSHINA 185.156.72.48 
DELOADMIN 185.156.72.48 
LUTSENKO 185.156.72.48 
MMV 185.156.72.48 
SKLAD 185.156.72.48 
IVAN 185.156.72.48 
ITO 185.156.72.48 
GLBUH 185.156.72.48 
OLGA 185.156.72.48 
LOCALUSER 185.156.72.48 
SECRETAR 185.156.72.48 
ELI 185.156.72.48 
IVANOV 185.156.72.48 
V.EFIMOV 185.156.72.48 
KIVI 185.156.72.48 
USER3 185.156.72.48 
PROD 185.156.72.48 
NIKITA 185.156.72.48 
MAK 185.156.72.48 
MANAGER3 185.156.72.48 
SA 185.156.72.48 
BUCH_1 185.156.72.48 
ATP 185.156.72.48 
GUEST 185.156.72.48 
BACKUPEXEC 185.156.72.48 
1C_USER4 185.156.72.48 
USER3 185.156.72.48 
MASHA 185.156.72.48 
BANK 185.156.72.48 
GLAVBUH 185.156.72.48 
EDUCATION 185.156.72.48 
ILYA 185.156.72.48 
SECURITY 185.156.72.48 
E.SKOROBOGATKO 185.156.72.48 
CC1 185.156.72.48 
KOLYA 185.156.72.48 
SERVICES 185.156.72.48 
OON3 185.156.72.48 
RECEP 185.156.72.48 
OLGA 185.156.72.48 
USER 185.156.72.48 
TURBO 185.156.72.48 
IPAD 185.156.72.48 
01 185.156.72.48 
TEMP1 185.156.72.48 
RUBAN 185.156.72.48 
ADMIN1C 185.156.72.48 
AUDITOR1 185.156.72.48 
SCAN 185.156.72.48 
US1 185.156.72.48 
03 185.156.72.48 
INFORMIX 185.156.72.48 
LUBKO 185.156.72.48 
BUH 185.156.72.48 
SQL1 185.156.72.48 
KASA2 185.156.72.48 
BUH1 185.156.72.48 
TESTS 185.156.72.48 
CON 185.156.72.48 
JULIA 185.156.72.48 
MAKSIMOVA 185.156.72.48 
PAVEL 185.156.72.48 
GLAVBUH 185.156.72.48 
TUNIK 185.156.72.48 
ÅÄãÄãÄÖÇ 185.156.72.48 
BOSS 185.156.72.48 
KIRICHENKO 185.156.72.48 
ÅÄëåÄçéÇ 185.156.72.48 
ADMIN2 185.156.72.48 
SDOBNIKOV 185.156.72.48 
èéÑãàèÄÖÇ 185.156.72.48 
ARCHIVE 185.156.72.48 
GLEB 185.156.72.48 
íÖëíéÇ 185.156.72.48 
KATYA 185.156.72.48 
TANKA 185.156.72.48 
SPBSTU 185.156.72.48 
TATYANA 185.156.72.48 
VERONIKA 185.156.72.48 
DOVGA 185.156.72.48 
INET 185.156.72.48 
EFARMA 185.156.72.48 
SERVER 185.156.72.48 
IRA 185.156.72.48 
URIST 185.156.72.48 
FITNES 185.156.72.48 
T-ADMIN 185.156.72.48 
SOFTMASTER 185.156.72.48 
INET19 185.156.72.48 
PRINTME 185.156.72.48 
ADMIN 185.156.72.48 
GLAVBUH 185.156.72.48 
RIDAN 185.156.72.48 
TEST01 185.156.72.48 
A_BUGAEV 185.156.72.48 
CONS 185.156.72.48 
YANA 185.156.72.48 
IRA 185.156.72.48 
OPER 185.156.72.48 
ADMIN 185.156.72.48 
IRINA 185.156.72.48 
TEMP 185.156.72.48 
TERMADMIN 185.156.72.48 
ARTHUR 185.156.72.48 
TEST 185.156.72.48 
PR1C 185.156.72.48 
ADMIN 185.156.72.48 
VITALIY 185.156.72.48 
QWE 185.156.72.48 
IGOR-PC 185.156.72.48 
PRINT 185.156.72.48 
OKSANA 185.156.72.48 
UTUSER 185.156.72.48 
BUX 185.156.72.48 
AXTRAX 185.156.72.48 
BUCH2 185.156.72.48 
NICKD 185.156.72.48 
VSL 185.156.72.48 
CISCO 185.156.72.48 
BETOLIT 185.156.72.48 
MIHAIL 185.156.72.48 
USERMAG 185.156.72.48 
RDI 185.156.72.48 
ALLA 185.156.72.48 
GUEST 185.156.72.48 
IMMF 185.156.72.48 
YANA 185.156.72.48 
M.SIDOROV 185.156.72.48 
VOLODIN 185.156.72.48 
SKUD 185.156.72.48 
PROG 185.156.72.48 
FILEUSER 185.156.72.48 
BRUSNIKA 185.156.72.48 
COBIAN 185.156.72.48 
TEACHER 185.156.72.48 
SINUKOVA_IG 185.156.72.48 
GVINPIN 185.156.72.48 
ADMINISTRATOR 185.156.72.48 
SHOP 185.156.72.48 
GURI 185.156.72.48 
DIREKTOR 185.156.72.48 
AUDIT 185.156.72.48 
NOTEBOOK 185.156.72.48 
SOLO 185.156.72.48 
GT 185.156.72.48 
OFFICE1 185.156.72.48 
OEM 185.156.72.48 
SERGEI 185.156.72.48 
IS-PROEKT 185.156.72.48 
DELIVERY 185.156.72.48 
STUDENT 185.156.72.48 
SMB 185.156.72.48 
PG 185.156.72.48 
STORE1 185.156.72.48 
MARINAT 185.156.72.48 
ACROSS 185.156.72.48 
WATER 185.156.72.48 
OLGAG 185.156.72.48 
AMADI 185.156.72.48 
SECURITY 185.156.72.48 
SSAD 185.156.72.48 
ANTTEQ 185.156.72.48 
1C 185.156.72.48 
CONTROL 185.156.72.48 
ILYA 185.156.72.48 
CDEP 185.156.72.48 
BUH1 185.156.72.48 
STORAGE 185.156.72.48 
JULIA 185.156.72.48 
PREPRESS 185.156.72.48 
BUH2 185.156.72.48 
USER6 185.156.72.48 
SKLAD 185.156.72.48 
KERAMIKA 185.156.72.48 
BUH3 185.156.72.48 
KOVALEV 185.156.72.48 
MAKAROVA 185.156.72.48 
OHRANA 185.156.72.48 
BUH4 185.156.72.48 
ADMINISTRATOR 185.156.72.48 
MASTER 185.156.72.48 
PPI 185.156.72.48 
TEST01 185.156.72.48 
GEO-COMP 185.156.72.48 
ADMINPF 185.156.72.48 
INTER 185.156.72.48 
RAMAZON 185.156.72.48 
INGINEER 185.156.72.48 
OBMEN 185.156.72.48 
KHALIMON 185.156.72.48 
ÅÄêåÖç 185.156.72.48 
LINUXUSER 185.156.72.48 
SHADRINAOS 185.156.72.48 
ALCOR 185.156.72.48 
BUH1 185.156.72.48 
SHIN_USR 185.156.72.48 
GUEST 185.156.72.48 
BAJENOVO 185.156.72.48 
ADMINISTRATOR 185.156.72.48 
VIDEO 185.156.72.48 
TEMP 185.156.72.48 
OFFICE 185.156.72.48 
VPN-1 185.156.72.48 
DESIGNER 185.156.72.48 
USER 185.156.72.48 
LOGINET 185.156.72.48 
ORION 185.156.72.48 
PGK 185.156.72.48 
USER 185.156.72.48 
NUZRZD 185.156.72.48 
KOSTROMA3 185.156.72.48 
TARA 185.156.72.48 
GUEST 185.156.72.48 
PROMTORG 185.156.72.48 
ADMIN 185.156.72.48 
SCANNER 185.156.72.48 
FTP 185.156.72.48 
AYASHIN 185.156.72.48 
TEMP 185.156.72.48 
PROMVIT 185.156.72.48 
ëÖêÇÖê 185.156.72.48 
TEMP 185.156.72.48 
ADRABA 185.156.72.48 
VIKA 185.156.72.48 
BUH 185.156.72.48 
ASYS 185.156.72.48 
ABN6 185.156.72.48 
BUH 185.156.72.48 
OCTOBER 185.156.72.48 
REMEX 185.156.72.48 
USER 185.156.72.48 
VELLE 185.156.72.48 
DUNE 185.156.72.48 
SKLAD 185.156.72.48 
MTU 185.156.72.48 
NONAME 185.156.72.48 
BUH 185.156.72.48 
ZALOTOY 185.156.72.48 
BACKUP3 185.156.72.48 
USER 185.156.72.48 
BUH 185.156.72.48 
AVTOGRAD 185.156.72.48 
SIBIRITI 185.156.72.48 
ÄçÄëíÄëàü 185.156.72.48 
ADMIN 185.156.72.48 
RENAM 185.156.72.48 
PHONE268 185.156.72.48 
USER 185.156.72.48 
ATLAS 185.156.72.48 
PORSCHEWARRANTY 185.156.72.48 
TEMP 185.156.72.48 
ABT 185.156.72.48 
VITYA 185.156.72.48 
SCANNER 185.156.72.48 
KPTS 185.156.72.48 
FALCON1 185.156.72.48 
GUEST 185.156.72.48 
LALA 185.156.72.48 
KASSA2 185.156.72.48 
STUDENT 185.156.72.48 
NESK-ELSETI 185.156.72.48 
PRINTER 185.156.72.48 
MANAGER 185.156.72.48 
KASA 185.156.72.48 
EIR2016 185.156.72.48 
ADM 185.156.72.48 
ÄÑåàçàëíêÄíéê 185.156.72.48 
VERES 185.156.72.48 
ERNEST.X 185.156.72.48 
êéåÄç 185.156.72.48 
STAFF 185.156.72.48 
COMP10 185.156.72.48 
VASSA 185.156.72.48 
MANAGER 185.156.72.48 
OFFICE 185.156.72.48 
AND 185.156.72.48 
ADMINCLOUD 185.156.72.48 
MANAGER 185.156.72.48 
RENDER4 185.156.72.48 
ADMINISTRATOR 185.156.72.48 
FLABS 185.156.72.48 
123 185.156.72.48 
DEMOCREDIT 185.156.72.48 
PRAVO 185.156.72.48 
MANAGER 185.156.72.48 
BAKUSH 185.156.72.48 
RANJIT 185.156.72.48 
KAUSARUSER 185.156.72.48 
ÄÑåàçàëíêÄíéê 185.156.72.48 
ABISOFT 185.156.72.48 
ANA 185.156.72.48 
STUDENT 185.156.72.48 
STROM 185.156.72.48 
ADMIN 185.156.72.48 
SERVER 185.156.72.48 
MODULE 185.156.72.48 
IRAKLI 185.156.72.48 
ÄÑåàçàëíêÄíéê 185.156.72.48 
MANAGER 185.156.72.48 
UKRVENT 185.156.72.48 
LASHA 185.156.72.48 
ÄÑåàçàëíêÄíéê 185.156.72.48 
STUDENT 185.156.72.48 
PLAYFLOCK 185.156.72.48 
MZIA 185.156.72.48 
ÄÑåàçàëíêÄíéê 185.156.72.48 
STUDENT 185.156.72.48 
NPOIT 185.156.72.48 
NANA 185.156.72.48 
ÄÑåàçàëíêÄíéê 185.156.72.48 
FAX 185.156.72.48 
ALBIZ 185.156.72.48 
NATA 185.156.72.48 
ÄÑåàçàëíêÄíéê 185.156.72.48 
STUDENT 185.156.72.48 
AUDIT 185.156.72.48 
NATELA 185.156.72.48 
ÄÑåàçàëíêÄíéê 185.156.72.48 
RDP 185.156.72.48 
BUHG1 185.156.72.48 
UZRUNVELKOFA 185.156.72.48 
ÄÑåàçàëíêÄíéê 185.156.72.48 
FAX 185.156.72.48 
VCMO 185.156.72.48 
UCHENIK 185.156.72.48 
ÄÑåàçàëíêÄíéê 185.156.72.48 
123 185.156.72.48 
BAT 185.156.72.48 
EGOROV_AV 185.156.72.48 
ÄÑåàçàëíêÄíéê 185.156.72.48 
FAX 185.156.72.48 
FAMILY 185.156.72.48 
BI2.BM 185.156.72.48 
ÄÑåàçàëíêÄíéê 185.156.72.48 
MANAGER 185.156.72.48 
ADMINISTRATOR 185.156.72.48 
555 185.156.72.48 
ÄÑåàçàëíêÄíéê 185.156.72.48 
åÖçÖÑÜÖê 185.156.72.48 
OWNER 185.156.72.48 
MAKAROVAN 185.156.72.48 
ÄÑåàçàëíêÄíéê 185.156.72.48 
AUDITOR 185.156.72.48 
OP2 185.156.72.48 
DIR 185.156.72.48 
ÄÑåàçàëíêÄíéê 185.156.72.48 
ÄÑåàç 185.156.72.48 
TUMANOVAG 185.156.72.48 
PAO 185.156.72.48 
ÄÑåàçàëíêÄíéê 185.156.72.48 
ëäãÄÑ 185.156.72.48 
SPADMIN 185.156.72.48 
ADMIN 185.156.72.48 
íÖëí 185.156.72.48 
SCAN 185.156.72.48 
ISAMOILENKO 185.156.72.48 
AUDITOR 185.156.72.48 
ÑàêÖäíéê 185.156.72.48 
BUH 185.156.72.48 
MODUSADMIN 185.156.72.48 
íÖëí 185.156.72.48 
OPERATOR1 185.156.72.48 
PTL 185.156.72.48 
íÖëí 185.156.72.48 
ÉãÄÇçõâÅìïÉÄãíÖê 185.156.72.48 
1C 185.156.72.48 
ADMINISTRATOR 185.156.72.48 
åÖçÖÑÜÖê1 185.156.72.48 
001 185.156.72.48 
ADMIN 185.156.72.48 
UTM 185.156.72.48 
002 185.156.72.48 
PESTOV 185.156.72.48 
BUH3 185.156.72.48 
003 185.156.72.48 
ADMIN 185.156.72.48 
ÄãÖäëÖâ 185.156.72.48 
004 185.156.72.48 
TEST 185.156.72.48 
MANAGER4 185.156.72.48 
005 185.156.72.48 
TEST 185.156.72.48 
MANAGER6 185.156.72.48 
3 185.156.72.48 
TEST 185.156.72.48 
ARTLINE 185.156.72.48 
1CUSER 185.156.72.48 
USER 185.156.72.48 
USER30 185.156.72.48 
EGOR 185.156.72.48 
TEST 185.156.72.48 
KOSTYA 185.156.72.48 
USER31 185.156.72.48 
DENIS 185.156.72.48 
1C 185.156.72.48 
PAVEL 185.156.72.48 
DMITRIY 185.156.72.48 
TEST 185.156.72.48 
MAKSIM 185.156.72.48 
HARIUS 185.156.72.48 
MARINA 185.156.72.48 
1C 185.156.72.48 
US1 185.156.72.48 
USER 185.156.72.48 
DMITRII 185.156.72.48 
TEST 185.156.72.48 
GLAVBUH 185.156.72.48 
ADMIN2 185.156.72.48 
USER 185.156.72.48 
USER3 185.156.72.48 
UPRAV 185.156.72.48 
ÄÑåàç 185.156.72.48 
ROOT 185.156.72.48 
ADMINISTRAT0R 185.156.72.48 
ADMINISTRATOR 185.156.72.48 
ÄÑåàç 185.156.72.48 
BUH 185.156.72.48 
ÄÑåàçàëíêÄíéê 185.156.72.48 
LENA 185.156.72.48 
ÄÑåàç 185.156.72.48 
BUH 185.156.72.48 
VFDRV 185.156.72.48 
ADMIN 185.156.72.48 
TEST 185.156.72.48 
R4HDR 185.156.72.48 
ADMIN 185.156.72.48 
TEST 185.156.72.48 
ADMINISTRATOR 185.156.72.48 
BACKUPER 185.156.72.48 
1C 185.156.72.48 
GUCHET1 185.156.72.48 
ADMIN 185.156.72.48 
LARISA 185.156.72.48 
USER 185.156.72.48 
BUH4 185.156.72.48 
SYSTEMA 185.156.72.48 
ÅìïÉÄãíÖê 185.156.72.48 
MANAGER 185.156.72.48 
TEST1 185.156.72.48 
LALA 185.156.72.48 
LOCALUSER 185.156.72.48 
USER 185.156.72.48 
216 185.156.72.48 
TEST1 185.156.72.48 
FINDIR 185.156.72.48 
MANAGER 185.156.72.48 
LENOVO 185.156.72.48 
ARSENAL 185.156.72.48 
BUH 185.156.72.48 
USER1 185.156.72.48 
PC 185.156.72.48 
BUH 185.156.72.48 
TEST 185.156.72.48 
NOVADENT 185.156.72.48 
USER 185.156.72.48 
USER1 185.156.72.48 
DEMO 185.156.72.48 
MARINAD 185.156.72.48 
USER 185.156.72.48 
USER1 185.156.72.48 
MEDOC 185.156.72.48 
MANAGER 185.156.72.48 
ADMINISTRATOR 185.156.72.48 
HOTEL 185.156.72.48 
ADMIN 185.156.72.48 
TEST 185.156.72.48 
AMMINISTRATORE 185.156.72.48 
SUPERVISOR 185.156.72.48 
BUH 185.156.72.48 
SVETA 185.156.72.48 
ADMIN 185.156.72.48 
UT 185.156.72.48 
TEST 185.156.72.48 
SANNIKOVA 185.156.72.48 
ELENA 185.156.72.48 
TEST 185.156.72.48 
ANNA 185.156.72.48 
0 185.156.72.48 
1C 185.156.72.48 
CRED4 185.156.72.48 
VIKA 185.156.72.48 
BUH 185.156.72.48 
ACHI 185.156.72.48 
TANYA 185.156.72.48 
ÑàêÖäíéê 185.156.72.48 
HOTEL 185.156.72.48 
àêàçÄ 185.156.72.48 
NATASHA 185.156.72.48 
M.DAVYDOVA 185.156.72.48 
NOVIKOV 185.156.72.48 
ADMINISTRATOR 185.156.72.48 
YURA 185.156.72.48 
INNA 185.156.72.48 
ADMINISTRATOR 185.156.72.48 
MANAGER 185.156.72.48 
ÇÄãÖçíàçÄ 185.156.72.48 
LENA 185.156.72.48 
FTPKPRO 185.156.72.48 
ADMIN 185.156.72.48 
DARYA 185.156.72.48 
AUDITOR 185.156.72.48 
IIKO 185.156.72.48 
ALBINA 185.156.72.48 
INTERNET 185.156.72.48 
GLBUH 185.156.72.48 
ÄççÄ 185.156.72.48 
üçÄ 185.156.72.48 
ALEXANDER 185.156.72.48 
FTPUSER 185.156.72.48 
äÄëëÄ 185.156.72.48 
USER4 185.156.72.48 
MAIN 185.156.72.48 
çàäàíÄ 185.156.72.48 
TS26 185.156.72.48 
I.MAKAROVA 185.156.72.48 
èêéÑÄÇÖñ 185.156.72.48 
FETISOVAOV 185.156.72.48 
LAN 185.156.72.48 
ANTON 185.156.72.48 
VICTOR 185.156.72.48 
åÄòÄ 185.156.72.48 
ADMIN 185.156.72.48 
ADMIN 185.156.72.48 
1C4 185.156.72.48 
NIKULINAE 185.156.72.48 
USER1 185.156.72.48 
VITALIY 185.156.72.48 
BINE 185.156.72.48 
LOGIST 185.156.72.48 
KRISTINA 185.156.72.48 
ADMINISTRATOR 185.156.72.48 
ADMIN2 185.156.72.48 
AUDIT2 185.156.72.48 
STUDENT1 185.156.72.48 
USER1 185.156.72.48 
STANISLAV 185.156.72.48 
ADMINISTRATOR 185.156.72.48 
EGOR 185.156.72.48 
STEPAN 185.156.72.48 
ADMINISTRATOR 185.156.72.48 
USER2 185.156.72.48 
VERA 185.156.72.48 
ADMINISTRATOR 185.156.72.48 
CONS 185.156.72.48 
AUDIT3 185.156.72.48 
ADMINISTRATOR 185.156.72.48 
USER1 185.156.72.48 
MASHA 185.156.72.48 
ACCOUNT 185.156.72.48 
ADMIN 185.156.72.48 
TATIANA 185.156.72.48 
CHIEF 185.156.72.48 
KOSTYA 185.156.72.48 
ADMIN 185.156.72.48 
CONSULTANT 185.156.72.48 
OPER1 185.156.72.48 
VICTORIA 185.156.72.48 
SVETA 185.156.72.48 
MARKETOLOG 185.156.72.48 
ADMIN 185.156.72.48 
IRINA 185.156.72.48 
ÄÑåàç 185.156.72.48 
ADMINISTRATOR 185.156.72.48 
101 185.156.72.48 
USER1C 185.156.72.48 
ADMIN 185.156.72.48 
ëÖêÉÖâ 185.156.72.48 
VIDEO 185.156.72.48 
SALES3 185.156.72.48 
TECH 185.156.72.48 
OLGA 185.156.72.48 
ADMIN 185.156.72.48 
IRA 185.156.72.48 
ÖãÖçÄ 185.156.72.48 
TEST123 185.156.72.48 
ÄìÑàíéê 185.156.72.48 
ÄÑåàçàëíêÄíéê 185.156.72.48 
ALENA 185.156.72.48 
STORAGE 185.156.72.48 
WEB 185.156.72.48 
MATADOR 185.156.72.48 
ëÖäêÖíÄêú 185.156.72.48 
TEST 185.156.72.48 
BUH2 185.156.72.48 
OPERATOR 185.156.72.48 
REGINA 185.156.72.48 
COMMON 185.156.72.48 
IGOR 185.156.72.48 
2013 185.156.72.48 
ûêàëí 185.156.72.48 
ADMIN 185.156.72.48 
LEONID 185.156.72.48 
ADMINISTRATOR 185.156.72.48 
ÄìÑàíéê 185.156.72.48 
SQLADMIN 185.156.72.48 
ëäãÄÑ 185.156.72.48 
ÄÑåàçàëíêÄíéê 185.156.72.48 
CONS 185.156.72.48 
ADMIN 185.156.72.48 
IIKO 185.156.72.48 
ÄÑåàçàëíêÄíéê 185.156.72.48 
éïêÄçÄ 185.156.72.48 
ADMIN 185.156.72.48 
NATALY 185.156.72.48 
ADMIN 185.156.72.48 
COMP4 185.156.72.48 
VRCH 185.156.72.48 
BUH4 185.156.72.48 
ADMINISTRATOR 185.156.72.48 
TERMINAL 185.156.72.48 
ADMINISTRATOR 185.156.72.48 
MANAGER2 185.156.72.48 
TEST 185.156.72.48 
OFFICE 185.156.72.48 
USER3 185.156.72.48 
VIKA 185.156.72.48 
RDP 185.156.72.48 
NATASHA 185.156.72.48 
USER34 185.156.72.48 
PRINT 185.156.72.48 
ADMIN 185.156.72.48 
KAFE 185.156.72.48 
U4 185.156.72.48 
KSENIA 185.156.72.48 
CLASS 185.156.72.48 
OHRANA 185.156.72.48 
MAS 185.156.72.48 
ÄÑåàçàëíêÄíéê 185.156.72.48 
ADMIN 185.156.72.48 
ÅìïÉÄãíÖê1 185.156.72.48 
ROOT 185.156.72.48 
ÄÑåàçàëíêÄíéê 185.156.72.48 
SERVICEDESK 185.156.72.48 
éãü 185.156.72.48 
TEST 185.156.72.48 
ÄÑåàçàëíêÄíéê 185.156.72.48 
ADMINISTRATOR 185.156.72.48 
USR1CV8 185.156.72.48 
MANAGER 185.156.72.48 
ÄÑåàçàëíêÄíéê 185.156.72.48 
TATYANA 185.156.72.48 
MANAGER 185.156.72.48 
TESTUSER 185.156.72.48 
ÄÑåàçàëíêÄíéê 185.156.72.48 
RECEPTION2 185.156.72.48 
TEST 185.156.72.48 
ADMIN 185.156.72.48 
ÄÑåàçàëíêÄíéê 185.156.72.48 
CONSOLE 185.156.72.48 
TEST 185.156.72.48 
ADMIN 185.156.72.48 
ÄÑåàçàëíêÄíéê 185.156.72.48 
PRINT 185.156.72.48 
USER 185.156.72.48 
ADMINISTRATOR 185.156.72.48 
ADMIN 185.156.72.48 
1CUSER 185.156.72.48 
USER 185.156.72.48 
ADMINISTRATOR 185.156.72.48 
ÄÑåàçàëíêÄíéê 185.156.72.48 
ZELDOMSTROY 185.156.72.48 
USER 185.156.72.48 
ADMINISTRATOR 185.156.72.48 
ADMIN 185.156.72.48 
XEROX 185.156.72.48 
ROOT 185.156.72.48 
ADMINISTRATOR 185.156.72.48 
ADMIN 185.156.72.48 
ÉÄãü 185.156.72.48 
1C 185.156.72.48 
U1 185.156.72.48 
ÄÑåàçàëíêÄíéê 185.156.72.48 
1S 185.156.72.48 
MANAGER 185.156.72.48 
TEST1 185.156.72.48 
ÄÑåàçàëíêÄíéê 185.156.72.48 
TESTER 185.156.72.48 
ADMIN 185.156.72.48 
ADMINISTRATOR 185.156.72.48 
ADMINISTRATOR 185.156.72.48 
BUH7 185.156.72.48 
STRELKOV 185.156.72.48 
ACRONIS 185.156.72.48 
DIMA 185.156.72.48 
ÄÑåàçàëíêÄíéê 185.156.72.48 
ÄÅÄäìåéÇÄ 185.156.72.48 
ADMINISTRATOR 185.156.72.48 
NINA 185.156.72.48 
ÄÑåàçàëíêÄíéê 185.156.72.48 
ÅìäàçÄ 185.156.72.48 
AUDIT 185.156.72.48 
RUSTAM 185.156.72.48 
ADMIN 185.156.72.48 
ÑÖåàç 185.156.72.48 
WEB 185.156.72.48 
BUH-4 185.156.72.48 
ADMIN 185.156.72.48 
ãÖÉÖáàç 185.156.72.48 
CAMERA 185.156.72.48 
SIS 185.156.72.48 
ÄÑåàçàëíêÄíéê 185.156.72.48 
ãüÑéÇ 185.156.72.48 
OPERATOR 185.156.72.48 
SALABAY 185.156.72.48 
ADMIN 185.156.72.48 
èéãúáéÇÄíÖãú 185.156.72.48 
KASSA 185.156.72.48 
SRVCOFFE 185.156.72.48 
ÄÑåàçàëíêÄíéê 185.156.72.48 
ëåìêéÇ 185.156.72.48 
ADMINISTRATOR 185.156.72.48 
OLEG 185.156.72.48 
ADMIN 185.156.72.48 
íìÉÄÖÇÄ 185.156.72.48 
ADMINISTRATOR 185.156.72.48 
KMS 185.156.72.48 
ÄÑåàçàëíêÄíéê 185.156.72.48 
STAVER 185.156.72.48 
ADMINISTRATOR 185.156.72.48 
USER1 185.156.72.48 
ÄÑåàçàëíêÄíéê 185.156.72.48 
Äçü 185.156.72.48 
ADMIN 185.156.72.48 
YANA 185.156.72.48 
ADMIN 185.156.72.48 
ADENTA 185.156.72.48 
ADMIN 185.156.72.48 
SERVICE 185.156.72.48 
ADMIN 185.156.72.48 
ÅéêéÑàç 185.156.72.48 
KASSA 185.156.72.48 
ARM1-2 185.156.72.48 
ÄÑåàçàëíêÄíéê 185.156.72.48 
FTP_UMT 185.156.72.48 
ACCOUNTANT 185.156.72.48 
MARINA 185.156.72.48 
ÄÑåàçàëíêÄíéê 185.156.72.48 
ÉéãéÇàçÄ 185.156.72.48 
TEST 185.156.72.48 
MENU 185.156.72.48 
ADMIN 185.156.72.48 
ÉéãéÇçéÇÄ 185.156.72.48 
TEST 185.156.72.48 
YURA 185.156.72.48 
ÄÑåàçàëíêÄíéê 185.156.72.48 
INTERNET 185.156.72.48 
USER6 185.156.72.48 
ÖãúçéÇ 185.156.72.48 
ÄÑåàçàëíêÄíéê 185.156.72.48 
DIRECTOR 185.156.72.48 
GOLD 185.156.72.48 
OTM1 185.156.72.48 
REMOTEUSER 185.156.72.48 
ADMIN 185.156.72.48 
PLASMA 185.156.72.48 
äéíãüêéÇÄ 185.156.72.48 
USER8 185.156.72.48 
USER6 185.156.72.48 
NADEJDA 185.156.72.48 
PPP 185.156.72.48 
ADMIN 185.156.72.48 
ADMINISTRATOR 185.156.72.48 
ADMIN 185.156.72.48 
KADR4 185.156.72.48 
USER 185.156.72.48 
BACKUP 185.156.72.48 
RECEPTION 185.156.72.48 
ëÇÖíãéÇÄ 185.156.72.48 
VLADIMIR 185.156.72.48 
PC11 185.156.72.48 
SMETA 185.156.72.48 
PRINT 185.156.72.48 
MARINA 185.156.72.48 
PC6 185.156.72.48 
777 185.156.72.48 
óÖêçõòÖÇÄ 185.156.72.48 
VALERA 185.156.72.48 
PC7 185.156.72.48 
ROOT 185.156.72.48 
òÖüçéÇÄ 185.156.72.48 
TERA13 185.156.72.48 
007 185.156.72.48 
VIDEO 185.156.72.48 
ûêóìä 185.156.72.48 
ADMIN 185.156.72.48 
KYO 185.156.72.48 
ECOHOME2 185.156.72.48 
BILLING 185.156.72.48 
TATIANA 185.156.72.48 
KACCA 185.156.72.48 
OTCHET 185.156.72.48 
ÄÑåàçàëíêÄíéê 185.156.72.48 
GUEST1 185.156.72.48 
FRONTIER 185.156.72.48 
LVIV 185.156.72.48 
SCAN 185.156.72.48 
WORKER10 185.156.72.48 
FTPUSER 185.156.72.48 
YARUSER 185.156.72.48 
MIDAS 185.156.72.48 
OFFICE 185.156.72.48 
KSENIA 185.156.72.48 
ADMINISTRATOR 185.156.72.48 
FTP 185.156.72.48 
ANTON 185.156.72.48 
SMART 185.156.72.48 
VALERA 185.156.72.48 
PRORAB 185.156.72.48 
1C 185.156.72.48 
MUZ 185.156.72.48 
USER 185.156.72.48 
PRORAB3 185.156.72.48 
NINA 185.156.72.48 
ARTEMOVA 185.156.72.48 
SITARCHUK 185.156.72.48 
SIBUSER 185.156.72.48 
ÄÑåàçàëíêÄíéê 185.156.72.48 
AS-TEAM-106 185.156.72.48 
A4COMMON 185.156.72.48 
çÄíÄãúü 185.156.72.48 
PAVEL_116 185.156.72.48 
STATUS 185.156.72.48 
T1 185.156.72.48 
NODE 185.156.72.48 
REMOTE 185.156.72.48 
DESIGN 185.156.72.48 
ANGELA 185.156.72.48 
NIKITA 185.156.72.48 
ZMBUH 185.156.72.48 
SCAN 185.156.72.48 
ÄÑåàçàëíêÄíéê 185.156.72.48 
NATA 185.156.72.48 
åÄêàçÄ 185.156.72.48 
MANAGER_NEW 185.156.72.48 
ÄÑåàçàëíêÄíéê 185.156.72.48 
KASPER 185.156.72.48 
KEY 185.156.72.48 
ROBOTA 185.156.72.48 
ADMINISTRATOR 185.156.72.48 
äÄëëàêèêàÇéá 185.156.72.48 
USER 185.156.72.48 
CONS 185.156.72.48 
ADMINISTRATOR 185.156.72.48 
REPORT 185.156.72.48 
KASSIR 185.156.72.48 
USER 185.156.72.48 
ÄÑåàçàëíêÄíéê 185.156.72.48 
GAMES 185.156.72.48 
OWNER 185.156.72.48 
OPERATOR 185.156.72.48 
ADMIN 185.156.72.48 
ARISCAR 185.156.72.48 
åÄÉÄáàç 185.156.72.48 
BACKUP 185.156.72.48 
ADMIN 185.156.72.48 
EASESCREEN 185.156.72.48 
RBJEKA 185.156.72.48 
777 185.156.72.48 
ADMIN 185.156.72.48 
FTP_USER2 185.156.72.48 
ãûÅéÇú 185.156.72.48 
LUDMILA 185.156.72.48 
ADMINISTRATOR 185.156.72.48 
USER3 185.156.72.48 
YAKU 185.156.72.48 
ÄÑåàçàëíêÄíéê 185.156.72.48 
TIMUR 185.156.72.48 
TERM 185.156.72.48 
SHARE 185.156.72.48 
ÄÑåàçàëíêÄíéê 185.156.72.48 
USER 185.156.72.48 
DIRECTOR 185.156.72.48 
ÄÑåàçàëíêÄíéê 185.156.72.48 
WPLACE 185.156.72.48 
KADRY 185.156.72.48 
ÄÑåàçàëíêÄíéê 185.156.72.48 
TEST 185.156.72.48 
OBMEN 185.156.72.48 
MANAGER_11 185.156.72.48 
PENIVAIZ 185.156.72.48 
VINOGRADOV.EVGENY 185.156.72.48 
SEOMAN 185.156.72.48 
BAR 185.156.72.48 
ADMIN 185.156.72.48 
KASSA 185.156.72.48 
STUDENT 185.156.72.48 
SCAN 185.156.72.48 
ADMIN 185.156.72.48 
OPERATOR 185.156.72.48 
èéãàêéÇôàäà 185.156.72.48 
TEST 185.156.72.48 
TEST 185.156.72.48 
MANAGER 185.156.72.48 
DEN-TER 185.156.72.48 
ADMINISTRATOR 185.156.72.48 
ìóàíÖãú 185.156.72.48 
DNEV-POST 185.156.72.48 
USER1 185.156.72.48 
HAMZA 185.156.72.48 
DNEV-TER4 185.156.72.48 
USER1 185.156.72.48 
ÄèòÖêéçëä 185.156.72.48 
ENDO-ORD 185.156.72.48 
USER1 185.156.72.48 
ÄèíÖäÄ 185.156.72.48 
ADMIN 185.156.72.48 
USER 185.156.72.48 
ÑàëèÖíóÖê 185.156.72.48 
ANDREY 185.156.72.48 
MERCURY 185.156.72.48 
ÄãÖäëÄçÑê 185.156.72.48 
DMITRIY 185.156.72.48 
CL1 185.156.72.48 
O.SVISTELNIKOVA 185.156.72.48 
ÑÜéçëàãúÇÖê 185.156.72.48 
AUCUSER 185.156.72.48 
CAMS 185.156.72.48 
ÅãìÑéÇÄ 185.156.72.48 
USER 185.156.72.48 
NSK 185.156.72.48 
PRINTADMIN 185.156.72.48 
BUH3 185.156.72.48 
HMUSER 185.156.72.48 
ADMINISTRATOR 185.156.72.48 
ABN 185.156.72.48 
LASER-2 185.156.72.48 
LOUSER 185.156.72.48 
TEST 185.156.72.48 
VADIM 185.156.72.48 
NETSHARE 185.156.72.48 
POUSER 185.156.72.48 
LENOVOMPC 185.156.72.48 
MISHA 185.156.72.48 
USER 185.156.72.48 
PRUSER 185.156.72.48 
IT 185.156.72.48 
ADMIN 185.156.72.48 
USER98 185.156.72.48 
PUSER 185.156.72.48 
IRINA 185.156.72.48 
LERSTEST 185.156.72.48 
ëÄáéçéÇÄ 185.156.72.48 
IVANOVAY 185.156.72.48 
GUEST 185.156.72.48 
DELPHI 185.156.72.48 
ÇãÄÑÖãÖñ 185.156.72.48 
USER4 185.156.72.48 
OBMEN 185.156.72.48 
ADMIN 185.156.72.48 
ADMINISTRATOR 185.156.72.48 
LIDA 185.156.72.48 
SERG 185.156.72.48 
ADMINISTRATOR 185.156.72.48 
USER3 185.156.72.48 
ÅõëíêàçäÄ 185.156.72.48 
DEFAULTACCOUNT 185.156.72.48 
USER4 185.156.72.48 
KASSA 185.156.72.48 
INTERNET 185.156.72.48 
ROOT 185.156.72.48 
ADMIN 185.156.72.48 
POSTGRES 185.156.72.48 
ÄãÖäëÄçÑê 185.156.72.48 
KSYUSHA 185.156.72.48 
áÄåüíàçÄ 185.156.72.48 
PRINTER 185.156.72.48 
7772 185.156.72.48 
SHARE 185.156.72.48 
SERVER 185.156.72.48 
VALERIY 185.156.72.48 
BUHGALTER 185.156.72.48 
SCAN 185.156.72.48 
MICHDIRECTOR 185.156.72.48 
7 185.156.72.48 
CITYWOMEN2 185.156.72.48 
MICHNIZ 185.156.72.48 
ÑàëèÖóÖê 185.156.72.48 
CITYWOMEN1 185.156.72.48 
MICHNIZKASSA 185.156.72.48 
7773 185.156.72.48 
éáÖêçéÇÄàêàçÄ 185.156.72.48 
ISII 185.156.72.48 
210 185.156.72.48 
ÄÑåàçàëíêÄíéê 185.156.72.48 
NATALIYA.POLUDEN 185.156.72.48 
ATSROOT 185.156.72.48 
KAREN.SAHAKYAN 185.156.72.48 
TATYANA.LYOZINA 185.156.72.48 
TANYA 185.156.72.48 
ADMIN 185.156.72.48 
ANTIV 185.156.72.48 
ARTEM 185.156.72.48 
éèÖêÄíéê 185.156.72.48 
VALJA 185.156.72.48 
ãÄêàëÄ 185.156.72.48 
KUZ 185.156.72.48 
FTPFENIX 185.156.72.48 
Äçíéç 185.156.72.48 
ÉÖçÄ 185.156.72.48 
AROMANOV 185.156.72.48 
MOLARE7 185.156.72.48 
ADM 185.156.72.48 
áÄã 185.156.72.48 
USER-4 185.156.72.48 
HAMACHI 185.156.72.48 
ÖÇÉÖçàâïÄãÖÇàç 185.156.72.48 
USER 185.156.72.48 
RECEPTION 185.156.72.48 
ESAULOVA 185.156.72.48 
ÜÖçü 185.156.72.48 
ADMIN 185.156.72.48 
èéãúáéÇÄíÖãú 185.156.72.48 
TZS 185.156.72.48 
SERGEY 185.156.72.48 
INSTALLER 185.156.72.48 
ADMINISTRATOR 185.156.72.48 
MILANA 185.156.72.48 
ÅìïÉÄãíÖê 185.156.72.48 
ADMINISTRATOR 185.156.72.48 
3389 185.156.72.48 
DMITRY 185.156.72.48 
ADMINISTRATOR 185.156.72.48 
JULIA 185.156.72.48 
ADSX 185.156.72.48 
ÑêìÉ 185.156.72.48 
USER02 185.156.72.48 
ÇàíÄãàâ 185.156.72.48 
BIM 185.156.72.48 
PRINTERS 185.156.72.48 
èéãúáéÇÄíÖãú 185.156.72.48 
SALES3 185.156.72.48 
USER 185.156.72.48 
UKD 185.156.72.48 
ADMIN_MIR 185.156.72.48 
MISHA 185.156.72.48 
POSTGRES 185.156.72.48 
ÅìïÉÄãíÖê 185.156.72.48 
USER 185.156.72.48 
DIMA 185.156.72.48 
TANKA 185.156.72.48 
ARCHIVE 185.156.72.48 
ÅìïÉÄãíÖêàü 185.156.72.48 
DISP 185.156.72.48 
ANDREY 185.156.72.48 
RECEPTION 185.156.72.48 
K2-7 185.156.72.48 
DOCTOR 185.156.72.48 
MAGAMAR 185.156.72.48 
MUSFIQ 185.156.72.48 
TEST 185.156.72.48 
BUH2 185.156.72.48 
íûÉÄçäàççë 185.156.72.48 
MUSTAFA 185.156.72.48 
4KODEKS 185.156.72.48 
1BIT 185.156.72.48 
BUH 185.156.72.48 
RESTORAN 185.156.72.48 
YURIST 185.156.72.48 
PC1 185.156.72.48 
SERVICE 185.156.72.48 
MANAGER 185.156.72.48 
ÇãÄÑ 185.156.72.48 
PROMTORG 185.156.72.48 
NOC 185.156.72.48 
DENIS 185.156.72.48 
BELUGINA 185.156.72.48 
ADMINISTRATOR 185.156.72.48 
IZD 185.156.72.48 
MUSLIM 185.156.72.48 
DIMAS 185.156.72.48 
SCAN 185.156.72.48 
DEMESHKO 185.156.72.48 
MARINAD 185.156.72.48 
SHARED 185.156.72.48 
APTEKA 185.156.72.48 
MELIKYAN 185.156.72.48 
NORMA 185.156.72.48 
LINGVIST 185.156.72.48 
äàáàãéÇ 185.156.72.48 
GALIA 185.156.72.48 
GLAVBUH 185.156.72.48 
BEL 185.156.72.48 
USER12 185.156.72.48 
ÉãÄÇÅìï 185.156.72.48 
ADNUSER 185.156.72.48 
ÄÑåàçàëíêÄíéê 185.156.72.48 
éïêÄçÄ 185.156.72.48 
ãéÇäàç 185.156.72.48 
ÄÑåàçàëíêÄíéê 185.156.72.48 
àêàçÄ 185.156.72.48 
BUH2 185.156.72.48 
SR 185.156.72.48 
10 185.156.72.48 
MISHAZH 185.156.72.48 
ÅÖãéìëéÇÄ 185.156.72.48 
PRO 185.156.72.48 
ÉãÄÇÅìï 185.156.72.48 
MFP 185.156.72.48 
OPERATOR2 185.156.72.48 
USER11 185.156.72.48 
éïêÄçÄ 185.156.72.48 
STUDENT2 185.156.72.48 
USER13 185.156.72.48 
íÄíúüçÄ 185.156.72.48 
èéãúáéÇÄíÖãú 185.156.72.48 
Ééëíú 185.156.72.48 
MED8 185.156.72.48 
äÄÑêéÇàä 185.156.72.48 
Ééëíú 185.156.72.48 
MAMA 185.156.72.48 
ELENA 185.156.72.48 
TEMP 185.156.72.48 
ADM 185.156.72.48 
OHRANA 185.156.72.48 
íñèêéëèÖäí 185.156.72.48 
ADMIN 185.156.72.48 
MKOROVNIKOVA 185.156.72.48 
ADM_SERV 185.156.72.48 
çéìíÅìä 185.156.72.48 
ÄÑåàçàëíêÄíéê 185.156.72.48 
MASTER 185.156.72.48 
NVK 185.156.72.48 
RKIRILL 185.156.72.48 
ADMIN 185.156.72.48 
GERASIMOV 185.156.72.48 
JSUSER 185.156.72.48 
ÄÑåàçàëíêÄíéê 185.156.72.48 
TEST 185.156.72.48 
BORIS 185.156.72.48 
íÄåÄêÄ 185.156.72.48 
ÄÑåàçàëíêÄíéê 185.156.72.48 
OBRABOTKA 185.156.72.48 
ALEKSEY 185.156.72.48 
OSIPOV 185.156.72.48 
ÄÑåàçàëíêÄíéê 185.156.72.48 
GBI4 185.156.72.48 
1ë 185.156.72.48 
äÄíü 185.156.72.48 
ADMIN 185.156.72.48 
IT4 185.156.72.48 
ADMIN 185.156.72.48 
ROMA 185.156.72.48 
ÄÑåàçàëíêÄíéê 185.156.72.48 
AGLOTKIN 185.156.72.48 
ÄãÖäëÖâ 185.156.72.48 
éÅåÖç 185.156.72.48 
ADMIN 185.156.72.48 
GBI7 185.156.72.48 
SASHA 185.156.72.48 
ALIAS 185.156.72.48 
ADMIN 185.156.72.48 
OGR 185.156.72.48 
AIGUL 185.156.72.48 
ÇãÄëäàç 185.156.72.48 
ÄÑåàçàëíêÄíéê 185.156.72.48 
NETSL 185.156.72.48 
MAXIM 185.156.72.48 
çÄíÄòàä 185.156.72.48 
ÄÑåàçàëíêÄíéê 185.156.72.48 
USER9 185.156.72.48 
TOM 185.156.72.48 
AEROBUS 185.156.72.48 
ÄÑåàçàëíêÄíéê 185.156.72.48 
DARIYA 185.156.72.48 
ADMIN 185.156.72.48 
äìëäéÇÄíÄíúüçÄ 185.156.72.48 
ÄÑåàçàëíêÄíéê 185.156.72.48 
GALINA 185.156.72.48 
áÄäìèäÄ 185.156.72.48 
WORK-3-PAVEL 185.156.72.48 
ÄÑåàçàëíêÄíéê 185.156.72.48 
MATTHEW 185.156.72.48 
2 185.156.72.48 
USER 185.156.72.48 
ADMIN 185.156.72.48 
BACKUP 185.156.72.48 
ÄÑåàçàëíêÄíéê 185.156.72.48 
USER08 185.156.72.48 
ADMINISTRATOR 185.156.72.48 
110602 185.156.72.48 
VICTORIA 185.156.72.48 
ZALLA 185.156.72.48 
SKAN 185.156.72.48 
ADMIN1C 185.156.72.48 
USER3 185.156.72.48 
REPL_DISTRIBUTION 185.156.72.48 
ADM 185.156.72.48 
éèÖêÄíéê 185.156.72.48 
KERAMODOM 185.156.72.48 
OPERATOR 185.156.72.48 
ADMINLOCAL 185.156.72.48 
éïêÄçÄ 185.156.72.48 
1 185.156.72.48 
ÑàêÖäíéê 185.156.72.48 
POS2 185.156.72.48 
ADMINISTRATOR 185.156.72.48 
1 185.156.72.48 
åÖçÖÑÜÖê 185.156.72.48 
MM 185.156.72.48 
OBMENNIK 185.156.72.48 
USER-MTM 185.156.72.48 
DVR 185.156.72.48 
POS32 185.156.72.48 
USER09 185.156.72.48 
OF 185.156.72.48 
SIPATH 185.156.72.48 
PRINTER 185.156.72.48 
OR 185.156.72.48 
SQL 185.156.72.48 
DEPUTY 185.156.72.48 
1S2 185.156.72.48 
001 185.156.72.48 
ANDREY 185.156.72.48 
RK 185.156.72.48 
1 185.156.72.48 
SQLADMIN 185.156.72.48 
1S3 185.156.72.48 
1 185.156.72.48 
OPER2 185.156.72.48 
1 185.156.72.48 
KASSA 185.156.72.48 
1S4 185.156.72.48 
PETER 185.156.72.48 
CONSULTANT 185.156.72.48 
RND 185.156.72.48 
SGS 185.156.72.48 
SERV 185.156.72.48 
USER1 185.156.72.48 
RDP 185.156.72.48 
1 185.156.72.48 
A.STEPANENKO 185.156.72.48 
USER2 185.156.72.48 
LOGIST 185.156.72.48 
KASSA_2 185.156.72.48 
USER3 185.156.72.48 
FTPUSER 185.156.72.48 
KASSA_1 185.156.72.48 
USER4 185.156.72.48 
GOOD 185.156.72.48 
1C 185.156.72.48 
USER4 185.156.72.48 
PC2 185.156.72.48 
RAFAL 185.156.72.48 
1C 185.156.72.48 
RDP 185.156.72.48 
ÅìïÉÄãíÖê 185.156.72.48 
ANASTASIA 185.156.72.48 
1C 185.156.72.48 
STUDENT1 185.156.72.48 
1S6 185.156.72.48 
GUEST 185.156.72.48 
1C 185.156.72.48 
SERVICE 185.156.72.48 
OWNER 185.156.72.48 
1CADMIN 185.156.72.48 
MILANA 185.156.72.48 
USER6 185.156.72.48 
1CUSER 185.156.72.48 
GAMER 185.156.72.48 
USER7 185.156.72.48 
ANNA 185.156.72.48 
BD 185.156.72.48 
TVERDOCHLIB 185.156.72.48 
ADMIN 185.156.72.48 
WORK 185.156.72.48 
ADMIN 185.156.72.48 
1C-BUH 185.156.72.48 
ANDREI 185.156.72.48 
XZ 185.156.72.48 
1C 185.156.72.48 
OPERATOR6 185.156.72.48 
TATIANA 185.156.72.48 
ADMINISTRATOR 185.156.72.48 
1C 185.156.72.48 
ADMINISTRATOR 185.156.72.48 
DIMON 185.156.72.48 
WIND 185.156.72.48 
01 185.156.72.48 
EKP_01 185.156.72.48 
USER 185.156.72.48 
1C 185.156.72.48 
USER1 185.156.72.48 
A13 185.156.72.48 
1C 185.156.72.48 
SKLAD 185.156.72.48 
A18 185.156.72.48 
1C 185.156.72.48 
USERLD 185.156.72.48 
A33 185.156.72.48 
1C 185.156.72.48 
ROMEXIS 185.156.72.48 
A9 185.156.72.48 
1C 185.156.72.48 
USER6 185.156.72.48 
BOSS2 185.156.72.48 
1C_ADMIN 185.156.72.48 
GUEST 185.156.72.48 
PROGRAMMER 185.156.72.48 
1C_ADMIN 185.156.72.48 
AUDIT1 185.156.72.48 
1ë 185.156.72.48 
BASEPORTAL 185.156.72.48 
1CADMIN 185.156.72.48 
AUDIT2 185.156.72.48 
IDMADMIN1 185.156.72.48 
1CADMIN 185.156.72.48 
1ë 185.156.72.48 
EMIL 185.156.72.48 
1CADMIN 185.156.72.48 
SERGE 185.156.72.48 
PAULZ 185.156.72.48 
1CTEST 185.156.72.48 
BAR 185.156.72.48 
20 185.156.72.48 
1CUSER1 185.156.72.48 
FOMIN 185.156.72.48 
GALKIN 185.156.72.48 
1CUSER1 185.156.72.48 
STEPANOV 185.156.72.48 
USER 185.156.72.48 
1CUSER 185.156.72.48 
KARPOV 185.156.72.48 
MANAGER2 185.156.72.48 
1S 185.156.72.48 
DOROFEEV 185.156.72.48 
ADMIN 185.156.72.48 
USER1 185.156.72.48 
1ë 185.156.72.48 
GAVRILOV 185.156.72.48 
èêéÉêÄååàëí 185.156.72.48 
USER1 185.156.72.48 
1ë 185.156.72.48 
GOLUBEV 185.156.72.48 
åÄëíÖê 185.156.72.48 
HESEN 185.156.72.48 
1ë 185.156.72.48 
MASLOV 185.156.72.48 
ÄìÑàíéê 185.156.72.48 
ADMINISTRATOR 185.156.72.48 
2 185.156.72.48 
VELOSTRANA 185.156.72.48 
óàèÄäéÇÄÇÇ 185.156.72.48 
BUHG 185.156.72.48 
2 185.156.72.48 
ZVER 185.156.72.48 
SDE 185.156.72.48 
êéåÄç 185.156.72.48 
2 185.156.72.48 
TRIATON 185.156.72.48 
MIHAIL 185.156.72.48 
ëÖåÖçéÇ 185.156.72.48 
2 185.156.72.48 
ÄããÄ 185.156.72.48 
ADMIN 185.156.72.48 
2USER 185.156.72.48 
äÄëëàê 185.156.72.48 
Çàäíéê 185.156.72.48 
3 185.156.72.48 
ÖãÖçÄ 185.156.72.48 
TEST 185.156.72.48 
3 185.156.72.48 
BUH4 185.156.72.48 
àêàçÄ 185.156.72.48 
3 185.156.72.48 
àççÄ 185.156.72.48 
DAMIR 185.156.72.48 
009 185.156.72.48 
NANO 185.156.72.48 
ãûÑÄ 185.156.72.48 
MUM2 185.156.72.48 
SPARTAK 185.156.72.48 
çÄëíü 185.156.72.48 
PEMCRPARYPA 185.156.72.48 
ELCAB 185.156.72.48 
SVETLANA 185.156.72.48 
MMMHHCMAMP 185.156.72.48 
031 185.156.72.48 
EVGENIA 185.156.72.48 
MUM 185.156.72.48 
100 185.156.72.48 
ZLATA 185.156.72.48 
MOCNAHKOBFI 185.156.72.48 
104 185.156.72.48 
SKLAD1 185.156.72.48 
BUH 185.156.72.48 
108KAR108 185.156.72.48 
ALEXEY 185.156.72.48 
USER 185.156.72.48 
111 185.156.72.48 
VERA 185.156.72.48 
IAUA 185.156.72.48 
123 185.156.72.48 
BAR 185.156.72.48 
D.KISELEV 185.156.72.48 
123RDP123 185.156.72.48 
KASA_2 185.156.72.48 
PRINT 185.156.72.48 
ENISEI 185.156.72.48 
ÄãÖäëÄçÑê 185.156.72.48 
SECURITY 185.156.72.48 
TEST-LENOVO 185.156.72.48 
FILE 185.156.72.48 
ART1 185.156.72.48 
LAMPA 185.156.72.48 
MUHASIB 185.156.72.48 
ART3 185.156.72.48 
ICDC 185.156.72.48 
DROPBOX 185.156.72.48 
ART4 185.156.72.48 
IGNAT 185.156.72.48 
AA 185.156.72.48 
USER101 185.156.72.48 
A2 185.156.72.48 
ÄÑåàçàëíêÄíéê 185.156.72.48 
DB2ADMIN 185.156.72.48 
A-27 185.156.72.48 
D.KARPENKO 185.156.72.48 
ADMIN 185.156.72.48 
1CBACKUPAGENT 185.156.72.48 
OZEROVA-EV 185.156.72.48 
USR1CV8 185.156.72.48 
ADMINISTRATOR 185.156.72.48 
3389 185.156.72.48 
OLYA 185.156.72.48 
ANGELINA 185.156.72.48 
AHTOH 185.156.72.48 
Åìï 185.156.72.48 
PROG 185.156.72.48 
MAXIMKA 185.156.72.48 
SHAPRAN 185.156.72.48 
ADMIN 185.156.72.48 
NEW 185.156.72.48 
ALEKS 185.156.72.48 
KATYA 185.156.72.48 
USER 185.156.72.48 
MAKSIM 185.156.72.48 
VPN1 185.156.72.48 
USER 185.156.72.48 
SAID 185.156.72.48 
SERGEY 185.156.72.48 
PROGAS 185.156.72.48 
3389 185.156.72.48 
SPECIALIST-11 185.156.72.48 
EMIN.MIRZEYEV 185.156.72.48 
ANAHIT.MARTIROSYAN 185.156.72.48 
TEST2 185.156.72.48 
SERG 185.156.72.48 
1S 185.156.72.48 
AVENUE 185.156.72.48 
USER 185.156.72.48 
SERG 185.156.72.48 
SCANER 185.156.72.48 
ÑàåÄ 185.156.72.48 
ROMAN 185.156.72.48 
3389 185.156.72.48 
YARKOVENKO 185.156.72.48 
1C 185.156.72.48 
PASCAL 185.156.72.48 
SKLAD 185.156.72.48 
KOSTYA 185.156.72.48 
RECEPTION 185.156.72.48 
ÄÑåàçàëíêÄíéê 185.156.72.48 
MINI9000 185.156.72.48 
äÄÑêõ 185.156.72.48 
USER1 185.156.72.48 
HAMSTER 185.156.72.48 
ADM 185.156.72.48 
TEST 185.156.72.48 
SAVCHENKO.L 185.156.72.48 
1C 185.156.72.48 
SERVER 185.156.72.48 
BEAUTY 185.156.72.48 
OFFICE 185.156.72.48 
ADMIN1 185.156.72.48 
USER2 185.156.72.48 
AZK 185.156.72.48 
ADMIN1C 185.156.72.48 
SKLAD 185.156.72.48 
DIMA 185.156.72.48 
ADMIN 185.156.72.48 
ADMIN 185.156.72.48 
ZOLOCHIV 185.156.72.48 
O.MARININA 185.156.72.48 
ADMIN 185.156.72.48 
BIBLIO 185.156.72.48 
DIM 185.156.72.48 
ADMIN 185.156.72.48 
ADMINISTRATOR 185.156.72.48 
MINER 185.156.72.48 
ÄÑåàç 185.156.72.48 
ADMIN 185.156.72.48 
ADMIN 185.156.72.48 
ELENA 185.156.72.48 
ÄÑåàçàëíêÄíéê 185.156.72.48 
ADMIN 185.156.72.48 
U1 185.156.72.48 
BOSS 185.156.72.48 
KASSA 185.156.72.48 
ADMIN 185.156.72.48 
TEST2 185.156.72.48 
DENIS 185.156.72.48 
USER1 185.156.72.48 
ADMIN 185.156.72.48 
ADMIN 185.156.72.48 
U-PROX 185.156.72.48 
SERVER-LINA 185.156.72.48 
ADMIN 185.156.72.48 
MASTER 185.156.72.48 
ADMIN 185.156.72.48 
YULIA 185.156.72.48 
ADMIN 185.156.72.48 
ADMIN 185.156.72.48 
KASA 185.156.72.48 
ILJA 185.156.72.48 
ADMIN 185.156.72.48 
KIM 185.156.72.48 
VADIM 185.156.72.48 
SKLAD 185.156.72.48 
ADMIN 185.156.72.48 
RECEPTION 185.156.72.48 
USER2 185.156.72.48 
ADMIN 185.156.72.48 
IVAN 185.156.72.48 
USER3 185.156.72.48 
SCANNER 185.156.72.48 
ADMIN 185.156.72.48 
ñÖï 185.156.72.48 
USER4 185.156.72.48 
ADMINISTRATOR 185.156.72.48 
ADMIN 185.156.72.48 
OLYA 185.156.72.48 
USER5 185.156.72.48 
ADMINISTRATOR 185.156.72.48 
KASSA1 185.156.72.48 
USER6 185.156.72.48 
ADMIN 185.156.72.48 
ADMIN 185.156.72.48 
MAT 185.156.72.48 
USER7 185.156.72.48 
ADMINISTRATOR 185.156.72.48 
USER1 185.156.72.48 
USER9 185.156.72.48 
ADMIN 185.156.72.48 
ADMINISTRATOR 185.156.72.48 
USER10 185.156.72.48 
ADMIN 185.156.72.48 
USER6 185.156.72.48 
USER14 185.156.72.48 
MDN 185.156.72.48 
DEVADMIN 185.156.72.48 
OPERATOR1 185.156.72.48 
ADMIN 185.156.72.48 
ALINA 185.156.72.48 
BUH 185.156.72.48 
DZILLI 185.156.72.48 
USER1 185.156.72.48 
BUH2 185.156.72.48 
UDP3 185.156.72.48 
ADMIN 185.156.72.48 
OPERATOR3 185.156.72.48 
ÄÑåàçàëíêÄíéê 185.156.72.48 
NASTYA_A_A 185.156.72.48 
ADMIN 185.156.72.48 
OPERATOR4 185.156.72.48 
ÄÑåàçàëíêÄíéê 185.156.72.48 
ÄãÖäëÖâ 185.156.72.48 
ADMIN 185.156.72.48 
IRINA 185.156.72.48 
USER 185.156.72.48 
êàÅÄãäé 185.156.72.48 
ADMIN 185.156.72.48 
ÄÑåàçàëíêÄíéê 185.156.72.48 
USER 185.156.72.48 
VSYSSUPPORT 185.156.72.48 
ADMIN 185.156.72.48 
CHEBURASHKA 185.156.72.48 
USER 185.156.72.48 
VLADIMIR 185.156.72.48 
ADMIN 185.156.72.48 
BUH2 185.156.72.48 
USER 185.156.72.48 
POLINA 185.156.72.48 
ADMIN 185.156.72.48 
SKLAD 185.156.72.48 
USER 185.156.72.48 
ALINA 185.156.72.48 
ADMIN 185.156.72.48 
VERA 185.156.72.48 
ADMINISTRATOR 185.156.72.48 
SALE4 185.156.72.48 
ADMIN 185.156.72.48 
IRINA 185.156.72.48 
NATALYAM 185.156.72.48 
ADMIN1C 185.156.72.48 
ADMIN 185.156.72.48 
MANAGER1 185.156.72.48 
SKANER 185.156.72.48 
OFFICE1 185.156.72.48 
ADMIN 185.156.72.48 
DISPETCHER 185.156.72.48 
SKLAD2 185.156.72.48 
PT 185.156.72.48 
ADMIN 185.156.72.48 
ÉÄãàçÄ 185.156.72.48 
WORK 185.156.72.48 
FACTORY 185.156.72.48 
ADMIN 185.156.72.48 
SKLAD 185.156.72.48 
SCANER 185.156.72.48 
OPER 185.156.72.48 
ADMIN 185.156.72.48 
SCANER 185.156.72.48 
GUSYATA 185.156.72.48 
ADMIN 185.156.72.48 
èéãúáéÇÄíÖãú 185.156.72.48 
DISK 185.156.72.48 
ZEUS 185.156.72.48 
ADMIN 185.156.72.48 
MANAGER1 185.156.72.48 
PURCHASING 185.156.72.48 
USER 185.156.72.48 
ADMIN 185.156.72.48 
BUH2 185.156.72.48 
STUDENT 185.156.72.48 
AVTOMATIKA 185.156.72.48 
ADMINFTP 185.156.72.48 
BUH2 185.156.72.48 
ADMINISTRATOR 185.156.72.48 
SPECTARA 185.156.72.48 
ADMINSCADA 185.156.72.48 
USER8 185.156.72.48 
MANAGER 185.156.72.48 
PURGAZ 185.156.72.48 
ADMIN_1C 185.156.72.48 
USER2 185.156.72.48 
BTI 185.156.72.48 
ADMINIKUS 185.156.72.48 
TESTER 185.156.72.48 
SHER107 185.156.72.48 
ADMINISTRADOR 185.156.72.48 
USER7 185.156.72.48 
MOBILE 185.156.72.48 
ADMINISTRATOR 185.156.72.48 
USER5 185.156.72.48 
NATALIA 185.156.72.48 
IRINA 185.156.72.48 
èéãúáéÇÄíÖãú 185.156.72.48 
AA 185.156.72.48 
BUHALTER 185.156.72.48 
GLBUH 185.156.72.48 
DB2ADMIN 185.156.72.48 
ADMINISTRATOR 185.156.72.48 
MANAGER2 185.156.72.48 
ADMINISTRATOR 185.156.72.48 
SERVICE 185.156.72.48 
PAVEL 185.156.72.48 
GLBUH 185.156.72.48 
ADMINISTRATOR 185.156.72.48 
VKOTE 185.156.72.48 
EGORSUN 185.156.72.48 
SKLAD 185.156.72.48 
ADMINISTRATOR 185.156.72.48 
NATASHA 185.156.72.48 
S30 185.156.72.48 
GLBUH 185.156.72.48 
ADMINISTRATOR 185.156.72.48 
LUDMILA 185.156.72.48 
SVN 185.156.72.48 
BUH 185.156.72.48 
ADMINISTRATOR 185.156.72.48 
VALENTINA 185.156.72.48 
COMP2 185.156.72.48 
AUDIT 185.156.72.48 
ADMINISTRATOR 185.156.72.48 
USER 185.156.72.48 
ARCADISMG 185.156.72.48 
ÅìïÉÄãíÖêàü 185.156.72.48 
ADMINISTRATOR 185.156.72.48 
TEST2 185.156.72.48 
INF 185.156.72.48 
ëäãÄÑ 185.156.72.48 
ADMINISTRATOR 185.156.72.48 
AUDIT 185.156.72.48 
BOSS 185.156.72.48 
MANAGER1 185.156.72.48 
ADMINISTRATOR 185.156.72.48 
WMS 185.156.72.48 
TESTER 185.156.72.48 
USER1 185.156.72.48 
ADMINISTRATOR 185.156.72.48 
BUH 185.156.72.48 
SECRETAR 185.156.72.48 
ÄÑåàçàëíêÄíéê 185.156.72.48 
ADMINISTRATOR 185.156.72.48 
SUPERUSER 185.156.72.48 
LDAP 185.156.72.48 
CONS 185.156.72.48 
ADMINISTRATOR 185.156.72.48 
RDP 185.156.72.48 
ADM 185.156.72.48 
PROXY1 185.156.72.48 
ADMINISTRATOR 185.156.72.48 
SAVIN 185.156.72.48 
USER21 185.156.72.48 
1-1 185.156.72.48 
ADMINISTRATOR 185.156.72.48 
USR 185.156.72.48 
USER23 185.156.72.48 
AHO 185.156.72.48 
ADMINISTRATOR 185.156.72.48 
LUDA 185.156.72.48 
USER22 185.156.72.48 
TAXCOM 185.156.72.48 
ADMINISTRATOR 185.156.72.48 
USER20 185.156.72.48 
MG.NAGORNYH 185.156.72.48 
USER1C_TNG 185.156.72.48 
USER28 185.156.72.48 
MEDBUH 185.156.72.48 
ARCH 185.156.72.48 
ADMINISTRATOR 185.156.72.48 
OSIPOVA 185.156.72.48 
BUH 185.156.72.48 
CANON 185.156.72.48 
ADMINISTRATOR 185.156.72.48 
USER08 185.156.72.48 
S.POTAPOV 185.156.72.48 
STIVEN 185.156.72.48 
ADMINISTRATOR 185.156.72.48 
ALINA 185.156.72.48 
ADMIN_RDM 185.156.72.48 
ADMIN 185.156.72.48 
ADMINISTRATOR 185.156.72.48 
KONTUR 185.156.72.48 
USER_1 185.156.72.48 
USER3 185.156.72.48 
ADMINISTRATOR 185.156.72.48 
KASSA_2 185.156.72.48 
1-4 185.156.72.48 
USER4 185.156.72.48 
ADMINISTRATOR 185.156.72.48 
CONS 185.156.72.48 
IVAN 185.156.72.48 
USER5 185.156.72.48 
ADMINISTRATOR 185.156.72.48 
TUMANOV 185.156.72.48 
USER_2 185.156.72.48 
USER 185.156.72.48 
ADMINISTRATOR 185.156.72.48 
USERS 185.156.72.48 
KREPLENIE 185.156.72.48 
AUDITOR 185.156.72.48 
ADMINISTRATOR 185.156.72.48 
USER 185.156.72.48 
2-1 185.156.72.48 
INTERN 185.156.72.48 
ADMINISTRATOR 185.156.72.48 
GIA 185.156.72.48 
2-2 185.156.72.48 
SKLAD 185.156.72.48 
ADMINISTRATOR 185.156.72.48 
ANNA 185.156.72.48 
KASSA_1 185.156.72.48 
BRUSNEV3 185.156.72.48 
ADMINISTRATOR 185.156.72.48 
USER 185.156.72.48 
RUSTAM 185.156.72.48 
ELENA 185.156.72.48 
ADMINISTRATOR 185.156.72.48 
OFFICE1 185.156.72.48 
D.CHERKASHIN 185.156.72.48 
MARINA 185.156.72.48 
ADMINISTRATOR 185.156.72.48 
KIM 185.156.72.48 
ADMIN 185.156.72.48 
SKLAD 185.156.72.48 
ADMINISTRATOR 185.156.72.48 
SCANER 185.156.72.48 
LENA 185.156.72.48 
SASHA 185.156.72.48 
ADMINISTRATOR 185.156.72.48 
TESTUSER1 185.156.72.48 
ALEXEY 185.156.72.48 
ADMIN 185.156.72.48 
ADMINISTRATOR 185.156.72.48 
ADM 185.156.72.48 
EXPERT 185.156.72.48 
KASSA 185.156.72.48 
ADMINISTRATOR 185.156.72.48 
SHOP 185.156.72.48 
FRONTUSER 185.156.72.48 
SKLAD 185.156.72.48 
ADMINISTRATOR 185.156.72.48 
AAB 185.156.72.48 
PLOBUS 185.156.72.48 
ATS 185.156.72.48 
ADMINISTRATOR 185.156.72.48 
DVK 185.156.72.48 
ÖÇÉÖçàâ 185.156.72.48 
SKLAD 185.156.72.48 
ADMINISTRATOR 185.156.72.48 
SS 185.156.72.48 
LYNN 185.156.72.48 
SKLAD 185.156.72.48 
ADMINISTRATOR 185.156.72.48 
USER1 185.156.72.48 
ALEXANDERCHERNYAEV 185.156.72.48 
BUHGALTER 185.156.72.48 
AIGULYA 185.156.72.48 
MOLCHANOVA 185.156.72.48 
PRINT 185.156.72.48 
BUHGALTER 185.156.72.48 
ALEKSANDR.KUZNETSOV 185.156.72.48 
BO 185.156.72.48 
SAZ 185.156.72.48 
MIRA 185.156.72.48 
ALEKSEY 185.156.72.48 
SON 185.156.72.48 
ãàçàü 185.156.72.48 
ACCOUNT 185.156.72.48 
ALENA 185.156.72.48 
DADMIN 185.156.72.48 
AUDX3 185.156.72.48 
LMADMIN 185.156.72.48 
ALENA 185.156.72.48 
IRINAOP 185.156.72.48 
NIMDA 185.156.72.48 
1111 185.156.72.48 
ALEX 185.156.72.48 
ANYAOP 185.156.72.48 
ROOT1 185.156.72.48 
TEST 185.156.72.48 
ALEX 185.156.72.48 
ANNAOP 185.156.72.48 
DOLINA 185.156.72.48 
AZARENKO 185.156.72.48 
ALEX 185.156.72.48 
IGOROP 185.156.72.48 
KASSA_2 185.156.72.48 
BUH_TEST 185.156.72.48 
ALEX 185.156.72.48 
NATALYAOP 185.156.72.48 
Éõìä 185.156.72.48 
NVR 185.156.72.48 
ALEXANDER 185.156.72.48 
ADMIN 185.156.72.48 
ÖãÖçÄëìóäéÇÄ 185.156.72.48 
SYSTEM32 185.156.72.48 
ALEXEY 185.156.72.48 
VAVERIN 185.156.72.48 
SKLAD 185.156.72.48 
USER 185.156.72.48 
ALEXEYB 185.156.72.48 
ADMINSMART 185.156.72.48 
èéãúáéÇÄíÖãú 185.156.72.48 
ANDREY 185.156.72.48 
ALYONA 185.156.72.48 
VADIM 185.156.72.48 
ARTEM 185.156.72.48 
89119288722 185.156.72.48 
AMAZACCOKSANA 185.156.72.48 
BUH 185.156.72.48 
FOCUS 185.156.72.48 
DATACHEAP 185.156.72.48 
AMIR 185.156.72.48 
USER 185.156.72.48 
FORT 185.156.72.48 
ASD2018 185.156.72.48 
ANASTASIAK 185.156.72.48 
USER 185.156.72.48 
MK_2 185.156.72.48 
OPLAY 185.156.72.48 
ANBAR 185.156.72.48 
BUH 185.156.72.48 
SHA 185.156.72.48 
POSTADMIN 185.156.72.48 
ANDREEV 185.156.72.48 
USER1 185.156.72.48 
OZP 185.156.72.48 
METRO 185.156.72.48 
ANDREW 185.156.72.48 
USER1 185.156.72.48 
èÄã 185.156.72.48 
KOZHIN 185.156.72.48 
ANNA 185.156.72.48 
1 185.156.72.48 
CLEVER-13 185.156.72.48 
FILL1 185.156.72.48 
ANNA 185.156.72.48 
USER 185.156.72.48 
PASHA 185.156.72.48 
CHEBIKIN 185.156.72.48 
ANNA 185.156.72.48 
USER1 185.156.72.48 
ROMAN 185.156.72.48 
ZEN 185.156.72.48 
ANNAS 185.156.72.48 
BUH 185.156.72.48 
DEVELOPER 185.156.72.48 
USER3 185.156.72.48 
ANNAT 185.156.72.48 
STUDENT 185.156.72.48 
SMK 185.156.72.48 
FEST 185.156.72.48 
ANT 185.156.72.48 
BUX 185.156.72.48 
MIK 185.156.72.48 
ADMIN 185.156.72.48 
ANTON 185.156.72.48 
MARINA 185.156.72.48 
SERVICE 185.156.72.48 
ONE 185.156.72.48 
ANTON 185.156.72.48 
VICTOR 185.156.72.48 
åÄëíÖêñÖïÄ 185.156.72.48 
MANAGER4 185.156.72.48 
ANTON 185.156.72.48 
SKLAD 185.156.72.48 
ÄÑåàçàëíêÄíéê 185.156.72.48 
USER 185.156.72.48 
ANTONOVALA 185.156.72.48 
éäëÄçÄ 185.156.72.48 
ÄÑåàçàëíêÄíéê 185.156.72.48 
DNS 185.156.72.48 
ANYA 185.156.72.48 
MEDVEDEV 185.156.72.48 
ÄÑåàçàëíêÄíéê 185.156.72.48 
BUH 185.156.72.48 
APHEX 185.156.72.48 
OBMEN 185.156.72.48 
USER 185.156.72.48 
ADMINISTRATOR 185.156.72.48 
APOLLONYCH 185.156.72.48 
ORLOV 185.156.72.48 
USER 185.156.72.48 
SKDOU13 185.156.72.48 
APTEKA 185.156.72.48 
DIMA 185.156.72.48 
BUHGALTER2 185.156.72.48 
ADMINISTRATOR 185.156.72.48 
APTEKA 185.156.72.48 
DMITRIY 185.156.72.48 
USER 185.156.72.48 
ALBERT 185.156.72.48 
APTEKAR 185.156.72.48 
ADMIN1C 185.156.72.48 
MANAGER1 185.156.72.48 
REU109-3 185.156.72.48 
ARAM 185.156.72.48 
SALEXANDROV 185.156.72.48 
åÖçÖÑÜÖê1 185.156.72.48 
ADMIN 185.156.72.48 
ARMEN 185.156.72.48 
VOVA 185.156.72.48 
ADMIN1C 185.156.72.48 
YANA 185.156.72.48 
ARTEM 185.156.72.48 
OPERATOR2 185.156.72.48 
ÄÑåàçàëíêÄíéê 185.156.72.48 
UFATEST 185.156.72.48 
ARTIOM 185.156.72.48 
SKLAD 185.156.72.48 
USER 185.156.72.48 
XFX 185.156.72.48 
ARTOS 185.156.72.48 
OLYA 185.156.72.48 
Çàäíéê 185.156.72.48 
USER08 185.156.72.48 
ATAMANOV 185.156.72.48 
PROG 185.156.72.48 
MANAGER2 185.156.72.48 
AEFT 185.156.72.48 
AUDIT 185.156.72.48 
GBUH 185.156.72.48 
1C 185.156.72.48 
ARVID 185.156.72.48 
AUDIT 185.156.72.48 
MANAGER 185.156.72.48 
àêàçÄ 185.156.72.48 
MANAGER6 185.156.72.48 
AUDITOR 185.156.72.48 
SCAN 185.156.72.48 
MANAGER2 185.156.72.48 
BUDAEV 185.156.72.48 
BBS 185.156.72.48 
ROBOT 185.156.72.48 
ADMIN1C 185.156.72.48 
T12 185.156.72.48 
BINE 185.156.72.48 
BUH2 185.156.72.48 
USER5 185.156.72.48 
RADIOSTREAM 185.156.72.48 
BUH-KADSATR 185.156.72.48 
SKLAD 185.156.72.48 
1CADMIN 185.156.72.48 
GUEST 185.156.72.48 
BUH 185.156.72.48 
MANAGER 185.156.72.48 
1CADMIN 185.156.72.48 
IT01 185.156.72.48 
BUH 185.156.72.48 
MIHAIL 185.156.72.48 
USER2 185.156.72.48 
USER097 185.156.72.48 
BUH 185.156.72.48 
FEDYA 185.156.72.48 
ÄÑåàçàëíêÄíéê 185.156.72.48 
ACER 185.156.72.48 
BALANCE39 185.156.72.48 
ANGELINA 185.156.72.48 
ÄÑåàçàëíêÄíéê 185.156.72.48 
FA 185.156.72.48 
BARADACHEVA_TV 185.156.72.48 
ALEXEY 185.156.72.48 
USERAUDIT 185.156.72.48 
LUKASHEVICH.E 185.156.72.48 
BASHHEKIM 185.156.72.48 
ANASTASIA 185.156.72.48 
BUHUSER3 185.156.72.48 
1C_USERS_1 185.156.72.48 
BEER 185.156.72.48 
DAVID 185.156.72.48 
USERSTOL8 185.156.72.48 
ANYA 185.156.72.48 
BELHIM 185.156.72.48 
GM 185.156.72.48 
REMOUTE_CLIENT 185.156.72.48 
VIKTORIA 185.156.72.48 
BEN 185.156.72.48 
SQL 185.156.72.48 
GUESTPS 185.156.72.48 
RDP 185.156.72.48 
BERDNIKOV 185.156.72.48 
TEST1 185.156.72.48 
NATALY 185.156.72.48 
GAR01 185.156.72.48 
BERDNIKOV 185.156.72.48 
ACRONIS 185.156.72.48 
KMP 185.156.72.48 
OKSANA 185.156.72.48 
BIZON106 185.156.72.48 
NEW 185.156.72.48 
BUH 185.156.72.48 
WORK 185.156.72.48 
BOGDAN 185.156.72.48 
POS 185.156.72.48 
AGR 185.156.72.48 
ADM3 185.156.72.48 
BORIS 185.156.72.48 
TECH 185.156.72.48 
USERSTOL3 185.156.72.48 
SMART-HOME 185.156.72.48 
BOSS 185.156.72.48 
PRINT 185.156.72.48 
ATI 185.156.72.48 
BUHVISIM 185.156.72.48 
BUCH 185.156.72.48 
SCANNER 185.156.72.48 
SYMANTEC 185.156.72.48 
LILI 185.156.72.48 
BUCHONE 185.156.72.48 
INFO 185.156.72.48 
USERSTOL10 185.156.72.48 
S.LEBEDEVA 185.156.72.48 
BUH1 185.156.72.48 
SCANNER 185.156.72.48 
USER_3 185.156.72.48 
SYSTEMS 185.156.72.48 
BUH2 185.156.72.48 
STUDENT 185.156.72.48 
KNAYA 185.156.72.48 
ADMINISTRATOR 185.156.72.48 
BUH2 185.156.72.48 
SCAN 185.156.72.48 
NINA 185.156.72.48 
GHOSTUSER 185.156.72.48 
BUH 185.156.72.48 
USBOR7 185.156.72.48 
DIREKTOR 185.156.72.48 
TERMINAL 185.156.72.48 
BUH 185.156.72.48 
ELENA 185.156.72.48 
1-C 185.156.72.48 
ADMINISTRATOR 185.156.72.48 
BUH 185.156.72.48 
SCAN 185.156.72.48 
OPERATOR 185.156.72.48 
ADMINISTRATOR 185.156.72.48 
BUH 185.156.72.48 
SCAN 185.156.72.48 
USERSTOL13 185.156.72.48 
ADMINISTRATOR 185.156.72.48 
BUH 185.156.72.48 
SYS 185.156.72.48 
EGOR 185.156.72.48 
CIP 185.156.72.48 
BUH 185.156.72.48 
TEMP 185.156.72.48 
VITALY 185.156.72.48 
NIKOLAY 185.156.72.48 
BUHN 185.156.72.48 
SCANNER 185.156.72.48 
N12 185.156.72.48 
FTPADMIN 185.156.72.48 
SCANNER 185.156.72.48 
DIREKTOR 185.156.72.48 
BUHG 185.156.72.48 
USER1 185.156.72.48 
U2 185.156.72.48 
BUHGALTER1 185.156.72.48 
ADMINISTRATOR 185.156.72.48 
SQLADMIN 185.156.72.48 
BUHGALTER1 185.156.72.48 
BUHGALTER1 185.156.72.48 
KITAEVA 185.156.72.48 
SCAN 185.156.72.48 
U1 185.156.72.48 
DANBROWN 185.156.72.48 
SCAN 185.156.72.48 
LUDMILA 185.156.72.48 
BUHGALTER 185.156.72.48 
USER2 185.156.72.48 
íÄçü 185.156.72.48 
BUHGALTER 185.156.72.48 
SYSADMIN 185.156.72.48 
OFFICE 185.156.72.48 
BUHGALTER 185.156.72.48 
1C 185.156.72.48 
IRINA 185.156.72.48 
CUSUSER 185.156.72.48 
ÅìïÉÄãíÖê 185.156.72.48 
DIRECTOR 185.156.72.48 
CALC 185.156.72.48 
PILKA 185.156.72.48 
USR1CV82 185.156.72.48 
CALIBER 185.156.72.48 
CLIENT4 185.156.72.48 
KASSA1 185.156.72.48 
N13 185.156.72.48 
CASPER 185.156.72.48 
CLIENT2 185.156.72.48 
USERRDP 185.156.72.48 
Ñåàíêàâ 185.156.72.48 
CHINSU 185.156.72.48 
ADMIN1 185.156.72.48 
ACER 185.156.72.48 
ÇãÄÑÄ 185.156.72.48 
COMMON 185.156.72.48 
TRAINER 185.156.72.48 
VAV 185.156.72.48 
U1 185.156.72.48 
CONSULTANT 185.156.72.48 
2NDFLOOR 185.156.72.48 
LEO 185.156.72.48 
U2 185.156.72.48 
CONTI 185.156.72.48 
ANNA 185.156.72.48 
APETROV 185.156.72.48 
ALEXANDR 185.156.72.48 
COUNTER 185.156.72.48 
N.PANKRATEV 185.156.72.48 
KONSULTANT 185.156.72.48 
OPERATOR 185.156.72.48 
DBADMIN 185.156.72.48 
MANAGER_AVTO 185.156.72.48 
ROMA 185.156.72.48 
IRINA 185.156.72.48 
DBPLUS 185.156.72.48 
LUBA 185.156.72.48 
SHOP 185.156.72.48 
N14 185.156.72.48 
DEJAD 185.156.72.48 
DIREKTOR 185.156.72.48 
OM 185.156.72.48 
MASTER 185.156.72.48 
DGP8 185.156.72.48 
ROMANOV 185.156.72.48 
OPERATOR2 185.156.72.48 
SKLAD 185.156.72.48 
DOC02 185.156.72.48 
BUH 185.156.72.48 
DIRECTOR 185.156.72.48 
ÄÑåàçàëíêÄíéê 185.156.72.48 
DARYA 185.156.72.48 
ADMIN 185.156.72.48 
ADMIN1C 185.156.72.48 
ÄÑåàçàëíêÄíéê 185.156.72.48 
DEEJAY 185.156.72.48 
MANAGER5 185.156.72.48 
TANYA 185.156.72.48 
USER 185.156.72.48 
DEFAULT 185.156.72.48 
USER 185.156.72.48 
STAS 185.156.72.48 
SKLAD 185.156.72.48 
DEKAN 185.156.72.48 
NINA 185.156.72.48 
DMITRY 185.156.72.48 
SKLAD 185.156.72.48 
DENIS 185.156.72.48 
USER 185.156.72.48 
SVETA 185.156.72.48 
éãúÉÄ 185.156.72.48 
DENTUPDATESSYSTEM 185.156.72.48 
MANAGER 185.156.72.48 
MISHA 185.156.72.48 
MANAGER2 185.156.72.48 
DI 185.156.72.48 
USER3 185.156.72.48 
ROBOT 185.156.72.48 
Åìï 185.156.72.48 
DIDENKO 185.156.72.48 
ADMIN 185.156.72.48 
YULIA 185.156.72.48 
GLAVBUH 185.156.72.48 
DILSHOD 185.156.72.48 
ADMIN 185.156.72.48 
ADMIN 185.156.72.48 
éãúÉÄ 185.156.72.48 
DINA 185.156.72.48 
USER3 185.156.72.48 
SUPPORT 185.156.72.48 
GLAVBUH 185.156.72.48 
DINAR 185.156.72.48 
SCAN 185.156.72.48 
PORTAL 185.156.72.48 
SKLAD 185.156.72.48 
DIR 185.156.72.48 
IRINA 185.156.72.48 
BUHG 185.156.72.48 
BUHGALTER2 185.156.72.48 
DIR 185.156.72.48 
XAFSERVICEACCNT 185.156.72.48 
SEKRETAR 185.156.72.48 
USER 185.156.72.48 
DIRECTORV 185.156.72.48 
USER1 185.156.72.48 
UPDATE 185.156.72.48 
MANAGER1 185.156.72.48 
DISP 185.156.72.48 
ADMIN 185.156.72.48 
KOTOV 185.156.72.48 
ALLA 185.156.72.48 
DISP 185.156.72.48 
ADMIN 185.156.72.48 
MOROZ 185.156.72.48 
KASSA 185.156.72.48 
DISPETCHER 185.156.72.48 
1C 185.156.72.48 
AC1 185.156.72.48 
BUHGALTER 185.156.72.48 
DISPETCHER 185.156.72.48 
WEBADMIN 185.156.72.48 
PARTS 185.156.72.48 
MANAGER 185.156.72.48 
DMITRIEV 185.156.72.48 
RUSAK 185.156.72.48 
BEADMIN 185.156.72.48 
ÄÑåàçàëíêÄíéê 185.156.72.48 
LEXL 185.156.72.48 
TRAINING 185.156.72.48 
MANAGER2 185.156.72.48 
LABADMIN 185.156.72.48 
MANAGER 185.156.72.48 
DOCTOR 185.156.72.48 
SBUSHUHINA 185.156.72.48 
USER1 185.156.72.48 
BUHGALTER2 185.156.72.48 
TESTUSER1 185.156.72.48 
QWERTY 185.156.72.48 
EDEMENTEVA 185.156.72.48 
SALAMOVA 185.156.72.48 
USER1 185.156.72.48 
EKATRYNA 185.156.72.48 
SPARK 185.156.72.48 
USER 185.156.72.48 
ÖäÄíÖêàçÄ 185.156.72.48 
VALERA 185.156.72.48 
USER1 185.156.72.48 
VLADIMIR 185.156.72.48 
ESOBOLENKO 185.156.72.48 
GLBUH 185.156.72.48 
OFFICE 185.156.72.48 
EXP_DATA 185.156.72.48 
PARUS 185.156.72.48 
BACKUP 185.156.72.48 
SKLAD 185.156.72.48 
GLBUH 185.156.72.48 
SCANNER 185.156.72.48 
EKATERINA 185.156.72.48 
BUHGALTER1 185.156.72.48 
MARY 185.156.72.48 
USER1 185.156.72.48 
ELENA 185.156.72.48 
SKLAD 185.156.72.48 
SKOMAROHOVAA 185.156.72.48 
SQLADMIN 185.156.72.48 
ELVIN 185.156.72.48 
KSENIYA 185.156.72.48 
MANAGER 185.156.72.48 
EROXIN 185.156.72.48 
TERMINAL 185.156.72.48 
KSENIYA 185.156.72.48 
INFO 185.156.72.48 
ESKALPINI 185.156.72.48 
TESTER 185.156.72.48 
SCANNER 185.156.72.48 
FARMA 185.156.72.48 
USEROPT 185.156.72.48 
MANAGER3 185.156.72.48 
INFO 185.156.72.48 
FAZIL 185.156.72.48 
EVGENIA 185.156.72.48 
13BAR 185.156.72.48 
SCANNER 185.156.72.48 
FL 185.156.72.48 
SMPOST 185.156.72.48 
13OFF 185.156.72.48 
MANAGER 185.156.72.48 
FTPUSER 185.156.72.48 
Åìï4 185.156.72.48 
MOBILE 185.156.72.48 
EMB 185.156.72.48 
FARKO 185.156.72.48 
ÑàêÖäíéê 185.156.72.48 
ALISHER 185.156.72.48 
AUDITOR 185.156.72.48 
FASTFOOD 185.156.72.48 
åÄÉÄáàç 185.156.72.48 
K.ALIMBETOVA 185.156.72.48 
USER1 185.156.72.48 
FEDOROVNA 185.156.72.48 
OK1 185.156.72.48 
OPERATOR 185.156.72.48 
USER2 185.156.72.48 
FEDOTOV 185.156.72.48 
BUH_ALM 185.156.72.48 
äÄíÖêàçÄ 185.156.72.48 
OPERATOR 185.156.72.48 
FINANCE 185.156.72.48 
ELVIS 185.156.72.48 
ÄÇíéñéç 185.156.72.48 
MAXIM 185.156.72.48 
FOND 185.156.72.48 
BUH1 185.156.72.48 
IT2 185.156.72.48 
CLIENT16 185.156.72.48 
FORTUNA2 185.156.72.48 
LENA 185.156.72.48 
ASUS 185.156.72.48 
USER 185.156.72.48 
FURSHET 185.156.72.48 
INFODENT 185.156.72.48 
TERMINAL 185.156.72.48 
USER4 185.156.72.48 
GB 185.156.72.48 
ADMINISTRATOR 185.156.72.48 
EKONOMIST 185.156.72.48 
ALEXA 185.156.72.48 
GBUVIDEO 185.156.72.48 
SHELTER 185.156.72.48 
GLAVA 185.156.72.48 
APTEKA 185.156.72.48 
GIP 185.156.72.48 
VASILINAB 185.156.72.48 
CALL 185.156.72.48 
RKEEPER 185.156.72.48 
GMBOT 185.156.72.48 
VASILINA 185.156.72.48 
USER 185.156.72.48 
PC3000 185.156.72.48 
GNS 185.156.72.48 
USER3 185.156.72.48 
TEST 185.156.72.48 
BOX9 185.156.72.48 
GALINA 185.156.72.48 
SAMSONOV 185.156.72.48 
OLGA 185.156.72.48 
PDS 185.156.72.48 
GALINA 185.156.72.48 
OFFICE 185.156.72.48 
CALL 185.156.72.48 
ROMAN 185.156.72.48 
GALINA 185.156.72.48 
SVETLANA 185.156.72.48 
OLGA 185.156.72.48 
000 185.156.72.48 
GANDZAPAH 185.156.72.48 
VIKTOR 185.156.72.48 
PERSONAL 185.156.72.48 
MASTER 185.156.72.48 
GANNIBAL 185.156.72.48 
SANKEL 185.156.72.48 
IVAN 185.156.72.48 
BUH 185.156.72.48 
GARAGE 185.156.72.48 
ASP.NET 185.156.72.48 
ATS 185.156.72.48 
KIP 185.156.72.48 
GAYANE 185.156.72.48 
DIAMOND 185.156.72.48 
TEST 185.156.72.48 
ADMINISTRATOR 185.156.72.48 
GBUH 185.156.72.48 
ADMINISTRATOR 185.156.72.48 
DES1 185.156.72.48 
ANTON 185.156.72.48 
GLBUH 185.156.72.48 
ADMINISTRATOR 185.156.72.48 
MONITOR 185.156.72.48 
ANI 185.156.72.48 
GLAVBUX 185.156.72.48 
IUSR_ADMIN 185.156.72.48 
BOTTLE 185.156.72.48 
OLEG 185.156.72.48 
GOLD 185.156.72.48 
SYSTEMOPEN 185.156.72.48 
ÄÑåàç 185.156.72.48 
HUSEYNOV 185.156.72.48 
GOLDCOMP 185.156.72.48 
åÄêàçÄ 185.156.72.48 
CMER 185.156.72.48 
RDP1 185.156.72.48 
GOPPESS 185.156.72.48 
BUHUSER1 185.156.72.48 
HEAD 185.156.72.48 
KASSA3 185.156.72.48 
CUSTOM 185.156.72.48 
OFFICE 185.156.72.48 
KEEPER 185.156.72.48 
GUESTS 185.156.72.48 
GENDIR 185.156.72.48 
ADMINISTRATOR 185.156.72.48 
BUH 185.156.72.48 
HOME 185.156.72.48 
YAROSLAVA 185.156.72.48 
ADMIN1C 185.156.72.48 
HP1 185.156.72.48 
TENDER 185.156.72.48 
ADMIN 185.156.72.48 
USER2 185.156.72.48 
HRSSUPPORT 185.156.72.48 
AUDITOR 185.156.72.48 
SVETLANA 185.156.72.48 
HAINSKIY 185.156.72.48 
ANTONINA 185.156.72.48 
STEW 185.156.72.48 
ILYA 185.156.72.48 
USER3 185.156.72.48 
FEDOR 185.156.72.48 
U10 185.156.72.48 
HAYSELL 185.156.72.48 
HELENA 185.156.72.48 
GBUH 185.156.72.48 
BUKHGALTER 185.156.72.48 
HELPDESK 185.156.72.48 
PULSARHP 185.156.72.48 
MIHAIL 185.156.72.48 
ELENA 185.156.72.48 
HOME 185.156.72.48 
àçÑàêÄ 185.156.72.48 
JULIA 185.156.72.48 
VLAD 185.156.72.48 
HOMICHEV 185.156.72.48 
USER13 185.156.72.48 
PAVEL 185.156.72.48 
MADINA 185.156.72.48 
HOZRASCHET 185.156.72.48 
S22 185.156.72.48 
2 185.156.72.48 
NATALIA 185.156.72.48 
IDSET 185.156.72.48 
CRH2 185.156.72.48 
GLBUH 185.156.72.48 
SALES 185.156.72.48 
IGOR1 185.156.72.48 
áÄÇÄêõäàç 185.156.72.48 
SCANNER1 185.156.72.48 
SCAN 185.156.72.48 
ILFAT 185.156.72.48 
REMOTE3 185.156.72.48 
ADMINISTRATOR 185.156.72.48 
USER2 185.156.72.48 
IRINA 185.156.72.48 
RSHB 185.156.72.48 
TEMP 185.156.72.48 
USER4 185.156.72.48 
IRINA 185.156.72.48 
ûêàëí 185.156.72.48 
DEVELOPER 185.156.72.48 
YANA 185.156.72.48 
IT 185.156.72.48 
GARANT 185.156.72.48 
TEST 185.156.72.48 
LEARN 185.156.72.48 
IDILLIYA 185.156.72.48 
MISHA 185.156.72.48 
RECEPTION 185.156.72.48 
CITRIX 185.156.72.48 
IDOLGA 185.156.72.48 
NATA 185.156.72.48 
SKLAD 185.156.72.48 
USER8 185.156.72.48 
IGOR 185.156.72.48 
REMOTE4 185.156.72.48 
SERVICE 185.156.72.48 
TIMECLOCK 185.156.72.48 
IGOR 185.156.72.48 
REMOTE1 185.156.72.48 
KYOCERA 185.156.72.48 
TEST 185.156.72.48 
IIKO 185.156.72.48 
PTO 185.156.72.48 
ANNA 185.156.72.48 
SKLAD 185.156.72.48 
IMERETINSKAYA 185.156.72.48 
DENIS 185.156.72.48 
1 185.156.72.48 
TUSER 185.156.72.48 
INNA 185.156.72.48 
INSTALL 185.156.72.48 
TEST 185.156.72.48 
BUH1 185.156.72.48 
INSTRUMENT 185.156.72.48 
LIMENKO 185.156.72.48 
USER1 185.156.72.48 
DIRECTOR 185.156.72.48 
INTERRALI-3 185.156.72.48 
ADA 185.156.72.48 
1C 185.156.72.48 
OPERATOR1 185.156.72.48 
IRA 185.156.72.48 
BUH2 185.156.72.48 
DISPATCH 185.156.72.48 
IRINA 185.156.72.48 
SUHORUCHENKO 185.156.72.48 
SALON 185.156.72.48 
BUH2 185.156.72.48 
IVANOV 185.156.72.48 
DIR 185.156.72.48 
USER2 185.156.72.48 
IVANOVA 185.156.72.48 
SERG 185.156.72.48 
EKONOMIST 185.156.72.48 
JENYA 185.156.72.48 
GLAVBUX 185.156.72.48 
TEST 185.156.72.48 
VUD 185.156.72.48 
JULIA 185.156.72.48 
éèÖêÄíéê1 185.156.72.48 
USER002 185.156.72.48 
GEORGE 185.156.72.48 
JUNIOR 185.156.72.48 
ÄÑåàçàëíêÄíéê 185.156.72.48 
PLOHIH 185.156.72.48 
BUH2 185.156.72.48 
KASSA 185.156.72.48 
ÄÑåàçàëíêÄíéê 185.156.72.48 
SHARED 185.156.72.48 
OFFICE 185.156.72.48 
KASSIR 185.156.72.48 
ÄÑåàçàëíêÄíéê 185.156.72.48 
SVETA 185.156.72.48 
USER 185.156.72.48 
KB 185.156.72.48 
RECEPT 185.156.72.48 
OFFICE1 185.156.72.48 
BUH2 185.156.72.48 
KOBALTMINE 185.156.72.48 
DIRECTOR 185.156.72.48 
TEST1 185.156.72.48 
ëäãÄÑ 185.156.72.48 
KONSOL 185.156.72.48 
TEST 185.156.72.48 
BUH1 185.156.72.48 
KRS 185.156.72.48 
USER2 185.156.72.48 
BUH2 185.156.72.48 
KRSKMBUZGKB7TOO2ORTOPED 185.156.72.48 
USER3 185.156.72.48 
BUH 185.156.72.48 
KUNDEN 185.156.72.48 
USER4 185.156.72.48 
F 185.156.72.48 
KALAH 185.156.72.48 
USER5 185.156.72.48 
STAS 185.156.72.48 
KAREN 185.156.72.48 
OPERATOR 185.156.72.48 
USEN 185.156.72.48 
KAREN 185.156.72.48 
OPERATOR1 185.156.72.48 
CYG_SERVER 185.156.72.48 
KASSA3 185.156.72.48 
OPERATOR2 185.156.72.48 
MANAGER 185.156.72.48 
KASSA 185.156.72.48 
LARISA 185.156.72.48 
NASTIA 185.156.72.48 
KASSAKOSTROMA 185.156.72.48 
ANDREY 185.156.72.48 
SVETLANA 185.156.72.48 
KASSIR 185.156.72.48 
SLAVA 185.156.72.48 
ÄçÄëíÄëàü 185.156.72.48 
KASSIR 185.156.72.48 
POLINA 185.156.72.48 
OPERATOR2 185.156.72.48 
GLBUH 185.156.72.48 
KAVYNE 185.156.72.48 
éäëÄçÄ 185.156.72.48 
ADMINISTRATOR 185.156.72.48 
KOMAROV 185.156.72.48 
åÖçÖÑÜÖê1 185.156.72.48 
KV 185.156.72.48 
Ééëíú 185.156.72.48 
KOMS 185.156.72.48 
USER5 185.156.72.48 
BUH03 185.156.72.48 
ÄÑåàçàëíêÄíéê 185.156.72.48 
KOREAMARKET 185.156.72.48 
USER8 185.156.72.48 
IRA 185.156.72.48 
ÅìïÉÄãíÖêäï 185.156.72.48 
KRASNOYARSK 185.156.72.48 
äÄÑêõ 185.156.72.48 
HACHETTE_TEST 185.156.72.48 
èêéëåéíê 185.156.72.48 
KRAVCHENKO 185.156.72.48 
Åìï 185.156.72.48 
MAG 185.156.72.48 
óÖêÖåàëàçéÇÄÖãÖçÄ 185.156.72.48 
KRIN 185.156.72.48 
ÉãÅìï 185.156.72.48 
VOLODYA 185.156.72.48 
ÅÖëèÄÖÇ 185.156.72.48 
KURBANOV 185.156.72.48 
INFO 185.156.72.48 
BUH 185.156.72.48 
BEREKET_KM 185.156.72.48 
LOR 185.156.72.48 
ÅìïÉÄãíÖê 185.156.72.48 
ROOT 185.156.72.48 
VOICE 185.156.72.48 
LELIK0VA 185.156.72.48 
ADMIN1 185.156.72.48 
ROOT 185.156.72.48 
SKLAD 185.156.72.48 
LERA 185.156.72.48 
L.RIZHOVA 185.156.72.48 
ÑàêÖäíéê 185.156.72.48 
USER2 185.156.72.48 
LGPS_USER 185.156.72.48 
S.POCHUTAEVA 185.156.72.48 
ÑàêÖäíéê 185.156.72.48 
ADMIN1C 185.156.72.48 
LIBRA 185.156.72.48 
ADMINISTRATñR 185.156.72.48 
ÑàêÖäíéê 185.156.72.48 
OLGA 185.156.72.48 
LILIT 185.156.72.48 
EMISHKO 185.156.72.48 
DIRECTOR 185.156.72.48 
DIRECTOR 185.156.72.48 
LIPETSK-4 185.156.72.48 
JACOB 185.156.72.48 
SUPPORT 185.156.72.48 
GLAVBUH 185.156.72.48 
LUKA 185.156.72.48 
GLBUH 185.156.72.48 
SKLAD 185.156.72.48 
IGOR 185.156.72.48 
LUT 185.156.72.48 
SERVICES 185.156.72.48 
DIRECTOR 185.156.72.48 
MIKE 185.156.72.48 
LUTIK 185.156.72.48 
TEST2 185.156.72.48 
BUH 185.156.72.48 
FTPUSER 185.156.72.48 
MF3 185.156.72.48 
AUDITOR 185.156.72.48 
SYSADMIN 185.156.72.48 
SMB 185.156.72.48 
ML 185.156.72.48 
STAFF 185.156.72.48 
SERGEY 185.156.72.48 
OHRANA 185.156.72.48 
MSSQL 185.156.72.48 
TEST2 185.156.72.48 
MANAGER 185.156.72.48 
ASTANA 185.156.72.48 
MUSHFIG 185.156.72.48 
VLAD 185.156.72.48 
OLEG 185.156.72.48 
SERVICE2 185.156.72.48 
MUSTACHE 185.156.72.48 
TERM3 185.156.72.48 
SERGEY 185.156.72.48 
TEST 185.156.72.48 
MWW 185.156.72.48 
ÅìïÉÄãíÖê 185.156.72.48 
IRINA 185.156.72.48 
HR 185.156.72.48 
MADINA 185.156.72.48 
1C 185.156.72.48 
SERVICE 185.156.72.48 
FTP 185.156.72.48 
MAG_SAYAN 185.156.72.48 
USER1 185.156.72.48 
IRINA 185.156.72.48 
GUEST 185.156.72.48 
MAGAZIN3 185.156.72.48 
GUEST 185.156.72.48 
TEST 185.156.72.48 
ÄÑåàçàëíêÄíéê 185.156.72.48 
MAGAZIN 185.156.72.48 
CLIENT 185.156.72.48 
ÅìïÉÄãíÖê 185.156.72.48 
SECURITY 185.156.72.48 
MAK2 185.156.72.48 
ADMINISTRATOR 185.156.72.48 
LENA 185.156.72.48 
TESTUSER1 185.156.72.48 
MAKSIM 185.156.72.48 
USER4 185.156.72.48 
FTP 185.156.72.48 
ÄâÉìã 185.156.72.48 
MAMA 185.156.72.48 
USER5 185.156.72.48 
Åìï 185.156.72.48 
Äãàü 185.156.72.48 
MANAGER2 185.156.72.48 
USER6 185.156.72.48 
ÅìïÉÄãíÖê 185.156.72.48 
ÅàÅàÉìãú 185.156.72.48 
MANAGER3 185.156.72.48 
USER7 185.156.72.48 
USER 185.156.72.48 
ÉìãÜÄçÄí 185.156.72.48 
MANAGER 185.156.72.48 
BUH1 185.156.72.48 
USER 185.156.72.48 
ÜÄçÄê 185.156.72.48 
MANAGER 185.156.72.48 
BUH2 185.156.72.48 
USER 185.156.72.48 
ãàáÄ 185.156.72.48 
MANAGER 185.156.72.48 
BUH3 185.156.72.48 
ELENA 185.156.72.48 
ãüááÄí 185.156.72.48 
MANAGER 185.156.72.48 
BUH4 185.156.72.48 
SKLAD2 185.156.72.48 
åÄêïÄÅÄí 185.156.72.48 
MARGARITA 185.156.72.48 
VADIM 185.156.72.48 
ADMINISTRATOR 185.156.72.48 
äÄáíêÄçëÉÄáÄâåÄä 185.156.72.48 
MARIA.GORODILOVA 185.156.72.48 
VADIM 185.156.72.48 
ADMIN 185.156.72.48 
LEONID 185.156.72.48 
MARINA 185.156.72.48 
USER2 185.156.72.48 
ADMINISTRATOR 185.156.72.48 
STAS 185.156.72.48 
MARKIYAN 185.156.72.48 
USER 185.156.72.48 
ADMINISTRATOR 185.156.72.48 
ABOOD 185.156.72.48 
MARKOVKA 185.156.72.48 
TANYA 185.156.72.48 
TERM8 185.156.72.48 
BOCHARNIKOVA 185.156.72.48 
MASTER 185.156.72.48 
åÖçÖÑÜÖê1 185.156.72.48 
TERM9 185.156.72.48 
MSK_USER2 185.156.72.48 
MBUH 185.156.72.48 
1ë 185.156.72.48 
S.BALITSKAYA 185.156.72.48 
BAKAL 185.156.72.48 
MCBRIDES 185.156.72.48 
NIKITINA 185.156.72.48 
ADMIN 185.156.72.48 
ADMINISTRATOR 185.156.72.48 
MEDVED 185.156.72.48 
RUSLAN 185.156.72.48 
TERM1 185.156.72.48 
KTOPER1 185.156.72.48 
META 185.156.72.48 
KASSA 185.156.72.48 
ROOT 185.156.72.48 
BAKAL_BARS 185.156.72.48 
METOD2 185.156.72.48 
MANAGER 185.156.72.48 
ADMIN 185.156.72.48 
BOSS 185.156.72.48 
MODUSUSER 185.156.72.48 
TESTUSER3 185.156.72.48 
BUH1 185.156.72.48 
RENTGENZAV 185.156.72.48 
MOLODTSOVMG 185.156.72.48 
USER 185.156.72.48 
DIRECTOR 185.156.72.48 
SMALLBOSS 185.156.72.48 
MOSCOW 185.156.72.48 
FTP 185.156.72.48 
BUH 185.156.72.48 
KUSA_EGISZ 185.156.72.48 
MUHAMMADSAID 185.156.72.48 
JAVARUNNER 185.156.72.48 
BUH 185.156.72.48 
1C-USER4 185.156.72.48 
MUSTAFAYEV 185.156.72.48 
GARIK 185.156.72.48 
BUH 185.156.72.48 
TOO1OPER3 185.156.72.48 
NATALI 185.156.72.48 
BX4 185.156.72.48 
SKLAD 185.156.72.48 
USERSTOL6 185.156.72.48 
NSS 185.156.72.48 
DLUZHNIH 185.156.72.48 
äÄëëÄ 185.156.72.48 
ADMINISTRATOR 185.156.72.48 
NVR 185.156.72.48 
ITSERVICE 185.156.72.48 
TEST 185.156.72.48 
VIDEO 185.156.72.48 
NADEJDA 185.156.72.48 
NLMK 185.156.72.48 
IRINA 185.156.72.48 
WEBUSER 185.156.72.48 
NADIN 185.156.72.48 
KAHOVKA 185.156.72.48 
äÄëëàê 185.156.72.48 
USR2 185.156.72.48 
NAHIMOGO 185.156.72.48 
EXTREME 185.156.72.48 
OPERATOR 185.156.72.48 
AUDIT 185.156.72.48 
NARA 185.156.72.48 
VIDEO 185.156.72.48 
S.OREL 185.156.72.48 
SKLAD 185.156.72.48 
NARA 185.156.72.48 
FTP_33 185.156.72.48 
T.POLENOK 185.156.72.48 
AUDIT 185.156.72.48 
NASTYA 185.156.72.48 
USHENIN 185.156.72.48 
SKLAD 185.156.72.48 
GALYA 185.156.72.48 
NATA 185.156.72.48 
KASSA 185.156.72.48 
1C 185.156.72.48 
PAVEL 185.156.72.48 
NATALIYA 185.156.72.48 
TRADER 185.156.72.48 
BUH1 185.156.72.48 
SCAN 185.156.72.48 
NATALYA 185.156.72.48 
KADRY 185.156.72.48 
USER1 185.156.72.48 
PAVEL 185.156.72.48 
NATAN 185.156.72.48 
PZAYAKINFOSH 185.156.72.48 
USER1 185.156.72.48 
WMS 185.156.72.48 
NESTEROVA.K 185.156.72.48 
PICACHUN 185.156.72.48 
LENA 185.156.72.48 
ADMINISTRATOR 185.156.72.48 
NETUSER 185.156.72.48 
AMANDA 185.156.72.48 
ëÇÖíãÄçÄ 185.156.72.48 
KASSA-TER 185.156.72.48 
NETBOOK 185.156.72.48 
GUEST 185.156.72.48 
SCAN 185.156.72.48 
DGSRV 185.156.72.48 
NEWPERSON 185.156.72.48 
NAMED 185.156.72.48 
DIRECTOR 185.156.72.48 
DEFAULT 185.156.72.48 
NICK 185.156.72.48 
ADMINISTRATOR 185.156.72.48 
OKSANA 185.156.72.48 
OLIM 185.156.72.48 
NIKOLAUS 185.156.72.48 
ADMINNET 185.156.72.48 
MANAGER 185.156.72.48 
ADMIN 185.156.72.48 
NIZAM 185.156.72.48 
ADMINISTRATOR 185.156.72.48 
IRINA 185.156.72.48 
EVELINA 185.156.72.48 
OOOEKS 185.156.72.48 
MIKE 185.156.72.48 
ROMAN 185.156.72.48 
ISMAGULOVA 185.156.72.48 
OPS393770 185.156.72.48 
SETUP 185.156.72.48 
àêàçÄ 185.156.72.48 
NDUSER 185.156.72.48 
OPS393902 185.156.72.48 
OPERATOR 185.156.72.48 
ADMIN 185.156.72.48 
RUS 185.156.72.48 
OPS-403388 185.156.72.48 
ADMINISTRATOR 185.156.72.48 
USER8 185.156.72.48 
EFFECTOR 185.156.72.48 
OPS-623886 185.156.72.48 
USER3 185.156.72.48 
BUH2 185.156.72.48 
HESABAT 185.156.72.48 
OSSNETADMIN 185.156.72.48 
USER3 185.156.72.48 
ÄãÖäëÄçÑê 185.156.72.48 
PXE 185.156.72.48 
OFFICE44-1 185.156.72.48 
àêÄ 185.156.72.48 
MANAGER1 185.156.72.48 
TDY 185.156.72.48 
OFFICE 185.156.72.48 
àãúü 185.156.72.48 
KASSA2 185.156.72.48 
CLROUTER 185.156.72.48 
OLBERES 185.156.72.48 
àÉéêú 185.156.72.48 
KYOCERA 185.156.72.48 
CLUSER10 185.156.72.48 
OLEG 185.156.72.48 
USER7 185.156.72.48 
TCAWEB 185.156.72.48 
CLUSER3 185.156.72.48 
OLEKSII 185.156.72.48 
USER28 185.156.72.48 
RECEPTION 185.156.72.48 
CLUSER4 185.156.72.48 
OLGA 185.156.72.48 
KUZMIN 185.156.72.48 
DIRECTOR 185.156.72.48 
CLUSER6 185.156.72.48 
OLGA 185.156.72.48 
NIKITINA 185.156.72.48 
TEST 185.156.72.48 
CLUSER7 185.156.72.48 
OLIMPIADA 185.156.72.48 
USER4 185.156.72.48 
OPERATOR 185.156.72.48 
CLUSER8 185.156.72.48 
OPERATOR14 185.156.72.48 
DENIS 185.156.72.48 
ëäãÄÑ 185.156.72.48 
CLUSER9 185.156.72.48 
OPERATOR 185.156.72.48 
Åìï2 185.156.72.48 
ZHENYA 185.156.72.48 
R00T 185.156.72.48 
OPERATOR 185.156.72.48 
Åìï3 185.156.72.48 
VLAD 185.156.72.48 
BUH 185.156.72.48 
OPERZAL 185.156.72.48 
ADMINISTRATOR 185.156.72.48 
SKLAD 185.156.72.48 
LENA 185.156.72.48 
PAPERLAND 185.156.72.48 
WEBMASTER 185.156.72.48 
TERMINAL3 185.156.72.48 
OKTELADMIN 185.156.72.48 
PC1 185.156.72.48 
èÄÇÖã 185.156.72.48 
USER2 185.156.72.48 
SHAMAN 185.156.72.48 
PC3 185.156.72.48 
çÄëíü 185.156.72.48 
US2 185.156.72.48 
USER3 185.156.72.48 
PC 185.156.72.48 
ûêàëí 185.156.72.48 
ADMIN 185.156.72.48 
USER7 185.156.72.48 
PD 185.156.72.48 
AKABANENKO 185.156.72.48 
MANAGER1 185.156.72.48 
USER6 185.156.72.48 
PRTG 185.156.72.48 
ADMIN 185.156.72.48 
BUHGALTER 185.156.72.48 
USER3 185.156.72.48 
PAVEL.LEONOV 185.156.72.48 
SHAREDUSER 185.156.72.48 
MAX 185.156.72.48 
USER4 185.156.72.48 
PAVEL 185.156.72.48 
PZAYAKINVAGON 185.156.72.48 
12 185.156.72.48 
USER5 185.156.72.48 
PERVOMAISKAYA 185.156.72.48 
DIR 185.156.72.48 
OPERATOR14 185.156.72.48 
PETR 185.156.72.48 
VLADIMIR 185.156.72.48 
ALEVTINA 185.156.72.48 
003 185.156.72.48 
WS 185.156.72.48 
BAHAR 185.156.72.48 
SKLAD 185.156.72.48 
USER2 185.156.72.48 
KAMRAN 185.156.72.48 
POL2 185.156.72.48 
åÄêàçÄ 185.156.72.48 
KOMARSB 185.156.72.48 
POLYCOM 185.156.72.48 
HACI 185.156.72.48 
KASSA2 185.156.72.48 
POPOVA 185.156.72.48 
ADMINISTRATOR 185.156.72.48 
SERILIK-M2 185.156.72.48 
REV2 185.156.72.48 
POSTERSETSY 185.156.72.48 
ADMIN3 185.156.72.48 
Åàíêàäë 185.156.72.48 
BUH 185.156.72.48 
PPO 185.156.72.48 
AUDIT3 185.156.72.48 
TEST1 185.156.72.48 
SVETA 185.156.72.48 
PRESS 185.156.72.48 
HASHVAPAH 185.156.72.48 
ãÄêàëÄ 185.156.72.48 
USER 185.156.72.48 
PRIEM 185.156.72.48 
HASHVAPAH-3 185.156.72.48 
KRISTINA 185.156.72.48 
SQL 185.156.72.48 
PRINT 185.156.72.48 
KHANLAR 185.156.72.48 
OPERATOR01 185.156.72.48 
ADMIN 185.156.72.48 
PRINT 185.156.72.48 
BOR2 185.156.72.48 
SASHA 185.156.72.48 
ADMIN 185.156.72.48 
PRO 185.156.72.48 
DOOR 185.156.72.48 
MARIA 185.156.72.48 
ROOT 185.156.72.48 
PROCESSOR 185.156.72.48 
EMEX_SERVICE 185.156.72.48 
OFFICE4 185.156.72.48 
ADMINISTRATOR 185.156.72.48 
PROKSY 185.156.72.48 
REMOTE 185.156.72.48 
SHEFF_MAC 185.156.72.48 
LIZA 185.156.72.48 
PUBLER 185.156.72.48 
FOREIGNDEPT 185.156.72.48 
ADAPTEC 185.156.72.48 
MASHA 185.156.72.48 
QUANTUMBACKUP 185.156.72.48 
FINANCE 185.156.72.48 
BIPA 185.156.72.48 
ELENA 185.156.72.48 
R40 185.156.72.48 
MANAGERHOME 185.156.72.48 
anux777@ukr.net 37.73.70.95 
DA_PROKUDIN 185.156.72.48 
IVAN 185.156.72.48 
RDP1 185.156.72.48 
OHRANA 185.156.72.48 
RDP1 185.156.72.48 
SVETLANA 185.156.72.48 
ALENA 185.156.72.48 
RDP 185.156.72.48 
SECRETARY 185.156.72.48 
ADMIN 185.156.72.48 
SHOP 185.156.72.48 
RDP 185.156.72.48 
VERONIKA 185.156.72.48 
ûãü 185.156.72.48 
SYSADMIN 185.156.72.48 
RDP 185.156.72.48 
NIKITA 185.156.72.48 
ADM 185.156.72.48 
USER3 185.156.72.48 
RDPUSER2 185.156.72.48 
NINA 185.156.72.48 
USER 185.156.72.48 
USER4 185.156.72.48 
ROOT 185.156.72.48 
MAGAZIN 185.156.72.48 
ADMINISTRATOR 185.156.72.48 
USER5 185.156.72.48 
RVI 185.156.72.48 
KOSTYA 185.156.72.48 
mzh 92.255.85.166 
Zelda 92.255.85.166 
ADMINISTRATOR 200.89.175.111 
SUPPORTESE 61.246.139.155 
ASPNET 61.246.139.155 
SYS32 61.246.139.155 
K8H3D 61.246.139.155 
Ééëíú 61.246.139.155 
OPENPGSVC 61.246.139.155 
LIMITED 61.246.139.155 
XAFSERVICEACCNT 61.246.139.155 
ETB -IpAddress 
SYSTEM32 61.246.139.155 
GUEST 61.246.139.155 
INVITADO 61.246.139.155 
GUESTACCOUNT 61.246.139.155 
USEADM1 61.246.139.155 
USERADM 61.246.139.155 
SUP 61.246.139.155 
BACKUPSVC 61.246.139.155 
ADMIN03 61.246.139.155 
ASD 61.246.139.155 
FRONTDESK 61.246.139.155 
HELPDESK 61.246.139.155 
SUPPORT 61.246.139.155 
ASPNETADM 61.246.139.155 
HOST3A0 61.246.139.155 
HOST3A0 61.246.139.155 
ADM1N 61.246.139.155 
WADMIN 61.246.139.155 
GUEST 61.246.139.155 
DEFAULT 61.246.139.155 
WINSYS 61.246.139.155 
SUPPORT 61.246.139.155 
SRV 61.246.139.155 
ADMN 61.246.139.155 
HOST3A0 61.246.139.155 
ADMIN 61.246.139.155 
Ééëíú 61.246.139.155 
DRET 61.246.139.155 
TEST 61.246.139.155 
TEST 61.246.139.155 
TEST 61.246.139.155 
TEST 61.246.139.155 
TEST 61.246.139.155 
TEST 61.246.139.155 
TEST 61.246.139.155 
ÄÑåàçàëíêÄíéê 61.246.139.155 
ÄÑåàç 61.246.139.155 
ADMIN 61.246.139.155 
ÄÑåàçàëíêÄíéê 61.246.139.155 
ÄÑåàç 61.246.139.155 
ADMIN 61.246.139.155 
ÄÑåàçàëíêÄíéê 61.246.139.155 
ÄÑåàç 61.246.139.155 
ADMIN 61.246.139.155 
ÄÑåàçàëíêÄíéê 61.246.139.155 
ÄÑåàç 61.246.139.155 
ADMIN 61.246.139.155 
ÄÑåàçàëíêÄíéê 61.246.139.155 
ÄÑåàç 61.246.139.155 
ADMIN 61.246.139.155 
ÄÑåàçàëíêÄíéê 61.246.139.155 
ÄÑåàç 61.246.139.155 
ADMIN 61.246.139.155 
ÄÑåàçàëíêÄíéê 61.246.139.155 
ÄÑåàç 61.246.139.155 
ADMIN 61.246.139.155 
Test 94.232.42.157 
Test 94.232.42.157 
SER 61.246.139.155 
POSTGRES 61.246.139.155 
TEST 61.246.139.155 
TEST1122334455 61.246.139.155 
TESTADMIN384 61.246.139.155 
1 61.246.139.155 
TESTADMINSRV384 61.246.139.155 
TEAMVIEWERVPN 61.246.139.155 
Test 87.251.75.89 
i0125ll 94.232.42.157 
i0125ll 94.232.42.157 
i0125ll 94.232.42.157 
i0125ll 94.232.42.157 
i0125ll 94.232.42.157 
i0125ll 94.232.42.157 
i0125ll 94.232.42.157 
i0125ll 94.232.42.157 
i0125ll 94.232.42.157 
i0125ll 94.232.42.157 
i0125ll 94.232.42.157 
i0125ll 94.232.42.157 
i0125ll 94.232.42.157 
i0125ll 94.232.42.157 
i0125ll 94.232.42.157 
i0125ll 94.232.42.157 
i0125ll 94.232.42.157 
i0125ll 94.232.42.157 
i0125ll 94.232.42.157 
i0125ll 94.232.42.157 
i0125ll 94.232.42.157 
i0125ll 94.232.42.157 
i0125ll 94.232.42.157 
i0125ll 94.232.42.157 
i0125ll 94.232.42.157 
i0125ll 94.232.42.157 
i0125ll 94.232.42.157 
i0125ll 94.232.42.157 
i0125ll 94.232.42.157 
i0125ll 94.232.42.157 
i0125ll 94.232.42.157 
i0125ll 94.232.42.157 
i0125ll 94.232.42.157 
i0125ll 94.232.42.157 
i0125ll 94.232.42.157 
i0125ll 94.232.42.157 
i0125ll 94.232.42.157 
i0125ll 94.232.42.157 
i0125ll 94.232.42.157 
i0125ll 94.232.42.157 
i0125ll 94.232.42.157 
i0125ll 94.232.42.157 
i0125ll 94.232.42.157 
i0125ll 94.232.42.157 
i0125ll 94.232.42.157 
i0125ll 94.232.42.157 
i0125ll 94.232.42.157 
i0125ll 94.232.42.157 
i0125ll 94.232.42.157 
i0125ll 94.232.42.157 
i0125ll 94.232.42.157 
i0125ll 94.232.42.157 
i0125ll 94.232.42.157 
i0125ll 94.232.42.157 
i0125ll 94.232.42.157 
i0125ll 94.232.42.157 
i0125ll 94.232.42.157 
i0125ll 94.232.42.157 
i0125ll 94.232.42.157 
i0125ll 94.232.42.157 
i0125ll 94.232.42.157 
i0125ll 94.232.42.157 
i0125ll 94.232.42.157 
i0125ll 94.232.42.157 
i0125ll 94.232.42.157 
i0125ll 94.232.42.157 
i0125ll 94.232.42.157 
i0125ll 94.232.42.157 
i0125ll 94.232.42.157 
i0125ll 94.232.42.157 
i0125ll 94.232.42.157 
i0125ll 94.232.42.157 
i0125ll 94.232.42.157 
i0125ll 94.232.42.157 
i0125ll 94.232.42.157 
i0125ll 94.232.42.157 
i0125ll 94.232.42.157 
i0125ll 94.232.42.157 
i0125ll 94.232.42.157 
i0125ll 94.232.42.157 
i0125ll 94.232.42.157 
i0125ll 94.232.42.157 
i0125ll 94.232.42.157 
i0125ll 94.232.42.157 
i0125ll 94.232.42.157 
i0125ll 94.232.42.157 
i0125ll 94.232.42.157 
i0125ll 94.232.42.157 
i0125ll 94.232.42.157 
i0125ll 94.232.42.157 
i0125ll 94.232.42.157 
i0125ll 94.232.42.157 
i0125ll 94.232.42.157 
i0125ll 94.232.42.157 
i0125ll 94.232.42.157 
i0125ll 94.232.42.157 
i0125ll 94.232.42.157 
i0125ll 94.232.42.157 
i0125ll 94.232.42.157 
i0125ll 94.232.42.157 
i0125ll 94.232.42.157 
i0125ll 94.232.42.157 
i0125ll 94.232.42.157 
i0125ll 94.232.42.157 
i0125ll 94.232.42.157 
i0125ll 94.232.42.157 
i0125ll 94.232.42.157 
i0125ll 94.232.42.157 
i0125ll 94.232.42.157 
i0125ll 94.232.42.157 
i0125ll 94.232.42.157 
i0125ll 94.232.42.157 
i0125ll 94.232.42.157 
i0125ll 94.232.42.157 
i0125ll 94.232.42.157 
i0125ll 94.232.42.157 
i0125ll 94.232.42.157 
i0125ll 94.232.42.157 
i0125ll 94.232.42.157 
i0125ll 94.232.42.157 
i0125ll 94.232.42.157 
i0125ll 94.232.42.157 
i0125ll 94.232.42.157 
i0125ll 94.232.42.157 
i0125ll 94.232.42.157 
i0125ll 94.232.42.157 
i0125ll 94.232.42.157 
i0125ll 94.232.42.157 
i0125ll 94.232.42.157 
i0125ll 94.232.42.157 
i0125ll 94.232.42.157 
i0125ll 94.232.42.157 
i0125ll 94.232.42.157 
i0125ll 94.232.42.157 
i0125ll 94.232.42.157 
i0125ll 94.232.42.157 
i0125ll 94.232.42.157 
i0125ll 94.232.42.157 
i0125ll 94.232.42.157 
i0125ll 94.232.42.157 
i0125ll 94.232.42.157 
i0125ll 94.232.42.157 
i0125ll 94.232.42.157 
i0125ll 94.232.42.157 
i0125ll 94.232.42.157 
i0125ll 94.232.42.157 
i0125ll 94.232.42.157 
i0125ll 94.232.42.157 
i0125ll 94.232.42.157 
i0125ll 94.232.42.157 
i0125ll 94.232.42.157 
i0125ll 94.232.42.157 
i0125ll 94.232.42.157 
i0125ll 94.232.42.157 
i0125ll 94.232.42.157 
i0125ll 94.232.42.157 
i0125ll 94.232.42.157 
i0125ll 94.232.42.157 
i0125ll 94.232.42.157 
i0125ll 94.232.42.157 
i0125ll 94.232.42.157 
i0125ll 94.232.42.157 
i0125ll 94.232.42.157 
i0125ll 94.232.42.157 
i0125ll 94.232.42.157 
i0125ll 94.232.42.157 
i0125ll 94.232.42.157 
i0125ll 94.232.42.157 
i0125ll 94.232.42.157 
i0125ll 94.232.42.157 
i0125ll 94.232.42.157 
i0125ll 94.232.42.157 
i0125ll 94.232.42.157 
i0125ll 94.232.42.157 
i0125ll 94.232.42.157 
i0125ll 94.232.42.157 
i0125ll 94.232.42.157 
i0125ll 94.232.42.157 
i0125ll 94.232.42.157 
i0125ll 94.232.42.157 
i0125ll 94.232.42.157 
i0125ll 94.232.42.157 
i0125ll 94.232.42.157 
i0125ll 94.232.42.157 
i0125ll 94.232.42.157 
i0125ll 94.232.42.157 
i0125ll 94.232.42.157 
i0125ll 94.232.42.157 
i0125ll 94.232.42.157 
i0125ll 94.232.42.157 
i0125ll 94.232.42.157 
i0125ll 94.232.42.157 
i0125ll 94.232.42.157 
i0125ll 94.232.42.157 
i0125ll 94.232.42.157 
i0125ll 94.232.42.157 
i0125ll 94.232.42.157 
i0125ll 94.232.42.157 
i0125ll 94.232.42.157 
i0125ll 94.232.42.157 
i0125ll 94.232.42.157 
i0125ll 94.232.42.157 
i0125ll 94.232.42.157 
i0125ll 94.232.42.157 
i0125ll 94.232.42.157 
i0125ll 94.232.42.157 
i0125ll 94.232.42.157 
i0125ll 94.232.42.157 
i0125ll 94.232.42.157 
i0125ll 94.232.42.157 
i0125ll 94.232.42.157 
i0125ll 94.232.42.157 
i0125ll 94.232.42.157 
i0125ll 94.232.42.157 
i0125ll 94.232.42.157 
i0125ll 94.232.42.157 
i0125ll 94.232.42.157 
i0125ll 94.232.42.157 
i0125ll 94.232.42.157 
i0125ll 94.232.42.157 
i0125ll 94.232.42.157 
i0125ll 94.232.42.157 
i0125ll 94.232.42.157 
i0125ll 94.232.42.157 
i0125ll 94.232.42.157 
i0125ll 94.232.42.157 
i0125ll 94.232.42.157 
i0125ll 94.232.42.157 
i0125ll 94.232.42.157 
i0125ll 94.232.42.157 
i0125ll 94.232.42.157 
i0125ll 94.232.42.157 
i0125ll 94.232.42.157 
i0125ll 94.232.42.157 
i0125ll 94.232.42.157 
i0125ll 94.232.42.157 
i0125ll 94.232.42.157 
i0125ll 94.232.42.157 
i0125ll 94.232.42.157 
i0125ll 94.232.42.157 
i0125ll 94.232.42.157 
i0125ll 94.232.42.157 
i0125ll 94.232.42.157 
i0125ll 94.232.42.157 
i0125ll 94.232.42.157 
i0125ll 94.232.42.157 
i0125ll 94.232.42.157 
i0125ll 94.232.42.157 
i0125ll 94.232.42.157 
i0125ll 94.232.42.157 
i0125ll 94.232.42.157 
i0125ll 94.232.42.157 
i0125ll 94.232.42.157 
i0125ll 94.232.42.157 
i0125ll 94.232.42.157 
i0125ll 94.232.42.157 
i0125ll 94.232.42.157 
i0125ll 94.232.42.157 
i0125ll 94.232.42.157 
i0125ll 94.232.42.157 
i0125ll 94.232.42.157 
i0125ll 94.232.42.157 
i0125ll 94.232.42.157 
i0125ll 94.232.42.157 
i0125ll 94.232.42.157 
i0125ll 94.232.42.157 
i0125ll 94.232.42.157 
i0125ll 94.232.42.157 
i0125ll 94.232.42.157 
i0125ll 94.232.42.157 
i0125ll 94.232.42.157 
i0125ll 94.232.42.157 
i0125ll 94.232.42.157 
i0125ll 94.232.42.157 
i0125ll 94.232.42.157 
i0125ll 94.232.42.157 
i0125ll 94.232.42.157 
i0125ll 94.232.42.157 
i0125ll 94.232.42.157 
i0125ll 94.232.42.157 
i0125ll 94.232.42.157 
i0125ll 94.232.42.157 
i0125ll 94.232.42.157 
i0125ll 94.232.42.157 
i0125ll 94.232.42.157 
i0125ll 94.232.42.157 
i0125ll 94.232.42.157 
i0125ll 94.232.42.157 
i0125ll 94.232.42.157 
i0125ll 94.232.42.157 
i0125ll 94.232.42.157 
i0125ll 94.232.42.157 
i0125ll 94.232.42.157 
i0125ll 94.232.42.157 
i0125ll 94.232.42.157 
i0125ll 94.232.42.157 
i0125ll 94.232.42.157 
i0125ll 94.232.42.157 
i0125ll 94.232.42.157 
i0125ll 94.232.42.157 
i0125ll 94.232.42.157 
i0125ll 94.232.42.157 
i0125ll 94.232.42.157 
i0125ll 94.232.42.157 
i0125ll 94.232.42.157 
i0125ll 94.232.42.157 
i0125ll 94.232.42.157 
i0125ll 94.232.42.157 
i0125ll 94.232.42.157 
i0125ll 94.232.42.157 
i0125ll 94.232.42.157 
i0125ll 94.232.42.157 
i0125ll 94.232.42.157 
i0125ll 94.232.42.157 
i0125ll 94.232.42.157 
i0125ll 94.232.42.157 
i0125ll 94.232.42.157 
i0125ll 94.232.42.157 
i0125ll 94.232.42.157 
i0125ll 94.232.42.157 
i0125ll 94.232.42.157 
i0125ll 94.232.42.157 
i0125ll 94.232.42.157 
i0125ll 94.232.42.157 
i0125ll 94.232.42.157 
i0125ll 94.232.42.157 
i0125ll 94.232.42.157 
i0125ll 94.232.42.157 
i0125ll 94.232.42.157 
i0125ll 94.232.42.157 
i0125ll 94.232.42.157 
i0125ll 94.232.42.157 
i0125ll 94.232.42.157 
i0125ll 94.232.42.157 
i0125ll 94.232.42.157 
i0125ll 94.232.42.157 
i0125ll 94.232.42.157 
i0125ll 94.232.42.157 
i0125ll 94.232.42.157 
i0125ll 94.232.42.157 
i0125ll 94.232.42.157 
i0125ll 94.232.42.157 
i0125ll 94.232.42.157 
i0125ll 94.232.42.157 
i0125ll 94.232.42.157 
i0125ll 94.232.42.157 
i0125ll 94.232.42.157 
i0125ll 94.232.42.157 
i0125ll 94.232.42.157 
i0125ll 94.232.42.157 
i0125ll 94.232.42.157 
i0125ll 94.232.42.157 
i0125ll 94.232.42.157 
i0125ll 94.232.42.157 
i0125ll 94.232.42.157 
i0125ll 94.232.42.157 
i0125ll 94.232.42.157 
i0125ll 94.232.42.157 
i0125ll 94.232.42.157 
i0125ll 94.232.42.157 
i0125ll 94.232.42.157 
i0125ll 94.232.42.157 
i0125ll 94.232.42.157 
i0125ll 94.232.42.157 
i0125ll 94.232.42.157 
i0125ll 94.232.42.157 
i0125ll 94.232.42.157 
i0125ll 94.232.42.157 
i0125ll 94.232.42.157 
i0125ll 94.232.42.157 
i0125ll 94.232.42.157 
i0125ll 94.232.42.157 
i0125ll 94.232.42.157 
i0125ll 94.232.42.157 
i0125ll 94.232.42.157 
i0125ll 94.232.42.157 
i0125ll 94.232.42.157 
i0125ll 94.232.42.157 
i0125ll 94.232.42.157 
i0125ll 94.232.42.157 
i0125ll 94.232.42.157 
i0125ll 94.232.42.157 
i0125ll 94.232.42.157 
i0125ll 94.232.42.157 
i0125ll 94.232.42.157 
i0125ll 94.232.42.157 
i0125ll 94.232.42.157 
i0125ll 94.232.42.157 
i0125ll 94.232.42.157 
i0125ll 94.232.42.157 
i0125ll 94.232.42.157 
i0125ll 94.232.42.157 
i0125ll 94.232.42.157 
i0125ll 94.232.42.157 
i0125ll 94.232.42.157 
i0125ll 94.232.42.157 
i0125ll 94.232.42.157 
i0125ll 94.232.42.157 
i0125ll 94.232.42.157 
i0125ll 94.232.42.157 
i0125ll 94.232.42.157 
i0125ll 94.232.42.157 
i0125ll 94.232.42.157 
i0125ll 94.232.42.157 
i0125ll 94.232.42.157 
i0125ll 94.232.42.157 
i0125ll 94.232.42.157 
i0125ll 94.232.42.157 
i0125ll 94.232.42.157 
i0125ll 94.232.42.157 
i0125ll 94.232.42.157 
i0125ll 94.232.42.157 
i0125ll 94.232.42.157 
i0125ll 94.232.42.157 
i0125ll 94.232.42.157 
i0125ll 94.232.42.157 
i0125ll 94.232.42.157 
i0125ll 94.232.42.157 
i0125ll 94.232.42.157 
i0125ll 94.232.42.157 
i0125ll 94.232.42.157 
i0125ll 94.232.42.157 
i0125ll 94.232.42.157 
i0125ll 94.232.42.157 
i0125ll 94.232.42.157 
i0125ll 94.232.42.157 
i0125ll 94.232.42.157 
i0125ll 94.232.42.157 
i0125ll 94.232.42.157 
i0125ll 94.232.42.157 
i0125ll 94.232.42.157 
i0125ll 94.232.42.157 
i0125ll 94.232.42.157 
i0125ll 94.232.42.157 
i0125ll 94.232.42.157 
i0125ll 94.232.42.157 
i0125ll 94.232.42.157 
i0125ll 94.232.42.157 
i0125ll 94.232.42.157 
i0125ll 94.232.42.157 
i0125ll 94.232.42.157 
i0125ll 94.232.42.157 
i0125ll 94.232.42.157 
i0125ll 94.232.42.157 
i0125ll 94.232.42.157 
i0125ll 94.232.42.157 
i0125ll 94.232.42.157 
i0125ll 94.232.42.157 
i0125ll 94.232.42.157 
i0125ll 94.232.42.157 
i0125ll 94.232.42.157 
i0125ll 94.232.42.157 
i0125ll 94.232.42.157 
i0125ll 94.232.42.157 
i0125ll 94.232.42.157 
i0125ll 94.232.42.157 
i0125ll 94.232.42.157 
i0125ll 94.232.42.157 
i0125ll 94.232.42.157 
i0125ll 94.232.42.157 
i0125ll 94.232.42.157 
i0125ll 94.232.42.157 
i0125ll 94.232.42.157 
i0125ll 94.232.42.157 
i0125ll 94.232.42.157 
i0125ll 94.232.42.157 
i0125ll 94.232.42.157 
i0125ll 94.232.42.157 
i0125ll 94.232.42.157 
i0125ll 94.232.42.157 
i0125ll 94.232.42.157 
i0125ll 94.232.42.157 
i0125ll 94.232.42.157 
i0125ll 94.232.42.157 
i0125ll 94.232.42.157 
i0125ll 94.232.42.157 
i0125ll 94.232.42.157 
i0125ll 94.232.42.157 
i0125ll 94.232.42.157 
i0125ll 94.232.42.157 
i0125ll 94.232.42.157 
i0125ll 94.232.42.157 
i0125ll 94.232.42.157 
i0125ll 94.232.42.157 
i0125ll 94.232.42.157 
i0125ll 94.232.42.157 
i0125ll 94.232.42.157 
i0125ll 94.232.42.157 
i0125ll 94.232.42.157 
i0125ll 94.232.42.157 
i0125ll 94.232.42.157 
i0125ll 94.232.42.157 
i0125ll 94.232.42.157 
i0125ll 94.232.42.157 
i0125ll 94.232.42.157 
i0125ll 94.232.42.157 
i0125ll 94.232.42.157 
i0125ll 94.232.42.157 
i0125ll 94.232.42.157 
i0125ll 94.232.42.157 
i0125ll 94.232.42.157 
i0125ll 94.232.42.157 
i0125ll 94.232.42.157 
i0125ll 94.232.42.157 
i0125ll 94.232.42.157 
i0125ll 94.232.42.157 
i0125ll 94.232.42.157 
i0125ll 94.232.42.157 
i0125ll 94.232.42.157 
i0125ll 94.232.42.157 
i0125ll 94.232.42.157 
i0125ll 94.232.42.157 
i0125ll 94.232.42.157 
i0125ll 94.232.42.157 
i0125ll 94.232.42.157 
i0125ll 94.232.42.157 
i0125ll 94.232.42.157 
i0125ll 94.232.42.157 
i0125ll 94.232.42.157 
i0125ll 94.232.42.157 
i0125ll 94.232.42.157 
i0125ll 94.232.42.157 
i0125ll 94.232.42.157 
i0125ll 94.232.42.157 
i0125ll 94.232.42.157 
i0125ll 94.232.42.157 
i0125ll 94.232.42.157 
i0125ll 94.232.42.157 
i0125ll 94.232.42.157 
i0125ll 94.232.42.157 
i0125ll 94.232.42.157 
i0125ll 94.232.42.157 
i0125ll 94.232.42.157 
i0125ll 94.232.42.157 
i0125ll 94.232.42.157 
i0125ll 94.232.42.157 
i0125ll 94.232.42.157 
i0125ll 94.232.42.157 
i0125ll 94.232.42.157 
i0125ll 94.232.42.157 
i0125ll 94.232.42.157 
i0125ll 94.232.42.157 
i0125ll 94.232.42.157 
i0125ll 94.232.42.157 
i0125ll 94.232.42.157 
i0125ll 94.232.42.157 
i0125ll 94.232.42.157 
i0125ll 94.232.42.157 
i0125ll 94.232.42.157 
i0125ll 94.232.42.157 
i0125ll 94.232.42.157 
i0125ll 94.232.42.157 
i0125ll 94.232.42.157 
i0125ll 94.232.42.157 
i0125ll 94.232.42.157 
i0125ll 94.232.42.157 
i0125ll 94.232.42.157 
i0125ll 94.232.42.157 
i0125ll 94.232.42.157 
i0125ll 94.232.42.157 
i0125ll 94.232.42.157 
i0125ll 94.232.42.157 
i0125ll 94.232.42.157 
i0125ll 94.232.42.157 
i0125ll 94.232.42.157 
i0125ll 94.232.42.157 
i0125ll 94.232.42.157 
i0125ll 94.232.42.157 
i0125ll 94.232.42.157 
i0125ll 94.232.42.157 
i0125ll 94.232.42.157 
i0125ll 94.232.42.157 
i0125ll 94.232.42.157 
i0125ll 94.232.42.157 
i0125ll 94.232.42.157 
i0125ll 94.232.42.157 
i0125ll 94.232.42.157 
i0125ll 94.232.42.157 
i0125ll 94.232.42.157 
i0125ll 94.232.42.157 
i0125ll 94.232.42.157 
i0125ll 94.232.42.157 
i0125ll 94.232.42.157 
i0125ll 94.232.42.157 
i0125ll 94.232.42.157 
i0125ll 94.232.42.157 
i0125ll 94.232.42.157 
i0125ll 94.232.42.157 
i0125ll 94.232.42.157 
i0125ll 94.232.42.157 
i0125ll 94.232.42.157 
i0125ll 94.232.42.157 
i0125ll 94.232.42.157 
i0125ll 94.232.42.157 
i0125ll 94.232.42.157 
i0125ll 94.232.42.157 
i0125ll 94.232.42.157 
i0125ll 94.232.42.157 
i0125ll 94.232.42.157 
i0125ll 94.232.42.157 
i0125ll 94.232.42.157 
i0125ll 94.232.42.157 
i0125ll 94.232.42.157 
i0125ll 94.232.42.157 
i0125ll 94.232.42.157 
i0125ll 94.232.42.157 
i0125ll 94.232.42.157 
i0125ll 94.232.42.157 
i0125ll 94.232.42.157 
i0125ll 94.232.42.157 
i0125ll 94.232.42.157 
i0125ll 94.232.42.157 
i0125ll 94.232.42.157 
i0125ll 94.232.42.157 
i0125ll 94.232.42.157 
i0125ll 94.232.42.157 
i0125ll 94.232.42.157 
i0125ll 94.232.42.157 
i0125ll 94.232.42.157 
i0125ll 94.232.42.157 
i0125ll 94.232.42.157 
i0125ll 94.232.42.157 
i0125ll 94.232.42.157 
i0125ll 94.232.42.157 
i0125ll 94.232.42.157 
i0125ll 94.232.42.157 
i0125ll 94.232.42.157 
i0125ll 94.232.42.157 
i0125ll 94.232.42.157 
i0125ll 94.232.42.157 
i0125ll 94.232.42.157 
i0125ll 94.232.42.157 
i0125ll 94.232.42.157 
i0125ll 94.232.42.157 
i0125ll 94.232.42.157 
i0125ll 94.232.42.157 
i0125ll 94.232.42.157 
i0125ll 94.232.42.157 
i0125ll 94.232.42.157 
i0125ll 94.232.42.157 
i0125ll 94.232.42.157 
i0125ll 94.232.42.157 
i0125ll 94.232.42.157 
i0125ll 94.232.42.157 
i0125ll 94.232.42.157 
i0125ll 94.232.42.157 
i0125ll 94.232.42.157 
i0125ll 94.232.42.157 
i0125ll 94.232.42.157 
i0125ll 94.232.42.157 
i0125ll 94.232.42.157 
i0125ll 94.232.42.157 
i0125ll 94.232.42.157 
i0125ll 94.232.42.157 
i0125ll 94.232.42.157 
i0125ll 94.232.42.157 
i0125ll 94.232.42.157 
i0125ll 94.232.42.157 
i0125ll 94.232.42.157 
i0125ll 94.232.42.157 
i0125ll 94.232.42.157 
i0125ll 94.232.42.157 
i0125ll 94.232.42.157 
i0125ll 94.232.42.157 
i0125ll 94.232.42.157 
i0125ll 94.232.42.157 
i0125ll 94.232.42.157 
i0125ll 94.232.42.157 
i0125ll 94.232.42.157 
i0125ll 94.232.42.157 
i0125ll 94.232.42.157 
i0125ll 94.232.42.157 
i0125ll 94.232.42.157 
i0125ll 94.232.42.157 
i0125ll 94.232.42.157 
i0125ll 94.232.42.157 
i0125ll 94.232.42.157 
i0125ll 94.232.42.157 
i0125ll 94.232.42.157 
i0125ll 94.232.42.157 
i0125ll 94.232.42.157 
i0125ll 94.232.42.157 
i0125ll 94.232.42.157 
i0125ll 94.232.42.157 
i0125ll 94.232.42.157 
i0125ll 94.232.42.157 
i0125ll 94.232.42.157 
i0125ll 94.232.42.157 
i0125ll 94.232.42.157 
i0125ll 94.232.42.157 
i0125ll 94.232.42.157 
i0125ll 94.232.42.157 
i0125ll 94.232.42.157 
i0125ll 94.232.42.157 
i0125ll 94.232.42.157 
i0125ll 94.232.42.157 
i0125ll 94.232.42.157 
i0125ll 94.232.42.157 
i0125ll 94.232.42.157 
i0125ll 94.232.42.157 
i0125ll 94.232.42.157 
i0125ll 94.232.42.157 
i0125ll 94.232.42.157 
i0125ll 94.232.42.157 
i0125ll 94.232.42.157 
i0125ll 94.232.42.157 
i0125ll 94.232.42.157 
i0125ll 94.232.42.157 
i0125ll 94.232.42.157 
i0125ll 94.232.42.157 
i0125ll 94.232.42.157 
i0125ll 94.232.42.157 
i0125ll 94.232.42.157 
i0125ll 94.232.42.157 
i0125ll 94.232.42.157 
i0125ll 94.232.42.157 
i0125ll 94.232.42.157 
i0125ll 94.232.42.157 
i0125ll 94.232.42.157 
i0125ll 94.232.42.157 
i0125ll 94.232.42.157 
i0125ll 94.232.42.157 
i0125ll 94.232.42.157 
i0125ll 94.232.42.157 
i0125ll 94.232.42.157 
i0125ll 94.232.42.157 
i0125ll 94.232.42.157 
i0125ll 94.232.42.157 
i0125ll 94.232.42.157 
i0125ll 94.232.42.157 
i0125ll 94.232.42.157 
i0125ll 94.232.42.157 
i0125ll 94.232.42.157 
i0125ll 94.232.42.157 
i0125ll 94.232.42.157 
i0125ll 94.232.42.157 
i0125ll 94.232.42.157 
i0125ll 94.232.42.157 
i0125ll 94.232.42.157 
i0125ll 94.232.42.157 
i0125ll 94.232.42.157 
i0125ll 94.232.42.157 
i0125ll 94.232.42.157 
i0125ll 94.232.42.157 
i0125ll 94.232.42.157 
i0125ll 94.232.42.157 
i0125ll 94.232.42.157 
i0125ll 94.232.42.157 
i0125ll 94.232.42.157 
i0125ll 94.232.42.157 
i0125ll 94.232.42.157 
i0125ll 94.232.42.157 
i0125ll 94.232.42.157 
i0125ll 94.232.42.157 
i0125ll 94.232.42.157 
i0125ll 94.232.42.157 
i0125ll 94.232.42.157 
i0125ll 94.232.42.157 
i0125ll 94.232.42.157 
i0125ll 94.232.42.157 
i0125ll 94.232.42.157 
i0125ll 94.232.42.157 
i0125ll 94.232.42.157 
i0125ll 94.232.42.157 
i0125ll 94.232.42.157 
i0125ll 94.232.42.157 
i0125ll 94.232.42.157 
i0125ll 94.232.42.157 
i0125ll 94.232.42.157 
i0125ll 94.232.42.157 
i0125ll 94.232.42.157 
i0125ll 94.232.42.157 
i0125ll 94.232.42.157 
i0125ll 94.232.42.157 
i0125ll 94.232.42.157 
i0125ll 94.232.42.157 
i0125ll 94.232.42.157 
i0125ll 94.232.42.157 
i0125ll 94.232.42.157 
i0125ll 94.232.42.157 
i0125ll 94.232.42.157 
i0125ll 94.232.42.157 
i0125ll 94.232.42.157 
i0125ll 94.232.42.157 
i0125ll 94.232.42.157 
i0125ll 94.232.42.157 
i0125ll 94.232.42.157 
i0125ll 94.232.42.157 
i0125ll 94.232.42.157 
i0125ll 94.232.42.157 
i0125ll 94.232.42.157 
i0125ll 94.232.42.157 
i0125ll 94.232.42.157 
i0125ll 94.232.42.157 
i0125ll 94.232.42.157 
i0125ll 94.232.42.157 
i0125ll 94.232.42.157 
i0125ll 94.232.42.157 
i0125ll 94.232.42.157 
i0125ll 94.232.42.157 
i0125ll 94.232.42.157 
i0125ll 94.232.42.157 
i0125ll 94.232.42.157 
i0125ll 94.232.42.157 
i0125ll 94.232.42.157 
i0125ll 94.232.42.157 
i0125ll 94.232.42.157 
i0125ll 94.232.42.157 
i0125ll 94.232.42.157 
i0125ll 94.232.42.157 
i0125ll 94.232.42.157 
i0125ll 94.232.42.157 
i0125ll 94.232.42.157 
i0125ll 94.232.42.157 
i0125ll 94.232.42.157 
i0125ll 94.232.42.157 
i0125ll 94.232.42.157 
i0125ll 94.232.42.157 
i0125ll 94.232.42.157 
i0125ll 94.232.42.157 
i0125ll 94.232.42.157 
i0125ll 94.232.42.157 
i0125ll 94.232.42.157 
i0125ll 94.232.42.157 
i0125ll 94.232.42.157 
i0125ll 94.232.42.157 
i0125ll 94.232.42.157 
i0125ll 94.232.42.157 
i0125ll 94.232.42.157 
i0125ll 94.232.42.157 
i0125ll 94.232.42.157 
i0125ll 94.232.42.157 
i0125ll 94.232.42.157 
i0125ll 94.232.42.157 
i0125ll 94.232.42.157 
i0125ll 94.232.42.157 
i0125ll 94.232.42.157 
i0125ll 94.232.42.157 
i0125ll 94.232.42.157 
i0125ll 94.232.42.157 
i0125ll 94.232.42.157 
i0125ll 94.232.42.157 
i0125ll 94.232.42.157 
i0125ll 94.232.42.157 
i0125ll 94.232.42.157 
i0125ll 94.232.42.157 
i0125ll 94.232.42.157 
i0125ll 94.232.42.157 
i0125ll 94.232.42.157 
i0125ll 94.232.42.157 
i0125ll 94.232.42.157 
i0125ll 94.232.42.157 
i0125ll 94.232.42.157 
i0125ll 94.232.42.157 
i0125ll 94.232.42.157 
i0125ll 94.232.42.157 
i0125ll 94.232.42.157 
i0125ll 94.232.42.157 
i0125ll 94.232.42.157 
i0125ll 94.232.42.157 
i0125ll 94.232.42.157 
i0125ll 94.232.42.157 
i0125ll 94.232.42.157 
i0125ll 94.232.42.157 
i0125ll 94.232.42.157 
i0125ll 94.232.42.157 
i0125ll 94.232.42.157 
i0125ll 94.232.42.157 
i0125ll 94.232.42.157 
i0125ll 94.232.42.157 
i0125ll 94.232.42.157 
i0125ll 94.232.42.157 
i0125ll 94.232.42.157 
i0125ll 94.232.42.157 
i0125ll 94.232.42.157 
i0125ll 94.232.42.157 
i0125ll 94.232.42.157 
i0125ll 94.232.42.157 
i0125ll 94.232.42.157 
i0125ll 94.232.42.157 
i0125ll 94.232.42.157 
i0125ll 94.232.42.157 
i0125ll 94.232.42.157 
i0125ll 94.232.42.157 
i0125ll 94.232.42.157 
i0125ll 94.232.42.157 
i0125ll 94.232.42.157 
i0125ll 94.232.42.157 
i0125ll 94.232.42.157 
i0125ll 94.232.42.157 
i0125ll 94.232.42.157 
i0125ll 94.232.42.157 
i0125ll 94.232.42.157 
i0125ll 94.232.42.157 
i0125ll 94.232.42.157 
i0125ll 94.232.42.157 
i0125ll 94.232.42.157 
i0125ll 94.232.42.157 
i0125ll 94.232.42.157 
i0125ll 94.232.42.157 
i0125ll 94.232.42.157 
i0125ll 94.232.42.157 
i0125ll 94.232.42.157 
i0125ll 94.232.42.157 
i0125ll 94.232.42.157 
i0125ll 94.232.42.157 
i0125ll 94.232.42.157 
i0125ll 94.232.42.157 
i0125ll 94.232.42.157 
i0125ll 94.232.42.157 
i0125ll 94.232.42.157 
i0125ll 94.232.42.157 
i0125ll 94.232.42.157 
i0125ll 94.232.42.157 
i0125ll 94.232.42.157 
i0125ll 94.232.42.157 
i0125ll 94.232.42.157 
i0125ll 94.232.42.157 
i0125ll 94.232.42.157 
i0125ll 94.232.42.157 
i0125ll 94.232.42.157 
i0125ll 94.232.42.157 
i0125ll 94.232.42.157 
i0125ll 94.232.42.157 
i0125ll 94.232.42.157 
i0125ll 94.232.42.157 
i0125ll 94.232.42.157 
i0125ll 94.232.42.157 
i0125ll 94.232.42.157 
i0125ll 94.232.42.157 
i0125ll 94.232.42.157 
i0125ll 94.232.42.157 
i0125ll 94.232.42.157 
i0125ll 94.232.42.157 
i0125ll 94.232.42.157 
i0125ll 94.232.42.157 
i0125ll 94.232.42.157 
i0125ll 94.232.42.157 
i0125ll 94.232.42.157 
i0125ll 94.232.42.157 
i0125ll 94.232.42.157 
i0125ll 94.232.42.157 
i0125ll 94.232.42.157 
i0125ll 94.232.42.157 
i0125ll 94.232.42.157 
i0125ll 94.232.42.157 
i0125ll 94.232.42.157 
i0125ll 94.232.42.157 
i0125ll 94.232.42.157 
i0125ll 94.232.42.157 
i0125ll 94.232.42.157 
i0125ll 94.232.42.157 
i0125ll 94.232.42.157 
i0125ll 94.232.42.157 
i0125ll 94.232.42.157 
i0125ll 94.232.42.157 
i0125ll 94.232.42.157 
i0125ll 94.232.42.157 
i0125ll 94.232.42.157 
i0125ll 94.232.42.157 
i0125ll 94.232.42.157 
i0125ll 94.232.42.157 
i0125ll 94.232.42.157 
i0125ll 94.232.42.157 
i0125ll 94.232.42.157 
i0125ll 94.232.42.157 
i0125ll 94.232.42.157 
i0125ll 94.232.42.157 
i0125ll 94.232.42.157 
i0125ll 94.232.42.157 
i0125ll 94.232.42.157 
i0125ll 94.232.42.157 
i0125ll 94.232.42.157 
i0125ll 94.232.42.157 
i0125ll 94.232.42.157 
i0125ll 94.232.42.157 
i0125ll 94.232.42.157 
i0125ll 94.232.42.157 
i0125ll 94.232.42.157 
i0125ll 94.232.42.157 
i0125ll 94.232.42.157 
i0125ll 94.232.42.157 
i0125ll 94.232.42.157 
i0125ll 94.232.42.157 
i0125ll 94.232.42.157 
i0125ll 94.232.42.157 
i0125ll 94.232.42.157 
i0125ll 94.232.42.157 
i0125ll 94.232.42.157 
i0125ll 94.232.42.157 
i0125ll 94.232.42.157 
i0125ll 94.232.42.157 
i0125ll 94.232.42.157 
i0125ll 94.232.42.157 
i0125ll 94.232.42.157 
i0125ll 94.232.42.157 
i0125ll 94.232.42.157 
i0125ll 94.232.42.157 
i0125ll 94.232.42.157 
i0125ll 94.232.42.157 
i0125ll 94.232.42.157 
i0125ll 94.232.42.157 
i0125ll 94.232.42.157 
i0125ll 94.232.42.157 
i0125ll 94.232.42.157 
i0125ll 94.232.42.157 
i0125ll 94.232.42.157 
i0125ll 94.232.42.157 
i0125ll 94.232.42.157 
i0125ll 94.232.42.157 
i0125ll 94.232.42.157 
i0125ll 94.232.42.157 
i0125ll 94.232.42.157 
i0125ll 94.232.42.157 
i0125ll 94.232.42.157 
i0125ll 94.232.42.157 
i0125ll 94.232.42.157 
i0125ll 94.232.42.157 
i0125ll 94.232.42.157 
i0125ll 94.232.42.157 
i0125ll 94.232.42.157 
i0125ll 94.232.42.157 
i0125ll 94.232.42.157 
i0125ll 94.232.42.157 
i0125ll 94.232.42.157 
i0125ll 94.232.42.157 
i0125ll 94.232.42.157 
i0125ll 94.232.42.157 
i0125ll 94.232.42.157 
i0125ll 94.232.42.157 
i0125ll 94.232.42.157 
i0125ll 94.232.42.157 
i0125ll 94.232.42.157 
i0125ll 94.232.42.157 
i0125ll 94.232.42.157 
i0125ll 94.232.42.157 
i0125ll 94.232.42.157 
i0125ll 94.232.42.157 
i0125ll 94.232.42.157 
i0125ll 94.232.42.157 
i0125ll 94.232.42.157 
i0125ll 94.232.42.157 
i0125ll 94.232.42.157 
i0125ll 94.232.42.157 
i0125ll 94.232.42.157 
i0125ll 94.232.42.157 
i0125ll 94.232.42.157 
i0125ll 94.232.42.157 
i0125ll 94.232.42.157 
i0125ll 94.232.42.157 
i0125ll 94.232.42.157 
i0125ll 94.232.42.157 
i0125ll 94.232.42.157 
i0125ll 94.232.42.157 
i0125ll 94.232.42.157 
i0125ll 94.232.42.157 
i0125ll 94.232.42.157 
i0125ll 94.232.42.157 
i0125ll 94.232.42.157 
i0125ll 94.232.42.157 
i0125ll 94.232.42.157 
i0125ll 94.232.42.157 
i0125ll 94.232.42.157 
i0125ll 94.232.42.157 
i0125ll 94.232.42.157 
i0125ll 94.232.42.157 
i0125ll 94.232.42.157 
i0125ll 94.232.42.157 
i0125ll 94.232.42.157 
i0125ll 94.232.42.157 
i0125ll 94.232.42.157 
i0125ll 94.232.42.157 
i0125ll 94.232.42.157 
i0125ll 94.232.42.157 
i0125ll 94.232.42.157 
i0125ll 94.232.42.157 
i0125ll 94.232.42.157 
i0125ll 94.232.42.157 
i0125ll 94.232.42.157 
i0125ll 94.232.42.157 
i0125ll 94.232.42.157 
i0125ll 94.232.42.157 
i0125ll 94.232.42.157 
i0125ll 94.232.42.157 
i0125ll 94.232.42.157 
i0125ll 94.232.42.157 
i0125ll 94.232.42.157 
i0125ll 94.232.42.157 
i0125ll 94.232.42.157 
i0125ll 94.232.42.157 
i0125ll 94.232.42.157 
i0125ll 94.232.42.157 
i0125ll 94.232.42.157 
i0125ll 94.232.42.157 
i0125ll 94.232.42.157 
i0125ll 94.232.42.157 
i0125ll 94.232.42.157 
i0125ll 94.232.42.157 
i0125ll 94.232.42.157 
i0125ll 94.232.42.157 
i0125ll 94.232.42.157 
i0125ll 94.232.42.157 
i0125ll 94.232.42.157 
i0125ll 94.232.42.157 
i0125ll 94.232.42.157 
i0125ll 94.232.42.157 
i0125ll 94.232.42.157 
i0125ll 94.232.42.157 
i0125ll 94.232.42.157 
i0125ll 94.232.42.157 
i0125ll 94.232.42.157 
i0125ll 94.232.42.157 
i0125ll 94.232.42.157 
i0125ll 94.232.42.157 
i0125ll 94.232.42.157 
i0125ll 94.232.42.157 
i0125ll 94.232.42.157 
i0125ll 94.232.42.157 
i0125ll 94.232.42.157 
i0125ll 94.232.42.157 
i0125ll 94.232.42.157 
i0125ll 94.232.42.157 
i0125ll 94.232.42.157 
i0125ll 94.232.42.157 
i0125ll 94.232.42.157 
i0125ll 94.232.42.157 
i0125ll 94.232.42.157 
i0125ll 94.232.42.157 
i0125ll 94.232.42.157 
i0125ll 94.232.42.157 
i0125ll 94.232.42.157 
i0125ll 94.232.42.157 
i0125ll 94.232.42.157 
i0125ll 94.232.42.157 
i0125ll 94.232.42.157 
i0125ll 94.232.42.157 
i0125ll 94.232.42.157 
i0125ll 94.232.42.157 
i0125ll 94.232.42.157 
i0125ll 94.232.42.157 
i0125ll 94.232.42.157 
i0125ll 94.232.42.157 
i0125ll 94.232.42.157 
i0125ll 94.232.42.157 
i0125ll 94.232.42.157 
i0125ll 94.232.42.157 
i0125ll 94.232.42.157 
i0125ll 94.232.42.157 
i0125ll 94.232.42.157 
i0125ll 94.232.42.157 
i0125ll 94.232.42.157 
i0125ll 94.232.42.157 
i0125ll 94.232.42.157 
i0125ll 94.232.42.157 
i0125ll 94.232.42.157 
i0125ll 94.232.42.157 
i0125ll 94.232.42.157 
i0125ll 94.232.42.157 
i0125ll 94.232.42.157 
i0125ll 94.232.42.157 
i0125ll 94.232.42.157 
i0125ll 94.232.42.157 
i0125ll 94.232.42.157 
i0125ll 94.232.42.157 
i0125ll 94.232.42.157 
i0125ll 94.232.42.157 
i0125ll 94.232.42.157 
i0125ll 94.232.42.157 
i0125ll 94.232.42.157 
i0125ll 94.232.42.157 
i0125ll 94.232.42.157 
i0125ll 94.232.42.157 
i0125ll 94.232.42.157 
i0125ll 94.232.42.157 
i0125ll 94.232.42.157 
i0125ll 94.232.42.157 
i0125ll 94.232.42.157 
i0125ll 94.232.42.157 
i0125ll 94.232.42.157 
i0125ll 94.232.42.157 
i0125ll 94.232.42.157 
i0125ll 94.232.42.157 
i0125ll 94.232.42.157 
i0125ll 94.232.42.157 
i0125ll 94.232.42.157 
i0125ll 94.232.42.157 
i0125ll 94.232.42.157 
i0125ll 94.232.42.157 
i0125ll 94.232.42.157 
i0125ll 94.232.42.157 
i0125ll 94.232.42.157 
i0125ll 94.232.42.157 
i0125ll 94.232.42.157 
i0125ll 94.232.42.157 
i0125ll 94.232.42.157 
i0125ll 94.232.42.157 
i0125ll 94.232.42.157 
i0125ll 94.232.42.157 
i0125ll 94.232.42.157 
i0125ll 94.232.42.157 
i0125ll 94.232.42.157 
i0125ll 94.232.42.157 
i0125ll 94.232.42.157 
i0125ll 94.232.42.157 
i0125ll 94.232.42.157 
i0125ll 94.232.42.157 
i0125ll 94.232.42.157 
i0125ll 94.232.42.157 
i0125ll 94.232.42.157 
i0125ll 94.232.42.157 
i0125ll 94.232.42.157 
i0125ll 94.232.42.157 
i0125ll 94.232.42.157 
i0125ll 94.232.42.157 
i0125ll 94.232.42.157 
i0125ll 94.232.42.157 
i0125ll 94.232.42.157 
i0125ll 94.232.42.157 
i0125ll 94.232.42.157 
i0125ll 94.232.42.157 
i0125ll 94.232.42.157 
i0125ll 94.232.42.157 
i0125ll 94.232.42.157 
i0125ll 94.232.42.157 
i0125ll 94.232.42.157 
i0125ll 94.232.42.157 
i0125ll 94.232.42.157 
i0125ll 94.232.42.157 
i0125ll 94.232.42.157 
i0125ll 94.232.42.157 
i0125ll 94.232.42.157 
i0125ll 94.232.42.157 
i0125ll 94.232.42.157 
i0125ll 94.232.42.157 
i0125ll 94.232.42.157 
i0125ll 94.232.42.157 
i0125ll 94.232.42.157 
i0125ll 94.232.42.157 
i0125ll 94.232.42.157 
i0125ll 94.232.42.157 
i0125ll 94.232.42.157 
i0125ll 94.232.42.157 
i0125ll 94.232.42.157 
i0125ll 94.232.42.157 
i0125ll 94.232.42.157 
i0125ll 94.232.42.157 
i0125ll 94.232.42.157 
i0125ll 94.232.42.157 
i0125ll 94.232.42.157 
i0125ll 94.232.42.157 
i0125ll 94.232.42.157 
i0125ll 94.232.42.157 
i0125ll 94.232.42.157 
i0125ll 94.232.42.157 
i0125ll 94.232.42.157 
i0125ll 94.232.42.157 
i0125ll 94.232.42.157 
i0125ll 94.232.42.157 
i0125ll 94.232.42.157 
i0125ll 94.232.42.157 
i0125ll 94.232.42.157 
i0125ll 94.232.42.157 
i0125ll 94.232.42.157 
i0125ll 94.232.42.157 
i0125ll 94.232.42.157 
i0125ll 94.232.42.157 
i0125ll 94.232.42.157 
i0125ll 94.232.42.157 
i0125ll 94.232.42.157 
i0125ll 94.232.42.157 
i0125ll 94.232.42.157 
i0125ll 94.232.42.157 
i0125ll 94.232.42.157 
i0125ll 94.232.42.157 
i0125ll 94.232.42.157 
i0125ll 94.232.42.157 
i0125ll 94.232.42.157 
i0125ll 94.232.42.157 
i0125ll 94.232.42.157 
i0125ll 94.232.42.157 
i0125ll 94.232.42.157 
i0125ll 94.232.42.157 
i0125ll 94.232.42.157 
i0125ll 94.232.42.157 
i0125ll 94.232.42.157 
i0125ll 94.232.42.157 
i0125ll 94.232.42.157 
i0125ll 94.232.42.157 
i0125ll 94.232.42.157 
i0125ll 94.232.42.157 
i0125ll 94.232.42.157 
i0125ll 94.232.42.157 
i0125ll 94.232.42.157 
i0125ll 94.232.42.157 
i0125ll 94.232.42.157 
i0125ll 94.232.42.157 
i0125ll 94.232.42.157 
i0125ll 94.232.42.157 
i0125ll 94.232.42.157 
i0125ll 94.232.42.157 
i0125ll 94.232.42.157 
i0125ll 94.232.42.157 
i0125ll 94.232.42.157 
i0125ll 94.232.42.157 
i0125ll 94.232.42.157 
i0125ll 94.232.42.157 
i0125ll 94.232.42.157 
i0125ll 94.232.42.157 
i0125ll 94.232.42.157 
i0125ll 94.232.42.157 
i0125ll 94.232.42.157 
i0125ll 94.232.42.157 
i0125ll 94.232.42.157 
i0125ll 94.232.42.157 
i0125ll 94.232.42.157 
i0125ll 94.232.42.157 
i0125ll 94.232.42.157 
i0125ll 94.232.42.157 
i0125ll 94.232.42.157 
i0125ll 94.232.42.157 
i0125ll 94.232.42.157 
i0125ll 94.232.42.157 
i0125ll 94.232.42.157 
i0125ll 94.232.42.157 
i0125ll 94.232.42.157 
i0125ll 94.232.42.157 
i0125ll 94.232.42.157 
i0125ll 94.232.42.157 
i0125ll 94.232.42.157 
i0125ll 94.232.42.157 
i0125ll 94.232.42.157 
i0125ll 94.232.42.157 
i0125ll 94.232.42.157 
i0125ll 94.232.42.157 
i0125ll 94.232.42.157 
i0125ll 94.232.42.157 
i0125ll 94.232.42.157 
i0125ll 94.232.42.157 
i0125ll 94.232.42.157 
i0125ll 94.232.42.157 
i0125ll 94.232.42.157 
i0125ll 94.232.42.157 
i0125ll 94.232.42.157 
i0125ll 94.232.42.157 
i0125ll 94.232.42.157 
i0125ll 94.232.42.157 
i0125ll 94.232.42.157 
i0125ll 94.232.42.157 
i0125ll 94.232.42.157 
i0125ll 94.232.42.157 
i0125ll 94.232.42.157 
i0125ll 94.232.42.157 
i0125ll 94.232.42.157 
i0125ll 94.232.42.157 
i0125ll 94.232.42.157 
i0125ll 94.232.42.157 
i0125ll 94.232.42.157 
i0125ll 94.232.42.157 
i0125ll 94.232.42.157 
i0125ll 94.232.42.157 
i0125ll 94.232.42.157 
i0125ll 94.232.42.157 
i0125ll 94.232.42.157 
i0125ll 94.232.42.157 
i0125ll 94.232.42.157 
i0125ll 94.232.42.157 
i0125ll 94.232.42.157 
i0125ll 94.232.42.157 
i0125ll 94.232.42.157 
i0125ll 94.232.42.157 
i0125ll 94.232.42.157 
i0125ll 94.232.42.157 
i0125ll 94.232.42.157 
i0125ll 94.232.42.157 
i0125ll 94.232.42.157 
i0125ll 94.232.42.157 
i0125ll 94.232.42.157 
i0125ll 94.232.42.157 
i0125ll 94.232.42.157 
i0125ll 94.232.42.157 
i0125ll 94.232.42.157 
i0125ll 94.232.42.157 
i0125ll 94.232.42.157 
i0125ll 94.232.42.157 
i0125ll 94.232.42.157 
i0125ll 94.232.42.157 
i0125ll 94.232.42.157 
i0125ll 94.232.42.157 
i0125ll 94.232.42.157 
i0125ll 94.232.42.157 
i0125ll 94.232.42.157 
i0125ll 94.232.42.157 
i0125ll 94.232.42.157 
i0125ll 94.232.42.157 
i0125ll 94.232.42.157 
i0125ll 94.232.42.157 
i0125ll 94.232.42.157 
i0125ll 94.232.42.157 
i0125ll 94.232.42.157 
i0125ll 94.232.42.157 
i0125ll 94.232.42.157 
i0125ll 94.232.42.157 
i0125ll 94.232.42.157 
i0125ll 94.232.42.157 
i0125ll 94.232.42.157 
i0125ll 94.232.42.157 
i0125ll 94.232.42.157 
i0125ll 94.232.42.157 
i0125ll 94.232.42.157 
i0125ll 94.232.42.157 
i0125ll 94.232.42.157 
i0125ll 94.232.42.157 
i0125ll 94.232.42.157 
i0125ll 94.232.42.157 
i0125ll 94.232.42.157 
i0125ll 94.232.42.157 
i0125ll 94.232.42.157 
i0125ll 94.232.42.157 
i0125ll 94.232.42.157 
i0125ll 94.232.42.157 
i0125ll 94.232.42.157 
i0125ll 94.232.42.157 
i0125ll 94.232.42.157 
i0125ll 94.232.42.157 
i0125ll 94.232.42.157 
i0125ll 94.232.42.157 
i0125ll 94.232.42.157 
i0125ll 94.232.42.157 
i0125ll 94.232.42.157 
i0125ll 94.232.42.157 
i0125ll 94.232.42.157 
i0125ll 94.232.42.157 
i0125ll 94.232.42.157 
i0125ll 94.232.42.157 
i0125ll 94.232.42.157 
i0125ll 94.232.42.157 
i0125ll 94.232.42.157 
i0125ll 94.232.42.157 
i0125ll 94.232.42.157 
i0125ll 94.232.42.157 
i0125ll 94.232.42.157 
i0125ll 94.232.42.157 
i0125ll 94.232.42.157 
i0125ll 94.232.42.157 
i0125ll 94.232.42.157 
i0125ll 94.232.42.157 
i0125ll 94.232.42.157 
i0125ll 94.232.42.157 
i0125ll 94.232.42.157 
i0125ll 94.232.42.157 
i0125ll 94.232.42.157 
i0125ll 94.232.42.157 
i0125ll 94.232.42.157 
i0125ll 94.232.42.157 
i0125ll 94.232.42.157 
i0125ll 94.232.42.157 
i0125ll 94.232.42.157 
i0125ll 94.232.42.157 
i0125ll 94.232.42.157 
i0125ll 94.232.42.157 
i0125ll 94.232.42.157 
i0125ll 94.232.42.157 
i0125ll 94.232.42.157 
i0125ll 94.232.42.157 
i0125ll 94.232.42.157 
i0125ll 94.232.42.157 
i0125ll 94.232.42.157 
i0125ll 94.232.42.157 
i0125ll 94.232.42.157 
i0125ll 94.232.42.157 
i0125ll 94.232.42.157 
i0125ll 94.232.42.157 
i0125ll 94.232.42.157 
i0125ll 94.232.42.157 
i0125ll 94.232.42.157 
i0125ll 94.232.42.157 
i0125ll 94.232.42.157 
i0125ll 94.232.42.157 
i0125ll 94.232.42.157 
i0125ll 94.232.42.157 
i0125ll 94.232.42.157 
i0125ll 94.232.42.157 
i0125ll 94.232.42.157 
i0125ll 94.232.42.157 
i0125ll 94.232.42.157 
i0125ll 94.232.42.157 
i0125ll 94.232.42.157 
i0125ll 94.232.42.157 
i0125ll 94.232.42.157 
i0125ll 94.232.42.157 
i0125ll 94.232.42.157 
i0125ll 94.232.42.157 
i0125ll 94.232.42.157 
i0125ll 94.232.42.157 
i0125ll 94.232.42.157 
i0125ll 94.232.42.157 
i0125ll 94.232.42.157 
i0125ll 94.232.42.157 
i0125ll 94.232.42.157 
i0125ll 94.232.42.157 
i0125ll 94.232.42.157 
i0125ll 94.232.42.157 
i0125ll 94.232.42.157 
i0125ll 94.232.42.157 
i0125ll 94.232.42.157 
i0125ll 94.232.42.157 
i0125ll 94.232.42.157 
i0125ll 94.232.42.157 
i0125ll 94.232.42.157 
i0125ll 94.232.42.157 
i0125ll 94.232.42.157 
i0125ll 94.232.42.157 
i0125ll 94.232.42.157 
i0125ll 94.232.42.157 
i0125ll 94.232.42.157 
i0125ll 94.232.42.157 
i0125ll 94.232.42.157 
i0125ll 94.232.42.157 
i0125ll 94.232.42.157 
i0125ll 94.232.42.157 
i0125ll 94.232.42.157 
i0125ll 94.232.42.157 
i0125ll 94.232.42.157 
i0125ll 94.232.42.157 
i0125ll 94.232.42.157 
i0125ll 94.232.42.157 
i0125ll 94.232.42.157 
i0125ll 94.232.42.157 
i0125ll 94.232.42.157 
i0125ll 94.232.42.157 
i0125ll 94.232.42.157 
i0125ll 94.232.42.157 
i0125ll 94.232.42.157 
i0125ll 94.232.42.157 
i0125ll 94.232.42.157 
i0125ll 94.232.42.157 
i0125ll 94.232.42.157 
i0125ll 94.232.42.157 
i0125ll 94.232.42.157 
i0125ll 94.232.42.157 
i0125ll 94.232.42.157 
i0125ll 94.232.42.157 
i0125ll 94.232.42.157 
i0125ll 94.232.42.157 
i0125ll 94.232.42.157 
i0125ll 94.232.42.157 
i0125ll 94.232.42.157 
i0125ll 94.232.42.157 
i0125ll 94.232.42.157 
i0125ll 94.232.42.157 
i0125ll 94.232.42.157 
i0125ll 94.232.42.157 
i0125ll 94.232.42.157 
i0125ll 94.232.42.157 
i0125ll 94.232.42.157 
i0125ll 94.232.42.157 
i0125ll 94.232.42.157 
i0125ll 94.232.42.157 
i0125ll 94.232.42.157 
i0125ll 94.232.42.157 
i0125ll 94.232.42.157 
i0125ll 94.232.42.157 
i0125ll 94.232.42.157 
i0125ll 94.232.42.157 
i0125ll 94.232.42.157 
i0125ll 94.232.42.157 
i0125ll 94.232.42.157 
i0125ll 94.232.42.157 
i0125ll 94.232.42.157 
i0125ll 94.232.42.157 
i0125ll 94.232.42.157 
i0125ll 94.232.42.157 
i0125ll 94.232.42.157 
i0125ll 94.232.42.157 
i0125ll 94.232.42.157 
i0125ll 94.232.42.157 
i0125ll 94.232.42.157 
i0125ll 94.232.42.157 
i0125ll 94.232.42.157 
i0125ll 94.232.42.157 
i0125ll 94.232.42.157 
i0125ll 94.232.42.157 
i0125ll 94.232.42.157 
i0125ll 94.232.42.157 
i0125ll 94.232.42.157 
i0125ll 94.232.42.157 
i0125ll 94.232.42.157 
i0125ll 94.232.42.157 
i0125ll 94.232.42.157 
i0125ll 94.232.42.157 
i0125ll 94.232.42.157 
i0125ll 94.232.42.157 
i0125ll 94.232.42.157 
i0125ll 94.232.42.157 
i0125ll 94.232.42.157 
i0125ll 94.232.42.157 
i0125ll 94.232.42.157 
i0125ll 94.232.42.157 
i0125ll 94.232.42.157 
i0125ll 94.232.42.157 
i0125ll 94.232.42.157 
i0125ll 94.232.42.157 
i0125ll 94.232.42.157 
i0125ll 94.232.42.157 
i0125ll 94.232.42.157 
i0125ll 94.232.42.157 
i0125ll 94.232.42.157 
i0125ll 94.232.42.157 
i0125ll 94.232.42.157 
i0125ll 94.232.42.157 
i0125ll 94.232.42.157 
i0125ll 94.232.42.157 
i0125ll 94.232.42.157 
i0125ll 94.232.42.157 
i0125ll 94.232.42.157 
i0125ll 94.232.42.157 
i0125ll 94.232.42.157 
i0125ll 94.232.42.157 
i0125ll 94.232.42.157 
i0125ll 94.232.42.157 
i0125ll 94.232.42.157 
i0125ll 94.232.42.157 
i0125ll 94.232.42.157 
i0125ll 94.232.42.157 
i0125ll 94.232.42.157 
i0125ll 94.232.42.157 
i0125ll 94.232.42.157 
i0125ll 94.232.42.157 
i0125ll 94.232.42.157 
i0125ll 94.232.42.157 
i0125ll 94.232.42.157 
i0125ll 94.232.42.157 
i0125ll 94.232.42.157 
i0125ll 94.232.42.157 
i0125ll 94.232.42.157 
i0125ll 94.232.42.157 
i0125ll 94.232.42.157 
i0125ll 94.232.42.157 
i0125ll 94.232.42.157 
i0125ll 94.232.42.157 
i0125ll 94.232.42.157 
i0125ll 94.232.42.157 
i0125ll 94.232.42.157 
i0125ll 94.232.42.157 
i0125ll 94.232.42.157 
i0125ll 94.232.42.157 
i0125ll 94.232.42.157 
i0125ll 94.232.42.157 
i0125ll 94.232.42.157 
i0125ll 94.232.42.157 
i0125ll 94.232.42.157 
i0125ll 94.232.42.157 
i0125ll 94.232.42.157 
i0125ll 94.232.42.157 
i0125ll 94.232.42.157 
i0125ll 94.232.42.157 
i0125ll 94.232.42.157 
i0125ll 94.232.42.157 
i0125ll 94.232.42.157 
i0125ll 94.232.42.157 
i0125ll 94.232.42.157 
i0125ll 94.232.42.157 
i0125ll 94.232.42.157 
i0125ll 94.232.42.157 
i0125ll 94.232.42.157 
i0125ll 94.232.42.157 
i0125ll 94.232.42.157 
i0125ll 94.232.42.157 
i0125ll 94.232.42.157 
i0125ll 94.232.42.157 
i0125ll 94.232.42.157 
i0125ll 94.232.42.157 
i0125ll 94.232.42.157 
i0125ll 94.232.42.157 
i0125ll 94.232.42.157 
i0125ll 94.232.42.157 
i0125ll 94.232.42.157 
i0125ll 94.232.42.157 
i0125ll 94.232.42.157 
i0125ll 94.232.42.157 
i0125ll 94.232.42.157 
i0125ll 94.232.42.157 
i0125ll 94.232.42.157 
i0125ll 94.232.42.157 
i0125ll 94.232.42.157 
i0125ll 94.232.42.157 
i0125ll 94.232.42.157 
i0125ll 94.232.42.157 
i0125ll 94.232.42.157 
i0125ll 94.232.42.157 
i0125ll 94.232.42.157 
i0125ll 94.232.42.157 
i0125ll 94.232.42.157 
i0125ll 94.232.42.157 
i0125ll 94.232.42.157 
i0125ll 94.232.42.157 
i0125ll 94.232.42.157 
i0125ll 94.232.42.157 
i0125ll 94.232.42.157 
i0125ll 94.232.42.157 
i0125ll 94.232.42.157 
i0125ll 94.232.42.157 
i0125ll 94.232.42.157 
i0125ll 94.232.42.157 
i0125ll 94.232.42.157 
i0125ll 94.232.42.157 
i0125ll 94.232.42.157 
i0125ll 94.232.42.157 
i0125ll 94.232.42.157 
i0125ll 94.232.42.157 
i0125ll 94.232.42.157 
i0125ll 94.232.42.157 
i0125ll 94.232.42.157 
i0125ll 94.232.42.157 
i0125ll 94.232.42.157 
i0125ll 94.232.42.157 
i0125ll 94.232.42.157 
i0125ll 94.232.42.157 
i0125ll 94.232.42.157 
i0125ll 94.232.42.157 
i0125ll 94.232.42.157 
i0125ll 94.232.42.157 
i0125ll 94.232.42.157 
i0125ll 94.232.42.157 
i0125ll 94.232.42.157 
i0125ll 94.232.42.157 
i0125ll 94.232.42.157 
i0125ll 94.232.42.157 
i0125ll 94.232.42.157 
i0125ll 94.232.42.157 
i0125ll 94.232.42.157 
i0125ll 94.232.42.157 
i0125ll 94.232.42.157 
i0125ll 94.232.42.157 
i0125ll 94.232.42.157 
i0125ll 94.232.42.157 
i0125ll 94.232.42.157 
i0125ll 94.232.42.157 
i0125ll 94.232.42.157 
i0125ll 94.232.42.157 
i0125ll 94.232.42.157 
i0125ll 94.232.42.157 
i0125ll 94.232.42.157 
i0125ll 94.232.42.157 
i0125ll 94.232.42.157 
i0125ll 94.232.42.157 
i0125ll 94.232.42.157 
i0125ll 94.232.42.157 
i0125ll 94.232.42.157 
i0125ll 94.232.42.157 
i0125ll 94.232.42.157 
i0125ll 94.232.42.157 
i0125ll 94.232.42.157 
i0125ll 94.232.42.157 
i0125ll 94.232.42.157 
i0125ll 94.232.42.157 
i0125ll 94.232.42.157 
i0125ll 94.232.42.157 
i0125ll 94.232.42.157 
i0125ll 94.232.42.157 
i0125ll 94.232.42.157 
i0125ll 94.232.42.157 
i0125ll 94.232.42.157 
i0125ll 94.232.42.157 
i0125ll 94.232.42.157 
i0125ll 94.232.42.157 
i0125ll 94.232.42.157 
i0125ll 94.232.42.157 
i0125ll 94.232.42.157 
i0125ll 94.232.42.157 
i0125ll 94.232.42.157 
i0125ll 94.232.42.157 
i0125ll 94.232.42.157 
i0125ll 94.232.42.157 
i0125ll 94.232.42.157 
i0125ll 94.232.42.157 
i0125ll 94.232.42.157 
i0125ll 94.232.42.157 
i0125ll 94.232.42.157 
i0125ll 94.232.42.157 
i0125ll 94.232.42.157 
i0125ll 94.232.42.157 
i0125ll 94.232.42.157 
i0125ll 94.232.42.157 
i0125ll 94.232.42.157 
i0125ll 94.232.42.157 
i0125ll 94.232.42.157 
i0125ll 94.232.42.157 
i0125ll 94.232.42.157 
i0125ll 94.232.42.157 
i0125ll 94.232.42.157 
i0125ll 94.232.42.157 
i0125ll 94.232.42.157 
i0125ll 94.232.42.157 
i0125ll 94.232.42.157 
i0125ll 94.232.42.157 
i0125ll 94.232.42.157 
i0125ll 94.232.42.157 
i0125ll 94.232.42.157 
i0125ll 94.232.42.157 
i0125ll 94.232.42.157 
i0125ll 94.232.42.157 
i0125ll 94.232.42.157 
i0125ll 94.232.42.157 
i0125ll 94.232.42.157 
i0125ll 94.232.42.157 
i0125ll 94.232.42.157 
i0125ll 94.232.42.157 
i0125ll 94.232.42.157 
i0125ll 94.232.42.157 
i0125ll 94.232.42.157 
i0125ll 94.232.42.157 
i0125ll 94.232.42.157 
i0125ll 94.232.42.157 
i0125ll 94.232.42.157 
i0125ll 94.232.42.157 
i0125ll 94.232.42.157 
i0125ll 94.232.42.157 
i0125ll 94.232.42.157 
i0125ll 94.232.42.157 
i0125ll 94.232.42.157 
i0125ll 94.232.42.157 
i0125ll 94.232.42.157 
i0125ll 94.232.42.157 
i0125ll 94.232.42.157 
i0125ll 94.232.42.157 
i0125ll 94.232.42.157 
i0125ll 94.232.42.157 
i0125ll 94.232.42.157 
i0125ll 94.232.42.157 
i0125ll 94.232.42.157 
i0125ll 94.232.42.157 
i0125ll 94.232.42.157 
i0125ll 94.232.42.157 
i0125ll 94.232.42.157 
i0125ll 94.232.42.157 
i0125ll 94.232.42.157 
i0125ll 94.232.42.157 
i0125ll 94.232.42.157 
i0125ll 94.232.42.157 
i0125ll 94.232.42.157 
i0125ll 94.232.42.157 
i0125ll 94.232.42.157 
i0125ll 94.232.42.157 
i0125ll 94.232.42.157 
i0125ll 94.232.42.157 
i0125ll 94.232.42.157 
i0125ll 94.232.42.157 
i0125ll 94.232.42.157 
i0125ll 94.232.42.157 
i0125ll 94.232.42.157 
i0125ll 94.232.42.157 
i0125ll 94.232.42.157 
i0125ll 94.232.42.157 
i0125ll 94.232.42.157 
i0125ll 94.232.42.157 
i0125ll 94.232.42.157 
i0125ll 94.232.42.157 
i0125ll 94.232.42.157 
i0125ll 94.232.42.157 
i0125ll 94.232.42.157 
i0125ll 94.232.42.157 
i0125ll 94.232.42.157 
i0125ll 94.232.42.157 
i0125ll 94.232.42.157 
i0125ll 94.232.42.157 
i0125ll 94.232.42.157 
i0125ll 94.232.42.157 
i0125ll 94.232.42.157 
i0125ll 94.232.42.157 
i0125ll 94.232.42.157 
i0125ll 94.232.42.157 
i0125ll 94.232.42.157 
i0125ll 94.232.42.157 
i0125ll 94.232.42.157 
i0125ll 94.232.42.157 
i0125ll 94.232.42.157 
i0125ll 94.232.42.157 
i0125ll 94.232.42.157 
i0125ll 94.232.42.157 
i0125ll 94.232.42.157 
i0125ll 94.232.42.157 
i0125ll 94.232.42.157 
i0125ll 94.232.42.157 
i0125ll 94.232.42.157 
i0125ll 94.232.42.157 
i0125ll 94.232.42.157 
i0125ll 94.232.42.157 
i0125ll 94.232.42.157 
i0125ll 94.232.42.157 
i0125ll 94.232.42.157 
i0125ll 94.232.42.157 
i0125ll 94.232.42.157 
i0125ll 94.232.42.157 
i0125ll 94.232.42.157 
i0125ll 94.232.42.157 
i0125ll 94.232.42.157 
i0125ll 94.232.42.157 
i0125ll 94.232.42.157 
i0125ll 94.232.42.157 
i0125ll 94.232.42.157 
i0125ll 94.232.42.157 
i0125ll 94.232.42.157 
i0125ll 94.232.42.157 
i0125ll 94.232.42.157 
i0125ll 94.232.42.157 
i0125ll 94.232.42.157 
i0125ll 94.232.42.157 
i0125ll 94.232.42.157 
i0125ll 94.232.42.157 
i0125ll 94.232.42.157 
i0125ll 94.232.42.157 
i0125ll 94.232.42.157 
i0125ll 94.232.42.157 
i0125ll 94.232.42.157 
i0125ll 94.232.42.157 
i0125ll 94.232.42.157 
i0125ll 94.232.42.157 
i0125ll 94.232.42.157 
i0125ll 94.232.42.157 
i0125ll 94.232.42.157 
i0125ll 94.232.42.157 
i0125ll 94.232.42.157 
i0125ll 94.232.42.157 
i0125ll 94.232.42.157 
i0125ll 94.232.42.157 
i0125ll 94.232.42.157 
i0125ll 94.232.42.157 
i0125ll 94.232.42.157 
i0125ll 94.232.42.157 
i0125ll 94.232.42.157 
i0125ll 94.232.42.157 
i0125ll 94.232.42.157 
i0125ll 94.232.42.157 
i0125ll 94.232.42.157 
i0125ll 94.232.42.157 
i0125ll 94.232.42.157 
i0125ll 94.232.42.157 
i0125ll 94.232.42.157 
i0125ll 94.232.42.157 
i0125ll 94.232.42.157 
i0125ll 94.232.42.157 
i0125ll 94.232.42.157 
i0125ll 94.232.42.157 
i0125ll 94.232.42.157 
i0125ll 94.232.42.157 
i0125ll 94.232.42.157 
i0125ll 94.232.42.157 
i0125ll 94.232.42.157 
i0125ll 94.232.42.157 
i0125ll 94.232.42.157 
i0125ll 94.232.42.157 
i0125ll 94.232.42.157 
i0125ll 94.232.42.157 
i0125ll 94.232.42.157 
i0125ll 94.232.42.157 
i0125ll 94.232.42.157 
i0125ll 94.232.42.157 
i0125ll 94.232.42.157 
i0125ll 94.232.42.157 
i0125ll 94.232.42.157 
i0125ll 94.232.42.157 
i0125ll 94.232.42.157 
i0125ll 94.232.42.157 
i0125ll 94.232.42.157 
i0125ll 94.232.42.157 
i0125ll 94.232.42.157 
i0125ll 94.232.42.157 
i0125ll 94.232.42.157 
i0125ll 94.232.42.157 
i0125ll 94.232.42.157 
i0125ll 94.232.42.157 
i0125ll 94.232.42.157 
i0125ll 94.232.42.157 
i0125ll 94.232.42.157 
i0125ll 94.232.42.157 
i0125ll 94.232.42.157 
i0125ll 94.232.42.157 
i0125ll 94.232.42.157 
i0125ll 94.232.42.157 
i0125ll 94.232.42.157 
i0125ll 94.232.42.157 
i0125ll 94.232.42.157 
i0125ll 94.232.42.157 
i0125ll 94.232.42.157 
i0125ll 94.232.42.157 
i0125ll 94.232.42.157 
i0125ll 94.232.42.157 
i0125ll 94.232.42.157 
i0125ll 94.232.42.157 
i0125ll 94.232.42.157 
i0125ll 94.232.42.157 
i0125ll 94.232.42.157 
i0125ll 94.232.42.157 
i0125ll 94.232.42.157 
i0125ll 94.232.42.157 
i0125ll 94.232.42.157 
i0125ll 94.232.42.157 
i0125ll 94.232.42.157 
i0125ll 94.232.42.157 
i0125ll 94.232.42.157 
i0125ll 94.232.42.157 
i0125ll 94.232.42.157 
i0125ll 94.232.42.157 
i0125ll 94.232.42.157 
i0125ll 94.232.42.157 
i0125ll 94.232.42.157 
i0125ll 94.232.42.157 
i0125ll 94.232.42.157 
i0125ll 94.232.42.157 
i0125ll 94.232.42.157 
i0125ll 94.232.42.157 
i0125ll 94.232.42.157 
i0125ll 94.232.42.157 
i0125ll 94.232.42.157 
i0125ll 94.232.42.157 
i0125ll 94.232.42.157 
i0125ll 94.232.42.157 
i0125ll 94.232.42.157 
i0125ll 94.232.42.157 
i0125ll 94.232.42.157 
i0125ll 94.232.42.157 
i0125ll 94.232.42.157 
i0125ll 94.232.42.157 
i0125ll 94.232.42.157 
i0125ll 94.232.42.157 
i0125ll 94.232.42.157 
i0125ll 94.232.42.157 
i0125ll 94.232.42.157 
i0125ll 94.232.42.157 
i0125ll 94.232.42.157 
i0125ll 94.232.42.157 
i0125ll 94.232.42.157 
i0125ll 94.232.42.157 
i0125ll 94.232.42.157 
i0125ll 94.232.42.157 
i0125ll 94.232.42.157 
i0125ll 94.232.42.157 
i0125ll 94.232.42.157 
i0125ll 94.232.42.157 
i0125ll 94.232.42.157 
i0125ll 94.232.42.157 
i0125ll 94.232.42.157 
i0125ll 94.232.42.157 
i0125ll 94.232.42.157 
i0125ll 94.232.42.157 
i0125ll 94.232.42.157 
i0125ll 94.232.42.157 
i0125ll 94.232.42.157 
i0125ll 94.232.42.157 
i0125ll 94.232.42.157 
i0125ll 94.232.42.157 
i0125ll 94.232.42.157 
i0125ll 94.232.42.157 
i0125ll 94.232.42.157 
i0125ll 94.232.42.157 
i0125ll 94.232.42.157 
i0125ll 94.232.42.157 
i0125ll 94.232.42.157 
i0125ll 94.232.42.157 
i0125ll 94.232.42.157 
i0125ll 94.232.42.157 
i0125ll 94.232.42.157 
i0125ll 94.232.42.157 
i0125ll 94.232.42.157 
i0125ll 94.232.42.157 
i0125ll 94.232.42.157 
i0125ll 94.232.42.157 
i0125ll 94.232.42.157 
i0125ll 94.232.42.157 
i0125ll 94.232.42.157 
i0125ll 94.232.42.157 
i0125ll 94.232.42.157 
i0125ll 94.232.42.157 
i0125ll 94.232.42.157 
i0125ll 94.232.42.157 
i0125ll 94.232.42.157 
i0125ll 94.232.42.157 
i0125ll 94.232.42.157 
i0125ll 94.232.42.157 
i0125ll 94.232.42.157 
i0125ll 94.232.42.157 
i0125ll 94.232.42.157 
i0125ll 94.232.42.157 
i0125ll 94.232.42.157 
i0125ll 94.232.42.157 
i0125ll 94.232.42.157 
i0125ll 94.232.42.157 
i0125ll 94.232.42.157 
i0125ll 94.232.42.157 
i0125ll 94.232.42.157 
i0125ll 94.232.42.157 
i0125ll 94.232.42.157 
i0125ll 94.232.42.157 
i0125ll 94.232.42.157 
i0125ll 94.232.42.157 
i0125ll 94.232.42.157 
i0125ll 94.232.42.157 
i0125ll 94.232.42.157 
i0125ll 94.232.42.157 
i0125ll 94.232.42.157 
i0125ll 94.232.42.157 
i0125ll 94.232.42.157 
i0125ll 94.232.42.157 
i0125ll 94.232.42.157 
i0125ll 94.232.42.157 
i0125ll 94.232.42.157 
i0125ll 94.232.42.157 
i0125ll 94.232.42.157 
i0125ll 94.232.42.157 
i0125ll 94.232.42.157 
i0125ll 94.232.42.157 
i0125ll 94.232.42.157 
i0125ll 94.232.42.157 
i0125ll 94.232.42.157 
i0125ll 94.232.42.157 
i0125ll 94.232.42.157 
i0125ll 94.232.42.157 
i0125ll 94.232.42.157 
i0125ll 94.232.42.157 
i0125ll 94.232.42.157 
i0125ll 94.232.42.157 
i0125ll 94.232.42.157 
i0125ll 94.232.42.157 
i0125ll 94.232.42.157 
i0125ll 94.232.42.157 
i0125ll 94.232.42.157 
i0125ll 94.232.42.157 
i0125ll 94.232.42.157 
i0125ll 94.232.42.157 
i0125ll 94.232.42.157 
i0125ll 94.232.42.157 
i0125ll 94.232.42.157 
i0125ll 94.232.42.157 
i0125ll 94.232.42.157 
i0125ll 94.232.42.157 
i0125ll 94.232.42.157 
i0125ll 94.232.42.157 
i0125ll 94.232.42.157 
i0125ll 94.232.42.157 
i0125ll 94.232.42.157 
i0125ll 94.232.42.157 
i0125ll 94.232.42.157 
i0125ll 94.232.42.157 
i0125ll 94.232.42.157 
i0125ll 94.232.42.157 
i0125ll 94.232.42.157 
i0125ll 94.232.42.157 
i0125ll 94.232.42.157 
i0125ll 94.232.42.157 
i0125ll 94.232.42.157 
i0125ll 94.232.42.157 
i0125ll 94.232.42.157 
i0125ll 94.232.42.157 
i0125ll 94.232.42.157 
i0125ll 94.232.42.157 
i0125ll 94.232.42.157 
i0125ll 94.232.42.157 
i0125ll 94.232.42.157 
i0125ll 94.232.42.157 
i0125ll 94.232.42.157 
i0125ll 94.232.42.157 
i0125ll 94.232.42.157 
i0125ll 94.232.42.157 
i0125ll 94.232.42.157 
i0125ll 94.232.42.157 
i0125ll 94.232.42.157 
i0125ll 94.232.42.157 
i0125ll 94.232.42.157 
i0125ll 94.232.42.157 
i0125ll 94.232.42.157 
i0125ll 94.232.42.157 
i0125ll 94.232.42.157 
i0125ll 94.232.42.157 
i0125ll 94.232.42.157 
i0125ll 94.232.42.157 
i0125ll 94.232.42.157 
i0125ll 94.232.42.157 
i0125ll 94.232.42.157 
i0125ll 94.232.42.157 
i0125ll 94.232.42.157 
i0125ll 94.232.42.157 
i0125ll 94.232.42.157 
i0125ll 94.232.42.157 
i0125ll 94.232.42.157 
i0125ll 94.232.42.157 
i0125ll 94.232.42.157 
i0125ll 94.232.42.157 
i0125ll 94.232.42.157 
i0125ll 94.232.42.157 
i0125ll 94.232.42.157 
i0125ll 94.232.42.157 
i0125ll 94.232.42.157 
i0125ll 94.232.42.157 
i0125ll 94.232.42.157 
i0125ll 94.232.42.157 
i0125ll 94.232.42.157 
i0125ll 94.232.42.157 
i0125ll 94.232.42.157 
i0125ll 94.232.42.157 
i0125ll 94.232.42.157 
i0125ll 94.232.42.157 
i0125ll 94.232.42.157 
i0125ll 94.232.42.157 
i0125ll 94.232.42.157 
i0125ll 94.232.42.157 
i0125ll 94.232.42.157 
i0125ll 94.232.42.157 
i0125ll 94.232.42.157 
i0125ll 94.232.42.157 
i0125ll 94.232.42.157 
i0125ll 94.232.42.157 
i0125ll 94.232.42.157 
i0125ll 94.232.42.157 
i0125ll 94.232.42.157 
i0125ll 94.232.42.157 
i0125ll 94.232.42.157 
i0125ll 94.232.42.157 
i0125ll 94.232.42.157 
i0125ll 94.232.42.157 
i0125ll 94.232.42.157 
i0125ll 94.232.42.157 
i0125ll 94.232.42.157 
i0125ll 94.232.42.157 
i0125ll 94.232.42.157 
i0125ll 94.232.42.157 
i0125ll 94.232.42.157 
i0125ll 94.232.42.157 
i0125ll 94.232.42.157 
i0125ll 94.232.42.157 
i0125ll 94.232.42.157 
i0125ll 94.232.42.157 
i0125ll 94.232.42.157 
i0125ll 94.232.42.157 
i0125ll 94.232.42.157 
i0125ll 94.232.42.157 
i0125ll 94.232.42.157 
i0125ll 94.232.42.157 
i0125ll 94.232.42.157 
i0125ll 94.232.42.157 
i0125ll 94.232.42.157 
i0125ll 94.232.42.157 
i0125ll 94.232.42.157 
i0125ll 94.232.42.157 
i0125ll 94.232.42.157 
i0125ll 94.232.42.157 
i0125ll 94.232.42.157 
i0125ll 94.232.42.157 
i0125ll 94.232.42.157 
i0125ll 94.232.42.157 
i0125ll 94.232.42.157 
i0125ll 94.232.42.157 
i0125ll 94.232.42.157 
i0125ll 94.232.42.157 
i0125ll 94.232.42.157 
i0125ll 94.232.42.157 
i0125ll 94.232.42.157 
i0125ll 94.232.42.157 
i0125ll 94.232.42.157 
USER 109.197.80.112 
DESIGNER 109.197.80.112 
1 109.197.80.112 
ADM 109.197.80.112 
ADM1 109.197.80.112 
ADM1C 109.197.80.112 
ADMIN 109.197.80.112 
ADMIN1 109.197.80.112 
ADMIN1C 109.197.80.112 
ADMIN2 109.197.80.112 
ADMIN3 109.197.80.112 
ADMIN4 109.197.80.112 
ADMIN5 109.197.80.112 
ADMIN_1C 109.197.80.112 
ADMINDB 109.197.80.112 
ADMINEX 109.197.80.112 
ADMINISTRATOR 109.197.80.112 
ADMINISTRATOR1 109.197.80.112 
ADMINIT 109.197.80.112 
ADMINIT2 109.197.80.112 
ADMINKIEV 109.197.80.112 
DOROSHENKO 109.197.80.112 
AFANASEV 109.197.80.112 
AFANASEVA 109.197.80.112 
AFANASIEV 109.197.80.112 
AFANASYEV 109.197.80.112 
AFANASYEVA 109.197.80.112 
AFUTIN 109.197.80.112 
AGAEVA 109.197.80.112 
AGAPOV 109.197.80.112 
AGASHINA 109.197.80.112 
AGATA 109.197.80.112 
AGENT 109.197.80.112 
AGENT2 109.197.80.112 
AGENT3 109.197.80.112 
AGENT4 109.197.80.112 
AGENT7 109.197.80.112 
AGISHEV 109.197.80.112 
AHRAMEEV 109.197.80.112 
AIDA 109.197.80.112 
AISA 109.197.80.112 
AKATOV 109.197.80.112 
AKIMENKO 109.197.80.112 
AKIMOVA 109.197.80.112 
AKIT 109.197.80.112 
AKMETYK 109.197.80.112 
AKULIK 109.197.80.112 
AKZIA 109.197.80.112 
ALA 109.197.80.112 
ALADIN 109.197.80.112 
ALBIHINA 109.197.80.112 
ALBIHINA2 109.197.80.112 
ALCOGOL 109.197.80.112 
ALEKS 109.197.80.112 
ALEKSANDR 109.197.80.112 
ALEKSANDRA 109.197.80.112 
ALEKSANDROVA 109.197.80.112 
ALEKSEENKO 109.197.80.112 
ALEKSEENKOV 109.197.80.112 
ALEKSEEV 109.197.80.112 
ALEKSEEVA 109.197.80.112 
ALEKSEIY 109.197.80.112 
ALEKSEY 109.197.80.112 
ALENA 109.197.80.112 
ALENA1 109.197.80.112 
ALESYA 109.197.80.112 
ALEX 109.197.80.112 
ALEXANDER 109.197.80.112 
ALEXANDR 109.197.80.112 
ALEXANDRA 109.197.80.112 
ALEXANDROVA 109.197.80.112 
ALEXBOBR 109.197.80.112 
ALEXEY 109.197.80.112 
ALEXY 109.197.80.112 
ALEZ 109.197.80.112 
ALFA 109.197.80.112 
ALFABUH 109.197.80.112 
ALFEROVA 109.197.80.112 
ALIKHANYAN 109.197.80.112 
ALINA 109.197.80.112 
ALIONA 109.197.80.112 
ALIONOCHKA 109.197.80.112 
ALISA 109.197.80.112 
ALLA 109.197.80.112 
ALONA 109.197.80.112 
ALONADZIUBA 109.197.80.112 
ALPHA 109.197.80.112 
ALSHEVSKIY 109.197.80.112 
ALTUHOVA 109.197.80.112 
ALVINA 109.197.80.112 
ALYA 109.197.80.112 
ALYENA 109.197.80.112 
ALYONA 109.197.80.112 
AMARUSHCHAK 109.197.80.112 
AMELINA 109.197.80.112 
AMISHKALENKO 109.197.80.112 
AMITOFIR 109.197.80.112 
ANA 109.197.80.112 
ANABOKA 109.197.80.112 
ANALITIKA 109.197.80.112 
ANASTASIA 109.197.80.112 
ANASTASIJA 109.197.80.112 
ANASTASIY 109.197.80.112 
ANASTASYA 109.197.80.112 
ANATOLIY 109.197.80.112 
AND 109.197.80.112 
ANDR 109.197.80.112 
ANDRE 109.197.80.112 
ANDREEVA 109.197.80.112 
ANDREI 109.197.80.112 
ANDREW 109.197.80.112 
ANDREY 109.197.80.112 
ANDREYCHENKO 109.197.80.112 
ANDRIANA 109.197.80.112 
ANDRIENKO 109.197.80.112 
ANDRIEVSKAYA 109.197.80.112 
ANDRIEVSKIJ 109.197.80.112 
ANDRII 109.197.80.112 
ANDRIIV 109.197.80.112 
ANDRIJ 109.197.80.112 
ANDRITSA 109.197.80.112 
ANDRIY 109.197.80.112 
ANDRIYCHUK 109.197.80.112 
ANDROID 109.197.80.112 
ANDROSCHUK 109.197.80.112 
ANDRUCHENKO 109.197.80.112 
ANDRUSENKO 109.197.80.112 
ANDRY 109.197.80.112 
ANE 109.197.80.112 
ANGELA 109.197.80.112 
ANGELIKA 109.197.80.112 
ANGELOVA 109.197.80.112 
ANIFEEV 109.197.80.112 
ANIKIENKO 109.197.80.112 
ANIKINA 109.197.80.112 
ANISH 109.197.80.112 
ANISHENKO 109.197.80.112 
ANISIMOVA 109.197.80.112 
ANJELIKA 109.197.80.112 
ANMSZ 109.197.80.112 
ANNA 109.197.80.112 
ANNET 109.197.80.112 
ANOSOVA 109.197.80.112 
ANTIPENKO 109.197.80.112 
ANTIPOVA 109.197.80.112 
ANTOCHIN 109.197.80.112 
ANTON 109.197.80.112 
ANTONENKO 109.197.80.112 
ANTONINA 109.197.80.112 
ANTONOV 109.197.80.112 
ANTONOVA 109.197.80.112 
ANTONSHUK 109.197.80.112 
ANTONYUK 109.197.80.112 
ANUFRIYEVA 109.197.80.112 
ANYA 109.197.80.112 
APALAT 109.197.80.112 
APALATOVA 109.197.80.112 
APOSTOLYUK 109.197.80.112 
APPETIT 109.197.80.112 
APPLE 109.197.80.112 
APTEKA 109.197.80.112 
APTEKA1 109.197.80.112 
APTEKA12 109.197.80.112 
APTEKA2 109.197.80.112 
APTEKA23 109.197.80.112 
APTEKA3 109.197.80.112 
APTEKA32 109.197.80.112 
APTEKA_1 109.197.80.112 
APTEKA_2 109.197.80.112 
APUNEVYCH 109.197.80.112 
ARCHIP 109.197.80.112 
AREVA 109.197.80.112 
ARH 109.197.80.112 
ARH1 109.197.80.112 
ARH2 109.197.80.112 
ARHIPOV 109.197.80.112 
ARHITEKTURA 109.197.80.112 
ARHIV 109.197.80.112 
ARHIVE 109.197.80.112 
ARKADIA 109.197.80.112 
ARKADII 109.197.80.112 
ARKUSHA 109.197.80.112 
ARSEN 109.197.80.112 
ARSKIY 109.197.80.112 
ARTEM 109.197.80.112 
ARTEMA 109.197.80.112 
ARTEMENKO 109.197.80.112 
ARTEMOVA 109.197.80.112 
ARTENIUK 109.197.80.112 
ARTUR 109.197.80.112 
ARTURA 109.197.80.112 
ARTYOM 109.197.80.112 
ARZHANNIKOVA 109.197.80.112 
ASAPEGIN-MITZ 109.197.80.112 
ASATRYAN 109.197.80.112 
ASEEVA 109.197.80.112 
ASEMISALOV 109.197.80.112 
ASHINEC 109.197.80.112 
ASHMARKATUK 109.197.80.112 
ASONKO 109.197.80.112 
ASPNET 109.197.80.112 
ASTAFEVA 109.197.80.112 
ASTAFIEV 109.197.80.112 
ASTAHOV 109.197.80.112 
ASTOR 109.197.80.112 
ASUS 109.197.80.112 
ATANACIYCHUK 109.197.80.112 
ATANASYAN 109.197.80.112 
ATANESYAN 109.197.80.112 
ATLANT 109.197.80.112 
ATRIUM 109.197.80.112 
AU1 109.197.80.112 
AU2 109.197.80.112 
AU3 109.197.80.112 
AUDIT 109.197.80.112 
AUDIT1 109.197.80.112 
AUDIT2 109.197.80.112 
AUDIT3 109.197.80.112 
AUDIT4 109.197.80.112 
AUDITOR 109.197.80.112 
AUDITOR1 109.197.80.112 
AUDITOR2 109.197.80.112 
AUTODETAL1 109.197.80.112 
AUTODETAL2 109.197.80.112 
AUTOEXPORT 109.197.80.112 
AVAGIMOVA 109.197.80.112 
AVERIN 109.197.80.112 
AVERINA 109.197.80.112 
AVERYANOV 109.197.80.112 
AVERYANOVA 109.197.80.112 
AVILOVA 109.197.80.112 
AVRAMENKO 109.197.80.112 
AVTOKLAD 109.197.80.112 
AXIOMA1 109.197.80.112 
AXIOMA2 109.197.80.112 
AXIOMA3 109.197.80.112 
AXIOMA4 109.197.80.112 
AXIOMA5 109.197.80.112 
AXIOMA6 109.197.80.112 
AXIOMA7 109.197.80.112 
AXIOMA8 109.197.80.112 
AYUBOVA 109.197.80.112 
AYZHIGITOVA 109.197.80.112 
AZAROV 109.197.80.112 
AZIMUT 109.197.80.112 
AZOV 109.197.80.112 
B1 109.197.80.112 
B2 109.197.80.112 
B3 109.197.80.112 
BABAHAN 109.197.80.112 
BABAK 109.197.80.112 
BABAN 109.197.80.112 
BABANINA 109.197.80.112 
BABCHENKO 109.197.80.112 
BABENKO 109.197.80.112 
BABETC 109.197.80.112 
BABICH 109.197.80.112 
BABICHENKO 109.197.80.112 
BABIYCHUK 109.197.80.112 
BACHINSKAYA 109.197.80.112 
BACKUP 109.197.80.112 
BACKUPER 109.197.80.112 
BACKUPFTP 109.197.80.112 
BACKUPUSER 109.197.80.112 
BADRAN 109.197.80.112 
BAGAEV 109.197.80.112 
BAGAN 109.197.80.112 
BAGINSKA 109.197.80.112 
BAGLAY 109.197.80.112 
BAGNENKO 109.197.80.112 
BAGROVA 109.197.80.112 
BAHIRYAN 109.197.80.112 
BAHTIN 109.197.80.112 
BAKANOVA 109.197.80.112 
BAKLANOV 109.197.80.112 
BAKLYTSKYI 109.197.80.112 
BAKUN 109.197.80.112 
BALABAK 109.197.80.112 
BALAKIREVA 109.197.80.112 
BALATSKA 109.197.80.112 
BALITSKAYA 109.197.80.112 
BANDELYUK 109.197.80.112 
BANIT 109.197.80.112 
BANK 109.197.80.112 
BANYAS 109.197.80.112 
BAR 109.197.80.112 
BAR1 109.197.80.112 
BAR2 109.197.80.112 
BARABANOV 109.197.80.112 
BARAHTIY 109.197.80.112 
BARAN 109.197.80.112 
BARANOV 109.197.80.112 
BARANOVA 109.197.80.112 
BARANOVSKIY 109.197.80.112 
BARDA 109.197.80.112 
BARDACHOVA 109.197.80.112 
BARDYUK 109.197.80.112 
BARISHEVA 109.197.80.112 
BARKOVSKIY 109.197.80.112 
BARLOVSKAYA 109.197.80.112 
BARMEN 109.197.80.112 
BARTASH 109.197.80.112 
BARTEV 109.197.80.112 
BARVINOK 109.197.80.112 
BARZO 109.197.80.112 
BAS 109.197.80.112 
BASALAEVA 109.197.80.112 
BASANSKA 109.197.80.112 
BASARGINA 109.197.80.112 
BASE 109.197.80.112 
BASE1 109.197.80.112 
BASE2 109.197.80.112 
BASEYN 109.197.80.112 
BASHIROV 109.197.80.112 
BASISTAYA 109.197.80.112 
BAT 109.197.80.112 
BAZA1 109.197.80.112 
BAZA2 109.197.80.112 
BAZALYUK 109.197.80.112 
BAZELIUK 109.197.80.112 
BAZHANA 109.197.80.112 
BAZIL 109.197.80.112 
BAZILEVSKIY 109.197.80.112 
BAZILYUK 109.197.80.112 
BAZYLEVA 109.197.80.112 
BAZYLUK 109.197.80.112 
BBOLEZIN 109.197.80.112 
BDO1 109.197.80.112 
BDO2 109.197.80.112 
BDO3 109.197.80.112 
BEDENKO 109.197.80.112 
BEGEN 109.197.80.112 
BEKCHIU 109.197.80.112 
BEKMAMEDOV 109.197.80.112 
BELAYA 109.197.80.112 
BELAYGORA 109.197.80.112 
BELCHEVICHINA 109.197.80.112 
BELDYAEVA 109.197.80.112 
BELENKIY 109.197.80.112 
BELICKIY 109.197.80.112 
BELOBROVA 109.197.80.112 
BELOKUR 109.197.80.112 
BELONOGKO 109.197.80.112 
BELONOZHKO 109.197.80.112 
BELOPLOTOV 109.197.80.112 
BELORUSKAYA 109.197.80.112 
BELOSHITSKIY 109.197.80.112 
BELOUS 109.197.80.112 
BELOUSOV 109.197.80.112 
BELOV 109.197.80.112 
BELOVA 109.197.80.112 
BELOVODSKAYA 109.197.80.112 
BELOVOL 109.197.80.112 
BELYAEVA 109.197.80.112 
BELYAKOV 109.197.80.112 
BENARUSH 109.197.80.112 
BENKO 109.197.80.112 
BEPA 109.197.80.112 
BERBAT 109.197.80.112 
BERBEKA 109.197.80.112 
BERDI 109.197.80.112 
BERDIEV 109.197.80.112 
BERESNEV 109.197.80.112 
BERESTNEV 109.197.80.112 
BEREZA 109.197.80.112 
BEREZCHENKO 109.197.80.112 
BEREZENKO 109.197.80.112 
BEREZIN 109.197.80.112 
BEREZINKA 109.197.80.112 
BEREZOVOY 109.197.80.112 
BEREZOVSKAYA 109.197.80.112 
BEREZUNKA 109.197.80.112 
BERIK 109.197.80.112 
BERKOVETSKAYA 109.197.80.112 
BERLOUS 109.197.80.112 
BERLYAEVA 109.197.80.112 
BESSMERTNAYA 109.197.80.112 
BESSONOV 109.197.80.112 
BESSONOVA 109.197.80.112 
BEVZ 109.197.80.112 
BEVZYUK 109.197.80.112 
BEZELINSKIY 109.197.80.112 
BEZGAN 109.197.80.112 
BEZKOROVAINA 109.197.80.112 
BEZPEKA 109.197.80.112 
BGS 109.197.80.112 
BGS2 109.197.80.112 
BIBIKOVA 109.197.80.112 
BIBKA 109.197.80.112 
BICHURIN 109.197.80.112 
BIIRSAN 109.197.80.112 
BILA 109.197.80.112 
BILASH 109.197.80.112 
BILAY 109.197.80.112 
BILENKA 109.197.80.112 
BILL 109.197.80.112 
BILOPOLSKA 109.197.80.112 
BILSKAJA 109.197.80.112 
BILYCHENKO 109.197.80.112 
BILYK 109.197.80.112 
BINATEL 109.197.80.112 
BIOTECH 109.197.80.112 
BIRCH 109.197.80.112 
BIRUKOV 109.197.80.112 
BIRUKOVA 109.197.80.112 
BIS 109.197.80.112 
BITKOV 109.197.80.112 
BITRIX 109.197.80.112 
BITRIXEXCHANGE 109.197.80.112 
BITSYUK 109.197.80.112 
BLAGODATNAYA 109.197.80.112 
BLAKITNA 109.197.80.112 
BLEKHER 109.197.80.112 
BLINKOVA 109.197.80.112 
BLINOV 109.197.80.112 
BLISCHIK 109.197.80.112 
BLIZNECOV 109.197.80.112 
BLLYAK 109.197.80.112 
BLOKHIN 109.197.80.112 
BLUHERAVPN 109.197.80.112 
BLYZNOVA 109.197.80.112 
BOBALITY 109.197.80.112 
BOBALITY2 109.197.80.112 
BOBER 109.197.80.112 
BOBOSHKO 109.197.80.112 
BOBRENKO 109.197.80.112 
BOBROV 109.197.80.112 
BOBROVA 109.197.80.112 
BOBROVA1 109.197.80.112 
BOBROVSKIY 109.197.80.112 
BOCHAROVA 109.197.80.112 
BOCHKAREV 109.197.80.112 
BODNARCHUK 109.197.80.112 
BODNARUK 109.197.80.112 
BOEVA 109.197.80.112 
BOGACHEVAK 109.197.80.112 
BOGACHUK 109.197.80.112 
BOGATYRCHUK 109.197.80.112 
BOGDAN 109.197.80.112 
BOGDANOVA 109.197.80.112 
BOGDANOVICH 109.197.80.112 
BOGINSKAYA 109.197.80.112 
BOGUN 109.197.80.112 
BOGUTSKY 109.197.80.112 
BOHDAN.LISNYI 109.197.80.112 
BOIKO 109.197.80.112 
BOLEZIN 109.197.80.112 
BOLGARSKAYA 109.197.80.112 
BOLTYANSKIY 109.197.80.112 
BOLYUTA 109.197.80.112 
BONDAR 109.197.80.112 
BONDARCHUK 109.197.80.112 
BONDAREC 109.197.80.112 
BONDARENKO 109.197.80.112 
BONDARENKOS 109.197.80.112 
BONDARETS 109.197.80.112 
BONDAREV 109.197.80.112 
BONDARUK 109.197.80.112 
BONDURKO 109.197.80.112 
BONTEY 109.197.80.112 
BOOK 109.197.80.112 
BOR 109.197.80.112 
BOR2 109.197.80.112 
BORDACHOV 109.197.80.112 
BORDAN 109.197.80.112 
BORIS 109.197.80.112 
BORISENKO 109.197.80.112 
BORISOVSKAYA 109.197.80.112 
BORISPOL 109.197.80.112 
BORISPOLSKAYA 109.197.80.112 
BORODA 109.197.80.112 
BORODINA 109.197.80.112 
BORODIY 109.197.80.112 
BOROVIK 109.197.80.112 
BOROVYAK 109.197.80.112 
BORSCHEVSKIY 109.197.80.112 
BORSHAK 109.197.80.112 
BORTNIKOV 109.197.80.112 
BORTNOVSKA 109.197.80.112 
BORTSOV 109.197.80.112 
BORYMSKAYA 109.197.80.112 
BORYSKIN 109.197.80.112 
BORZENKO 109.197.80.112 
BOSS 109.197.80.112 
BOSYI 109.197.80.112 
BOSYUK 109.197.80.112 
BOTUS 109.197.80.112 
BOVA 109.197.80.112 
BOVSUNOVSKAYA 109.197.80.112 
BOVTACH 109.197.80.112 
BOX 109.197.80.112 
BOYARCHUK 109.197.80.112 
BOYARENKO 109.197.80.112 
BOYARSKIY 109.197.80.112 
BOYCHENKO 109.197.80.112 
BOYKO 109.197.80.112 
BOYKOVA 109.197.80.112 
BOZ 109.197.80.112 
BOZENA 109.197.80.112 
BOZHENKOV 109.197.80.112 
BOZKO 109.197.80.112 
BPMONLINE 109.197.80.112 
BRAILOVSKY 109.197.80.112 
BREHUNTSOVA 109.197.80.112 
BREZGIN 109.197.80.112 
BREZGINA 109.197.80.112 
BRICHENKO 109.197.80.112 
BRIKSA 109.197.80.112 
BRIL 109.197.80.112 
BRINZA 109.197.80.112 
BRITVICH 109.197.80.112 
BRITVIN 109.197.80.112 
BRIZHAK 109.197.80.112 
BRONEVICKY 109.197.80.112 
BROVARSKA 109.197.80.112 
BROVARY 109.197.80.112 
BRUDANINA 109.197.80.112 
BRUSA 109.197.80.112 
BRUST 109.197.80.112 
BRYJAN 109.197.80.112 
BSV 109.197.80.112 
BTI 109.197.80.112 
BUCH 109.197.80.112 
BUCHGALTER 109.197.80.112 
BUCHIK 109.197.80.112 
BUCHKOVA 109.197.80.112 
BUDA 109.197.80.112 
BUDGET 109.197.80.112 
BUDGET1 109.197.80.112 
BUDGET2 109.197.80.112 
BUDKOV 109.197.80.112 
BUDNIK 109.197.80.112 
BUFER 109.197.80.112 
BUFET 109.197.80.112 
BUG1 109.197.80.112 
BUG2 109.197.80.112 
BUGA 109.197.80.112 
BUGAENKO 109.197.80.112 
BUGAEVSKII 109.197.80.112 
BUGAEVSKIY 109.197.80.112 
BUGALTER 109.197.80.112 
BUH 109.197.80.112 
BUH-1 109.197.80.112 
BUH-2 109.197.80.112 
BUH-3 109.197.80.112 
BUH01 109.197.80.112 
BUH02 109.197.80.112 
BUH03 109.197.80.112 
BUH04 109.197.80.112 
BUH05 109.197.80.112 
BUH06 109.197.80.112 
BUH07 109.197.80.112 
BUH08 109.197.80.112 
BUH1 109.197.80.112 
BUH10 109.197.80.112 
BUH100 109.197.80.112 
BUH11 109.197.80.112 
BUH12 109.197.80.112 
BUH13 109.197.80.112 
BUH14 109.197.80.112 
BUH15 109.197.80.112 
BUH16 109.197.80.112 
BUH2 109.197.80.112 
BUH22 109.197.80.112 
BUH23 109.197.80.112 
BUH3 109.197.80.112 
BUH36 109.197.80.112 
BUH4 109.197.80.112 
BUH5 109.197.80.112 
BUH6 109.197.80.112 
BUH7 109.197.80.112 
BUH8 109.197.80.112 
BUH9 109.197.80.112 
BUH99 109.197.80.112 
BUH_01 109.197.80.112 
BUH_1 109.197.80.112 
BUH_10 109.197.80.112 
BUH_11 109.197.80.112 
BUH_12 109.197.80.112 
BUH_13 109.197.80.112 
BUH_14 109.197.80.112 
BUH_15 109.197.80.112 
BUH_16 109.197.80.112 
BUH_17 109.197.80.112 
BUH_18 109.197.80.112 
BUH_19 109.197.80.112 
BUH_2 109.197.80.112 
BUH_20 109.197.80.112 
BUH_3 109.197.80.112 
BUH_4 109.197.80.112 
BUH_5 109.197.80.112 
BUH_6 109.197.80.112 
BUH_7 109.197.80.112 
BUH_8 109.197.80.112 
BUH_9 109.197.80.112 
BUH_T1 109.197.80.112 
BUHAREST 109.197.80.112 
BUHBIF 109.197.80.112 
BUHECO 109.197.80.112 
BUHG 109.197.80.112 
BUHG-1 109.197.80.112 
BUHG-2 109.197.80.112 
BUHG-3 109.197.80.112 
BUHG1 109.197.80.112 
BUHG10 109.197.80.112 
BUHG2 109.197.80.112 
BUHG3 109.197.80.112 
BUHG4 109.197.80.112 
BUHG5 109.197.80.112 
BUHG6 109.197.80.112 
BUHG7 109.197.80.112 
BUHG9 109.197.80.112 
BUHGALTER 109.197.80.112 
BUHGALTER2 109.197.80.112 
BUHGALTST2 109.197.80.112 
BUHGEN1 109.197.80.112 
BUHGL 109.197.80.112 
BUHHLIB 109.197.80.112 
BUHMETRO 109.197.80.112 
BUHML 109.197.80.112 
BUHSBYT1 109.197.80.112 
BUHSBYT7 109.197.80.112 
BUHTORG 109.197.80.112 
BUHUSV 109.197.80.112 
BUHZAM 109.197.80.112 
BUIALSKA 109.197.80.112 
BUKIN 109.197.80.112 
BUKINA 109.197.80.112 
BUMIK 109.197.80.112 
BUNINA 109.197.80.112 
BURACHENKO 109.197.80.112 
BURAN 109.197.80.112 
BURAVCHENKO 109.197.80.112 
BURAVSKIY 109.197.80.112 
BURCEVA 109.197.80.112 
BURDAEVA 109.197.80.112 
BURDUKOVA 109.197.80.112 
BURENKO 109.197.80.112 
BURLIN 109.197.80.112 
BUROVA 109.197.80.112 
BURUNZHIU 109.197.80.112 
BUSHINSKIY 109.197.80.112 
BUSHMA 109.197.80.112 
BUSHMARINA 109.197.80.112 
BUSHUEVA 109.197.80.112 
BUSS 109.197.80.112 
BUTENKO 109.197.80.112 
BUTNARU 109.197.80.112 
BUTOK 109.197.80.112 
BUTSAK 109.197.80.112 
BUTSKAYA 109.197.80.112 
BUX 109.197.80.112 
BUX1 109.197.80.112 
BUX2 109.197.80.112 
BUX3 109.197.80.112 
BUX6 109.197.80.112 
BUZO 109.197.80.112 
BYALOSHICKAYA 109.197.80.112 
BYHGALTER 109.197.80.112 
BYK 109.197.80.112 
BYKOVA 109.197.80.112 
BYLAT 109.197.80.112 
BYTORIN 109.197.80.112 
BZHEZOVSKA 109.197.80.112 
CAFE 109.197.80.112 
CALKO 109.197.80.112 
CALKO2 109.197.80.112 
CALL 109.197.80.112 
CALL-CENTER 109.197.80.112 
CAMERA 109.197.80.112 
CASH 109.197.80.112 
CASSA 109.197.80.112 
CAT 109.197.80.112 
CATALOG 109.197.80.112 
CCHEPEL 109.197.80.112 
CEH 109.197.80.112 
CEH1 109.197.80.112 
CEH2 109.197.80.112 
CEH3 109.197.80.112 
CENTER 109.197.80.112 
CENTRAL 109.197.80.112 
CERKOVNIY 109.197.80.112 
CHABAN 109.197.80.112 
CHAIKA 109.197.80.112 
CHAIKOVA 109.197.80.112 
CHAIKUN 109.197.80.112 
CHALOV 109.197.80.112 
CHALOVAN 109.197.80.112 
CHALOVKA 109.197.80.112 
CHAPLINSKA 109.197.80.112 
CHAPTIKOVA 109.197.80.112 
CHARUPA 109.197.80.112 
CHAYKA 109.197.80.112 
CHAYKOVSKIY 109.197.80.112 
CHEBANOVA 109.197.80.112 
CHEBYKINA 109.197.80.112 
CHEGRINETS 109.197.80.112 
CHEKALINA 109.197.80.112 
CHENUSHA 109.197.80.112 
CHEPURENKO 109.197.80.112 
CHEPURKO 109.197.80.112 
CHEPURNOY 109.197.80.112 
CHEREDNYK 109.197.80.112 
CHEREMISINA 109.197.80.112 
CHEREMYSHKI 109.197.80.112 
CHERENKOV 109.197.80.112 
CHEREVKO 109.197.80.112 
CHERKASHIN 109.197.80.112 
CHERKASS 109.197.80.112 
CHERKASSKAYA 109.197.80.112 
CHERKASSKIY 109.197.80.112 
CHERKAVSKAYA 109.197.80.112 
CHERKES 109.197.80.112 
CHERNAYA 109.197.80.112 
CHERNENKO 109.197.80.112 
CHERNEV 109.197.80.112 
CHERNIAHIVSKY 109.197.80.112 
CHERNIEV 109.197.80.112 
CHERNIGOV 109.197.80.112 
CHERNIJ 109.197.80.112 
CHERNIK 109.197.80.112 
CHERNISHOV 109.197.80.112 
CHERNIVTSI 109.197.80.112 
CHERNOBAEVA 109.197.80.112 
CHERNOSHTAN 109.197.80.112 
CHERNOUSOVA 109.197.80.112 
CHERNYAEVA 109.197.80.112 
CHERNYAK 109.197.80.112 
CHERNYAKOV 109.197.80.112 
CHERNYAVSKIY 109.197.80.112 
CHERNYSHOV 109.197.80.112 
CHESHKO 109.197.80.112 
CHHETIANI 109.197.80.112 
CHIEF 109.197.80.112 
CHIF 109.197.80.112 
CHIGAREV 109.197.80.112 
CHIHUN 109.197.80.112 
CHINA 109.197.80.112 
CHINADIIVO 109.197.80.112 
CHIREVAN 109.197.80.112 
CHIZHAN 109.197.80.112 
CHIZHIK 109.197.80.112 
CHIZHIKOV 109.197.80.112 
CHORBA 109.197.80.112 
CHORNIY 109.197.80.112 
CHORNII 109.197.80.112 
CHOS 109.197.80.112 
CHUB 109.197.80.112 
CHUBA 109.197.80.112 
CHUBAR 109.197.80.112 
CHUBEY 109.197.80.112 
CHUCHKAEV 109.197.80.112 
CHUDAK 109.197.80.112 
CHUDNIVEC 109.197.80.112 
CHUGUEVSKAYA 109.197.80.112 
CHUMAK 109.197.80.112 
CHUPAK 109.197.80.112 
CHUPLAYA 109.197.80.112 
CHUPRIN 109.197.80.112 
CHUPRINA 109.197.80.112 
CHUPROVA 109.197.80.112 
CHUVAKOV 109.197.80.112 
CIAT 109.197.80.112 
CIKALENKO 109.197.80.112 
CITYMAIL 109.197.80.112 
CKLAD 109.197.80.112 
CLASSIC 109.197.80.112 
CLIENT 109.197.80.112 
CLOUD 109.197.80.112 
CLUB 109.197.80.112 
CLUB1 109.197.80.112 
CLUB2 109.197.80.112 
CLUB3 109.197.80.112 
CLUB4 109.197.80.112 
CLUSTER 109.197.80.112 
CMEH 109.197.80.112 
CNAP 109.197.80.112 
CNAP2 109.197.80.112 
COLINA 109.197.80.112 
COM 109.197.80.112 
COMDIR 109.197.80.112 
COMP 109.197.80.112 
COMP1 109.197.80.112 
COMP2 109.197.80.112 
COMP3 109.197.80.112 
COMP4 109.197.80.112 
COMP5 109.197.80.112 
COMP6 109.197.80.112 
COMP7 109.197.80.112 
COMP8 109.197.80.112 
COMP9 109.197.80.112 
CONSIMPLE 109.197.80.112 
CONSOLE 109.197.80.112 
CONSTRUCTION1 109.197.80.112 
CONSTRUCTION3 109.197.80.112 
CONSTRUCTION6 109.197.80.112 
CONSTRUCTION7 109.197.80.112 
CONSTRUCTOR1 109.197.80.112 
CONSTRUCTOR5 109.197.80.112 
CONSULTING 109.197.80.112 
CONTRACT 109.197.80.112 
CONTROL 109.197.80.112 
CONTROLLER 109.197.80.112 
CORN 109.197.80.112 
CORP1 109.197.80.112 
CORP2 109.197.80.112 
CORPORATION 109.197.80.112 
COSTIK 109.197.80.112 
CREATOR 109.197.80.112 
CRON 109.197.80.112 
CS1 109.197.80.112 
CS2 109.197.80.112 
CUBE 109.197.80.112 
CUKRENKO 109.197.80.112 
CURBATOV 109.197.80.112 
CVETKOVA 109.197.80.112 
D1 109.197.80.112 
D2 109.197.80.112 
DACIY 109.197.80.112 
DACYUK 109.197.80.112 
DAN 109.197.80.112 
DANIK 109.197.80.112 
DANILCHUK 109.197.80.112 
DANILENKO 109.197.80.112 
DANILIN 109.197.80.112 
DANILOV 109.197.80.112 
DANILOVA 109.197.80.112 
DANILOVICH 109.197.80.112 
DANNA 109.197.80.112 
DANYA 109.197.80.112 
DANYLICHENKO 109.197.80.112 
DANYLIUK 109.197.80.112 
DANYLKIV 109.197.80.112 
DANYUK 109.197.80.112 
DAR 109.197.80.112 
DARENINA 109.197.80.112 
DARIA 109.197.80.112 
DASHA 109.197.80.112 
DASHKO 109.197.80.112 
DATA 109.197.80.112 
DATCHIK 109.197.80.112 
DAVIDCHYCK 109.197.80.112 
DAVIDENKO 109.197.80.112 
DAVIDOVA 109.197.80.112 
DAVYDOV 109.197.80.112 
DAVYDOVA 109.197.80.112 
DBADMIN 109.197.80.112 
DC 109.197.80.112 
DEADMIN 109.197.80.112 
DEBALCHUK 109.197.80.112 
DEBOY 109.197.80.112 
DEBROV 109.197.80.112 
DECASPER 109.197.80.112 
DEEV 109.197.80.112 
DEFAULT 109.197.80.112 
DEFAULTACCOUNT 109.197.80.112 
DEGTAREVA 109.197.80.112 
DEGTYAREV 109.197.80.112 
DEGTYAROV 109.197.80.112 
DEIKO 109.197.80.112 
DELEGAN 109.197.80.112 
DELL 109.197.80.112 
DELTA 109.197.80.112 
DELUX 109.197.80.112 
DELUX1 109.197.80.112 
DELUX2 109.197.80.112 
DEMA 109.197.80.112 
DEMCHENKO 109.197.80.112 
DEMCHIK 109.197.80.112 
DEMCHUK 109.197.80.112 
DEMENIN 109.197.80.112 
DEMIANCHUK 109.197.80.112 
DEMIANENKO 109.197.80.112 
DEMIANOVYCH 109.197.80.112 
DEMIDOVA 109.197.80.112 
DEMIDYUK 109.197.80.112 
DEMIN 109.197.80.112 
DEMKO 109.197.80.112 
DEMO 109.197.80.112 
DEMYANCHUK 109.197.80.112 
DEMYANYUK 109.197.80.112 
DEMYDIUK 109.197.80.112 
DEMYNCHUK 109.197.80.112 
DEN 109.197.80.112 
DENIS 109.197.80.112 
DENISENKO 109.197.80.112 
DENISKINA 109.197.80.112 
DENISKO 109.197.80.112 
DENT 109.197.80.112 
DENYSYUK 109.197.80.112 
DEPARTAMENT 109.197.80.112 
DEPO 109.197.80.112 
DERENDYAEVA 109.197.80.112 
DEREVNYA 109.197.80.112 
DEREVYANKO 109.197.80.112 
DERGAY 109.197.80.112 
DERGILEV 109.197.80.112 
DERGILEVA 109.197.80.112 
DERKACH 109.197.80.112 
DESIGN 109.197.80.112 
DESYATSKAYA 109.197.80.112 
DEV 109.197.80.112 
DEVIANNE 109.197.80.112 
DEWORK 109.197.80.112 
DEYKO 109.197.80.112 
DEYNEKO 109.197.80.112 
DGESS 109.197.80.112 
DHCP 109.197.80.112 
DIACHENKO 109.197.80.112 
DIADORCHYK 109.197.80.112 
DIAMERKET 109.197.80.112 
DIANA 109.197.80.112 
DICOM 109.197.80.112 
DIDENKO 109.197.80.112 
DIDIK 109.197.80.112 
DIDUK 109.197.80.112 
DIDYK 109.197.80.112 
DIHTYARENKO 109.197.80.112 
DILETCHUK 109.197.80.112 
DILIK 109.197.80.112 
DIMA 109.197.80.112 
DIMAB 109.197.80.112 
DIMBROV 109.197.80.112 
DIMITROVA 109.197.80.112 
DIMKA 109.197.80.112 
DIMKOV 109.197.80.112 
DIMON 109.197.80.112 
DINA 109.197.80.112 
DIR 109.197.80.112 
DIR02 109.197.80.112 
DIR03 109.197.80.112 
DIR05 109.197.80.112 
DIR07 109.197.80.112 
DIR08 109.197.80.112 
DIR1 109.197.80.112 
DIR14 109.197.80.112 
DIR2 109.197.80.112 
DIRECTOR 109.197.80.112 
DIRECTOR2 109.197.80.112 
DIRECTOR_01 109.197.80.112 
DIRECTOR_02 109.197.80.112 
DIREKTOR 109.197.80.112 
DIRLUG 109.197.80.112 
DISHKANT 109.197.80.112 
DISPETCHER 109.197.80.112 
DITYUK 109.197.80.112 
DIZ 109.197.80.112 
DJULA 109.197.80.112 
DKONOVALOV 109.197.80.112 
DKUZENKIN 109.197.80.112 
DLYASCHENKO 109.197.80.112 
DMITERKO 109.197.80.112 
DMITR 109.197.80.112 
DMITRENKO 109.197.80.112 
DMITRIEV 109.197.80.112 
DMITRIEVA 109.197.80.112 
DMITRISHINA 109.197.80.112 
DMITRIY 109.197.80.112 
DMITRY 109.197.80.112 
DMYTRENKO 109.197.80.112 
DMYTRO 109.197.80.112 
DMYTRUK 109.197.80.112 
DNBUH5 109.197.80.112 
DNEPR 109.197.80.112 
DNEPR2 109.197.80.112 
DNIEPER 109.197.80.112 
DOBREVA 109.197.80.112 
DOBRIANSKIY 109.197.80.112 
DOBROSINSKAYA 109.197.80.112 
DOBROV 109.197.80.112 
DOBROVA 109.197.80.112 
DOC01 109.197.80.112 
DOC1 109.197.80.112 
DOC2 109.197.80.112 
DOC3 109.197.80.112 
DOC4 109.197.80.112 
DOC5 109.197.80.112 
DOCTORELEKSUSER 109.197.80.112 
DOHOD 109.197.80.112 
DOHOD1 109.197.80.112 
DOHOD2 109.197.80.112 
DOLGOPOLOV 109.197.80.112 
DOLGOVA 109.197.80.112 
DOLINCHENKO 109.197.80.112 
DOLINENKO 109.197.80.112 
DOLZHENKO 109.197.80.112 
DOM 109.197.80.112 
DOMAIN 109.197.80.112 
DOMAINUSER 109.197.80.112 
DOMAN 109.197.80.112 
DOMANSKAYA 109.197.80.112 
DOMANSKY 109.197.80.112 
DOMENIK 109.197.80.112 
DONCHENKO 109.197.80.112 
DONDIK 109.197.80.112 
DONKOGLOVA 109.197.80.112 
DOROFEEVA 109.197.80.112 
DOROGAN 109.197.80.112 
DOROGOBID 109.197.80.112 
DOROHOV 109.197.80.112 
DORONYUK 109.197.80.112 
DOROSH 109.197.80.112 
DOROSHENKO 109.197.80.112 
DOROZHKIN 109.197.80.112 
DOROZHKINA 109.197.80.112 
DOSCHUK 109.197.80.112 
DOSTAVKA 109.197.80.112 
DOSTAVKA_2 109.197.80.112 
DOSTUP 109.197.80.112 
DOUDUSER 109.197.80.112 
DOVBYSH 109.197.80.112 
DOVGAN 109.197.80.112 
DOVGOPOL 109.197.80.112 
DPONOMAREV 109.197.80.112 
DRABCHUK 109.197.80.112 
DRAGOMIROVA 109.197.80.112 
DRANENKO 109.197.80.112 
DRELEKS 109.197.80.112 
DREW 109.197.80.112 
DRINDAK 109.197.80.112 
DRIVE 109.197.80.112 
DROBAKHA 109.197.80.112 
DROBKOV 109.197.80.112 
DROBOTKO 109.197.80.112 
DRON 109.197.80.112 
DRONKO 109.197.80.112 
DRONOV 109.197.80.112 
DRONOVA 109.197.80.112 
DSA 109.197.80.112 
DUB 109.197.80.112 
DUBCHAK 109.197.80.112 
DUBHAK 109.197.80.112 
DUBIKOVSKY 109.197.80.112 
DUBINA 109.197.80.112 
DUBIV 109.197.80.112 
DUBKO 109.197.80.112 
DUBROVA 109.197.80.112 
DUBROVINA 109.197.80.112 
DUDAR 109.197.80.112 
DUDARENKO 109.197.80.112 
DUDAREVA 109.197.80.112 
DUDCHENKO 109.197.80.112 
DUDKA 109.197.80.112 
DUDKO 109.197.80.112 
DUDNIK 109.197.80.112 
DUDOLAD 109.197.80.112 
DUETU 109.197.80.112 
DULOD 109.197.80.112 
DUMBRAVA 109.197.80.112 
DUNAEVSKY 109.197.80.112 
DUSH 109.197.80.112 
DUSHENKOVSKIY 109.197.80.112 
DVOILENKO 109.197.80.112 
DVORYANINOV 109.197.80.112 
DX 109.197.80.112 
DYACHENKO 109.197.80.112 
DYACHOK 109.197.80.112 
DYADENKO 109.197.80.112 
DYAROSH 109.197.80.112 
DYATLOVA 109.197.80.112 
DYBNUCKA 109.197.80.112 
DYDNIK 109.197.80.112 
DYNKO 109.197.80.112 
DYOMIN 109.197.80.112 
DYUKOVA 109.197.80.112 
DZHALILOVA 109.197.80.112 
DZHEPBAROV 109.197.80.112 
DZHYGORA 109.197.80.112 
DZIUBA 109.197.80.112 
DZJADEVICH 109.197.80.112 
DZYUBA 109.197.80.112 
DZYUBENKO 109.197.80.112 
DZYUBINSKA 109.197.80.112 
ECO 109.197.80.112 
ECO1 109.197.80.112 
ECOLOG 109.197.80.112 
ECON 109.197.80.112 
ECON2 109.197.80.112 
ECONOM 109.197.80.112 
ECONOM1 109.197.80.112 
ECONOM2 109.197.80.112 
ECONOMIST 109.197.80.112 
EDIK 109.197.80.112 
EDWARD 109.197.80.112 
EDYACHENKO 109.197.80.112 
EFANASOVA 109.197.80.112 
EFANOVA 109.197.80.112 
EFILIPIEVA 109.197.80.112 
EFIMENKO 109.197.80.112 
EFIMOV 109.197.80.112 
EFIMOVA 109.197.80.112 
EFIMOVNA 109.197.80.112 
EGOR 109.197.80.112 
EGORKINA 109.197.80.112 
EGOROV 109.197.80.112 
EGORUSHINA 109.197.80.112 
EGR12 109.197.80.112 
EKARCHEVSKAYA 109.197.80.112 
EKATERINA 109.197.80.112 
EKISELEVA 109.197.80.112 
EKLER 109.197.80.112 
EKO 109.197.80.112 
EKOLOGIA 109.197.80.112 
EKONOMIST 109.197.80.112 
EKSPED1 109.197.80.112 
EKSPED2 109.197.80.112 
EKSPED3 109.197.80.112 
EKSPED4 109.197.80.112 
EKSPED5 109.197.80.112 
EKULINICH 109.197.80.112 
EKUZMENKO 109.197.80.112 
ELECTRO 109.197.80.112 
ELECTRO1 109.197.80.112 
ELEKTRA 109.197.80.112 
ELEKTRO 109.197.80.112 
ELENA 109.197.80.112 
ELENAV 109.197.80.112 
ELEONORA 109.197.80.112 
ELEXADMIN 109.197.80.112 
ELLY 109.197.80.112 
ELNARA 109.197.80.112 
ELYA 109.197.80.112 
EMCEV 109.197.80.112 
EMELYANCHUK 109.197.80.112 
EMELYANENKO 109.197.80.112 
EMELYANOV 109.197.80.112 
EMILIA 109.197.80.112 
EMYCHALCHUK 109.197.80.112 
ENERGETIK 109.197.80.112 
ENTUZIASTOV 109.197.80.112 
EPISHEVA 109.197.80.112 
EPOGORELOVA 109.197.80.112 
ERCHENKOA 109.197.80.112 
EREMINA 109.197.80.112 
ERMALOVICH 109.197.80.112 
ERMIYCHUK 109.197.80.112 
ERMOLENKO 109.197.80.112 
ERMOLINA 109.197.80.112 
ESAAKYAN 109.197.80.112 
ESENINA 109.197.80.112 
ESHEVCOV 109.197.80.112 
ESYSOEVA 109.197.80.112 
ETSARINNA 109.197.80.112 
EUGENE 109.197.80.112 
EUGENIY 109.197.80.112 
EUGENY 109.197.80.112 
EVA 109.197.80.112 
EVDOKIMENKO 109.197.80.112 
EVDOKIMOV 109.197.80.112 
EVDOKIYA 109.197.80.112 
EVGEN 109.197.80.112 
EVGENIA 109.197.80.112 
EVGENII 109.197.80.112 
EVGENIY 109.197.80.112 
EVGENIYA 109.197.80.112 
EVGENY 109.197.80.112 
EVHEN 109.197.80.112 
EVSYUKOVA 109.197.80.112 
EVTUSHENKO 109.197.80.112 
EVTUSHENKOA 109.197.80.112 
EVTUSHOK 109.197.80.112 
EVTYSHENKO 109.197.80.112 
EWGENIJ 109.197.80.112 
EXCHANGE 109.197.80.112 
EXP 109.197.80.112 
EXPED 109.197.80.112 
EXPEDITION1 109.197.80.112 
EXPEDITION2 109.197.80.112 
EXPEDITION3 109.197.80.112 
EXPERT 109.197.80.112 
EXPORT 109.197.80.112 
EZAVGORODNYAYA 109.197.80.112 
FABRIKO 109.197.80.112 
FAH1 109.197.80.112 
FARMA 109.197.80.112 
FARMSERVICE 109.197.80.112 
FARSH 109.197.80.112 
FASOVKA 109.197.80.112 
FASTOVETC 109.197.80.112 
FBR 109.197.80.112 
FEDCHENKO 109.197.80.112 
FEDKO 109.197.80.112 
FEDORCHUK 109.197.80.112 
FEDORENKO 109.197.80.112 
FEDORIAK 109.197.80.112 
FEDOROV 109.197.80.112 
FEDOROVA 109.197.80.112 
FEDOTOV 109.197.80.112 
FEDOTOVA 109.197.80.112 
FEDREK 109.197.80.112 
FEDUK 109.197.80.112 
FEDULOV 109.197.80.112 
FEDYSHYN 109.197.80.112 
FELEMETS 109.197.80.112 
FELENUK 109.197.80.112 
FEODOR 109.197.80.112 
FERT 109.197.80.112 
FERUBKO 109.197.80.112 
FESCHENKO 109.197.80.112 
FESENKO 109.197.80.112 
FILATOV 109.197.80.112 
FILATOVA 109.197.80.112 
FILIAL 109.197.80.112 
FILIMONOV 109.197.80.112 
FILIPCHENKO 109.197.80.112 
FILIPIEVA 109.197.80.112 
FILIPOV 109.197.80.112 
FILOBOK 109.197.80.112 
FILON 109.197.80.112 
FIN 109.197.80.112 
FINANCIER 109.197.80.112 
FINANS 109.197.80.112 
FINANSIST 109.197.80.112 
FINBOSS 109.197.80.112 
FINDIR 109.197.80.112 
FINKASSA 109.197.80.112 
FIRMTORG 109.197.80.112 
FIRMTORG1 109.197.80.112 
FIRMTORG5 109.197.80.112 
FIRSIKOV 109.197.80.112 
FISHKO 109.197.80.112 
FISUNOVA 109.197.80.112 
FITKALENKO 109.197.80.112 
FLESH 109.197.80.112 
FLETCH 109.197.80.112 
FLPKAZAKOVA 109.197.80.112 
FND 109.197.80.112 
FOAM 109.197.80.112 
FOMENKO 109.197.80.112 
FOMICHEV 109.197.80.112 
FOMIN 109.197.80.112 
FOMYUK 109.197.80.112 
FOREXFX 109.197.80.112 
FORMANYK2 109.197.80.112 
FORWARD 109.197.80.112 
FRANCHUK 109.197.80.112 
FRANEVA 109.197.80.112 
FRANKA 109.197.80.112 
FRINKRITS 109.197.80.112 
FROLOV 109.197.80.112 
FROLOVA 109.197.80.112 
FRONT 109.197.80.112 
FTP 109.197.80.112 
FTPADMIN 109.197.80.112 
FTPUSER 109.197.80.112 
FUAD 109.197.80.112 
FUKSZON 109.197.80.112 
FURNIK 109.197.80.112 
GABELCHUK 109.197.80.112 
GABZIVSKAYA 109.197.80.112 
GADACH 109.197.80.112 
GAGARINA 109.197.80.112 
GAIDAR 109.197.80.112 
GALA 109.197.80.112 
GALADYM 109.197.80.112 
GALAGUZ 109.197.80.112 
GALAIDICH 109.197.80.112 
GALAYDA 109.197.80.112 
GALCHINSKAYA 109.197.80.112 
GALIBARENKO 109.197.80.112 
GALICH 109.197.80.112 
GALICKAYA 109.197.80.112 
GALIMUK 109.197.80.112 
GALINA 109.197.80.112 
GALJA 109.197.80.112 
GALKINA 109.197.80.112 
GALYA 109.197.80.112 
GALYNA 109.197.80.112 
GALYUK 109.197.80.112 
GAMAN 109.197.80.112 
GAMANUK 109.197.80.112 
GAMREKELIDZE 109.197.80.112 
GANCHEVA 109.197.80.112 
GANOVSKAYA 109.197.80.112 
GANTSEVA 109.197.80.112 
GANZENKO 109.197.80.112 
GANZHA 109.197.80.112 
GANZYA 109.197.80.112 
GAPEEVA 109.197.80.112 
GAPON 109.197.80.112 
GAPONOV 109.197.80.112 
GAPOTIY 109.197.80.112 
GARAGE 109.197.80.112 
GARAGE1 109.197.80.112 
GARAGE2 109.197.80.112 
GARAGE3 109.197.80.112 
GARAGE5 109.197.80.112 
GARANT1 109.197.80.112 
GARANT2 109.197.80.112 
GARANT3 109.197.80.112 
GARANT4 109.197.80.112 
GARANT5 109.197.80.112 
GARANT6 109.197.80.112 
GARASCHENKO 109.197.80.112 
GARASHCHENKO 109.197.80.112 
GARBAR 109.197.80.112 
GARBARCHUK 109.197.80.112 
GARBOVSKIY 109.197.80.112 
GARBUL 109.197.80.112 
GARKO 109.197.80.112 
GARKUN 109.197.80.112 
GARKUSHA 109.197.80.112 
GARMASH 109.197.80.112 
GARVER 109.197.80.112 
GASEM 109.197.80.112 
GATE 109.197.80.112 
GAVLOVSKAYA 109.197.80.112 
GAVRILIJUK 109.197.80.112 
GAVRILYUK 109.197.80.112 
GAVRISH 109.197.80.112 
GAVRYLCHENKO 109.197.80.112 
GAVUTENKO 109.197.80.112 
GAYDUK 109.197.80.112 
GAYNUTDINOV 109.197.80.112 
GAYVORONSKAYA 109.197.80.112 
GAZINSIKA 109.197.80.112 
GBELDIYAN 109.197.80.112 
GBUH 109.197.80.112 
GDIR 109.197.80.112 
GENA 109.197.80.112 
GENADIJ 109.197.80.112 
GENDERECTOR 109.197.80.112 
GENIA 109.197.80.112 
GENNADY 109.197.80.112 
GENYA 109.197.80.112 
GENYUK 109.197.80.112 
GEORG 109.197.80.112 
GEORGIY 109.197.80.112 
GEORGY 109.197.80.112 
GERASIMENKO 109.197.80.112 
GERASIMOVA 109.197.80.112 
GERASKO 109.197.80.112 
GERASYMCHUK 109.197.80.112 
GERGEL 109.197.80.112 
GERMAN 109.197.80.112 
GERMANY 109.197.80.112 
GEROEV 109.197.80.112 
GERUS 109.197.80.112 
GERZHIK 109.197.80.112 
GETMAN 109.197.80.112 
GEVORGYAN 109.197.80.112 
GEYSUN 109.197.80.112 
GIDOVCEV 109.197.80.112 
GIGACLOUD 109.197.80.112 
GIRKA 109.197.80.112 
GIRKO 109.197.80.112 
GIS 109.197.80.112 
GITLAB 109.197.80.112 
GL 109.197.80.112 
GL_BUH 109.197.80.112 
GLADKIH 109.197.80.112 
GLADUN 109.197.80.112 
GLAGODSKAYA 109.197.80.112 
GLAVBUG 109.197.80.112 
GLAVBUH 109.197.80.112 
GLAVBUH1 109.197.80.112 
GLAVBUX 109.197.80.112 
GLAVMEH 109.197.80.112 
GLAVTEH 109.197.80.112 
GLBUCH 109.197.80.112 
GLBUH 109.197.80.112 
GLBUHG 109.197.80.112 
GLORIYA 109.197.80.112 
GLUSHENKO 109.197.80.112 
GLUSHICH 109.197.80.112 
GLUSHKO 109.197.80.112 
GLUSHKOVA 109.197.80.112 
GLYUZA 109.197.80.112 
GNATENKO 109.197.80.112 
GNATIUK 109.197.80.112 
GNATIV 109.197.80.112 
GNATKOVSKY 109.197.80.112 
GNATUK 109.197.80.112 
GNETNEV 109.197.80.112 
GNEVKO 109.197.80.112 
GNUTOV 109.197.80.112 
GODUNOVA 109.197.80.112 
GOGOLEV 109.197.80.112 
GOGUNEC 109.197.80.112 
GOLIKOVA 109.197.80.112 
GOLJANSKAJA 109.197.80.112 
GOLOBORODKO 109.197.80.112 
GOLODNYUK 109.197.80.112 
GOLOLOBOVA 109.197.80.112 
GOLOVA 109.197.80.112 
GOLOVATA 109.197.80.112 
GOLOVATENKO 109.197.80.112 
GOLOVATYI 109.197.80.112 
GOLOVCHENKO 109.197.80.112 
GOLOVINOV 109.197.80.112 
GOLOVINOVA 109.197.80.112 
GOLUB 109.197.80.112 
GOLUBEVA 109.197.80.112 
GOLUBKOVA 109.197.80.112 
GOLUBOVICH 109.197.80.112 
GOLUBOYAR 109.197.80.112 
GOLUBTSOV 109.197.80.112 
GOLUSHKO 109.197.80.112 
GOLYKEVICH 109.197.80.112 
GOMZYAKOV 109.197.80.112 
GONCHAR 109.197.80.112 
GONCHARENKO 109.197.80.112 
GONCHAROVA 109.197.80.112 
GONCHARUK 109.197.80.112 
GONTARENKO 109.197.80.112 
GONZECKAYA 109.197.80.112 
GOPALYUK 109.197.80.112 
GORBACH 109.197.80.112 
GORBACHENKO 109.197.80.112 
GORBACHOVA 109.197.80.112 
GORBATENKO 109.197.80.112 
GORBENKO 109.197.80.112 
GORBLYUK 109.197.80.112 
GORBUNOV 109.197.80.112 
GORBUNOVA 109.197.80.112 
GORCHAKOVA 109.197.80.112 
GORCUN 109.197.80.112 
GORDEJKO 109.197.80.112 
GORDIENKO 109.197.80.112 
GORDIN 109.197.80.112 
GORKINA 109.197.80.112 
GORKUN 109.197.80.112 
GORNICHEVA 109.197.80.112 
GOROBETS 109.197.80.112 
GORODILOVA 109.197.80.112 
GORODOK 109.197.80.112 
GORODZHA 109.197.80.112 
GOROHOV 109.197.80.112 
GOROPASHNIY 109.197.80.112 
GOROVENKO 109.197.80.112 
GOROVIH 109.197.80.112 
GOROVYY 109.197.80.112 
GORPINICH 109.197.80.112 
GORSHENINA 109.197.80.112 
GORSHKOV 109.197.80.112 
GORSKAYA 109.197.80.112 
GORULKO 109.197.80.112 
GOSCHA 109.197.80.112 
GOSCHA2 109.197.80.112 
GOSPODAR 109.197.80.112 
GOSPODARIK 109.197.80.112 
GOSTEV 109.197.80.112 
GOSTEVOY 109.197.80.112 
GOSTIK 109.197.80.112 
GOVOROVA 109.197.80.112 
GOVORUNOV 109.197.80.112 
GRABAR 109.197.80.112 
GRABLEVA 109.197.80.112 
GRACHEVA 109.197.80.112 
GRACHOV 109.197.80.112 
GRADOVSKAYA 109.197.80.112 
GRAND 109.197.80.112 
GRATILOVA 109.197.80.112 
GREBENCHUK 109.197.80.112 
GREBENYUK 109.197.80.112 
GREBNEVA 109.197.80.112 
GRECANUK 109.197.80.112 
GRECHKO 109.197.80.112 
GRECHUHA 109.197.80.112 
GREKOV 109.197.80.112 
GREKOVA 109.197.80.112 
GRESKO 109.197.80.112 
GRIBACHEV 109.197.80.112 
GRIBAN 109.197.80.112 
GRICENKO 109.197.80.112 
GRIF 109.197.80.112 
GRIGORA 109.197.80.112 
GRIGORASHENKO 109.197.80.112 
GRIGORCHUK 109.197.80.112 
GRIGORENKA 109.197.80.112 
GRIGORENKO 109.197.80.112 
GRIGORIEVA 109.197.80.112 
GRIGORISHEN 109.197.80.112 
GRIGOROVICH 109.197.80.112 
GRIGOROVSKY 109.197.80.112 
GRIGORUK 109.197.80.112 
GRIGORYAN 109.197.80.112 
GRIGORYEV 109.197.80.112 
GRILYUK 109.197.80.112 
GRIM 109.197.80.112 
GRINCHUK 109.197.80.112 
GRINKO 109.197.80.112 
GRINYUK 109.197.80.112 
GRIS 109.197.80.112 
GRISHA 109.197.80.112 
GRISHILO 109.197.80.112 
GRISHIN 109.197.80.112 
GRISHKO 109.197.80.112 
GRISS 109.197.80.112 
GRISSOFT 109.197.80.112 
GRITSAY 109.197.80.112 
GRITSENKO 109.197.80.112 
GROGOL 109.197.80.112 
GROZA 109.197.80.112 
GRUBNIK 109.197.80.112 
GRUNSKAYA 109.197.80.112 
GRUSH10 109.197.80.112 
GRUSHKO 109.197.80.112 
GRYGORIVNA 109.197.80.112 
GRYTSAY 109.197.80.112 
GUARD 109.197.80.112 
GUBAIDULIN 109.197.80.112 
GUBAR 109.197.80.112 
GUBEN 109.197.80.112 
GUBKA 109.197.80.112 
GUDIM 109.197.80.112 
GUDIMOVA 109.197.80.112 
GUDIN 109.197.80.112 
GUDVIN 109.197.80.112 
GUDZENKO 109.197.80.112 
GUEST 109.197.80.112 
GULEY 109.197.80.112 
GULIY 109.197.80.112 
GULKIN 109.197.80.112 
GULKO 109.197.80.112 
GULYA 109.197.80.112 
GULYAEVA 109.197.80.112 
GUMENYUK 109.197.80.112 
GUNCHENKO 109.197.80.112 
GUNDARIN 109.197.80.112 
GURA 109.197.80.112 
GURA1 109.197.80.112 
GURA2 109.197.80.112 
GURHINA 109.197.80.112 
GURSKA 109.197.80.112 
GURSKAYA 109.197.80.112 
GURSKYY 109.197.80.112 
GURYANOV 109.197.80.112 
GUSACHENKO 109.197.80.112 
GUSAK 109.197.80.112 
GUSENKO 109.197.80.112 
GUSEV 109.197.80.112 
GUSEVA 109.197.80.112 
GUSTAYA 109.197.80.112 
GUTKAN 109.197.80.112 
GUTNICHENKO 109.197.80.112 
GUTSOL 109.197.80.112 
GUTSOV 109.197.80.112 
GUZIY 109.197.80.112 
HABENKO 109.197.80.112 
HABLOVA 109.197.80.112 
HADJINOVA 109.197.80.112 
HAHARINA 109.197.80.112 
HALOM 109.197.80.112 
HALPAHCHIEVA 109.197.80.112 
HALT 109.197.80.112 
HAN 109.197.80.112 
HARABERYUCH 109.197.80.112 
HARCHENKO 109.197.80.112 
HARDIKOVA 109.197.80.112 
HARITONOV 109.197.80.112 
HARKAVLYUK 109.197.80.112 
HARKOV 109.197.80.112 
HARKOVA 109.197.80.112 
HARKOVEC 109.197.80.112 
HASCHEVSKY 109.197.80.112 
HATSEVSKAYA 109.197.80.112 
HAZDYICHUK 109.197.80.112 
HEDVIN 109.197.80.112 
HEEYUN 109.197.80.112 
HELEN 109.197.80.112 
HELP 109.197.80.112 
HELPDESK 109.197.80.112 
HEMBIK 109.197.80.112 
HERSON 109.197.80.112 
HEVCHENKO 109.197.80.112 
HILCHEVSKAYA 109.197.80.112 
HILCHEVSKIY 109.197.80.112 
HILYUK 109.197.80.112 
HIMENKO 109.197.80.112 
HIRAK 109.197.80.112 
HIT 109.197.80.112 
HLADYSHEVSKA 109.197.80.112 
HLINSCHYKOVA 109.197.80.112 
HLYISTUNOVA 109.197.80.112 
HMELEVSKA 109.197.80.112 
HMELYUK 109.197.80.112 
HOBTA 109.197.80.112 
HODAKOVSKAYA 109.197.80.112 
HOFERBER 109.197.80.112 
HOHLOV 109.197.80.112 
HOHLOVA 109.197.80.112 
HOLOD 109.197.80.112 
HOLOD1 109.197.80.112 
HOLOD2 109.197.80.112 
HOLOD3 109.197.80.112 
HOLOD4 109.197.80.112 
HOLODILNIK 109.197.80.112 
HOLODILSCHIK 109.197.80.112 
HOLODKA 109.197.80.112 
HOLODNYUK 109.197.80.112 
HOLOSHA 109.197.80.112 
HOME 109.197.80.112 
HOMENKO 109.197.80.112 
HOMICH 109.197.80.112 
HOMINICH 109.197.80.112 
HOMYAKOV 109.197.80.112 
HOMYAKOVA 109.197.80.112 
HOPTYANOY 109.197.80.112 
HOROSHAYLOV 109.197.80.112 
HOROSHUNN 109.197.80.112 
HORUZHIY 109.197.80.112 
HOST 109.197.80.112 
HOSTING 109.197.80.112 
HOSTMASTER 109.197.80.112 
HOVANSKAYA 109.197.80.112 
HOVANSLAYA2 109.197.80.112 
HOZYAYKO 109.197.80.112 
HRAMTCOVA 109.197.80.112 
HRAMTSOVA 109.197.80.112 
HRAPKO 109.197.80.112 
HRIPKOVA 109.197.80.112 
HRISTICH 109.197.80.112 
HRISTOV 109.197.80.112 
HRUCIV 109.197.80.112 
HRUPLUN 109.197.80.112 
HRUSCHEV 109.197.80.112 
HRUSCHEVA 109.197.80.112 
HUDENKO 109.197.80.112 
HUNKO 109.197.80.112 
HVOSTYK 109.197.80.112 
HYAMKOVOY 109.197.80.112 
HYDEVUCH 109.197.80.112 
IBUGRIN 109.197.80.112 
ICLOUD 109.197.80.112 
IESHYSHAK 109.197.80.112 
IGNAT 109.197.80.112 
IGNATENKO 109.197.80.112 
IGNATOV 109.197.80.112 
IGONYANA 109.197.80.112 
IGOR 109.197.80.112 
IGOSHIN 109.197.80.112 
IHOHLOV 109.197.80.112 
IKRAVCHINSKIY 109.197.80.112 
IKUZNETSOV 109.197.80.112 
ILAYA 109.197.80.112 
ILCHENKO 109.197.80.112 
ILCHUK 109.197.80.112 
ILGAMOV 109.197.80.112 
ILIA 109.197.80.112 
ILINA 109.197.80.112 
ILONA 109.197.80.112 
ILUHA 109.197.80.112 
ILYA 109.197.80.112 
ILYASOVA 109.197.80.112 
ILYENKO 109.197.80.112 
IMOVCHAN 109.197.80.112 
INA 109.197.80.112 
INBOX 109.197.80.112 
INESSA 109.197.80.112 
INET 109.197.80.112 
INETSHOP 109.197.80.112 
INETSHOP1 109.197.80.112 
INF 109.197.80.112 
INFO 109.197.80.112 
INFRO 109.197.80.112 
INGA 109.197.80.112 
INNA 109.197.80.112 
INNAT 109.197.80.112 
INSPEKTOR 109.197.80.112 
INSTR1 109.197.80.112 
INSTR2 109.197.80.112 
INTEGRA 109.197.80.112 
INTEGRA2 109.197.80.112 
INTERN 109.197.80.112 
INVOICE 109.197.80.112 
IOSILEVICH 109.197.80.112 
IOTOV 109.197.80.112 
IRA 109.197.80.112 
IREN 109.197.80.112 
IRINA 109.197.80.112 
IRINAB 109.197.80.112 
IRINAK 109.197.80.112 
IRINALEKA 109.197.80.112 
IRPEN 109.197.80.112 
IRSHAVA 109.197.80.112 
IRSHAVA1 109.197.80.112 
IRZHAVSKIY 109.197.80.112 
ISAEV 109.197.80.112 
ISAEVA 109.197.80.112 
ISCHENKO 109.197.80.112 
ISCHIK 109.197.80.112 
ISCHUK 109.197.80.112 
ISHKOVA 109.197.80.112 
ISHOP 109.197.80.112 
ISHUTIN 109.197.80.112 
ISKRICKAYA 109.197.80.112 
ISP1 109.197.80.112 
ISP2 109.197.80.112 
ISPDIR 109.197.80.112 
ISTEPANITSKAYA 109.197.80.112 
ISTOMINA 109.197.80.112 
ISV 109.197.80.112 
IT 109.197.80.112 
IT-2 109.197.80.112 
IT-3 109.197.80.112 
IT-4 109.197.80.112 
ITL 109.197.80.112 
ITSOURCE 109.197.80.112 
IVA 109.197.80.112 
IVAN 109.197.80.112 
IVANCHENKO 109.197.80.112 
IVANCHUK 109.197.80.112 
IVANENKO 109.197.80.112 
IVANINIV 109.197.80.112 
IVANISHIN 109.197.80.112 
IVANISHKO 109.197.80.112 
IVANOV 109.197.80.112 
IVANOVA 109.197.80.112 
IVANOVNA 109.197.80.112 
IVANOVSKA 109.197.80.112 
IVANUCHENKO 109.197.80.112 
IVANUKH 109.197.80.112 
IVANUSIK 109.197.80.112 
IVANYUK 109.197.80.112 
IVANYUTA 109.197.80.112 
IVASHENKO 109.197.80.112 
IVASIYUK 109.197.80.112 
IVONIN 109.197.80.112 
IVONINA 109.197.80.112 
IYANCHUK 109.197.80.112 
IYUSYPIV 109.197.80.112 
IZUBENKO 109.197.80.112 
IÇÄç?ñúäÄ 109.197.80.112 
IÉéê 109.197.80.112 
Iê?çÄ 109.197.80.112 
IêÄ 109.197.80.112 
J1 109.197.80.112 
JACINICH 109.197.80.112 
JAKUBENKO 109.197.80.112 
JAKURNOVA 109.197.80.112 
JANCHUK 109.197.80.112 
JAREMCHUK 109.197.80.112 
JAROSLAV 109.197.80.112 
JASINETSKAYA 109.197.80.112 
JDANUK 109.197.80.112 
JEAN 109.197.80.112 
JEKA 109.197.80.112 
JELEZNYAKSV 109.197.80.112 
JENIA 109.197.80.112 
JENYA 109.197.80.112 
JILIA 109.197.80.112 
JOGOLEVA 109.197.80.112 
JOHN 109.197.80.112 
JOINTODOMAIN 109.197.80.112 
JUKICHAN 109.197.80.112 
JULAY 109.197.80.112 
JULI 109.197.80.112 
JULIA 109.197.80.112 
JURA 109.197.80.112 
JURIST 109.197.80.112 
JURNALIST 109.197.80.112 
JUROMSKAYA 109.197.80.112 
JUSOVA 109.197.80.112 
K1 109.197.80.112 
K2 109.197.80.112 
K3 109.197.80.112 
K4 109.197.80.112 
K5 109.197.80.112 
K6 109.197.80.112 
K7 109.197.80.112 
KABANEC 109.197.80.112 
KABANETS 109.197.80.112 
KABANOV 109.197.80.112 
KACA 109.197.80.112 
KACA-1 109.197.80.112 
KACA-2 109.197.80.112 
KACA-3 109.197.80.112 
KACA-4 109.197.80.112 
KACHAEVA 109.197.80.112 
KACHANOVSKAYA 109.197.80.112 
KACHAYLO 109.197.80.112 
KACHESTVO 109.197.80.112 
KACHKOVSKA 109.197.80.112 
KACHUR 109.197.80.112 
KACHURA 109.197.80.112 
KACHURENKO 109.197.80.112 
KACOVEC 109.197.80.112 
KADATSKA 109.197.80.112 
KADENKO 109.197.80.112 
KADNA 109.197.80.112 
KADR2 109.197.80.112 
KADRI 109.197.80.112 
KADRJ3 109.197.80.112 
KADRJ4 109.197.80.112 
KADRJ5 109.197.80.112 
KADROVIK 109.197.80.112 
KADRU 109.197.80.112 
KADRY 109.197.80.112 
KADUK 109.197.80.112 
KAIDALOVA 109.197.80.112 
KALASHNIK 109.197.80.112 
KALAYJYAN 109.197.80.112 
KALCHUK 109.197.80.112 
KALENSKAYA 109.197.80.112 
KALIBABCHUK 109.197.80.112 
KALINA 109.197.80.112 
KALINCHUK 109.197.80.112 
KALINICHENKO 109.197.80.112 
KALININ 109.197.80.112 
KALINOVSKA 109.197.80.112 
KALITSKIY 109.197.80.112 
KALUGIN 109.197.80.112 
KALUGINA 109.197.80.112 
KALUTKA 109.197.80.112 
KALYAN 109.197.80.112 
KALYNA 109.197.80.112 
KALYNENKO 109.197.80.112 
KALYNIVKA 109.197.80.112 
KALYUJNA 109.197.80.112 
KAM 109.197.80.112 
KAMERA 109.197.80.112 
KAMERA1 109.197.80.112 
KAMERA2 109.197.80.112 
KAMERA3 109.197.80.112 
KAMILA 109.197.80.112 
KAMINSKA 109.197.80.112 
KAMINSKIY 109.197.80.112 
KAMUZ 109.197.80.112 
KANDZHA 109.197.80.112 
KANTEMIROV 109.197.80.112 
KANYUKA 109.197.80.112 
KAPITAL 109.197.80.112 
KAPOV 109.197.80.112 
KAPUSTIN 109.197.80.112 
KARABAN 109.197.80.112 
KARABANOV 109.197.80.112 
KARABASHEV 109.197.80.112 
KARABINESH 109.197.80.112 
KARACHUN 109.197.80.112 
KARAMIHOVA 109.197.80.112 
KARAPYCHENKO 109.197.80.112 
KARASIK 109.197.80.112 
KARASJA 109.197.80.112 
KARAULOVA 109.197.80.112 
KARAVAN 109.197.80.112 
KARBO 109.197.80.112 
KARBOVSKIY 109.197.80.112 
KARCHEVSKAYA 109.197.80.112 
KARINA 109.197.80.112 
KARLASH 109.197.80.112 
KARLOVA 109.197.80.112 
KARMAZINA 109.197.80.112 
KARP 109.197.80.112 
KARPENKO 109.197.80.112 
KARPESHINA 109.197.80.112 
KARPLYUK 109.197.80.112 
KARPOV 109.197.80.112 
KARTASHEVA 109.197.80.112 
KARVASH 109.197.80.112 
KAS 109.197.80.112 
KAS1 109.197.80.112 
KAS2 109.197.80.112 
KAS3 109.197.80.112 
KASA 109.197.80.112 
KASA-1 109.197.80.112 
KASA-2 109.197.80.112 
KASA-3 109.197.80.112 
KASA1 109.197.80.112 
KASA2 109.197.80.112 
KASA3 109.197.80.112 
KASA4 109.197.80.112 
KASA5 109.197.80.112 
KASEEVA 109.197.80.112 
KASHTAN 109.197.80.112 
KASHTELIAN 109.197.80.112 
KASHUNSKA 109.197.80.112 
KASIR 109.197.80.112 
KASKO 109.197.80.112 
KASSA 109.197.80.112 
KASSA1 109.197.80.112 
KASSA2 109.197.80.112 
KASSA3 109.197.80.112 
KASSA4 109.197.80.112 
KASSA5 109.197.80.112 
KASSIR 109.197.80.112 
KASYANENKO 109.197.80.112 
KASYANOV 109.197.80.112 
KASYANYUK 109.197.80.112 
KAT 109.197.80.112 
KATALOG 109.197.80.112 
KATANENKO 109.197.80.112 
KATASONOVA 109.197.80.112 
KATE 109.197.80.112 
KATERINA 109.197.80.112 
KATERINE 109.197.80.112 
KATIA 109.197.80.112 
KATJA 109.197.80.112 
KATKOV 109.197.80.112 
KATRIY 109.197.80.112 
KATSEVYCH 109.197.80.112 
KATY 109.197.80.112 
KATYA 109.197.80.112 
KAUNOV 109.197.80.112 
KAVCHUK 109.197.80.112 
KAZAKOV 109.197.80.112 
KAZANCEV 109.197.80.112 
KAZANKINA 109.197.80.112 
KAZARIN 109.197.80.112 
KAZHAN 109.197.80.112 
KEBKALO 109.197.80.112 
KEDA 109.197.80.112 
KEEPER 109.197.80.112 
KELAREV 109.197.80.112 
KEPIN 109.197.80.112 
KERIO 109.197.80.112 
KERNEL 109.197.80.112 
KERNOZHITCKIY 109.197.80.112 
KERUS 109.197.80.112 
KGV 109.197.80.112 
KHAIDUKOVA 109.197.80.112 
KHARCHENKO 109.197.80.112 
KHARCHUCK 109.197.80.112 
KHARKIV 109.197.80.112 
KHARKOV 109.197.80.112 
KHARLAPINA 109.197.80.112 
KHERSON 109.197.80.112 
KHIZHNYAK 109.197.80.112 
KHMELEVSKA 109.197.80.112 
KHMELNITSK 109.197.80.112 
KHMELNITSKY 109.197.80.112 
KHMELYUK 109.197.80.112 
KHODAKOVSKIY 109.197.80.112 
KHOMETA 109.197.80.112 
KHOROSHENKO 109.197.80.112 
KHRISTENKO 109.197.80.112 
KHUDYAKOV 109.197.80.112 
KHVATYK 109.197.80.112 
KIA 109.197.80.112 
KIBORG 109.197.80.112 
KIDYBA 109.197.80.112 
KIEV 109.197.80.112 
KIEVLOG 109.197.80.112 
KIGNATOV 109.197.80.112 
KIKAVEC 109.197.80.112 
KIKAVETS 109.197.80.112 
KINAH 109.197.80.112 
KIOSK1 109.197.80.112 
KIOSK2 109.197.80.112 
KIPARIS 109.197.80.112 
KIPCHARSKAYA 109.197.80.112 
KIPIA 109.197.80.112 
KIRARA 109.197.80.112 
KIREEV 109.197.80.112 
KIRICHENKO 109.197.80.112 
KIRIENKO 109.197.80.112 
KIRIL 109.197.80.112 
KIRILENKO 109.197.80.112 
KIRILIN 109.197.80.112 
KIRILL 109.197.80.112 
KIRILYUK 109.197.80.112 
KIRPAN 109.197.80.112 
KIRSANOVA 109.197.80.112 
KISELEVA 109.197.80.112 
KISELOVA 109.197.80.112 
KISELYOVA 109.197.80.112 
KISHENY 109.197.80.112 
KISHENYUK 109.197.80.112 
KISHKIN 109.197.80.112 
KISHKINA 109.197.80.112 
KISTAURI 109.197.80.112 
KITSYA 109.197.80.112 
KIYASHKO 109.197.80.112 
KIYUTA 109.197.80.112 
KLADOV 109.197.80.112 
KLADOVCHUKU 109.197.80.112 
KLADOVSCHIK 109.197.80.112 
KLADOVSCHIK2 109.197.80.112 
KLADOVSCHIK3 109.197.80.112 
KLADOVSHIK 109.197.80.112 
KLADOVSHIK1 109.197.80.112 
KLADOVSHIK2 109.197.80.112 
KLADOVSHIK3 109.197.80.112 
KLAPOSCHUK 109.197.80.112 
KLASS 109.197.80.112 
KLASS2 109.197.80.112 
KLENOVEC 109.197.80.112 
KLIMANTOVICH 109.197.80.112 
KLIMCHUK 109.197.80.112 
KLIMENKO 109.197.80.112 
KLIMINA 109.197.80.112 
KLIMOV 109.197.80.112 
KLIMOVICH 109.197.80.112 
KLIVANSKA 109.197.80.112 
KLIVENKOV 109.197.80.112 
KLUSHNIK 109.197.80.112 
KLYMAS 109.197.80.112 
KLYMENKO 109.197.80.112 
KLYOVAN 109.197.80.112 
KLYZHENKO 109.197.80.112 
KNIZNIJ 109.197.80.112 
KNYAJEVSKAYA 109.197.80.112 
KNYAZEV 109.197.80.112 
KNYSH 109.197.80.112 
KOBAANDREYVA 109.197.80.112 
KOBERNIK 109.197.80.112 
KOBYLIAK 109.197.80.112 
KOBZAR 109.197.80.112 
KOCAN 109.197.80.112 
KOCHERGINA 109.197.80.112 
KODUBOVSKIY 109.197.80.112 
KOFFE 109.197.80.112 
KOGAN 109.197.80.112 
KOGUTNITSKA 109.197.80.112 
KOKSIK 109.197.80.112 
KOLAN 109.197.80.112 
KOLBA 109.197.80.112 
KOLBASENKO 109.197.80.112 
KOLBMECH1 109.197.80.112 
KOLBNACH 109.197.80.112 
KOLCHUNO 109.197.80.112 
KOLESNICHENKO 109.197.80.112 
KOLESNIK 109.197.80.112 
KOLESNIKOVA 109.197.80.112 
KOLESNYK 109.197.80.112 
KOLISNUK 109.197.80.112 
KOLIUSH 109.197.80.112 
KOLODIUK 109.197.80.112 
KOLODYAZNAYA 109.197.80.112 
KOLOS 109.197.80.112 
KOLOT 109.197.80.112 
KOLPAKOV 109.197.80.112 
KOLPAKOVA 109.197.80.112 
KOLTKO 109.197.80.112 
KOLWIK 109.197.80.112 
KOLYA 109.197.80.112 
KOLYESNIKYV 109.197.80.112 
KOM 109.197.80.112 
KOMARNYTSKA 109.197.80.112 
KOMAROV 109.197.80.112 
KOMDIR 109.197.80.112 
KOMDIRECTOR 109.197.80.112 
KOMERS 109.197.80.112 
KOMERS1 109.197.80.112 
KOMISSAR 109.197.80.112 
KOMISSAROV 109.197.80.112 
KOMISSAROVA 109.197.80.112 
KOMP 109.197.80.112 
KOMPACEVA 109.197.80.112 
KOMPANETS 109.197.80.112 
KOMPAS 109.197.80.112 
KOMPRESOR 109.197.80.112 
KOMUNAR 109.197.80.112 
KON 109.197.80.112 
KONCHAKIVSKA 109.197.80.112 
KONDAKOVA 109.197.80.112 
KONDRATENKO 109.197.80.112 
KONDRATEVA 109.197.80.112 
KONDRATOVICH 109.197.80.112 
KONDRATYEV 109.197.80.112 
KONDYBINA 109.197.80.112 
KONEV 109.197.80.112 
KONEVA 109.197.80.112 
KONONENKO 109.197.80.112 
KONONIHINA 109.197.80.112 
KONONOV 109.197.80.112 
KONOVALENKO 109.197.80.112 
KONOVALOV 109.197.80.112 
KONOVCHENKO 109.197.80.112 
KONST 109.197.80.112 
KONSTANTIN 109.197.80.112 
KONSTANTINENKO 109.197.80.112 
KONSTANTINOV 109.197.80.112 
KONSTR1 109.197.80.112 
KONSTR2 109.197.80.112 
KONSULT 109.197.80.112 
KONSULT1 109.197.80.112 
KONTI1 109.197.80.112 
KONTI2 109.197.80.112 
KONTI3 109.197.80.112 
KONYUHOV 109.197.80.112 
KOPACH 109.197.80.112 
KOPILOV 109.197.80.112 
KOPPEL 109.197.80.112 
KOPTEVA 109.197.80.112 
KOPYLOV 109.197.80.112 
KORCHAGINA 109.197.80.112 
KORCHAKOV 109.197.80.112 
KORCHEV 109.197.80.112 
KORENYAK 109.197.80.112 
KORETSKY 109.197.80.112 
KORISTOVA 109.197.80.112 
KORKIN 109.197.80.112 
KORKOS 109.197.80.112 
KORKYSHKO 109.197.80.112 
KORNIENKO 109.197.80.112 
KORNIJCHUK 109.197.80.112 
KORNILICH 109.197.80.112 
KORNUTA 109.197.80.112 
KORNYLOVA 109.197.80.112 
KOROBKA 109.197.80.112 
KOROBOV 109.197.80.112 
KOROGODOV 109.197.80.112 
KOROL 109.197.80.112 
KOROLCHUK 109.197.80.112 
KOROLEVICH 109.197.80.112 
KOROLOV 109.197.80.112 
KOROLYK 109.197.80.112 
KOROLYUK 109.197.80.112 
KOROP 109.197.80.112 
KOROPETSKY 109.197.80.112 
KOROPETSKYY 109.197.80.112 
KOROTOVA 109.197.80.112 
KOROVIN 109.197.80.112 
KORPAN 109.197.80.112 
KORPEKINA 109.197.80.112 
KORSAKOV 109.197.80.112 
KORSAKOVA 109.197.80.112 
KORSHUN 109.197.80.112 
KORYUSHEV 109.197.80.112 
KORZH 109.197.80.112 
KORZUN 109.197.80.112 
KOSENKO 109.197.80.112 
KOSETSKIY 109.197.80.112 
KOSHANSKA 109.197.80.112 
KOSHMAK 109.197.80.112 
KOSHMAYKOV 109.197.80.112 
KOSILOVSKA 109.197.80.112 
KOSIVTSOV 109.197.80.112 
KOSIVTSOVA 109.197.80.112 
KOSMINA 109.197.80.112 
KOSOBUTSKY 109.197.80.112 
KOSORYGIN 109.197.80.112 
KOSTENKO 109.197.80.112 
KOSTIAN 109.197.80.112 
KOSTIK 109.197.80.112 
KOSTIN 109.197.80.112 
KOSTINIAN 109.197.80.112 
KOSTISHIN 109.197.80.112 
KOSTIUK 109.197.80.112 
KOSTIV 109.197.80.112 
KOSTKINA 109.197.80.112 
KOSTYA 109.197.80.112 
KOSTYK 109.197.80.112 
KOSTYUCHENKO 109.197.80.112 
KOSTYUK 109.197.80.112 
KOSTYUKOVSKAYA 109.197.80.112 
KOSYAKINA 109.197.80.112 
KOSYANCHUK 109.197.80.112 
KOSYANENKO 109.197.80.112 
KOT 109.197.80.112 
KOT1 109.197.80.112 
KOTASEVICH 109.197.80.112 
KOTCUBAYLO 109.197.80.112 
KOTELNIKOV 109.197.80.112 
KOTENKO 109.197.80.112 
KOTILEVSKAYA 109.197.80.112 
KOTLYAR 109.197.80.112 
KOTOK 109.197.80.112 
KOTSUBA 109.197.80.112 
KOTSYUBA 109.197.80.112 
KOTVICKAYA 109.197.80.112 
KOTYK 109.197.80.112 
KOVAL 109.197.80.112 
KOVALCHUK 109.197.80.112 
KOVALENKO 109.197.80.112 
KOVALEV 109.197.80.112 
KOVALEVA 109.197.80.112 
KOVALEVSKAYA 109.197.80.112 
KOVALIOV 109.197.80.112 
KOVALJOVA 109.197.80.112 
KOVBAN 109.197.80.112 
KOVELA 109.197.80.112 
KOVRYGA 109.197.80.112 
KOVTUN 109.197.80.112 
KOVTUNOV 109.197.80.112 
KOYDAN 109.197.80.112 
KOYKOVA 109.197.80.112 
KOYNASH 109.197.80.112 
KOZACHA 109.197.80.112 
KOZACHENKO 109.197.80.112 
KOZACHUK 109.197.80.112 
KOZAK 109.197.80.112 
KOZAKOV 109.197.80.112 
KOZAR 109.197.80.112 
KOZARENKO 109.197.80.112 
KOZEL 109.197.80.112 
KOZELETSKA 109.197.80.112 
KOZERUK 109.197.80.112 
KOZHEMYAKIN 109.197.80.112 
KOZHUHOVA 109.197.80.112 
KOZIK 109.197.80.112 
KOZIR 109.197.80.112 
KOZLENKO 109.197.80.112 
KOZLOV 109.197.80.112 
KOZLOVA 109.197.80.112 
KOZMINSKA 109.197.80.112 
KOZODAEVA 109.197.80.112 
KOZOVA 109.197.80.112 
KOZUB 109.197.80.112 
KOZUHOVSKAYA 109.197.80.112 
KOZYRENKO 109.197.80.112 
KRADM2 109.197.80.112 
KRAEVSKAYA 109.197.80.112 
KRAINOSVIT 109.197.80.112 
KRAMARCHUK 109.197.80.112 
KRAMARENKO 109.197.80.112 
KRAMAROVA 109.197.80.112 
KRAMCHENKO 109.197.80.112 
KRASICHKOVA 109.197.80.112 
KRASILYCH 109.197.80.112 
KRASINSKIY 109.197.80.112 
KRASKO 109.197.80.112 
KRASNOMOVETS 109.197.80.112 
KRASNOSHAPKA 109.197.80.112 
KRASNOVA 109.197.80.112 
KRASOVA 109.197.80.112 
KRAVCHENKO 109.197.80.112 
KRAVCHUK 109.197.80.112 
KRAVCHUN 109.197.80.112 
KRAVCHYK 109.197.80.112 
KRAVCOV 109.197.80.112 
KRAVEC 109.197.80.112 
KRAVETS 109.197.80.112 
KRAVTSOV 109.197.80.112 
KRAZ 109.197.80.112 
KRBTGT 109.197.80.112 
KREMEN 109.197.80.112 
KRENITSKIY 109.197.80.112 
KRESCHATIK 109.197.80.112 
KRETOV 109.197.80.112 
KRETOVA 109.197.80.112 
KRIGINA 109.197.80.112 
KRIKUN 109.197.80.112 
KRISHTOPA 109.197.80.112 
KRISKO 109.197.80.112 
KRISTI 109.197.80.112 
KRISTINA 109.197.80.112 
KRIUKOVA 109.197.80.112 
KRIVCOVA 109.197.80.112 
KRIVENKO 109.197.80.112 
KRIVETS 109.197.80.112 
KRIVICH 109.197.80.112 
KRIVITSKAYA 109.197.80.112 
KRIVORUCHKO 109.197.80.112 
KRIVSHA 109.197.80.112 
KRIZHANOVSKAYA 109.197.80.112 
KROT 109.197.80.112 
KROTYUK 109.197.80.112 
KRUCHKOVA 109.197.80.112 
KRUGLOV 109.197.80.112 
KRUHIVCI 109.197.80.112 
KRUK 109.197.80.112 
KRUKOV 109.197.80.112 
KRUKOVA 109.197.80.112 
KRUTIKNA 109.197.80.112 
KRYMCEVA 109.197.80.112 
KRYSAK 109.197.80.112 
KRYSEVYCH 109.197.80.112 
KRYUCHENKOV 109.197.80.112 
KRYVENKYY 109.197.80.112 
KRYZHANIVSKY 109.197.80.112 
KRYZHANOVSKYI 109.197.80.112 
KTKACHENKO 109.197.80.112 
KUBALSKAYA 109.197.80.112 
KUCEV 109.197.80.112 
KUCHER 109.197.80.112 
KUCHERENKO 109.197.80.112 
KUCHERUK 109.197.80.112 
KUCHERYAVAYA 109.197.80.112 
KUCHEVSKAYA 109.197.80.112 
KUCHKOVSKAYA 109.197.80.112 
KUCHKOVSKIY 109.197.80.112 
KUCHMA 109.197.80.112 
KUDAS 109.197.80.112 
KUDELA 109.197.80.112 
KUDINA 109.197.80.112 
KUDINOV 109.197.80.112 
KUDRIASHOV 109.197.80.112 
KUDRIN 109.197.80.112 
KUDRINOVA 109.197.80.112 
KUDRYAVCEV 109.197.80.112 
KUFALSKAYA 109.197.80.112 
KUGITKO 109.197.80.112 
KUGOT 109.197.80.112 
KUHAR 109.197.80.112 
KUHARUK 109.197.80.112 
KUKAREKINA 109.197.80.112 
KUKENBERG 109.197.80.112 
KUKOL 109.197.80.112 
KUKUSHKIN 109.197.80.112 
KULAKOVSKAYA 109.197.80.112 
KULBASHNIY 109.197.80.112 
KULEBA 109.197.80.112 
KULESHA 109.197.80.112 
KULGA 109.197.80.112 
KULIK 109.197.80.112 
KULIKOVA 109.197.80.112 
KULIKOVSKIY 109.197.80.112 
KULINAR 109.197.80.112 
KULINICH 109.197.80.112 
KULISH 109.197.80.112 
KULISHOV 109.197.80.112 
KULKOV 109.197.80.112 
KULPINA 109.197.80.112 
KULTURA 109.197.80.112 
KULYK 109.197.80.112 
KUMANETSKA 109.197.80.112 
KUNCEVICH 109.197.80.112 
KUNITSA 109.197.80.112 
KUNIV 109.197.80.112 
KUPCHENKO 109.197.80.112 
KUPRICHUK 109.197.80.112 
KURBATSKIY 109.197.80.112 
KURCHENKOOV 109.197.80.112 
KURCHII 109.197.80.112 
KURDGELAIDZE 109.197.80.112 
KURGAEV 109.197.80.112 
KURGAN 109.197.80.112 
KURICA 109.197.80.112 
KURIKERU 109.197.80.112 
KURILENKO 109.197.80.112 
KURILKIN 109.197.80.112 
KURILO 109.197.80.112 
KURILOV 109.197.80.112 
KURINKO 109.197.80.112 
KURINNAYA 109.197.80.112 
KURIS 109.197.80.112 
KURMYSHOV 109.197.80.112 
KURNOSIK 109.197.80.112 
KUROCHKIN 109.197.80.112 
KURSON 109.197.80.112 
KURULYUK 109.197.80.112 
KUSHNAROV 109.197.80.112 
KUSHNIR 109.197.80.112 
KUSHNIREK 109.197.80.112 
KUSHNIRENKO 109.197.80.112 
KUSIN 109.197.80.112 
KUSMAN 109.197.80.112 
KUTASHOVA 109.197.80.112 
KUTHARTSEVA 109.197.80.112 
KUTINA 109.197.80.112 
KUTNYAK 109.197.80.112 
KUTS 109.197.80.112 
KUTSEL 109.197.80.112 
KUTSULIMA 109.197.80.112 
KUTSYUK 109.197.80.112 
KUTUZA 109.197.80.112 
KUVSHINOVA 109.197.80.112 
KUYUMZI 109.197.80.112 
KUZ 109.197.80.112 
KUZENKIN 109.197.80.112 
KUZENNA 109.197.80.112 
KUZKO 109.197.80.112 
KUZLO 109.197.80.112 
KUZMENKO 109.197.80.112 
KUZNECOV 109.197.80.112 
KUZNETSOV 109.197.80.112 
KUZNETSOVA 109.197.80.112 
KUZOV 109.197.80.112 
KUZYK 109.197.80.112 
KVARTAL 109.197.80.112 
KVASHA 109.197.80.112 
KVASHENKO 109.197.80.112 
KVASHIKOVA 109.197.80.112 
KVASYLIV 109.197.80.112 
KVYATKIVSKY 109.197.80.112 
KYCHINSKAYA 109.197.80.112 
KYCYNENKO 109.197.80.112 
KYIV 109.197.80.112 
KYKOT 109.197.80.112 
KYLAKOVA 109.197.80.112 
KYLUNA 109.197.80.112 
KYRKUNOVAM 109.197.80.112 
KYRULOVUCH 109.197.80.112 
KYSIL 109.197.80.112 
LLUBOV 109.197.80.112 
LAB 109.197.80.112 
LAB1 109.197.80.112 
LAB2 109.197.80.112 
LAB3 109.197.80.112 
LAB4 109.197.80.112 
LAB5 109.197.80.112 
LAB6 109.197.80.112 
LABNACH 109.197.80.112 
LABORATORIA 109.197.80.112 
LABORATORY 109.197.80.112 
LABORATORYA 109.197.80.112 
LADETSKY 109.197.80.112 
LADNIUK 109.197.80.112 
LAGUTA 109.197.80.112 
LAGUTINA 109.197.80.112 
LAHMAN 109.197.80.112 
LAHTAREV 109.197.80.112 
LAKINA 109.197.80.112 
LALAYAN 109.197.80.112 
LAMAKH 109.197.80.112 
LANA 109.197.80.112 
LANINA 109.197.80.112 
LANTUH 109.197.80.112 
LAPOCHKIN 109.197.80.112 
LAPTOP 109.197.80.112 
LAREK 109.197.80.112 
LARIN 109.197.80.112 
LARIONOVA 109.197.80.112 
LARISA 109.197.80.112 
LARKINA 109.197.80.112 
LATYIK 109.197.80.112 
LAUREIJSSENS 109.197.80.112 
LAUREYSENS 109.197.80.112 
LAVA 109.197.80.112 
LAVRENCHUK 109.197.80.112 
LAVRENCOVA 109.197.80.112 
LAVRENTEVA 109.197.80.112 
LAVRINENKO 109.197.80.112 
LAVROV 109.197.80.112 
LAVRUNOVA 109.197.80.112 
LAYCHIK 109.197.80.112 
LAZAREV 109.197.80.112 
LAZAREVA 109.197.80.112 
LAZKO 109.197.80.112 
LDMITRISHINA 109.197.80.112 
LDUDAREVA 109.197.80.112 
LEBEDENKO 109.197.80.112 
LEBEDEV 109.197.80.112 
LEBEDEVA 109.197.80.112 
LEBEDIEVA 109.197.80.112 
LEBIGA 109.197.80.112 
LEMESHKINA 109.197.80.112 
LEMESHKO 109.197.80.112 
LENA 109.197.80.112 
LENINSKAYA 109.197.80.112 
LENOVO 109.197.80.112 
LENOVO2 109.197.80.112 
LENSKAYA 109.197.80.112 
LEO 109.197.80.112 
LEON 109.197.80.112 
LEONID 109.197.80.112 
LEONIDOV 109.197.80.112 
LEONTIJ 109.197.80.112 
LEPESHKO 109.197.80.112 
LEPESIY 109.197.80.112 
LERA 109.197.80.112 
LESA 109.197.80.112 
LESHA 109.197.80.112 
LESHCHENKO 109.197.80.112 
LESHCHUK 109.197.80.112 
LESHCHYSHYN 109.197.80.112 
LESI 109.197.80.112 
LESIA 109.197.80.112 
LESJA 109.197.80.112 
LESOVAIA 109.197.80.112 
LESYA 109.197.80.112 
LESYK 109.197.80.112 
LEV 109.197.80.112 
LEVA 109.197.80.112 
LEVANDOVICH 109.197.80.112 
LEVCHENKO 109.197.80.112 
LEVCHUK 109.197.80.112 
LEVEL 109.197.80.112 
LEVINA 109.197.80.112 
LEVISCHEV 109.197.80.112 
LEVISHKO 109.197.80.112 
LEVKOVICH 109.197.80.112 
LEVKOVSKAYA 109.197.80.112 
LEXA 109.197.80.112 
LEXX 109.197.80.112 
LEYLA 109.197.80.112 
LIA 109.197.80.112 
LIBERTY 109.197.80.112 
LICENKO 109.197.80.112 
LIDA 109.197.80.112 
LIDIA 109.197.80.112 
LIDIYA 109.197.80.112 
LIGA 109.197.80.112 
LIHOGLYAD 109.197.80.112 
LIHOTVORIK 109.197.80.112 
LIHOVSKIH 109.197.80.112 
LILI 109.197.80.112 
LILIA 109.197.80.112 
LILJA 109.197.80.112 
LILY 109.197.80.112 
LILYA 109.197.80.112 
LIMONCHENKO 109.197.80.112 
LINA 109.197.80.112 
LINEVA 109.197.80.112 
LINNIK 109.197.80.112 
LINNIK2 109.197.80.112 
LINUX 109.197.80.112 
LIPINKI 109.197.80.112 
LIPOVECKIY 109.197.80.112 
LISCHENKO 109.197.80.112 
LISCHISHIN 109.197.80.112 
LISCHUK 109.197.80.112 
LISOTA 109.197.80.112 
LISOVETS 109.197.80.112 
LISOVSKUY 109.197.80.112 
LITVAK 109.197.80.112 
LITVIDHKO 109.197.80.112 
LITVIH 109.197.80.112 
LITVIN 109.197.80.112 
LITVINENKO 109.197.80.112 
LITVINOV 109.197.80.112 
LITVINOVA 109.197.80.112 
LITVINYUK 109.197.80.112 
LITVISHCHENKO 109.197.80.112 
LITVISHKO 109.197.80.112 
LITVUNCHYK 109.197.80.112 
LIUBA 109.197.80.112 
LIUDMYLA 109.197.80.112 
LIVICKIY 109.197.80.112 
LIZA 109.197.80.112 
LIZOCHKA 109.197.80.112 
LJUBA 109.197.80.112 
LJUDMILA 109.197.80.112 
LKLIMENKO 109.197.80.112 
LOBANOV 109.197.80.112 
LOBANOVA 109.197.80.112 
LOBANOVSKOGO 109.197.80.112 
LOBODA 109.197.80.112 
LOCAL 109.197.80.112 
LOGIN 109.197.80.112 
LOGINOW 109.197.80.112 
LOGIST 109.197.80.112 
LOGISTICS 109.197.80.112 
LOGISTIKA 109.197.80.112 
LOGVINA 109.197.80.112 
LOGVINENKO 109.197.80.112 
LOLENKO 109.197.80.112 
LOMAKA 109.197.80.112 
LOMANOV 109.197.80.112 
LOMBARD 109.197.80.112 
LOMIK 109.197.80.112 
LOPYSHANSKAYA 109.197.80.112 
LORA 109.197.80.112 
LOSINSKA 109.197.80.112 
LOTSMAN 109.197.80.112 
LOZHKOVA 109.197.80.112 
LSENIV 109.197.80.112 
LTIMOSCHUK 109.197.80.112 
LUBA 109.197.80.112 
LUBANY 109.197.80.112 
LUBENETS 109.197.80.112 
LUBERT 109.197.80.112 
LUBIMOVA 109.197.80.112 
LUBINICHENKO 109.197.80.112 
LUBNY1 109.197.80.112 
LUCHANINOVA 109.197.80.112 
LUCHANKSINA 109.197.80.112 
LUCKY 109.197.80.112 
LUDA 109.197.80.112 
LUDMILA 109.197.80.112 
LUFERENKO 109.197.80.112 
LUGOVA 109.197.80.112 
LUGOVOY 109.197.80.112 
LUGOVYK 109.197.80.112 
LUI 109.197.80.112 
LUKASCHUK 109.197.80.112 
LUKASHENKO 109.197.80.112 
LUKASHUK 109.197.80.112 
LUKASTHUK 109.197.80.112 
LUKIANENKO 109.197.80.112 
LUKYAN 109.197.80.112 
LUKYANCHUK 109.197.80.112 
LUKYANENOK 109.197.80.112 
LUMAR 109.197.80.112 
LUNIN 109.197.80.112 
LUNKOV 109.197.80.112 
LUPU 109.197.80.112 
LURCHAK 109.197.80.112 
LURIE 109.197.80.112 
LUSHINA 109.197.80.112 
LUSHKOV 109.197.80.112 
LUSYK 109.197.80.112 
LUTARKA 109.197.80.112 
LUTASHEVA 109.197.80.112 
LUTIY 109.197.80.112 
LUTSENKO 109.197.80.112 
LUZHANSKA 109.197.80.112 
LVIV 109.197.80.112 
LVIV1 109.197.80.112 
LVIV2 109.197.80.112 
LYAHOVSKAYA 109.197.80.112 
LYALYUK 109.197.80.112 
LYASCHENKO 109.197.80.112 
LYASHENKO 109.197.80.112 
LYASHKOVA 109.197.80.112 
LYBOV 109.197.80.112 
LYCENKO 109.197.80.112 
LYCHANIY 109.197.80.112 
LYSENKO 109.197.80.112 
LYTSENKO 109.197.80.112 
LYTVYN 109.197.80.112 
LYTVYNENKO 109.197.80.112 
LYUBASHENKO 109.197.80.112 
LYUBOMIR 109.197.80.112 
LYUBOV 109.197.80.112 
LYUBOVA 109.197.80.112 
LYUDA 109.197.80.112 
LYUDMILA 109.197.80.112 
LYULCHAK 109.197.80.112 
M.LYNIV 109.197.80.112 
M1 109.197.80.112 
M2 109.197.80.112 
M3 109.197.80.112 
MILAD 109.197.80.112 
MAC 109.197.80.112 
MACHINEROBOT 109.197.80.112 
MADONOVA 109.197.80.112 
MAG 109.197.80.112 
MAG1 109.197.80.112 
MAG2 109.197.80.112 
MAG3 109.197.80.112 
MAG4 109.197.80.112 
MAG8 109.197.80.112 
MAGAZIN 109.197.80.112 
MAGAZIN03 109.197.80.112 
MAGAZIN1 109.197.80.112 
MAGAZIN10 109.197.80.112 
MAGAZIN11 109.197.80.112 
MAGAZIN14 109.197.80.112 
MAGAZIN15 109.197.80.112 
MAGAZIN16 109.197.80.112 
MAGAZIN17 109.197.80.112 
MAGAZIN18 109.197.80.112 
MAGAZIN19 109.197.80.112 
MAGAZIN1_1 109.197.80.112 
MAGAZIN1_2 109.197.80.112 
MAGAZIN2 109.197.80.112 
MAGAZIN21 109.197.80.112 
MAGAZIN22 109.197.80.112 
MAGAZIN23 109.197.80.112 
MAGAZIN24 109.197.80.112 
MAGAZIN25 109.197.80.112 
MAGAZIN27 109.197.80.112 
MAGAZIN28 109.197.80.112 
MAGAZIN29 109.197.80.112 
MAGAZIN3 109.197.80.112 
MAGAZIN5 109.197.80.112 
MAGAZIN51 109.197.80.112 
MAGAZIN6 109.197.80.112 
MAGAZIN7 109.197.80.112 
MAGAZIN8 109.197.80.112 
MAGAZIN9 109.197.80.112 
MAGAZNOVY 109.197.80.112 
MAGDICH 109.197.80.112 
MAGOMEDOV 109.197.80.112 
MAHNOVSKIY 109.197.80.112 
MAHOVSKAYA 109.197.80.112 
MAIKOVA 109.197.80.112 
MAIL 109.197.80.112 
MAINO 109.197.80.112 
MAIOR 109.197.80.112 
MAJBORODA 109.197.80.112 
MAJEVSKA 109.197.80.112 
MAJOR 109.197.80.112 
MAK 109.197.80.112 
MAKAEVA 109.197.80.112 
MAKAR 109.197.80.112 
MAKARENKO 109.197.80.112 
MAKAROV 109.197.80.112 
MAKAROVA 109.197.80.112 
MAKARTSEV 109.197.80.112 
MAKASEEV 109.197.80.112 
MAKEDONSKAYA 109.197.80.112 
MAKEEV 109.197.80.112 
MAKHINICH 109.197.80.112 
MAKHLAY 109.197.80.112 
MAKHNO 109.197.80.112 
MAKOGON 109.197.80.112 
MAKOTA 109.197.80.112 
MAKOVSKA 109.197.80.112 
MAKS 109.197.80.112 
MAKSIMIV 109.197.80.112 
MAKSFRAY 109.197.80.112 
MAKSIM 109.197.80.112 
MAKSIMENKO 109.197.80.112 
MAKSIMKA 109.197.80.112 
MAKSIMOV 109.197.80.112 
MAKSIMOVA 109.197.80.112 
MAKSYMCHUK 109.197.80.112 
MAKSYMENKO 109.197.80.112 
MALA 109.197.80.112 
MALEVANAYA 109.197.80.112 
MALINA 109.197.80.112 
MALINOVSKIY 109.197.80.112 
MALISHEVA 109.197.80.112 
MALKOVA 109.197.80.112 
MALYARCHYK 109.197.80.112 
MALYGINA 109.197.80.112 
MALYKH 109.197.80.112 
MALYKHINA 109.197.80.112 
MALYSHEVA 109.197.80.112 
MALYSHKIN 109.197.80.112 
MALYUK 109.197.80.112 
MAMULA 109.197.80.112 
MAN1 109.197.80.112 
MAN2 109.197.80.112 
MANADJER 109.197.80.112 
MANAGER 109.197.80.112 
MANAGER-1 109.197.80.112 
MANAGER-SKLAD 109.197.80.112 
MANAGER01 109.197.80.112 
MANAGER02 109.197.80.112 
MANAGER03 109.197.80.112 
MANAGER04 109.197.80.112 
MANAGER05 109.197.80.112 
MANAGER1 109.197.80.112 
MANAGER2 109.197.80.112 
MANAGER3 109.197.80.112 
MANAGER4 109.197.80.112 
MANAGER6 109.197.80.112 
MANAGER_02 109.197.80.112 
MANAGER_03 109.197.80.112 
MANAGER_04 109.197.80.112 
MANAGER_05 109.197.80.112 
MANAGER_06 109.197.80.112 
MANAGER_07 109.197.80.112 
MANAGER_08 109.197.80.112 
MANAGER_09 109.197.80.112 
MANAGER_10 109.197.80.112 
MANAGER_11 109.197.80.112 
MANAGER_12 109.197.80.112 
MANDRYK 109.197.80.112 
MANIHIN 109.197.80.112 
MANKIVSKA 109.197.80.112 
MANKO 109.197.80.112 
MANOKHINA 109.197.80.112 
MANUHOV 109.197.80.112 
MANUILOVA 109.197.80.112 
MANUYLO 109.197.80.112 
MANYAHIN 109.197.80.112 
MANZHALII 109.197.80.112 
MANZHULA 109.197.80.112 
MAPEX 109.197.80.112 
MARADMIN 109.197.80.112 
MARAHOVSKAYA 109.197.80.112 
MARCHENKO 109.197.80.112 
MARCINA 109.197.80.112 
MARCINUK 109.197.80.112 
MARESH 109.197.80.112 
MARETSKYI 109.197.80.112 
MAREYCHENKO 109.197.80.112 
MARGO 109.197.80.112 
MARIA 109.197.80.112 
MARIAK 109.197.80.112 
MARIANA 109.197.80.112 
MARICHEV 109.197.80.112 
MARICHKA 109.197.80.112 
MARIETTA 109.197.80.112 
MARIIA 109.197.80.112 
MARIJA 109.197.80.112 
MARIK 109.197.80.112 
MARINA 109.197.80.112 
MARINAS 109.197.80.112 
MARINAVOVK 109.197.80.112 
MARINCHENKO 109.197.80.112 
MARIYA 109.197.80.112 
MARK 109.197.80.112 
MARK1 109.197.80.112 
MARK2 109.197.80.112 
MARK3 109.197.80.112 
MARK4 109.197.80.112 
MARKET 109.197.80.112 
MARKET1 109.197.80.112 
MARKET2 109.197.80.112 
MARKET3 109.197.80.112 
MARKET4 109.197.80.112 
MARKET5 109.197.80.112 
MARKETING 109.197.80.112 
MARKETMOBILE2 109.197.80.112 
MARKETOLOG 109.197.80.112 
MARKEVICH 109.197.80.112 
MARKIN 109.197.80.112 
MARKINA 109.197.80.112 
MARKITAN 109.197.80.112 
MARKIYAN 109.197.80.112 
MARKO 109.197.80.112 
MARKOV 109.197.80.112 
MARKOVSKIY 109.197.80.112 
MARTA 109.197.80.112 
MARTELLA 109.197.80.112 
MARTEMOVA 109.197.80.112 
MARTIN 109.197.80.112 
MARTINCHUK 109.197.80.112 
MARTINENKO 109.197.80.112 
MARTINOVA 109.197.80.112 
MARTIROSOVA 109.197.80.112 
MARTSOKHA 109.197.80.112 
MARTUNOV 109.197.80.112 
MARTYNENKO 109.197.80.112 
MARTYNYUK 109.197.80.112 
MARUCH 109.197.80.112 
MARUKHNO 109.197.80.112 
MARUSCHAK 109.197.80.112 
MARUSHCHAK 109.197.80.112 
MARYANA 109.197.80.112 
MARYKOT 109.197.80.112 
MARZED 109.197.80.112 
MARZUNAEVA 109.197.80.112 
MAS 109.197.80.112 
MASCHENKO 109.197.80.112 
MASHA 109.197.80.112 
MASLAK 109.197.80.112 
MASLIK 109.197.80.112 
MASLO 109.197.80.112 
MASLOV 109.197.80.112 
MASLOZAMENA 109.197.80.112 
MASLOZAMENA1 109.197.80.112 
MASNIY 109.197.80.112 
MASTER 109.197.80.112 
MASTER-1 109.197.80.112 
MASTER-2 109.197.80.112 
MASTER-3 109.197.80.112 
MASTER2 109.197.80.112 
MASTERA 109.197.80.112 
MASTJUGINA 109.197.80.112 
MASUK 109.197.80.112 
MATCHENKO 109.197.80.112 
MATERIK 109.197.80.112 
MATRIX 109.197.80.112 
MATUSHEVSKIY 109.197.80.112 
MATUZEVICH 109.197.80.112 
MATVEEV 109.197.80.112 
MATVIENKO 109.197.80.112 
MATVIIV 109.197.80.112 
MATVIYCHUK 109.197.80.112 
MAURIS 109.197.80.112 
MAVILE 109.197.80.112 
MAX 109.197.80.112 
MAXIM 109.197.80.112 
MAXIMENKO 109.197.80.112 
MAYA 109.197.80.112 
MAZALOVA 109.197.80.112 
MAZARCHUK 109.197.80.112 
MAZEPA 109.197.80.112 
MAZHUGA 109.197.80.112 
MAZIICHUK 109.197.80.112 
MAZUR 109.197.80.112 
MAZURKEVYCH 109.197.80.112 
MB 109.197.80.112 
MBLAGODATNAYA 109.197.80.112 
MBROZYAK 109.197.80.112 
MDOROZHKINA 109.197.80.112 
MDUDCHENKO 109.197.80.112 
MECHANIC 109.197.80.112 
MECHANIC1 109.197.80.112 
MEDADMIN 109.197.80.112 
MEDIA 109.197.80.112 
MEDIANA 109.197.80.112 
MEDIASERVICE 109.197.80.112 
MEDOC 109.197.80.112 
MEDOC1 109.197.80.112 
MEDOC2 109.197.80.112 
MEDOC3 109.197.80.112 
MEDOC4 109.197.80.112 
MEDOC5 109.197.80.112 
MEDOK 109.197.80.112 
MEDOK2 109.197.80.112 
MEDOKUPDATE 109.197.80.112 
MEDOVNIK 109.197.80.112 
MEDPREDSTAVNYK 109.197.80.112 
MEDPUNKT 109.197.80.112 
MEDSESTRA 109.197.80.112 
MEDVEDEVA 109.197.80.112 
MEGAPOLIS 109.197.80.112 
MEHED 109.197.80.112 
MELESCHENKO 109.197.80.112 
MELESHCHUK 109.197.80.112 
MELESHENKO 109.197.80.112 
MELIKYAN 109.197.80.112 
MELKIY 109.197.80.112 
MELNICHENKO 109.197.80.112 
MELNICHUK 109.197.80.112 
MELNIK 109.197.80.112 
MELNYCHUK 109.197.80.112 
MELNYK 109.197.80.112 
MENAGER 109.197.80.112 
MENAYLO 109.197.80.112 
MENEGER-1 109.197.80.112 
MENEGER4 109.197.80.112 
MENSHIKOV 109.197.80.112 
MENSHIKOVA 109.197.80.112 
MESYUK 109.197.80.112 
METALIDI 109.197.80.112 
METALL 109.197.80.112 
METALL2 109.197.80.112 
METALL3 109.197.80.112 
METROLOG 109.197.80.112 
MEZENCEV 109.197.80.112 
MEZENTSEV 109.197.80.112 
MEZENTSEVA 109.197.80.112 
MEZHINSKAYA 109.197.80.112 
MICAK 109.197.80.112 
MICHAEL 109.197.80.112 
MICHAILOVA 109.197.80.112 
MICROSOFT 109.197.80.112 
MICSHENKO 109.197.80.112 
MIDAV 109.197.80.112 
MIGOL 109.197.80.112 
MIGOVICH 109.197.80.112 
MIHAIL 109.197.80.112 
MIHAILOV 109.197.80.112 
MIHAILOVA 109.197.80.112 
MIHAILOVSKAYA 109.197.80.112 
MIHAYLOVA 109.197.80.112 
MIHOLAP 109.197.80.112 
MIHONIK 109.197.80.112 
MIKADMIN 109.197.80.112 
MIKAELYAN 109.197.80.112 
MIKE 109.197.80.112 
MIKE_HTC 109.197.80.112 
MIKHAILENKO 109.197.80.112 
MIKHAILYUK 109.197.80.112 
MIKHOLAP 109.197.80.112 
MIKITENKO 109.197.80.112 
MIKLASH 109.197.80.112 
MIKRYUKOV 109.197.80.112 
MILA 109.197.80.112 
MILATSKA 109.197.80.112 
MILEVSKAYA 109.197.80.112 
MILEVSKIY 109.197.80.112 
MILINCHUK 109.197.80.112 
MILOMAEVA 109.197.80.112 
MILOVA 109.197.80.112 
MIM 109.197.80.112 
MINAEVA 109.197.80.112 
MINENKO 109.197.80.112 
MINSK 109.197.80.112 
MINTRANS 109.197.80.112 
MINZDRAV 109.197.80.112 
MIRCHEV 109.197.80.112 
MIRKO 109.197.80.112 
MIRNAYA 109.197.80.112 
MIRONENKO 109.197.80.112 
MIRONOV 109.197.80.112 
MIROSHNICHENKO 109.197.80.112 
MIROSHNIK 109.197.80.112 
MIROSLAV 109.197.80.112 
MIRZAHANYAN 109.197.80.112 
MIRZONYAN 109.197.80.112 
MISCHENKO 109.197.80.112 
MISCHUK 109.197.80.112 
MISHA 109.197.80.112 
MISHAIL 109.197.80.112 
MISHALCHI 109.197.80.112 
MISHCHENKO 109.197.80.112 
MISHINA 109.197.80.112 
MISHKALENKO 109.197.80.112 
MISHKUR 109.197.80.112 
MISHUTA 109.197.80.112 
MISLIVY 109.197.80.112 
MISURA 109.197.80.112 
MISYUK 109.197.80.112 
MITOFIR 109.197.80.112 
MITROFANOVA 109.197.80.112 
MITROVA 109.197.80.112 
MITURA 109.197.80.112 
MITYUKOV 109.197.80.112 
MLO 109.197.80.112 
MLUGOVAYA 109.197.80.112 
MLYNSKAYA 109.197.80.112 
MOB 109.197.80.112 
MOBIL 109.197.80.112 
MOBILE 109.197.80.112 
MOBILESTORE 109.197.80.112 
MOBTSC 109.197.80.112 
MOGILEV 109.197.80.112 
MOGILKA 109.197.80.112 
MOGILNAYA 109.197.80.112 
MOIKA 109.197.80.112 
MOISEENKO 109.197.80.112 
MOISEEV 109.197.80.112 
MOISEEVA 109.197.80.112 
MOKOCHUNINA 109.197.80.112 
MOLCHANOV 109.197.80.112 
1CTEST 176.108.185.5 
ALEXANDRA 176.108.185.5 
íÖëí 176.108.185.5 
RDP1 176.108.185.5 
SECRAR 176.108.185.5 
USER16 176.108.185.5 
ÜÄççÄ 176.108.185.5 
éèÖêÄíéê3 176.108.185.5 
DEN 176.108.185.5 
EVGENIY 176.108.185.5 
SERVIS 176.108.185.5 
GUEST1 176.108.185.5 
åÖçÖÑÜÖê1 176.108.185.5 
10 176.108.185.5 
USR1 176.108.185.5 
ÇüóÖëãÄÇ 176.108.185.5 
ELENA 176.108.185.5 
TATYANA 176.108.185.5 
ÜÖçü 176.108.185.5 
8 176.108.185.5 
RECEPTION 176.108.185.5 
ARTEM 176.108.185.5 
ADMUSER 176.108.185.5 
DIRECTOR 176.108.185.5 
DMITRIY 176.108.185.5 
ÑÖçàë 176.108.185.5 
êéåÄç 176.108.185.5 
DASHA 176.108.185.5 
Çàäíéê 176.108.185.5 
USER8 176.108.185.5 
MAIL 176.108.185.5 
TARAS 176.108.185.5 
VALERA 176.108.185.5 
BOGDAN 176.108.185.5 
12 176.108.185.5 
16 176.108.185.5 
KADR 176.108.185.5 
KONSULTANT 176.108.185.5 
VITALY 176.108.185.5 
MARKET 176.108.185.5 
TEMPUSER 176.108.185.5 
ANTON 176.108.185.5 
SECRARY 176.108.185.5 
ALEKSEY 176.108.185.5 
SERVER 176.108.185.5 
NIKITA 176.108.185.5 
USERRDP 176.108.185.5 
ûãü 176.108.185.5 
BUHGALTER2 176.108.185.5 
DOCTOR 176.108.185.5 
KASSA2 176.108.185.5 
USER001 176.108.185.5 
BUH03 176.108.185.5 
2 176.108.185.5 
SQLUSER 176.108.185.5 
äãÄÑéÇôàä 176.108.185.5 
USER 176.108.185.5 
EVGEN 176.108.185.5 
USER12 176.108.185.5 
RDPUSER 176.108.185.5 
ADM2 176.108.185.5 
ANASTASIA 176.108.185.5 
BUH_2 176.108.185.5 
LENA 176.108.185.5 
BUHGALTER7 176.108.185.5 
OPERATOR 176.108.185.5 
TOMA 176.108.185.5 
USER_3 176.108.185.5 
TEST7 176.108.185.5 
MAX 176.108.185.5 
Ééëíú 176.108.185.5 
TEST111 176.108.185.5 
BUX1 176.108.185.5 
éèÖêÄíéê1 176.108.185.5 
OPERATOR2 176.108.185.5 
éïêÄçÄ 176.108.185.5 
ÅìïÉÄãíÖê4 176.108.185.5 
BUCH 176.108.185.5 
äÄíü 176.108.185.5 
éÅåÖç 176.108.185.5 
SUPPORT 176.108.185.5 
åÖçÖÑÜÖê3 176.108.185.5 
IT 176.108.185.5 
SBIS 176.108.185.5 
KASSIR 176.108.185.5 
çÄíÄãúü 176.108.185.5 
SECURITY 176.108.185.5 
MSSQLSERVER 176.108.185.5 
BS2 176.108.185.5 
LOGIST2 176.108.185.5 
GBUH 176.108.185.5 
111 176.108.185.5 
PC1 176.108.185.5 
EXPORT 176.108.185.5 
USER11 176.108.185.5 
USER14 176.108.185.5 
SERVICE1C 176.108.185.5 
TEST9 176.108.185.5 
OFFICE2 176.108.185.5 
OPER2 176.108.185.5 
LEV 176.108.185.5 
ÄãÖäë 176.108.185.5 
ÇéÇÄ 176.108.185.5 
Äêíìê 176.108.185.5 
COMP 176.108.185.5 
GUEST 176.108.185.5 
MAGAZIN 176.108.185.5 
ADMIN3 176.108.185.5 
IGOR 176.108.185.5 
TESTTEST 176.108.185.5 
BUH02 176.108.185.5 
RINAT 176.108.185.5 
WEB 176.108.185.5 
LOGIST 176.108.185.5 
ëéãéÇúÖÇ 176.108.185.5 
OPERATOR4 176.108.185.5 
PAVEL 176.108.185.5 
ANNA 176.108.185.5 
LILYA 176.108.185.5 
ÇãÄÑàåàê 176.108.185.5 
HOME 176.108.185.5 
äêàëíàçÄ 176.108.185.5 
TOVAROVED2 176.108.185.5 
åÖçÖÑÜÖê9 176.108.185.5 
ROZA 176.108.185.5 
LARISA 176.108.185.5 
OPERATOR6 176.108.185.5 
TEST3 176.108.185.5 
ACCOUNT 176.108.185.5 
èéãúáéÇÄíÖãú1 176.108.185.5 
DISP 176.108.185.5 
ZAKUP 176.108.185.5 
EXCHANGEADM 176.108.185.5 
MARGARITA 176.108.185.5 
USER7 176.108.185.5 
BUH7 176.108.185.5 
WORKER 176.108.185.5 
CONSULTANT 176.108.185.5 
DISP1 176.108.185.5 
DENIS 176.108.185.5 
ROMA 176.108.185.5 
INNA 176.108.185.5 
ELVIRA 176.108.185.5 
MASHA 176.108.185.5 
EGOR 176.108.185.5 
KASSA 176.108.185.5 
SYSADMIN 176.108.185.5 
SVITLANA 176.108.185.5 
ÄÑåàçàëíêÄíéê1 176.108.185.5 
DMITRY 176.108.185.5 
äÄëëàê2 176.108.185.5 
åÄêàü 176.108.185.5 
éãúÉÄ 176.108.185.5 
SCANNER 176.108.185.5 
VIKTOR 176.108.185.5 
AUD 176.108.185.5 
ADMINISTRATOR 176.108.185.5 
USER02 176.108.185.5 
STANISLAV 176.108.185.5 
àççÄ 176.108.185.5 
ûêàëí 176.108.185.5 
TS 176.108.185.5 
SERGE 176.108.185.5 
ãÖçÄ 176.108.185.5 
WORK 176.108.185.5 
OKSANA 176.108.185.5 
XEROX 176.108.185.5 
ANYA 176.108.185.5 
TERM1 176.108.185.5 
éãÖëü 176.108.185.5 
USER17 176.108.185.5 
ÉãÅìï 176.108.185.5 
SYS 176.108.185.5 
ECONOMIST 176.108.185.5 
MANAGER6 176.108.185.5 
TERMINAL1 176.108.185.5 
CAM 176.108.185.5 
CONTROL 176.108.185.5 
ILYA 176.108.185.5 
BUHG 176.108.185.5 
SKLAD4 176.108.185.5 
BUHGALTER6 176.108.185.5 
LOCAL 176.108.185.5 
VASILIY 176.108.185.5 
BARMEN 176.108.185.5 
KASSA3 176.108.185.5 
äÄëÄ 176.108.185.5 
LUDA 176.108.185.5 
ÇàäÄ 176.108.185.5 
SQL 176.108.185.5 
ÄççÄ 176.108.185.5 
ECONOM 176.108.185.5 
SERV 176.108.185.5 
ZAL 176.108.185.5 
BANK1 176.108.185.5 
MISHA 176.108.185.5 
JULIA 176.108.185.5 
RADMIN 176.108.185.5 
KIRILL 176.108.185.5 
AUDITOR 176.108.185.5 
MANAGER 176.108.185.5 
NATALI 176.108.185.5 
ÄìÑàí2 176.108.185.5 
äéçëíÄçíàç 176.108.185.5 
Ééëíú2 176.108.185.5 
SERG 176.108.185.5 
BUHGALTER 176.108.185.5 
5 176.108.185.5 
ÇàíÄãàâ 176.108.185.5 
èêéÑÄÇÖñ1 176.108.185.5 
çàäéãÄâ 176.108.185.5 
AAD 81.45.139.22 
AAFKE 81.45.139.22 
ADMINISTRATOR 195.133.20.192 
USER 195.133.20.192 
ADMIN 195.133.20.192 
SERVER 195.133.20.192 
USER2 195.133.20.192 
ALEX 195.133.20.192 
MANAGER 195.133.20.192 
USER3 195.133.20.192 
IT 195.133.20.192 
DEVELOPER 195.133.20.192 
DEV 195.133.20.192 
USER01 195.133.20.192 
IGOR 195.133.20.192 
BUHGALTER 195.133.20.192 
SUPPORT 195.133.20.192 
SERGEY 195.133.20.192 
COMPUTER 195.133.20.192 
SERG 195.133.20.192 
OLGA 195.133.20.192 
ANDREY 195.133.20.192 
TANYA 195.133.20.192 
DIMA 195.133.20.192 
ELENA 195.133.20.192 
ROMAN 195.133.20.192 
IVAN 195.133.20.192 
ARTEM 195.133.20.192 
OKSANA 195.133.20.192 
AAD 81.45.139.22 
USER1 195.133.20.192 
KASSA 195.133.20.192 
SYSADMIN 195.133.20.192 
KATYA 195.133.20.192 
ADMIN 195.133.20.192 
VIDEO 195.133.20.192 
BOSS 195.133.20.192 
ROOT 195.133.20.192 
BUH2 195.133.20.192 
NATASHA 195.133.20.192 
BACKUP 195.133.20.192 
ALENA 195.133.20.192 
IRINA 195.133.20.192 
BOGDAN 195.133.20.192 
DASHA 195.133.20.192 
LENA 195.133.20.192 
ANNA 195.133.20.192 
VIKTOR 195.133.20.192 
RUSLAN 195.133.20.192 
MARINA 195.133.20.192 
OLEG 195.133.20.192 
ANTON 195.133.20.192 
RESEARCH 195.133.20.192 
BUHGATER 195.133.20.192 
AAFKE 81.45.139.22 
SASHA 195.133.20.192 
VOLODYMYR 195.133.20.192 
SVETA 195.133.20.192 
GLAVBUH 195.133.20.192 
DIRECTOR 195.133.20.192 
DEVELOPER 195.133.20.192 
RECEPTION 195.133.20.192 
ALEXEY 195.133.20.192 
VADIM 195.133.20.192 
ALEXANDER 195.133.20.192 
ACRONIS 195.133.20.192 
OPERATOR 195.133.20.192 
MAXIM 195.133.20.192 
MANAGER 195.133.20.192 
BUHGALTER1 195.133.20.192 
PRINT 195.133.20.192 
ADMIN2 195.133.20.192 
MASTER 195.133.20.192 
TERM 195.133.20.192 
PRINTER 195.133.20.192 
ADMINISTRATOR 195.133.20.192 
USER 195.133.20.192 
ADMIN 195.133.20.192 
SERVER 195.133.20.192 
USER2 195.133.20.192 
ALEX 195.133.20.192 
MANAGER 195.133.20.192 
USER3 195.133.20.192 
IT 195.133.20.192 
DEVELOPER 195.133.20.192 
DEV 195.133.20.192 
USER01 195.133.20.192 
IGOR 195.133.20.192 
BUHGALTER 195.133.20.192 
SUPPORT 195.133.20.192 
SERGEY 195.133.20.192 
COMPUTER 195.133.20.192 
SERG 195.133.20.192 
OLGA 195.133.20.192 
ANDREY 195.133.20.192 
TANYA 195.133.20.192 
DIMA 195.133.20.192 
ELENA 195.133.20.192 
ROMAN 195.133.20.192 
AALBERT 81.45.139.22 
IVAN 195.133.20.192 
ARTEM 195.133.20.192 
OKSANA 195.133.20.192 
USER1 195.133.20.192 
KASSA 195.133.20.192 
SYSADMIN 195.133.20.192 
KATYA 195.133.20.192 
VIDEO 195.133.20.192 
BOSS 195.133.20.192 
ROOT 195.133.20.192 
BUH2 195.133.20.192 
NATASHA 195.133.20.192 
BACKUP 195.133.20.192 
ALENA 195.133.20.192 
IRINA 195.133.20.192 
BOGDAN 195.133.20.192 
DASHA 195.133.20.192 
LENA 195.133.20.192 
ANNA 195.133.20.192 
VIKTOR 195.133.20.192 
RUSLAN 195.133.20.192 
MARINA 195.133.20.192 
AALBERTA 81.45.139.22 
OLEG 195.133.20.192 
ANTON 195.133.20.192 
RESEARCH 195.133.20.192 
BUHGATER 195.133.20.192 
NAZAR 195.133.20.192 
SASHA 195.133.20.192 
VOLODYMYR 195.133.20.192 
SVETA 195.133.20.192 
GLAVBUH 195.133.20.192 
DIRECTOR 195.133.20.192 
RECEPTION 195.133.20.192 
ALEXEY 195.133.20.192 
VADIM 195.133.20.192 
ALEXANDER 195.133.20.192 
ACRONIS 195.133.20.192 
OPERATOR 195.133.20.192 
MAXIM 195.133.20.192 
BUHGALTER1 195.133.20.192 
PRINT 195.133.20.192 
ADMIN2 195.133.20.192 
MASTER 195.133.20.192 
TERM 195.133.20.192 
AALBERTHA 81.45.139.22 
PRINTER 195.133.20.192 
CUSTOMER 195.133.20.192 
OLEKSANDR 195.133.20.192 
MISHA 195.133.20.192 
ALINA 195.133.20.192 
NATALI 195.133.20.192 
ALLA 195.133.20.192 
OFFICE 195.133.20.192 
VLADIMIR 195.133.20.192 
VITALIY 195.133.20.192 
ANDREW 195.133.20.192 
KASSA1 195.133.20.192 
VIKA 195.133.20.192 
SVETLANA 195.133.20.192 
YAROSLAV 195.133.20.192 
MANAGER2 195.133.20.192 
PAVEL 195.133.20.192 
TERM2 195.133.20.192 
TERM1 195.133.20.192 
BUH1 195.133.20.192 
ROMA 195.133.20.192 
GUEST 195.133.20.192 
SANYA 195.133.20.192 
AALBERTIEN 81.45.139.22 
SERGIY 195.133.20.192 
LILI 195.133.20.192 
AUDITOR 195.133.20.192 
YURIY 195.133.20.192 
MAKSIM 195.133.20.192 
PETER 195.133.20.192 
OLYA 195.133.20.192 
WORK 195.133.20.192 
NICK 195.133.20.192 
ALEKSANDRA 195.133.20.192 
TEST2 195.133.20.192 
TERA 195.133.20.192 
APTEKA3 195.133.20.192 
DMYTRO 195.133.20.192 
CHIP 195.133.20.192 
MORY 195.133.20.192 
ERIKA 195.133.20.192 
ALEXANDR 195.133.20.192 
YUDIN 195.133.20.192 
MANAGMENT 195.133.20.192 
MINER 195.133.20.192 
RIG 195.133.20.192 
AALBERTINA 81.45.139.22 
FTP_USER 195.133.20.192 
BUHOFFICE 195.133.20.192 
YULIYA 195.133.20.192 
ALEKSEY 195.133.20.192 
YARIK 195.133.20.192 
ANDRIY 195.133.20.192 
REASERCHER 195.133.20.192 
CLIENT 195.133.20.192 
BAZA 195.133.20.192 
VIKTORIA 195.133.20.192 
NATALIA 195.133.20.192 
VOVA 195.133.20.192 
BUHGALTER3 195.133.20.192 
BUHGALTER2 195.133.20.192 
USERADM 195.133.20.192 
OLEKSIY 195.133.20.192 
TECH 195.133.20.192 
SEMEN 195.133.20.192 
GALYNA 195.133.20.192 
OLENA 195.133.20.192 
OLEKSANDRA 195.133.20.192 
TARAS 195.133.20.192 
AALBERTUS 81.45.139.22 
YULYA 195.133.20.192 
LOCALHOST 195.133.20.192 
LENOVO 195.133.20.192 
ALEKSANDR 195.133.20.192 
NIKITA 195.133.20.192 
AUDIT 195.133.20.192 
FTPUSER 195.133.20.192 
SUPERVISOR 195.133.20.192 
MAGAZIN 195.133.20.192 
KATRIN 195.133.20.192 
TESTER 195.133.20.192 
KATERINA 195.133.20.192 
EVGENIY 195.133.20.192 
ELINA 195.133.20.192 
TESTUSER 195.133.20.192 
MIHEY 195.133.20.192 
NASTYA 195.133.20.192 
YURA 195.133.20.192 
STARLINK 195.133.20.192 
VALENTYN 195.133.20.192 
KRISTINA 195.133.20.192 
LUDMILA 195.133.20.192 
AALBRECHT 81.45.139.22 
DENIS 195.133.20.192 
GLBUH 195.133.20.192 
REMOTE 195.133.20.192 
LARISA 195.133.20.192 
BUCH 195.133.20.192 
DELL 195.133.20.192 
JACK 195.133.20.192 
MAKS 195.133.20.192 
WEBUSER 195.133.20.192 
VALYA 195.133.20.192 
ANDREJ 195.133.20.192 
OLEH 195.133.20.192 
VOLODYA 195.133.20.192 
ADMINISTRATOR 195.133.20.192 
USER 195.133.20.192 
ADMIN 195.133.20.192 
SERVER 195.133.20.192 
USER2 195.133.20.192 
ALEX 195.133.20.192 
MANAGER 195.133.20.192 
USER3 195.133.20.192 
IT 195.133.20.192 
AALBRECHTA 81.45.139.22 
DEV 195.133.20.192 
USER01 195.133.20.192 
IGOR 195.133.20.192 
BUHGALTER 195.133.20.192 
SUPPORT 195.133.20.192 
SERGEY 195.133.20.192 
COMPUTER 195.133.20.192 
SERG 195.133.20.192 
OLGA 195.133.20.192 
ANDREY 195.133.20.192 
TANYA 195.133.20.192 
DIMA 195.133.20.192 
ELENA 195.133.20.192 
ROMAN 195.133.20.192 
IVAN 195.133.20.192 
ARTEM 195.133.20.192 
OKSANA 195.133.20.192 
USER1 195.133.20.192 
KASSA 195.133.20.192 
SYSADMIN 195.133.20.192 
KATYA 195.133.20.192 
AALDERT 81.45.139.22 
VIDEO 195.133.20.192 
BOSS 195.133.20.192 
ROOT 195.133.20.192 
BUH2 195.133.20.192 
NATASHA 195.133.20.192 
BACKUP 195.133.20.192 
ALENA 195.133.20.192 
IRINA 195.133.20.192 
BOGDAN 195.133.20.192 
DASHA 195.133.20.192 
LENA 195.133.20.192 
ANNA 195.133.20.192 
VIKTOR 195.133.20.192 
RUSLAN 195.133.20.192 
MARINA 195.133.20.192 
OLEG 195.133.20.192 
ANTON 195.133.20.192 
RESEARCH 195.133.20.192 
BUHGATER 195.133.20.192 
NAZAR 195.133.20.192 
SASHA 195.133.20.192 
VOLODYMYR 195.133.20.192 
AALDRIK 81.45.139.22 
SVETA 195.133.20.192 
GLAVBUH 195.133.20.192 
DIRECTOR 195.133.20.192 
RECEPTION 195.133.20.192 
ALEXEY 195.133.20.192 
VADIM 195.133.20.192 
ALEXANDER 195.133.20.192 
ACRONIS 195.133.20.192 
OPERATOR 195.133.20.192 
MAXIM 195.133.20.192 
BUHGALTER1 195.133.20.192 
PRINT 195.133.20.192 
ADMIN2 195.133.20.192 
MASTER 195.133.20.192 
TERM 195.133.20.192 
PRINTER 195.133.20.192 
CUSTOMER 195.133.20.192 
OLEKSANDR 195.133.20.192 
MISHA 195.133.20.192 
ALINA 195.133.20.192 
NATALI 195.133.20.192 
ALLA 195.133.20.192 
AALIYAH 81.45.139.22 
OFFICE 195.133.20.192 
VLADIMIR 195.133.20.192 
VITALIY 195.133.20.192 
ANDREW 195.133.20.192 
KASSA1 195.133.20.192 
VIKA 195.133.20.192 
SVETLANA 195.133.20.192 
YAROSLAV 195.133.20.192 
MANAGER2 195.133.20.192 
PAVEL 195.133.20.192 
TERM2 195.133.20.192 
TERM1 195.133.20.192 
BUH1 195.133.20.192 
ROMA 195.133.20.192 
GUEST 195.133.20.192 
SANYA 195.133.20.192 
SERGIY 195.133.20.192 
LILI 195.133.20.192 
AUDITOR 195.133.20.192 
YURIY 195.133.20.192 
MAKSIM 195.133.20.192 
AALRIK 81.45.139.22 
PETER 195.133.20.192 
OLYA 195.133.20.192 
WORK 195.133.20.192 
NICK 195.133.20.192 
ALEKSANDRA 195.133.20.192 
TEST2 195.133.20.192 
TERA 195.133.20.192 
APTEKA3 195.133.20.192 
DMYTRO 195.133.20.192 
CHIP 195.133.20.192 
MORY 195.133.20.192 
ERIKA 195.133.20.192 
ALEXANDR 195.133.20.192 
YUDIN 195.133.20.192 
MANAGMENT 195.133.20.192 
MINER 195.133.20.192 
RIG 195.133.20.192 
FTP_USER 195.133.20.192 
BUHOFFICE 195.133.20.192 
YULIYA 195.133.20.192 
ALEKSEY 195.133.20.192 
YARIK 195.133.20.192 
AANDRINGA 81.45.139.22 
ANDRIY 195.133.20.192 
REASERCHER 195.133.20.192 
CLIENT 195.133.20.192 
BAZA 195.133.20.192 
VIKTORIA 195.133.20.192 
NATALIA 195.133.20.192 
VOVA 195.133.20.192 
BUHGALTER3 195.133.20.192 
BUHGALTER2 195.133.20.192 
USERADM 195.133.20.192 
OLEKSIY 195.133.20.192 
TECH 195.133.20.192 
SEMEN 195.133.20.192 
GALYNA 195.133.20.192 
OLENA 195.133.20.192 
OLEKSANDRA 195.133.20.192 
TARAS 195.133.20.192 
YULYA 195.133.20.192 
LOCALHOST 195.133.20.192 
LENOVO 195.133.20.192 
ALEKSANDR 195.133.20.192 
NIKITA 195.133.20.192 
AANMELD 81.45.139.22 
AUDIT 195.133.20.192 
FTPUSER 195.133.20.192 
SUPERVISOR 195.133.20.192 
MAGAZIN 195.133.20.192 
KATRIN 195.133.20.192 
TESTER 195.133.20.192 
KATERINA 195.133.20.192 
EVGENIY 195.133.20.192 
ELINA 195.133.20.192 
TESTUSER 195.133.20.192 
MIHEY 195.133.20.192 
NASTYA 195.133.20.192 
YURA 195.133.20.192 
STARLINK 195.133.20.192 
VALENTYN 195.133.20.192 
KRISTINA 195.133.20.192 
LUDMILA 195.133.20.192 
DENIS 195.133.20.192 
GLBUH 195.133.20.192 
REMOTE 195.133.20.192 
LARISA 195.133.20.192 
BUCH 195.133.20.192 
DELL 195.133.20.192 
JACK 195.133.20.192 
MAKS 195.133.20.192 
WEBUSER 195.133.20.192 
VALYA 195.133.20.192 
ANDREJ 195.133.20.192 
OLEH 195.133.20.192 
VOLODYA 195.133.20.192 
ADMINISTRATOR 195.133.20.192 
USER 195.133.20.192 
ADMIN 195.133.20.192 
SERVER 195.133.20.192 
USER2 195.133.20.192 
ALEX 195.133.20.192 
MANAGER 195.133.20.192 
USER3 195.133.20.192 
IT 195.133.20.192 
DEVELOPER 195.133.20.192 
DEV 195.133.20.192 
USER01 195.133.20.192 
IGOR 195.133.20.192 
BUHGALTER 195.133.20.192 
AARON 81.45.139.22 
SUPPORT 195.133.20.192 
SERGEY 195.133.20.192 
COMPUTER 195.133.20.192 
SERG 195.133.20.192 
OLGA 195.133.20.192 
ANDREY 195.133.20.192 
TANYA 195.133.20.192 
DIMA 195.133.20.192 
ELENA 195.133.20.192 
ROMAN 195.133.20.192 
IVAN 195.133.20.192 
ARTEM 195.133.20.192 
OKSANA 195.133.20.192 
USER1 195.133.20.192 
KASSA 195.133.20.192 
SYSADMIN 195.133.20.192 
KATYA 195.133.20.192 
VIDEO 195.133.20.192 
BOSS 195.133.20.192 
ROOT 195.133.20.192 
BUH2 195.133.20.192 
AART 81.45.139.22 
NATASHA 195.133.20.192 
BACKUP 195.133.20.192 
ALENA 195.133.20.192 
IRINA 195.133.20.192 
BOGDAN 195.133.20.192 
DASHA 195.133.20.192 
LENA 195.133.20.192 
ANNA 195.133.20.192 
VIKTOR 195.133.20.192 
RUSLAN 195.133.20.192 
MARINA 195.133.20.192 
OLEG 195.133.20.192 
ANTON 195.133.20.192 
RESEARCH 195.133.20.192 
BUHGATER 195.133.20.192 
NAZAR 195.133.20.192 
SASHA 195.133.20.192 
VOLODYMYR 195.133.20.192 
SVETA 195.133.20.192 
GLAVBUH 195.133.20.192 
DIRECTOR 195.133.20.192 
RECEPTION 195.133.20.192 
AARTJE 81.45.139.22 
ALEXEY 195.133.20.192 
VADIM 195.133.20.192 
ALEXANDER 195.133.20.192 
ACRONIS 195.133.20.192 
OPERATOR 195.133.20.192 
MAXIM 195.133.20.192 
BUHGALTER1 195.133.20.192 
PRINT 195.133.20.192 
ADMIN2 195.133.20.192 
AARTJE 81.45.139.22 
MASTER 195.133.20.192 
TERM 195.133.20.192 
PRINTER 195.133.20.192 
CUSTOMER 195.133.20.192 
OLEKSANDR 195.133.20.192 
MISHA 195.133.20.192 
ALINA 195.133.20.192 
NATALI 195.133.20.192 
ALLA 195.133.20.192 
OFFICE 195.133.20.192 
VLADIMIR 195.133.20.192 
VITALIY 195.133.20.192 
ANDREW 195.133.20.192 
KASSA1 195.133.20.192 
VIKA 195.133.20.192 
SVETLANA 195.133.20.192 
YAROSLAV 195.133.20.192 
MANAGER2 195.133.20.192 
PAVEL 195.133.20.192 
TERM2 195.133.20.192 
TERM1 195.133.20.192 
BUH1 195.133.20.192 
ROMA 195.133.20.192 
GUEST 195.133.20.192 
SANYA 195.133.20.192 
SERGIY 195.133.20.192 
LILI 195.133.20.192 
AUDITOR 195.133.20.192 
YURIY 195.133.20.192 
MAKSIM 195.133.20.192 
PETER 195.133.20.192 
OLYA 195.133.20.192 
WORK 195.133.20.192 
NICK 195.133.20.192 
ALEKSANDRA 195.133.20.192 
TEST2 195.133.20.192 
TERA 195.133.20.192 
APTEKA3 195.133.20.192 
DMYTRO 195.133.20.192 
CHIP 195.133.20.192 
MORY 195.133.20.192 
ERIKA 195.133.20.192 
ALEXANDR 195.133.20.192 
ABBY 81.45.139.22 
MANAGMENT 195.133.20.192 
MINER 195.133.20.192 
RIG 195.133.20.192 
FTP_USER 195.133.20.192 
BUHOFFICE 195.133.20.192 
YULIYA 195.133.20.192 
ALEKSEY 195.133.20.192 
YARIK 195.133.20.192 
ANDRIY 195.133.20.192 
REASERCHER 195.133.20.192 
CLIENT 195.133.20.192 
BAZA 195.133.20.192 
VIKTORIA 195.133.20.192 
NATALIA 195.133.20.192 
VOVA 195.133.20.192 
BUHGALTER3 195.133.20.192 
BUHGALTER2 195.133.20.192 
USERADM 195.133.20.192 
OLEKSIY 195.133.20.192 
TECH 195.133.20.192 
SEMEN 195.133.20.192 
ABDULLAH 81.45.139.22 
OLENA 195.133.20.192 
OLEKSANDRA 195.133.20.192 
TARAS 195.133.20.192 
YULYA 195.133.20.192 
LOCALHOST 195.133.20.192 
LENOVO 195.133.20.192 
ALEKSANDR 195.133.20.192 
NIKITA 195.133.20.192 
AUDIT 195.133.20.192 
FTPUSER 195.133.20.192 
SUPERVISOR 195.133.20.192 
MAGAZIN 195.133.20.192 
KATRIN 195.133.20.192 
TESTER 195.133.20.192 
KATERINA 195.133.20.192 
EVGENIY 195.133.20.192 
ELINA 195.133.20.192 
TESTUSER 195.133.20.192 
MIHEY 195.133.20.192 
NASTYA 195.133.20.192 
YURA 195.133.20.192 
ABE 81.45.139.22 
STARLINK 195.133.20.192 
VALENTYN 195.133.20.192 
KRISTINA 195.133.20.192 
LUDMILA 195.133.20.192 
DENIS 195.133.20.192 
GLBUH 195.133.20.192 
REMOTE 195.133.20.192 
LARISA 195.133.20.192 
BUCH 195.133.20.192 
DELL 195.133.20.192 
JACK 195.133.20.192 
MAKS 195.133.20.192 
WEBUSER 195.133.20.192 
VALYA 195.133.20.192 
ANDREJ 195.133.20.192 
OLEH 195.133.20.192 
VOLODYA 195.133.20.192 
ADMINISTRATOR 195.133.20.192 
USER 195.133.20.192 
ADMIN 195.133.20.192 
SERVER 195.133.20.192 
USER2 195.133.20.192 
ABEL 81.45.139.22 
ALEX 195.133.20.192 
MANAGER 195.133.20.192 
USER3 195.133.20.192 
IT 195.133.20.192 
DEVELOPER 195.133.20.192 
DEV 195.133.20.192 
USER01 195.133.20.192 
IGOR 195.133.20.192 
BUHGALTER 195.133.20.192 
SUPPORT 195.133.20.192 
SERGEY 195.133.20.192 
COMPUTER 195.133.20.192 
SERG 195.133.20.192 
OLGA 195.133.20.192 
ANDREY 195.133.20.192 
TANYA 195.133.20.192 
DIMA 195.133.20.192 
ELENA 195.133.20.192 
ROMAN 195.133.20.192 
IVAN 195.133.20.192 
ARTEM 195.133.20.192 
OKSANA 195.133.20.192 
USER1 195.133.20.192 
KASSA 195.133.20.192 
ABIGAIL 81.45.139.22 
SYSADMIN 195.133.20.192 
KATYA 195.133.20.192 
VIDEO 195.133.20.192 
BOSS 195.133.20.192 
ROOT 195.133.20.192 
BUH2 195.133.20.192 
NATASHA 195.133.20.192 
BACKUP 195.133.20.192 
ALENA 195.133.20.192 
IRINA 195.133.20.192 
BOGDAN 195.133.20.192 
DASHA 195.133.20.192 
LENA 195.133.20.192 
ANNA 195.133.20.192 
VIKTOR 195.133.20.192 
RUSLAN 195.133.20.192 
MARINA 195.133.20.192 
OLEG 195.133.20.192 
ANTON 195.133.20.192 
RESEARCH 195.133.20.192 
BUHGATER 195.133.20.192 
NAZAR 195.133.20.192 
SASHA 195.133.20.192 
ABLAUW 81.45.139.22 
VOLODYMYR 195.133.20.192 
SVETA 195.133.20.192 
GLAVBUH 195.133.20.192 
DIRECTOR 195.133.20.192 
RECEPTION 195.133.20.192 
ALEXEY 195.133.20.192 
VADIM 195.133.20.192 
ALEXANDER 195.133.20.192 
ACRONIS 195.133.20.192 
OPERATOR 195.133.20.192 
MAXIM 195.133.20.192 
BUHGALTER1 195.133.20.192 
PRINT 195.133.20.192 
ADMIN2 195.133.20.192 
MASTER 195.133.20.192 
TERM 195.133.20.192 
PRINTER 195.133.20.192 
CUSTOMER 195.133.20.192 
OLEKSANDR 195.133.20.192 
MISHA 195.133.20.192 
ALINA 195.133.20.192 
NATALI 195.133.20.192 
ABRAHAM 81.45.139.22 
ALLA 195.133.20.192 
OFFICE 195.133.20.192 
VLADIMIR 195.133.20.192 
VITALIY 195.133.20.192 
ANDREW 195.133.20.192 
KASSA1 195.133.20.192 
VIKA 195.133.20.192 
SVETLANA 195.133.20.192 
YAROSLAV 195.133.20.192 
MANAGER2 195.133.20.192 
PAVEL 195.133.20.192 
TERM2 195.133.20.192 
TERM1 195.133.20.192 
BUH1 195.133.20.192 
ROMA 195.133.20.192 
GUEST 195.133.20.192 
SANYA 195.133.20.192 
SERGIY 195.133.20.192 
LILI 195.133.20.192 
AUDITOR 195.133.20.192 
YURIY 195.133.20.192 
MAKSIM 195.133.20.192 
PETER 195.133.20.192 
ABRAM 81.45.139.22 
OLYA 195.133.20.192 
WORK 195.133.20.192 
NICK 195.133.20.192 
ALEKSANDRA 195.133.20.192 
TEST2 195.133.20.192 
TERA 195.133.20.192 
APTEKA3 195.133.20.192 
DMYTRO 195.133.20.192 
CHIP 195.133.20.192 
MORY 195.133.20.192 
ERIKA 195.133.20.192 
ALEXANDR 195.133.20.192 
YUDIN 195.133.20.192 
MANAGMENT 195.133.20.192 
MINER 195.133.20.192 
RIG 195.133.20.192 
FTP_USER 195.133.20.192 
BUHOFFICE 195.133.20.192 
YULIYA 195.133.20.192 
ALEKSEY 195.133.20.192 
YARIK 195.133.20.192 
ANDRIY 195.133.20.192 
ACCOUNTANT 81.45.139.22 
CLIENT 195.133.20.192 
BAZA 195.133.20.192 
VIKTORIA 195.133.20.192 
NATALIA 195.133.20.192 
VOVA 195.133.20.192 
BUHGALTER3 195.133.20.192 
BUHGALTER2 195.133.20.192 
USERADM 195.133.20.192 
OLEKSIY 195.133.20.192 
TECH 195.133.20.192 
SEMEN 195.133.20.192 
GALYNA 195.133.20.192 
OLENA 195.133.20.192 
OLEKSANDRA 195.133.20.192 
TARAS 195.133.20.192 
YULYA 195.133.20.192 
LOCALHOST 195.133.20.192 
LENOVO 195.133.20.192 
ALEKSANDR 195.133.20.192 
NIKITA 195.133.20.192 
AUDIT 195.133.20.192 
FTPUSER 195.133.20.192 
SUPERVISOR 195.133.20.192 
MAGAZIN 195.133.20.192 
KATRIN 195.133.20.192 
TESTER 195.133.20.192 
KATERINA 195.133.20.192 
EVGENIY 195.133.20.192 
ELINA 195.133.20.192 
TESTUSER 195.133.20.192 
MIHEY 195.133.20.192 
NASTYA 195.133.20.192 
YURA 195.133.20.192 
STARLINK 195.133.20.192 
VALENTYN 195.133.20.192 
KRISTINA 195.133.20.192 
LUDMILA 195.133.20.192 
DENIS 195.133.20.192 
GLBUH 195.133.20.192 
REMOTE 195.133.20.192 
LARISA 195.133.20.192 
BUCH 195.133.20.192 
DELL 195.133.20.192 
JACK 195.133.20.192 
ACHILLES 81.45.139.22 
MAKS 195.133.20.192 
WEBUSER 195.133.20.192 
VALYA 195.133.20.192 
ANDREJ 195.133.20.192 
OLEH 195.133.20.192 
VOLODYA 195.133.20.192 
ADMINISTRATOR 195.133.20.192 
USER 195.133.20.192 
ADMIN 195.133.20.192 
SERVER 195.133.20.192 
USER2 195.133.20.192 
ALEX 195.133.20.192 
MANAGER 195.133.20.192 
USER3 195.133.20.192 
IT 195.133.20.192 
DEVELOPER 195.133.20.192 
DEV 195.133.20.192 
USER01 195.133.20.192 
IGOR 195.133.20.192 
BUHGALTER 195.133.20.192 
SUPPORT 195.133.20.192 
SERGEY 195.133.20.192 
ADA 81.45.139.22 
COMPUTER 195.133.20.192 
SERG 195.133.20.192 
OLGA 195.133.20.192 
ANDREY 195.133.20.192 
TANYA 195.133.20.192 
DIMA 195.133.20.192 
ELENA 195.133.20.192 
ROMAN 195.133.20.192 
IVAN 195.133.20.192 
ARTEM 195.133.20.192 
OKSANA 195.133.20.192 
USER1 195.133.20.192 
KASSA 195.133.20.192 
SYSADMIN 195.133.20.192 
KATYA 195.133.20.192 
VIDEO 195.133.20.192 
BOSS 195.133.20.192 
ROOT 195.133.20.192 
BUH2 195.133.20.192 
NATASHA 195.133.20.192 
BACKUP 195.133.20.192 
ALENA 195.133.20.192 
IRINA 195.133.20.192 
BOGDAN 195.133.20.192 
DASHA 195.133.20.192 
LENA 195.133.20.192 
ANNA 195.133.20.192 
VIKTOR 195.133.20.192 
RUSLAN 195.133.20.192 
MARINA 195.133.20.192 
OLEG 195.133.20.192 
ANTON 195.133.20.192 
RESEARCH 195.133.20.192 
BUHGATER 195.133.20.192 
NAZAR 195.133.20.192 
SASHA 195.133.20.192 
VOLODYMYR 195.133.20.192 
SVETA 195.133.20.192 
GLAVBUH 195.133.20.192 
DIRECTOR 195.133.20.192 
RECEPTION 195.133.20.192 
ALEXEY 195.133.20.192 
VADIM 195.133.20.192 
ALEXANDER 195.133.20.192 
ACRONIS 195.133.20.192 
ADAM 81.45.139.22 
OPERATOR 195.133.20.192 
MAXIM 195.133.20.192 
BUHGALTER1 195.133.20.192 
PRINT 195.133.20.192 
ADMIN2 195.133.20.192 
MASTER 195.133.20.192 
TERM 195.133.20.192 
PRINTER 195.133.20.192 
CUSTOMER 195.133.20.192 
OLEKSANDR 195.133.20.192 
MISHA 195.133.20.192 
ALINA 195.133.20.192 
NATALI 195.133.20.192 
ALLA 195.133.20.192 
OFFICE 195.133.20.192 
VLADIMIR 195.133.20.192 
VITALIY 195.133.20.192 
ANDREW 195.133.20.192 
KASSA1 195.133.20.192 
VIKA 195.133.20.192 
SVETLANA 195.133.20.192 
YAROSLAV 195.133.20.192 
ADELA 81.45.139.22 
MANAGER2 195.133.20.192 
PAVEL 195.133.20.192 
TERM2 195.133.20.192 
TERM1 195.133.20.192 
BUH1 195.133.20.192 
ROMA 195.133.20.192 
GUEST 195.133.20.192 
SANYA 195.133.20.192 
SERGIY 195.133.20.192 
LILI 195.133.20.192 
AUDITOR 195.133.20.192 
YURIY 195.133.20.192 
MAKSIM 195.133.20.192 
PETER 195.133.20.192 
OLYA 195.133.20.192 
WORK 195.133.20.192 
NICK 195.133.20.192 
ALEKSANDRA 195.133.20.192 
TEST2 195.133.20.192 
TERA 195.133.20.192 
APTEKA3 195.133.20.192 
DMYTRO 195.133.20.192 
CHIP 195.133.20.192 
ADELBERT 81.45.139.22 
MORY 195.133.20.192 
ERIKA 195.133.20.192 
ALEXANDR 195.133.20.192 
YUDIN 195.133.20.192 
MANAGMENT 195.133.20.192 
MINER 195.133.20.192 
RIG 195.133.20.192 
FTP_USER 195.133.20.192 
BUHOFFICE 195.133.20.192 
YULIYA 195.133.20.192 
ALEKSEY 195.133.20.192 
YARIK 195.133.20.192 
ANDRIY 195.133.20.192 
REASERCHER 195.133.20.192 
CLIENT 195.133.20.192 
BAZA 195.133.20.192 
VIKTORIA 195.133.20.192 
NATALIA 195.133.20.192 
VOVA 195.133.20.192 
BUHGALTER3 195.133.20.192 
BUHGALTER2 195.133.20.192 
USERADM 195.133.20.192 
ADELBRECHT 81.45.139.22 
TECH 195.133.20.192 
SEMEN 195.133.20.192 
GALYNA 195.133.20.192 
OLENA 195.133.20.192 
OLEKSANDRA 195.133.20.192 
TARAS 195.133.20.192 
YULYA 195.133.20.192 
LOCALHOST 195.133.20.192 
LENOVO 195.133.20.192 
ALEKSANDR 195.133.20.192 
NIKITA 195.133.20.192 
AUDIT 195.133.20.192 
FTPUSER 195.133.20.192 
SUPERVISOR 195.133.20.192 
MAGAZIN 195.133.20.192 
KATRIN 195.133.20.192 
TESTER 195.133.20.192 
KATERINA 195.133.20.192 
EVGENIY 195.133.20.192 
ELINA 195.133.20.192 
TESTUSER 195.133.20.192 
MIHEY 195.133.20.192 
ADELE 81.45.139.22 
NASTYA 195.133.20.192 
YURA 195.133.20.192 
STARLINK 195.133.20.192 
VALENTYN 195.133.20.192 
KRISTINA 195.133.20.192 
LUDMILA 195.133.20.192 
DENIS 195.133.20.192 
GLBUH 195.133.20.192 
REMOTE 195.133.20.192 
LARISA 195.133.20.192 
BUCH 195.133.20.192 
DELL 195.133.20.192 
JACK 195.133.20.192 
MAKS 195.133.20.192 
WEBUSER 195.133.20.192 
VALYA 195.133.20.192 
ANDREJ 195.133.20.192 
OLEH 195.133.20.192 
VOLODYA 195.133.20.192 
ADMINISTRATOR 195.133.20.192 
USER 195.133.20.192 
ADMIN 195.133.20.192 
SERVER 195.133.20.192 
USER2 195.133.20.192 
ALEX 195.133.20.192 
MANAGER 195.133.20.192 
USER3 195.133.20.192 
IT 195.133.20.192 
DEVELOPER 195.133.20.192 
DEV 195.133.20.192 
USER01 195.133.20.192 
IGOR 195.133.20.192 
BUHGALTER 195.133.20.192 
SUPPORT 195.133.20.192 
SERGEY 195.133.20.192 
COMPUTER 195.133.20.192 
SERG 195.133.20.192 
OLGA 195.133.20.192 
ANDREY 195.133.20.192 
TANYA 195.133.20.192 
DIMA 195.133.20.192 
ELENA 195.133.20.192 
ROMAN 195.133.20.192 
IVAN 195.133.20.192 
ARTEM 195.133.20.192 
ADELINE 81.45.139.22 
OKSANA 195.133.20.192 
USER1 195.133.20.192 
KASSA 195.133.20.192 
SYSADMIN 195.133.20.192 
KATYA 195.133.20.192 
VIDEO 195.133.20.192 
BOSS 195.133.20.192 
ROOT 195.133.20.192 
BUH2 195.133.20.192 
NATASHA 195.133.20.192 
BACKUP 195.133.20.192 
ALENA 195.133.20.192 
IRINA 195.133.20.192 
BOGDAN 195.133.20.192 
DASHA 195.133.20.192 
LENA 195.133.20.192 
ANNA 195.133.20.192 
VIKTOR 195.133.20.192 
RUSLAN 195.133.20.192 
MARINA 195.133.20.192 
OLEG 195.133.20.192 
ANTON 195.133.20.192 
RESEARCH 195.133.20.192 
ADELMAR 81.45.139.22 
BUHGATER 195.133.20.192 
NAZAR 195.133.20.192 
SASHA 195.133.20.192 
VOLODYMYR 195.133.20.192 
SVETA 195.133.20.192 
GLAVBUH 195.133.20.192 
DIRECTOR 195.133.20.192 
RECEPTION 195.133.20.192 
ALEXEY 195.133.20.192 
VADIM 195.133.20.192 
ALEXANDER 195.133.20.192 
ACRONIS 195.133.20.192 
OPERATOR 195.133.20.192 
MAXIM 195.133.20.192 
BUHGALTER1 195.133.20.192 
PRINT 195.133.20.192 
ADMIN2 195.133.20.192 
MASTER 195.133.20.192 
TERM 195.133.20.192 
PRINTER 195.133.20.192 
CUSTOMER 195.133.20.192 
OLEKSANDR 195.133.20.192 
MISHA 195.133.20.192 
ADELRIK 81.45.139.22 
ALINA 195.133.20.192 
NATALI 195.133.20.192 
ALLA 195.133.20.192 
OFFICE 195.133.20.192 
VLADIMIR 195.133.20.192 
VITALIY 195.133.20.192 
ANDREW 195.133.20.192 
KASSA1 195.133.20.192 
VIKA 195.133.20.192 
SVETLANA 195.133.20.192 
YAROSLAV 195.133.20.192 
MANAGER2 195.133.20.192 
PAVEL 195.133.20.192 
TERM2 195.133.20.192 
TERM1 195.133.20.192 
BUH1 195.133.20.192 
ROMA 195.133.20.192 
GUEST 195.133.20.192 
SANYA 195.133.20.192 
SERGIY 195.133.20.192 
LILI 195.133.20.192 
AUDITOR 195.133.20.192 
ADELWIJN 81.45.139.22 
YURIY 195.133.20.192 
MAKSIM 195.133.20.192 
PETER 195.133.20.192 
OLYA 195.133.20.192 
NICK 195.133.20.192 
ALEKSANDRA 195.133.20.192 
TEST2 195.133.20.192 
TERA 195.133.20.192 
APTEKA3 195.133.20.192 
DMYTRO 195.133.20.192 
CHIP 195.133.20.192 
MORY 195.133.20.192 
ERIKA 195.133.20.192 
ALEXANDR 195.133.20.192 
YUDIN 195.133.20.192 
MANAGMENT 195.133.20.192 
MINER 195.133.20.192 
RIG 195.133.20.192 
FTP_USER 195.133.20.192 
BUHOFFICE 195.133.20.192 
YULIYA 195.133.20.192 
ALEKSEY 195.133.20.192 
ADMIN 81.45.139.22 
YARIK 195.133.20.192 
ANDRIY 195.133.20.192 
REASERCHER 195.133.20.192 
CLIENT 195.133.20.192 
BAZA 195.133.20.192 
VIKTORIA 195.133.20.192 
NATALIA 195.133.20.192 
VOVA 195.133.20.192 
BUHGALTER3 195.133.20.192 
BUHGALTER2 195.133.20.192 
USERADM 195.133.20.192 
OLEKSIY 195.133.20.192 
TECH 195.133.20.192 
SEMEN 195.133.20.192 
GALYNA 195.133.20.192 
OLENA 195.133.20.192 
OLEKSANDRA 195.133.20.192 
TARAS 195.133.20.192 
YULYA 195.133.20.192 
LOCALHOST 195.133.20.192 
LENOVO 195.133.20.192 
ALEKSANDR 195.133.20.192 
ADMIN2 81.45.139.22 
NIKITA 195.133.20.192 
AUDIT 195.133.20.192 
FTPUSER 195.133.20.192 
SUPERVISOR 195.133.20.192 
MAGAZIN 195.133.20.192 
KATRIN 195.133.20.192 
TESTER 195.133.20.192 
KATERINA 195.133.20.192 
EVGENIY 195.133.20.192 
ELINA 195.133.20.192 
TESTUSER 195.133.20.192 
MIHEY 195.133.20.192 
NASTYA 195.133.20.192 
YURA 195.133.20.192 
STARLINK 195.133.20.192 
VALENTYN 195.133.20.192 
KRISTINA 195.133.20.192 
LUDMILA 195.133.20.192 
DENIS 195.133.20.192 
GLBUH 195.133.20.192 
REMOTE 195.133.20.192 
LARISA 195.133.20.192 
ADMINISTRATIE 81.45.139.22 
DELL 195.133.20.192 
JACK 195.133.20.192 
MAKS 195.133.20.192 
WEBUSER 195.133.20.192 
VALYA 195.133.20.192 
ANDREJ 195.133.20.192 
OLEH 195.133.20.192 
VOLODYA 195.133.20.192 
ADMINISTRATOR 195.133.20.192 
USER 195.133.20.192 
ADMIN 195.133.20.192 
SERVER 195.133.20.192 
USER2 195.133.20.192 
ALEX 195.133.20.192 
MANAGER 195.133.20.192 
USER3 195.133.20.192 
IT 195.133.20.192 
DEVELOPER 195.133.20.192 
DEV 195.133.20.192 
USER01 195.133.20.192 
IGOR 195.133.20.192 
BUHGALTER 195.133.20.192 
ADMINISTRATIE2 81.45.139.22 
SUPPORT 195.133.20.192 
SERGEY 195.133.20.192 
COMPUTER 195.133.20.192 
SERG 195.133.20.192 
OLGA 195.133.20.192 
ANDREY 195.133.20.192 
TANYA 195.133.20.192 
DIMA 195.133.20.192 
ELENA 195.133.20.192 
ROMAN 195.133.20.192 
IVAN 195.133.20.192 
ARTEM 195.133.20.192 
OKSANA 195.133.20.192 
USER1 195.133.20.192 
KASSA 195.133.20.192 
SYSADMIN 195.133.20.192 
KATYA 195.133.20.192 
VIDEO 195.133.20.192 
BOSS 195.133.20.192 
ROOT 195.133.20.192 
BUH2 195.133.20.192 
NATASHA 195.133.20.192 
BACKUP 195.133.20.192 
ADMINISTRATOR 81.45.139.22 
ALENA 195.133.20.192 
IRINA 195.133.20.192 
BOGDAN 195.133.20.192 
DASHA 195.133.20.192 
LENA 195.133.20.192 
ANNA 195.133.20.192 
VIKTOR 195.133.20.192 
RUSLAN 195.133.20.192 
MARINA 195.133.20.192 
OLEG 195.133.20.192 
ANTON 195.133.20.192 
RESEARCH 195.133.20.192 
BUHGATER 195.133.20.192 
NAZAR 195.133.20.192 
SASHA 195.133.20.192 
VOLODYMYR 195.133.20.192 
SVETA 195.133.20.192 
GLAVBUH 195.133.20.192 
DIRECTOR 195.133.20.192 
RECEPTION 195.133.20.192 
ALEXEY 195.133.20.192 
VADIM 195.133.20.192 
ALEXANDER 195.133.20.192 
ADMINWIGR 81.45.139.22 
ACRONIS 195.133.20.192 
OPERATOR 195.133.20.192 
MAXIM 195.133.20.192 
BUHGALTER1 195.133.20.192 
PRINT 195.133.20.192 
ADMIN2 195.133.20.192 
MASTER 195.133.20.192 
TERM 195.133.20.192 
PRINTER 195.133.20.192 
CUSTOMER 195.133.20.192 
OLEKSANDR 195.133.20.192 
MISHA 195.133.20.192 
ALINA 195.133.20.192 
NATALI 195.133.20.192 
ALLA 195.133.20.192 
OFFICE 195.133.20.192 
VLADIMIR 195.133.20.192 
VITALIY 195.133.20.192 
ANDREW 195.133.20.192 
KASSA1 195.133.20.192 
VIKA 195.133.20.192 
SVETLANA 195.133.20.192 
YAROSLAV 195.133.20.192 
ADOLF 81.45.139.22 
MANAGER2 195.133.20.192 
PAVEL 195.133.20.192 
TERM2 195.133.20.192 
TERM1 195.133.20.192 
BUH1 195.133.20.192 
ROMA 195.133.20.192 
GUEST 195.133.20.192 
SANYA 195.133.20.192 
SERGIY 195.133.20.192 
LILI 195.133.20.192 
AUDITOR 195.133.20.192 
YURIY 195.133.20.192 
MAKSIM 195.133.20.192 
PETER 195.133.20.192 
OLYA 195.133.20.192 
WORK 195.133.20.192 
NICK 195.133.20.192 
ALEKSANDRA 195.133.20.192 
TEST2 195.133.20.192 
TERA 195.133.20.192 
APTEKA3 195.133.20.192 
DMYTRO 195.133.20.192 
CHIP 195.133.20.192 
ADOLFA 81.45.139.22 
MORY 195.133.20.192 
ERIKA 195.133.20.192 
ALEXANDR 195.133.20.192 
YUDIN 195.133.20.192 
MANAGMENT 195.133.20.192 
MINER 195.133.20.192 
RIG 195.133.20.192 
FTP_USER 195.133.20.192 
BUHOFFICE 195.133.20.192 
YULIYA 195.133.20.192 
ALEKSEY 195.133.20.192 
YARIK 195.133.20.192 
ANDRIY 195.133.20.192 
REASERCHER 195.133.20.192 
CLIENT 195.133.20.192 
BAZA 195.133.20.192 
VIKTORIA 195.133.20.192 
NATALIA 195.133.20.192 
VOVA 195.133.20.192 
BUHGALTER3 195.133.20.192 
BUHGALTER2 195.133.20.192 
USERADM 195.133.20.192 
ADOLFINE 81.45.139.22 
OLEKSIY 195.133.20.192 
TECH 195.133.20.192 
SEMEN 195.133.20.192 
GALYNA 195.133.20.192 
OLENA 195.133.20.192 
OLEKSANDRA 195.133.20.192 
TARAS 195.133.20.192 
YULYA 195.133.20.192 
LOCALHOST 195.133.20.192 
LENOVO 195.133.20.192 
ALEKSANDR 195.133.20.192 
NIKITA 195.133.20.192 
AUDIT 195.133.20.192 
FTPUSER 195.133.20.192 
SUPERVISOR 195.133.20.192 
MAGAZIN 195.133.20.192 
KATRIN 195.133.20.192 
TESTER 195.133.20.192 
KATERINA 195.133.20.192 
EVGENIY 195.133.20.192 
ELINA 195.133.20.192 
TESTUSER 195.133.20.192 
MIHEY 195.133.20.192 
ADOLPH 81.45.139.22 
NASTYA 195.133.20.192 
YURA 195.133.20.192 
STARLINK 195.133.20.192 
VALENTYN 195.133.20.192 
KRISTINA 195.133.20.192 
LUDMILA 195.133.20.192 
DENIS 195.133.20.192 
GLBUH 195.133.20.192 
REMOTE 195.133.20.192 
LARISA 195.133.20.192 
BUCH 195.133.20.192 
DELL 195.133.20.192 
JACK 195.133.20.192 
MAKS 195.133.20.192 
WEBUSER 195.133.20.192 
VALYA 195.133.20.192 
ANDREJ 195.133.20.192 
OLEH 195.133.20.192 
VOLODYA 195.133.20.192 
ADMINISTRATOR 195.133.20.192 
USER 195.133.20.192 
ADMIN 195.133.20.192 
SERVER 195.133.20.192 
ADOLPHA 81.45.139.22 
USER2 195.133.20.192 
ALEX 195.133.20.192 
MANAGER 195.133.20.192 
USER3 195.133.20.192 
IT 195.133.20.192 
DEVELOPER 195.133.20.192 
DEV 195.133.20.192 
USER01 195.133.20.192 
IGOR 195.133.20.192 
BUHGALTER 195.133.20.192 
SUPPORT 195.133.20.192 
SERGEY 195.133.20.192 
COMPUTER 195.133.20.192 
SERG 195.133.20.192 
OLGA 195.133.20.192 
ANDREY 195.133.20.192 
TANYA 195.133.20.192 
DIMA 195.133.20.192 
ELENA 195.133.20.192 
ROMAN 195.133.20.192 
IVAN 195.133.20.192 
ARTEM 195.133.20.192 
OKSANA 195.133.20.192 
ADOLPHINE 81.45.139.22 
USER1 195.133.20.192 
KASSA 195.133.20.192 
SYSADMIN 195.133.20.192 
KATYA 195.133.20.192 
VIDEO 195.133.20.192 
BOSS 195.133.20.192 
ROOT 195.133.20.192 
BUH2 195.133.20.192 
NATASHA 195.133.20.192 
BACKUP 195.133.20.192 
ALENA 195.133.20.192 
IRINA 195.133.20.192 
BOGDAN 195.133.20.192 
DASHA 195.133.20.192 
LENA 195.133.20.192 
ANNA 195.133.20.192 
VIKTOR 195.133.20.192 
RUSLAN 195.133.20.192 
MARINA 195.133.20.192 
OLEG 195.133.20.192 
ANTON 195.133.20.192 
RESEARCH 195.133.20.192 
ADOLPHUS 81.45.139.22 
BUHGATER 195.133.20.192 
NAZAR 195.133.20.192 
SASHA 195.133.20.192 
VOLODYMYR 195.133.20.192 
SVETA 195.133.20.192 
GLAVBUH 195.133.20.192 
DIRECTOR 195.133.20.192 
RECEPTION 195.133.20.192 
ALEXEY 195.133.20.192 
VADIM 195.133.20.192 
ALEXANDER 195.133.20.192 
ACRONIS 195.133.20.192 
OPERATOR 195.133.20.192 
MAXIM 195.133.20.192 
BUHGALTER1 195.133.20.192 
PRINT 195.133.20.192 
ADMIN2 195.133.20.192 
MASTER 195.133.20.192 
TERM 195.133.20.192 
PRINTER 195.133.20.192 
CUSTOMER 195.133.20.192 
OLEKSANDR 195.133.20.192 
MISHA 195.133.20.192 
ADREAD 81.45.139.22 
NATALI 195.133.20.192 
ALLA 195.133.20.192 
OFFICE 195.133.20.192 
VLADIMIR 195.133.20.192 
VITALIY 195.133.20.192 
ANDREW 195.133.20.192 
KASSA1 195.133.20.192 
VIKA 195.133.20.192 
SVETLANA 195.133.20.192 
YAROSLAV 195.133.20.192 
MANAGER2 195.133.20.192 
PAVEL 195.133.20.192 
TERM2 195.133.20.192 
TERM1 195.133.20.192 
BUH1 195.133.20.192 
ROMA 195.133.20.192 
GUEST 195.133.20.192 
SANYA 195.133.20.192 
SERGIY 195.133.20.192 
LILI 195.133.20.192 
AUDITOR 195.133.20.192 
YURIY 195.133.20.192 
ADRIAAN 81.45.139.22 
MAKSIM 195.133.20.192 
PETER 195.133.20.192 
OLYA 195.133.20.192 
WORK 195.133.20.192 
NICK 195.133.20.192 
ALEKSANDRA 195.133.20.192 
TEST2 195.133.20.192 
TERA 195.133.20.192 
APTEKA3 195.133.20.192 
DMYTRO 195.133.20.192 
CHIP 195.133.20.192 
MORY 195.133.20.192 
ERIKA 195.133.20.192 
ALEXANDR 195.133.20.192 
YUDIN 195.133.20.192 
MANAGMENT 195.133.20.192 
MINER 195.133.20.192 
RIG 195.133.20.192 
FTP_USER 195.133.20.192 
BUHOFFICE 195.133.20.192 
YULIYA 195.133.20.192 
ALEKSEY 195.133.20.192 
YARIK 195.133.20.192 
ANDRIY 195.133.20.192 
ADRIAEN 81.45.139.22 
REASERCHER 195.133.20.192 
CLIENT 195.133.20.192 
BAZA 195.133.20.192 
VIKTORIA 195.133.20.192 
NATALIA 195.133.20.192 
VOVA 195.133.20.192 
BUHGALTER3 195.133.20.192 
BUHGALTER2 195.133.20.192 
USERADM 195.133.20.192 
OLEKSIY 195.133.20.192 
TECH 195.133.20.192 
SEMEN 195.133.20.192 
GALYNA 195.133.20.192 
OLENA 195.133.20.192 
OLEKSANDRA 195.133.20.192 
TARAS 195.133.20.192 
YULYA 195.133.20.192 
LOCALHOST 195.133.20.192 
LENOVO 195.133.20.192 
ALEKSANDR 195.133.20.192 
NIKITA 195.133.20.192 
AUDIT 195.133.20.192 
FTPUSER 195.133.20.192 
ADRIAN 81.45.139.22 
SUPERVISOR 195.133.20.192 
MAGAZIN 195.133.20.192 
KATRIN 195.133.20.192 
TESTER 195.133.20.192 
KATERINA 195.133.20.192 
EVGENIY 195.133.20.192 
ELINA 195.133.20.192 
TESTUSER 195.133.20.192 
MIHEY 195.133.20.192 
NASTYA 195.133.20.192 
YURA 195.133.20.192 
STARLINK 195.133.20.192 
VALENTYN 195.133.20.192 
KRISTINA 195.133.20.192 
LUDMILA 195.133.20.192 
DENIS 195.133.20.192 
GLBUH 195.133.20.192 
REMOTE 195.133.20.192 
LARISA 195.133.20.192 
BUCH 195.133.20.192 
DELL 195.133.20.192 
JACK 195.133.20.192 
MAKS 195.133.20.192 
ADRIANA 81.45.139.22 
WEBUSER 195.133.20.192 
VALYA 195.133.20.192 
ANDREJ 195.133.20.192 
OLEH 195.133.20.192 
VOLODYA 195.133.20.192 
ADMINISTRATOR 195.133.20.192 
USER 195.133.20.192 
ADMIN 195.133.20.192 
SERVER 195.133.20.192 
USER2 195.133.20.192 
ALEX 195.133.20.192 
MANAGER 195.133.20.192 
USER3 195.133.20.192 
IT 195.133.20.192 
DEVELOPER 195.133.20.192 
DEV 195.133.20.192 
USER01 195.133.20.192 
IGOR 195.133.20.192 
BUHGALTER 195.133.20.192 
SUPPORT 195.133.20.192 
SERGEY 195.133.20.192 
COMPUTER 195.133.20.192 
SERG 195.133.20.192 
ADRIANUS 81.45.139.22 
OLGA 195.133.20.192 
ANDREY 195.133.20.192 
TANYA 195.133.20.192 
DIMA 195.133.20.192 
ELENA 195.133.20.192 
ROMAN 195.133.20.192 
IVAN 195.133.20.192 
ARTEM 195.133.20.192 
OKSANA 195.133.20.192 
USER1 195.133.20.192 
KASSA 195.133.20.192 
SYSADMIN 195.133.20.192 
KATYA 195.133.20.192 
VIDEO 195.133.20.192 
BOSS 195.133.20.192 
ROOT 195.133.20.192 
BUH2 195.133.20.192 
NATASHA 195.133.20.192 
BACKUP 195.133.20.192 
ALENA 195.133.20.192 
IRINA 195.133.20.192 
BOGDAN 195.133.20.192 
DASHA 195.133.20.192 
ADSYNC 81.45.139.22 
LENA 195.133.20.192 
ANNA 195.133.20.192 
VIKTOR 195.133.20.192 
RUSLAN 195.133.20.192 
MARINA 195.133.20.192 
OLEG 195.133.20.192 
ANTON 195.133.20.192 
RESEARCH 195.133.20.192 
BUHGATER 195.133.20.192 
NAZAR 195.133.20.192 
SASHA 195.133.20.192 
VOLODYMYR 195.133.20.192 
SVETA 195.133.20.192 
GLAVBUH 195.133.20.192 
DIRECTOR 195.133.20.192 
RECEPTION 195.133.20.192 
ALEXEY 195.133.20.192 
VADIM 195.133.20.192 
ALEXANDER 195.133.20.192 
ACRONIS 195.133.20.192 
OPERATOR 195.133.20.192 
MAXIM 195.133.20.192 
BUHGALTER1 195.133.20.192 
AEGIDIUS 81.45.139.22 
PRINT 195.133.20.192 
ADMIN2 195.133.20.192 
MASTER 195.133.20.192 
TERM 195.133.20.192 
PRINTER 195.133.20.192 
CUSTOMER 195.133.20.192 
OLEKSANDR 195.133.20.192 
MISHA 195.133.20.192 
ALINA 195.133.20.192 
NATALI 195.133.20.192 
ALLA 195.133.20.192 
OFFICE 195.133.20.192 
VLADIMIR 195.133.20.192 
VITALIY 195.133.20.192 
ANDREW 195.133.20.192 
KASSA1 195.133.20.192 
VIKA 195.133.20.192 
SVETLANA 195.133.20.192 
YAROSLAV 195.133.20.192 
MANAGER2 195.133.20.192 
PAVEL 195.133.20.192 
TERM2 195.133.20.192 
TERM1 195.133.20.192 
AEICT 81.45.139.22 
BUH1 195.133.20.192 
ROMA 195.133.20.192 
GUEST 195.133.20.192 
SANYA 195.133.20.192 
SERGIY 195.133.20.192 
LILI 195.133.20.192 
AUDITOR 195.133.20.192 
YURIY 195.133.20.192 
MAKSIM 195.133.20.192 
PETER 195.133.20.192 
OLYA 195.133.20.192 
WORK 195.133.20.192 
NICK 195.133.20.192 
ALEKSANDRA 195.133.20.192 
TEST2 195.133.20.192 
TERA 195.133.20.192 
APTEKA3 195.133.20.192 
DMYTRO 195.133.20.192 
CHIP 195.133.20.192 
MORY 195.133.20.192 
ERIKA 195.133.20.192 
ALEXANDR 195.133.20.192 
YUDIN 195.133.20.192 
MANAGMENT 195.133.20.192 
MINER 195.133.20.192 
RIG 195.133.20.192 
FTP_USER 195.133.20.192 
BUHOFFICE 195.133.20.192 
YULIYA 195.133.20.192 
ALEKSEY 195.133.20.192 
YARIK 195.133.20.192 
ANDRIY 195.133.20.192 
REASERCHER 195.133.20.192 
CLIENT 195.133.20.192 
BAZA 195.133.20.192 
VIKTORIA 195.133.20.192 
NATALIA 195.133.20.192 
VOVA 195.133.20.192 
BUHGALTER3 195.133.20.192 
BUHGALTER2 195.133.20.192 
USERADM 195.133.20.192 
OLEKSIY 195.133.20.192 
TECH 195.133.20.192 
SEMEN 195.133.20.192 
GALYNA 195.133.20.192 
OLENA 195.133.20.192 
OLEKSANDRA 195.133.20.192 
AEMILIUS 81.45.139.22 
TARAS 195.133.20.192 
YULYA 195.133.20.192 
LOCALHOST 195.133.20.192 
LENOVO 195.133.20.192 
ALEKSANDR 195.133.20.192 
NIKITA 195.133.20.192 
AUDIT 195.133.20.192 
FTPUSER 195.133.20.192 
SUPERVISOR 195.133.20.192 
MAGAZIN 195.133.20.192 
KATRIN 195.133.20.192 
TESTER 195.133.20.192 
KATERINA 195.133.20.192 
EVGENIY 195.133.20.192 
ELINA 195.133.20.192 
TESTUSER 195.133.20.192 
MIHEY 195.133.20.192 
NASTYA 195.133.20.192 
YURA 195.133.20.192 
STARLINK 195.133.20.192 
VALENTYN 195.133.20.192 
KRISTINA 195.133.20.192 
LUDMILA 195.133.20.192 
DENIS 195.133.20.192 
GLBUH 195.133.20.192 
REMOTE 195.133.20.192 
LARISA 195.133.20.192 
BUCH 195.133.20.192 
DELL 195.133.20.192 
JACK 195.133.20.192 
MAKS 195.133.20.192 
WEBUSER 195.133.20.192 
VALYA 195.133.20.192 
ANDREJ 195.133.20.192 
OLEH 195.133.20.192 
VOLODYA 195.133.20.192 
ADMINISTRATOR 195.133.20.192 
USER 195.133.20.192 
ADMIN 195.133.20.192 
SERVER 195.133.20.192 
USER2 195.133.20.192 
ALEX 195.133.20.192 
MANAGER 195.133.20.192 
USER3 195.133.20.192 
IT 195.133.20.192 
AERT 81.45.139.22 
DEVELOPER 195.133.20.192 
DEV 195.133.20.192 
USER01 195.133.20.192 
IGOR 195.133.20.192 
BUHGALTER 195.133.20.192 
SUPPORT 195.133.20.192 
SERGEY 195.133.20.192 
COMPUTER 195.133.20.192 
SERG 195.133.20.192 
OLGA 195.133.20.192 
ANDREY 195.133.20.192 
TANYA 195.133.20.192 
DIMA 195.133.20.192 
ELENA 195.133.20.192 
ROMAN 195.133.20.192 
IVAN 195.133.20.192 
ARTEM 195.133.20.192 
OKSANA 195.133.20.192 
USER1 195.133.20.192 
KASSA 195.133.20.192 
SYSADMIN 195.133.20.192 
KATYA 195.133.20.192 
AFIF 81.45.139.22 
VIDEO 195.133.20.192 
BOSS 195.133.20.192 
ROOT 195.133.20.192 
BUH2 195.133.20.192 
NATASHA 195.133.20.192 
BACKUP 195.133.20.192 
ALENA 195.133.20.192 
IRINA 195.133.20.192 
BOGDAN 195.133.20.192 
DASHA 195.133.20.192 
LENA 195.133.20.192 
ANNA 195.133.20.192 
VIKTOR 195.133.20.192 
RUSLAN 195.133.20.192 
MARINA 195.133.20.192 
OLEG 195.133.20.192 
ANTON 195.133.20.192 
RESEARCH 195.133.20.192 
BUHGATER 195.133.20.192 
NAZAR 195.133.20.192 
SASHA 195.133.20.192 
VOLODYMYR 195.133.20.192 
SVETA 195.133.20.192 
AFSAL 81.45.139.22 
DIRECTOR 195.133.20.192 
RECEPTION 195.133.20.192 
ALEXEY 195.133.20.192 
VADIM 195.133.20.192 
ALEXANDER 195.133.20.192 
ACRONIS 195.133.20.192 
OPERATOR 195.133.20.192 
MAXIM 195.133.20.192 
BUHGALTER1 195.133.20.192 
PRINT 195.133.20.192 
ADMIN2 195.133.20.192 
MASTER 195.133.20.192 
TERM 195.133.20.192 
PRINTER 195.133.20.192 
CUSTOMER 195.133.20.192 
OLEKSANDR 195.133.20.192 
MISHA 195.133.20.192 
ALINA 195.133.20.192 
NATALI 195.133.20.192 
ALLA 195.133.20.192 
OFFICE 195.133.20.192 
VLADIMIR 195.133.20.192 
VITALIY 195.133.20.192 
AGAATH 81.45.139.22 
ANDREW 195.133.20.192 
KASSA1 195.133.20.192 
VIKA 195.133.20.192 
SVETLANA 195.133.20.192 
YAROSLAV 195.133.20.192 
MANAGER2 195.133.20.192 
PAVEL 195.133.20.192 
TERM2 195.133.20.192 
TERM1 195.133.20.192 
BUH1 195.133.20.192 
ROMA 195.133.20.192 
GUEST 195.133.20.192 
SANYA 195.133.20.192 
SERGIY 195.133.20.192 
LILI 195.133.20.192 
AUDITOR 195.133.20.192 
YURIY 195.133.20.192 
MAKSIM 195.133.20.192 
PETER 195.133.20.192 
OLYA 195.133.20.192 
WORK 195.133.20.192 
NICK 195.133.20.192 
ALEKSANDRA 195.133.20.192 
AGATHA 81.45.139.22 
TEST2 195.133.20.192 
TERA 195.133.20.192 
APTEKA3 195.133.20.192 
DMYTRO 195.133.20.192 
CHIP 195.133.20.192 
MORY 195.133.20.192 
ERIKA 195.133.20.192 
ALEXANDR 195.133.20.192 
YUDIN 195.133.20.192 
MANAGMENT 195.133.20.192 
MINER 195.133.20.192 
RIG 195.133.20.192 
FTP_USER 195.133.20.192 
BUHOFFICE 195.133.20.192 
YULIYA 195.133.20.192 
ALEKSEY 195.133.20.192 
YARIK 195.133.20.192 
ANDRIY 195.133.20.192 
REASERCHER 195.133.20.192 
CLIENT 195.133.20.192 
BAZA 195.133.20.192 
VIKTORIA 195.133.20.192 
NATALIA 195.133.20.192 
AGEETH 81.45.139.22 
VOVA 195.133.20.192 
BUHGALTER3 195.133.20.192 
BUHGALTER2 195.133.20.192 
USERADM 195.133.20.192 
OLEKSIY 195.133.20.192 
TECH 195.133.20.192 
SEMEN 195.133.20.192 
GALYNA 195.133.20.192 
OLENA 195.133.20.192 
OLEKSANDRA 195.133.20.192 
TARAS 195.133.20.192 
YULYA 195.133.20.192 
LOCALHOST 195.133.20.192 
LENOVO 195.133.20.192 
ALEKSANDR 195.133.20.192 
NIKITA 195.133.20.192 
AUDIT 195.133.20.192 
FTPUSER 195.133.20.192 
SUPERVISOR 195.133.20.192 
MAGAZIN 195.133.20.192 
KATRIN 195.133.20.192 
TESTER 195.133.20.192 
KATERINA 195.133.20.192 
EVGENIY 195.133.20.192 
ELINA 195.133.20.192 
TESTUSER 195.133.20.192 
MIHEY 195.133.20.192 
NASTYA 195.133.20.192 
YURA 195.133.20.192 
STARLINK 195.133.20.192 
VALENTYN 195.133.20.192 
KRISTINA 195.133.20.192 
LUDMILA 195.133.20.192 
DENIS 195.133.20.192 
GLBUH 195.133.20.192 
REMOTE 195.133.20.192 
LARISA 195.133.20.192 
BUCH 195.133.20.192 
DELL 195.133.20.192 
JACK 195.133.20.192 
MAKS 195.133.20.192 
WEBUSER 195.133.20.192 
VALYA 195.133.20.192 
ANDREJ 195.133.20.192 
OLEH 195.133.20.192 
VOLODYA 195.133.20.192 
ADMINISTRATOR 195.133.20.192 
USER 195.133.20.192 
ADMIN 195.133.20.192 
SERVER 195.133.20.192 
USER2 195.133.20.192 
ALEX 195.133.20.192 
MANAGER 195.133.20.192 
USER3 195.133.20.192 
IT 195.133.20.192 
DEVELOPER 195.133.20.192 
DEV 195.133.20.192 
USER01 195.133.20.192 
IGOR 195.133.20.192 
BUHGALTER 195.133.20.192 
SUPPORT 195.133.20.192 
SERGEY 195.133.20.192 
COMPUTER 195.133.20.192 
SERG 195.133.20.192 
OLGA 195.133.20.192 
ANDREY 195.133.20.192 
TANYA 195.133.20.192 
DIMA 195.133.20.192 
ELENA 195.133.20.192 
AGENT2 81.45.139.22 
ROMAN 195.133.20.192 
IVAN 195.133.20.192 
ARTEM 195.133.20.192 
OKSANA 195.133.20.192 
USER1 195.133.20.192 
KASSA 195.133.20.192 
SYSADMIN 195.133.20.192 
KATYA 195.133.20.192 
VIDEO 195.133.20.192 
BOSS 195.133.20.192 
ROOT 195.133.20.192 
BUH2 195.133.20.192 
NATASHA 195.133.20.192 
BACKUP 195.133.20.192 
ALENA 195.133.20.192 
IRINA 195.133.20.192 
BOGDAN 195.133.20.192 
DASHA 195.133.20.192 
LENA 195.133.20.192 
ANNA 195.133.20.192 
VIKTOR 195.133.20.192 
RUSLAN 195.133.20.192 
MARINA 195.133.20.192 
AGENT3 81.45.139.22 
ANTON 195.133.20.192 
RESEARCH 195.133.20.192 
BUHGATER 195.133.20.192 
NAZAR 195.133.20.192 
SASHA 195.133.20.192 
VOLODYMYR 195.133.20.192 
SVETA 195.133.20.192 
GLAVBUH 195.133.20.192 
DIRECTOR 195.133.20.192 
RECEPTION 195.133.20.192 
ALEXEY 195.133.20.192 
VADIM 195.133.20.192 
ALEXANDER 195.133.20.192 
ACRONIS 195.133.20.192 
OPERATOR 195.133.20.192 
MAXIM 195.133.20.192 
BUHGALTER1 195.133.20.192 
PRINT 195.133.20.192 
ADMIN2 195.133.20.192 
MASTER 195.133.20.192 
TERM 195.133.20.192 
PRINTER 195.133.20.192 
CUSTOMER 195.133.20.192 
OLEKSANDR 195.133.20.192 
MISHA 195.133.20.192 
ALINA 195.133.20.192 
NATALI 195.133.20.192 
ALLA 195.133.20.192 
OFFICE 195.133.20.192 
VLADIMIR 195.133.20.192 
VITALIY 195.133.20.192 
ANDREW 195.133.20.192 
KASSA1 195.133.20.192 
VIKA 195.133.20.192 
SVETLANA 195.133.20.192 
YAROSLAV 195.133.20.192 
MANAGER2 195.133.20.192 
PAVEL 195.133.20.192 
TERM2 195.133.20.192 
TERM1 195.133.20.192 
BUH1 195.133.20.192 
ROMA 195.133.20.192 
GUEST 195.133.20.192 
SANYA 195.133.20.192 
SERGIY 195.133.20.192 
LILI 195.133.20.192 
AGNES 81.45.139.22 
AUDITOR 195.133.20.192 
YURIY 195.133.20.192 
MAKSIM 195.133.20.192 
PETER 195.133.20.192 
OLYA 195.133.20.192 
WORK 195.133.20.192 
NICK 195.133.20.192 
ALEKSANDRA 195.133.20.192 
TEST2 195.133.20.192 
TERA 195.133.20.192 
APTEKA3 195.133.20.192 
DMYTRO 195.133.20.192 
CHIP 195.133.20.192 
MORY 195.133.20.192 
ERIKA 195.133.20.192 
ALEXANDR 195.133.20.192 
YUDIN 195.133.20.192 
MANAGMENT 195.133.20.192 
MINER 195.133.20.192 
RIG 195.133.20.192 
FTP_USER 195.133.20.192 
BUHOFFICE 195.133.20.192 
YULIYA 195.133.20.192 
ALEKSEY 195.133.20.192 
YARIK 195.133.20.192 
ANDRIY 195.133.20.192 
REASERCHER 195.133.20.192 
CLIENT 195.133.20.192 
BAZA 195.133.20.192 
VIKTORIA 195.133.20.192 
NATALIA 195.133.20.192 
VOVA 195.133.20.192 
BUHGALTER3 195.133.20.192 
BUHGALTER2 195.133.20.192 
USERADM 195.133.20.192 
OLEKSIY 195.133.20.192 
TECH 195.133.20.192 
SEMEN 195.133.20.192 
GALYNA 195.133.20.192 
OLENA 195.133.20.192 
OLEKSANDRA 195.133.20.192 
TARAS 195.133.20.192 
YULYA 195.133.20.192 
LOCALHOST 195.133.20.192 
LENOVO 195.133.20.192 
ALEKSANDR 195.133.20.192 
NIKITA 195.133.20.192 
AUDIT 195.133.20.192 
FTPUSER 195.133.20.192 
SUPERVISOR 195.133.20.192 
MAGAZIN 195.133.20.192 
KATRIN 195.133.20.192 
TESTER 195.133.20.192 
KATERINA 195.133.20.192 
EVGENIY 195.133.20.192 
ELINA 195.133.20.192 
TESTUSER 195.133.20.192 
MIHEY 195.133.20.192 
NASTYA 195.133.20.192 
YURA 195.133.20.192 
STARLINK 195.133.20.192 
VALENTYN 195.133.20.192 
KRISTINA 195.133.20.192 
LUDMILA 195.133.20.192 
DENIS 195.133.20.192 
GLBUH 195.133.20.192 
REMOTE 195.133.20.192 
LARISA 195.133.20.192 
BUCH 195.133.20.192 
DELL 195.133.20.192 
AHMET 81.45.139.22 
JACK 195.133.20.192 
MAKS 195.133.20.192 
WEBUSER 195.133.20.192 
VALYA 195.133.20.192 
ANDREJ 195.133.20.192 
OLEH 195.133.20.192 
VOLODYA 195.133.20.192 
ADMINISTRATOR 195.133.20.192 
USER 195.133.20.192 
ADMIN 195.133.20.192 
SERVER 195.133.20.192 
USER2 195.133.20.192 
ALEX 195.133.20.192 
MANAGER 195.133.20.192 
USER3 195.133.20.192 
IT 195.133.20.192 
DEVELOPER 195.133.20.192 
DEV 195.133.20.192 
USER01 195.133.20.192 
IGOR 195.133.20.192 
BUHGALTER 195.133.20.192 
SUPPORT 195.133.20.192 
SERGEY 195.133.20.192 
AHRENDS 81.45.139.22 
COMPUTER 195.133.20.192 
SERG 195.133.20.192 
OLGA 195.133.20.192 
ANDREY 195.133.20.192 
TANYA 195.133.20.192 
DIMA 195.133.20.192 
ELENA 195.133.20.192 
ROMAN 195.133.20.192 
IVAN 195.133.20.192 
ARTEM 195.133.20.192 
OKSANA 195.133.20.192 
USER1 195.133.20.192 
KASSA 195.133.20.192 
SYSADMIN 195.133.20.192 
KATYA 195.133.20.192 
VIDEO 195.133.20.192 
BOSS 195.133.20.192 
ROOT 195.133.20.192 
BUH2 195.133.20.192 
NATASHA 195.133.20.192 
BACKUP 195.133.20.192 
ALENA 195.133.20.192 
IRINA 195.133.20.192 
BOGDAN 195.133.20.192 
DASHA 195.133.20.192 
LENA 195.133.20.192 
ANNA 195.133.20.192 
VIKTOR 195.133.20.192 
RUSLAN 195.133.20.192 
MARINA 195.133.20.192 
OLEG 195.133.20.192 
ANTON 195.133.20.192 
RESEARCH 195.133.20.192 
BUHGATER 195.133.20.192 
NAZAR 195.133.20.192 
SASHA 195.133.20.192 
VOLODYMYR 195.133.20.192 
SVETA 195.133.20.192 
GLAVBUH 195.133.20.192 
DIRECTOR 195.133.20.192 
RECEPTION 195.133.20.192 
ALEXEY 195.133.20.192 
VADIM 195.133.20.192 
ALEXANDER 195.133.20.192 
ACRONIS 195.133.20.192 
OPERATOR 195.133.20.192 
MAXIM 195.133.20.192 
AIDEN 81.45.139.22 
BUHGALTER1 195.133.20.192 
PRINT 195.133.20.192 
ADMIN2 195.133.20.192 
MASTER 195.133.20.192 
TERM 195.133.20.192 
PRINTER 195.133.20.192 
CUSTOMER 195.133.20.192 
OLEKSANDR 195.133.20.192 
MISHA 195.133.20.192 
ALINA 195.133.20.192 
NATALI 195.133.20.192 
ALLA 195.133.20.192 
OFFICE 195.133.20.192 
VLADIMIR 195.133.20.192 
VITALIY 195.133.20.192 
ANDREW 195.133.20.192 
KASSA1 195.133.20.192 
VIKA 195.133.20.192 
SVETLANA 195.133.20.192 
YAROSLAV 195.133.20.192 
MANAGER2 195.133.20.192 
PAVEL 195.133.20.192 
AIMEE 81.45.139.22 
TERM2 195.133.20.192 
TERM1 195.133.20.192 
BUH1 195.133.20.192 
ROMA 195.133.20.192 
GUEST 195.133.20.192 
SANYA 195.133.20.192 
SERGIY 195.133.20.192 
LILI 195.133.20.192 
AUDITOR 195.133.20.192 
YURIY 195.133.20.192 
MAKSIM 195.133.20.192 
PETER 195.133.20.192 
OLYA 195.133.20.192 
WORK 195.133.20.192 
NICK 195.133.20.192 
ALEKSANDRA 195.133.20.192 
TEST2 195.133.20.192 
TERA 195.133.20.192 
APTEKA3 195.133.20.192 
DMYTRO 195.133.20.192 
CHIP 195.133.20.192 
MORY 195.133.20.192 
ERIKA 195.133.20.192 
AISHA 81.45.139.22 
YUDIN 195.133.20.192 
MANAGMENT 195.133.20.192 
MINER 195.133.20.192 
RIG 195.133.20.192 
FTP_USER 195.133.20.192 
BUHOFFICE 195.133.20.192 
YULIYA 195.133.20.192 
ALEKSEY 195.133.20.192 
YARIK 195.133.20.192 
ANDRIY 195.133.20.192 
REASERCHER 195.133.20.192 
CLIENT 195.133.20.192 
BAZA 195.133.20.192 
VIKTORIA 195.133.20.192 
NATALIA 195.133.20.192 
VOVA 195.133.20.192 
BUHGALTER3 195.133.20.192 
BUHGALTER2 195.133.20.192 
USERADM 195.133.20.192 
OLEKSIY 195.133.20.192 
TECH 195.133.20.192 
SEMEN 195.133.20.192 
AKKERMJ 81.45.139.22 
GALYNA 195.133.20.192 
OLENA 195.133.20.192 
OLEKSANDRA 195.133.20.192 
TARAS 195.133.20.192 
YULYA 195.133.20.192 
LOCALHOST 195.133.20.192 
LENOVO 195.133.20.192 
ALEKSANDR 195.133.20.192 
NIKITA 195.133.20.192 
AUDIT 195.133.20.192 
FTPUSER 195.133.20.192 
SUPERVISOR 195.133.20.192 
MAGAZIN 195.133.20.192 
KATRIN 195.133.20.192 
TESTER 195.133.20.192 
KATERINA 195.133.20.192 
EVGENIY 195.133.20.192 
ELINA 195.133.20.192 
TESTUSER 195.133.20.192 
MIHEY 195.133.20.192 
NASTYA 195.133.20.192 
YURA 195.133.20.192 
ALAA 81.45.139.22 
STARLINK 195.133.20.192 
VALENTYN 195.133.20.192 
KRISTINA 195.133.20.192 
LUDMILA 195.133.20.192 
DENIS 195.133.20.192 
GLBUH 195.133.20.192 
REMOTE 195.133.20.192 
LARISA 195.133.20.192 
BUCH 195.133.20.192 
DELL 195.133.20.192 
JACK 195.133.20.192 
MAKS 195.133.20.192 
WEBUSER 195.133.20.192 
VALYA 195.133.20.192 
ANDREJ 195.133.20.192 
OLEH 195.133.20.192 
VOLODYA 195.133.20.192 
ADMINISTRATOR 195.133.20.192 
USER 195.133.20.192 
ADMIN 195.133.20.192 
SERVER 195.133.20.192 
USER2 195.133.20.192 
ALAERT 81.45.139.22 
ALEX 195.133.20.192 
MANAGER 195.133.20.192 
USER3 195.133.20.192 
IT 195.133.20.192 
DEVELOPER 195.133.20.192 
DEV 195.133.20.192 
USER01 195.133.20.192 
IGOR 195.133.20.192 
BUHGALTER 195.133.20.192 
SUPPORT 195.133.20.192 
SERGEY 195.133.20.192 
COMPUTER 195.133.20.192 
SERG 195.133.20.192 
OLGA 195.133.20.192 
ANDREY 195.133.20.192 
TANYA 195.133.20.192 
DIMA 195.133.20.192 
ELENA 195.133.20.192 
ROMAN 195.133.20.192 
IVAN 195.133.20.192 
ARTEM 195.133.20.192 
OKSANA 195.133.20.192 
USER1 195.133.20.192 
KASSA 195.133.20.192 
SYSADMIN 195.133.20.192 
KATYA 195.133.20.192 
VIDEO 195.133.20.192 
BOSS 195.133.20.192 
ROOT 195.133.20.192 
BUH2 195.133.20.192 
NATASHA 195.133.20.192 
BACKUP 195.133.20.192 
ALENA 195.133.20.192 
IRINA 195.133.20.192 
BOGDAN 195.133.20.192 
DASHA 195.133.20.192 
LENA 195.133.20.192 
ANNA 195.133.20.192 
VIKTOR 195.133.20.192 
RUSLAN 195.133.20.192 
MARINA 195.133.20.192 
OLEG 195.133.20.192 
ANTON 195.133.20.192 
RESEARCH 195.133.20.192 
BUHGATER 195.133.20.192 
NAZAR 195.133.20.192 
SASHA 195.133.20.192 
ALAHMAR 81.45.139.22 
VOLODYMYR 195.133.20.192 
SVETA 195.133.20.192 
GLAVBUH 195.133.20.192 
DIRECTOR 195.133.20.192 
RECEPTION 195.133.20.192 
ALEXEY 195.133.20.192 
VADIM 195.133.20.192 
ALEXANDER 195.133.20.192 
ACRONIS 195.133.20.192 
OPERATOR 195.133.20.192 
MAXIM 195.133.20.192 
BUHGALTER1 195.133.20.192 
PRINT 195.133.20.192 
ADMIN2 195.133.20.192 
MASTER 195.133.20.192 
TERM 195.133.20.192 
PRINTER 195.133.20.192 
CUSTOMER 195.133.20.192 
OLEKSANDR 195.133.20.192 
MISHA 195.133.20.192 
ALINA 195.133.20.192 
NATALI 195.133.20.192 
ALLA 195.133.20.192 
ALAIN 81.45.139.22 
OFFICE 195.133.20.192 
VLADIMIR 195.133.20.192 
VITALIY 195.133.20.192 
ANDREW 195.133.20.192 
KASSA1 195.133.20.192 
VIKA 195.133.20.192 
SVETLANA 195.133.20.192 
YAROSLAV 195.133.20.192 
MANAGER2 195.133.20.192 
PAVEL 195.133.20.192 
TERM2 195.133.20.192 
TERM1 195.133.20.192 
BUH1 195.133.20.192 
ROMA 195.133.20.192 
GUEST 195.133.20.192 
SANYA 195.133.20.192 
SERGIY 195.133.20.192 
LILI 195.133.20.192 
AUDITOR 195.133.20.192 
YURIY 195.133.20.192 
MAKSIM 195.133.20.192 
PETER 195.133.20.192 
OLYA 195.133.20.192 
ALAMAR 81.45.139.22 
WORK 195.133.20.192 
NICK 195.133.20.192 
ALEKSANDRA 195.133.20.192 
TEST2 195.133.20.192 
TERA 195.133.20.192 
APTEKA3 195.133.20.192 
DMYTRO 195.133.20.192 
CHIP 195.133.20.192 
MORY 195.133.20.192 
ERIKA 195.133.20.192 
ALEXANDR 195.133.20.192 
YUDIN 195.133.20.192 
MANAGMENT 195.133.20.192 
MINER 195.133.20.192 
RIG 195.133.20.192 
FTP_USER 195.133.20.192 
BUHOFFICE 195.133.20.192 
YULIYA 195.133.20.192 
ALEKSEY 195.133.20.192 
YARIK 195.133.20.192 
ANDRIY 195.133.20.192 
REASERCHER 195.133.20.192 
ALAN 81.45.139.22 
CLIENT 195.133.20.192 
BAZA 195.133.20.192 
VIKTORIA 195.133.20.192 
NATALIA 195.133.20.192 
VOVA 195.133.20.192 
BUHGALTER3 195.133.20.192 
BUHGALTER2 195.133.20.192 
USERADM 195.133.20.192 
OLEKSIY 195.133.20.192 
TECH 195.133.20.192 
SEMEN 195.133.20.192 
GALYNA 195.133.20.192 
OLENA 195.133.20.192 
OLEKSANDRA 195.133.20.192 
TARAS 195.133.20.192 
YULYA 195.133.20.192 
LOCALHOST 195.133.20.192 
LENOVO 195.133.20.192 
ALEKSANDR 195.133.20.192 
NIKITA 195.133.20.192 
AUDIT 195.133.20.192 
FTPUSER 195.133.20.192 
SUPERVISOR 195.133.20.192 
MAGAZIN 195.133.20.192 
KATRIN 195.133.20.192 
TESTER 195.133.20.192 
KATERINA 195.133.20.192 
EVGENIY 195.133.20.192 
ELINA 195.133.20.192 
TESTUSER 195.133.20.192 
MIHEY 195.133.20.192 
NASTYA 195.133.20.192 
YURA 195.133.20.192 
STARLINK 195.133.20.192 
VALENTYN 195.133.20.192 
KRISTINA 195.133.20.192 
LUDMILA 195.133.20.192 
DENIS 195.133.20.192 
GLBUH 195.133.20.192 
REMOTE 195.133.20.192 
LARISA 195.133.20.192 
BUCH 195.133.20.192 
DELL 195.133.20.192 
JACK 195.133.20.192 
MAKS 195.133.20.192 
WEBUSER 195.133.20.192 
ALARDS 81.45.139.22 
VALYA 195.133.20.192 
ANDREJ 195.133.20.192 
OLEH 195.133.20.192 
VOLODYA 195.133.20.192 
ADMINISTRATOR 195.133.20.192 
USER 195.133.20.192 
ADMIN 195.133.20.192 
SERVER 195.133.20.192 
USER2 195.133.20.192 
ALEX 195.133.20.192 
MANAGER 195.133.20.192 
USER3 195.133.20.192 
IT 195.133.20.192 
DEVELOPER 195.133.20.192 
DEV 195.133.20.192 
USER01 195.133.20.192 
IGOR 195.133.20.192 
BUHGALTER 195.133.20.192 
SUPPORT 195.133.20.192 
SERGEY 195.133.20.192 
COMPUTER 195.133.20.192 
SERG 195.133.20.192 
OLGA 195.133.20.192 
ALBERT 81.45.139.22 
ANDREY 195.133.20.192 
TANYA 195.133.20.192 
DIMA 195.133.20.192 
ELENA 195.133.20.192 
ROMAN 195.133.20.192 
IVAN 195.133.20.192 
ARTEM 195.133.20.192 
OKSANA 195.133.20.192 
USER1 195.133.20.192 
KASSA 195.133.20.192 
SYSADMIN 195.133.20.192 
KATYA 195.133.20.192 
VIDEO 195.133.20.192 
BOSS 195.133.20.192 
ROOT 195.133.20.192 
BUH2 195.133.20.192 
NATASHA 195.133.20.192 
BACKUP 195.133.20.192 
ALENA 195.133.20.192 
IRINA 195.133.20.192 
BOGDAN 195.133.20.192 
DASHA 195.133.20.192 
LENA 195.133.20.192 
ALBERTA 81.45.139.22 
ANNA 195.133.20.192 
VIKTOR 195.133.20.192 
RUSLAN 195.133.20.192 
MARINA 195.133.20.192 
OLEG 195.133.20.192 
ANTON 195.133.20.192 
RESEARCH 195.133.20.192 
BUHGATER 195.133.20.192 
NAZAR 195.133.20.192 
SASHA 195.133.20.192 
VOLODYMYR 195.133.20.192 
SVETA 195.133.20.192 
GLAVBUH 195.133.20.192 
DIRECTOR 195.133.20.192 
RECEPTION 195.133.20.192 
ALEXEY 195.133.20.192 
VADIM 195.133.20.192 
ALEXANDER 195.133.20.192 
ACRONIS 195.133.20.192 
OPERATOR 195.133.20.192 
MAXIM 195.133.20.192 
BUHGALTER1 195.133.20.192 
ALBERTINA 81.45.139.22 
PRINT 195.133.20.192 
ADMIN2 195.133.20.192 
MASTER 195.133.20.192 
TERM 195.133.20.192 
PRINTER 195.133.20.192 
CUSTOMER 195.133.20.192 
OLEKSANDR 195.133.20.192 
MISHA 195.133.20.192 
ALINA 195.133.20.192 
NATALI 195.133.20.192 
ALLA 195.133.20.192 
OFFICE 195.133.20.192 
VLADIMIR 195.133.20.192 
VITALIY 195.133.20.192 
ANDREW 195.133.20.192 
KASSA1 195.133.20.192 
VIKA 195.133.20.192 
SVETLANA 195.133.20.192 
YAROSLAV 195.133.20.192 
MANAGER2 195.133.20.192 
PAVEL 195.133.20.192 
TERM2 195.133.20.192 
TERM1 195.133.20.192 
ALBERTUS 81.45.139.22 
BUH1 195.133.20.192 
ROMA 195.133.20.192 
GUEST 195.133.20.192 
SANYA 195.133.20.192 
SERGIY 195.133.20.192 
LILI 195.133.20.192 
AUDITOR 195.133.20.192 
YURIY 195.133.20.192 
MAKSIM 195.133.20.192 
PETER 195.133.20.192 
OLYA 195.133.20.192 
WORK 195.133.20.192 
NICK 195.133.20.192 
ALEKSANDRA 195.133.20.192 
TEST2 195.133.20.192 
TERA 195.133.20.192 
APTEKA3 195.133.20.192 
DMYTRO 195.133.20.192 
CHIP 195.133.20.192 
MORY 195.133.20.192 
ERIKA 195.133.20.192 
ALEXANDR 195.133.20.192 
YUDIN 195.133.20.192 
ALBRECHT 81.45.139.22 
MANAGMENT 195.133.20.192 
MINER 195.133.20.192 
RIG 195.133.20.192 
FTP_USER 195.133.20.192 
BUHOFFICE 195.133.20.192 
YULIYA 195.133.20.192 
ALEKSEY 195.133.20.192 
YARIK 195.133.20.192 
ANDRIY 195.133.20.192 
REASERCHER 195.133.20.192 
CLIENT 195.133.20.192 
BAZA 195.133.20.192 
VIKTORIA 195.133.20.192 
NATALIA 195.133.20.192 
VOVA 195.133.20.192 
BUHGALTER3 195.133.20.192 
BUHGALTER2 195.133.20.192 
USERADM 195.133.20.192 
OLEKSIY 195.133.20.192 
TECH 195.133.20.192 
SEMEN 195.133.20.192 
GALYNA 195.133.20.192 
ALBRECHTA 81.45.139.22 
OLENA 195.133.20.192 
OLEKSANDRA 195.133.20.192 
TARAS 195.133.20.192 
YULYA 195.133.20.192 
LOCALHOST 195.133.20.192 
LENOVO 195.133.20.192 
ALEKSANDR 195.133.20.192 
NIKITA 195.133.20.192 
AUDIT 195.133.20.192 
FTPUSER 195.133.20.192 
SUPERVISOR 195.133.20.192 
MAGAZIN 195.133.20.192 
KATRIN 195.133.20.192 
TESTER 195.133.20.192 
KATERINA 195.133.20.192 
EVGENIY 195.133.20.192 
ELINA 195.133.20.192 
TESTUSER 195.133.20.192 
MIHEY 195.133.20.192 
NASTYA 195.133.20.192 
YURA 195.133.20.192 
STARLINK 195.133.20.192 
VALENTYN 195.133.20.192 
ALBRON 81.45.139.22 
KRISTINA 195.133.20.192 
LUDMILA 195.133.20.192 
DENIS 195.133.20.192 
GLBUH 195.133.20.192 
REMOTE 195.133.20.192 
LARISA 195.133.20.192 
BUCH 195.133.20.192 
DELL 195.133.20.192 
JACK 195.133.20.192 
MAKS 195.133.20.192 
WEBUSER 195.133.20.192 
VALYA 195.133.20.192 
ANDREJ 195.133.20.192 
OLEH 195.133.20.192 
VOLODYA 195.133.20.192 
ADMINISTRATOR 195.133.20.192 
USER 195.133.20.192 
ADMIN 195.133.20.192 
SERVER 195.133.20.192 
USER2 195.133.20.192 
ALEX 195.133.20.192 
MANAGER 195.133.20.192 
ALDEGONDA 81.45.139.22 
USER3 195.133.20.192 
IT 195.133.20.192 
DEVELOPER 195.133.20.192 
DEV 195.133.20.192 
USER01 195.133.20.192 
IGOR 195.133.20.192 
BUHGALTER 195.133.20.192 
SUPPORT 195.133.20.192 
SERGEY 195.133.20.192 
COMPUTER 195.133.20.192 
SERG 195.133.20.192 
OLGA 195.133.20.192 
ANDREY 195.133.20.192 
TANYA 195.133.20.192 
DIMA 195.133.20.192 
ELENA 195.133.20.192 
ROMAN 195.133.20.192 
IVAN 195.133.20.192 
ARTEM 195.133.20.192 
OKSANA 195.133.20.192 
USER1 195.133.20.192 
KASSA 195.133.20.192 
ALDEMAR 81.45.139.22 
SYSADMIN 195.133.20.192 
KATYA 195.133.20.192 
VIDEO 195.133.20.192 
BOSS 195.133.20.192 
ROOT 195.133.20.192 
BUH2 195.133.20.192 
NATASHA 195.133.20.192 
BACKUP 195.133.20.192 
ALENA 195.133.20.192 
IRINA 195.133.20.192 
BOGDAN 195.133.20.192 
DASHA 195.133.20.192 
LENA 195.133.20.192 
ANNA 195.133.20.192 
VIKTOR 195.133.20.192 
RUSLAN 195.133.20.192 
MARINA 195.133.20.192 
OLEG 195.133.20.192 
ANTON 195.133.20.192 
RESEARCH 195.133.20.192 
BUHGATER 195.133.20.192 
NAZAR 195.133.20.192 
SASHA 195.133.20.192 
ALDERT 81.45.139.22 
VOLODYMYR 195.133.20.192 
SVETA 195.133.20.192 
GLAVBUH 195.133.20.192 
DIRECTOR 195.133.20.192 
RECEPTION 195.133.20.192 
ALEXEY 195.133.20.192 
VADIM 195.133.20.192 
ALEXANDER 195.133.20.192 
ACRONIS 195.133.20.192 
OPERATOR 195.133.20.192 
MAXIM 195.133.20.192 
BUHGALTER1 195.133.20.192 
PRINT 195.133.20.192 
ADMIN2 195.133.20.192 
MASTER 195.133.20.192 
TERM 195.133.20.192 
PRINTER 195.133.20.192 
CUSTOMER 195.133.20.192 
OLEKSANDR 195.133.20.192 
MISHA 195.133.20.192 
ALINA 195.133.20.192 
NATALI 195.133.20.192 
ALLA 195.133.20.192 
ALDRIK 81.45.139.22 
OFFICE 195.133.20.192 
VLADIMIR 195.133.20.192 
VITALIY 195.133.20.192 
ANDREW 195.133.20.192 
KASSA1 195.133.20.192 
VIKA 195.133.20.192 
SVETLANA 195.133.20.192 
YAROSLAV 195.133.20.192 
MANAGER2 195.133.20.192 
PAVEL 195.133.20.192 
TERM2 195.133.20.192 
TERM1 195.133.20.192 
BUH1 195.133.20.192 
ROMA 195.133.20.192 
GUEST 195.133.20.192 
SANYA 195.133.20.192 
SERGIY 195.133.20.192 
LILI 195.133.20.192 
AUDITOR 195.133.20.192 
YURIY 195.133.20.192 
MAKSIM 195.133.20.192 
PETER 195.133.20.192 
OLYA 195.133.20.192 
ALEC 81.45.139.22 
WORK 195.133.20.192 
NICK 195.133.20.192 
ALEKSANDRA 195.133.20.192 
TEST2 195.133.20.192 
TERA 195.133.20.192 
APTEKA3 195.133.20.192 
DMYTRO 195.133.20.192 
CHIP 195.133.20.192 
MORY 195.133.20.192 
ERIKA 195.133.20.192 
ALEXANDR 195.133.20.192 
YUDIN 195.133.20.192 
MANAGMENT 195.133.20.192 
MINER 195.133.20.192 
RIG 195.133.20.192 
FTP_USER 195.133.20.192 
BUHOFFICE 195.133.20.192 
YULIYA 195.133.20.192 
ALEKSEY 195.133.20.192 
YARIK 195.133.20.192 
ANDRIY 195.133.20.192 
REASERCHER 195.133.20.192 
CLIENT 195.133.20.192 
ALEID 81.45.139.22 
BAZA 195.133.20.192 
VIKTORIA 195.133.20.192 
NATALIA 195.133.20.192 
VOVA 195.133.20.192 
BUHGALTER3 195.133.20.192 
BUHGALTER2 195.133.20.192 
USERADM 195.133.20.192 
OLEKSIY 195.133.20.192 
TECH 195.133.20.192 
SEMEN 195.133.20.192 
GALYNA 195.133.20.192 
OLENA 195.133.20.192 
OLEKSANDRA 195.133.20.192 
TARAS 195.133.20.192 
YULYA 195.133.20.192 
LOCALHOST 195.133.20.192 
LENOVO 195.133.20.192 
ALEKSANDR 195.133.20.192 
NIKITA 195.133.20.192 
AUDIT 195.133.20.192 
FTPUSER 195.133.20.192 
SUPERVISOR 195.133.20.192 
MAGAZIN 195.133.20.192 
ALEIDA 81.45.139.22 
KATRIN 195.133.20.192 
TESTER 195.133.20.192 
KATERINA 195.133.20.192 
EVGENIY 195.133.20.192 
ELINA 195.133.20.192 
TESTUSER 195.133.20.192 
MIHEY 195.133.20.192 
NASTYA 195.133.20.192 
YURA 195.133.20.192 
STARLINK 195.133.20.192 
VALENTYN 195.133.20.192 
KRISTINA 195.133.20.192 
LUDMILA 195.133.20.192 
DENIS 195.133.20.192 
GLBUH 195.133.20.192 
REMOTE 195.133.20.192 
LARISA 195.133.20.192 
BUCH 195.133.20.192 
DELL 195.133.20.192 
JACK 195.133.20.192 
MAKS 195.133.20.192 
WEBUSER 195.133.20.192 
VALYA 195.133.20.192 
ALEIDE 81.45.139.22 
ANDREJ 195.133.20.192 
OLEH 195.133.20.192 
VOLODYA 195.133.20.192 
ADMINISTRATOR 195.133.20.192 
USER 195.133.20.192 
ADMIN 195.133.20.192 
SERVER 195.133.20.192 
USER2 195.133.20.192 
ALEX 195.133.20.192 
MANAGER 195.133.20.192 
USER3 195.133.20.192 
IT 195.133.20.192 
DEVELOPER 195.133.20.192 
DEV 195.133.20.192 
USER01 195.133.20.192 
IGOR 195.133.20.192 
BUHGALTER 195.133.20.192 
SUPPORT 195.133.20.192 
SERGEY 195.133.20.192 
COMPUTER 195.133.20.192 
SERG 195.133.20.192 
OLGA 195.133.20.192 
ALEIDIS 81.45.139.22 
ANDREY 195.133.20.192 
TANYA 195.133.20.192 
DIMA 195.133.20.192 
ELENA 195.133.20.192 
ROMAN 195.133.20.192 
IVAN 195.133.20.192 
ARTEM 195.133.20.192 
OKSANA 195.133.20.192 
USER1 195.133.20.192 
KASSA 195.133.20.192 
SYSADMIN 195.133.20.192 
KATYA 195.133.20.192 
VIDEO 195.133.20.192 
BOSS 195.133.20.192 
ROOT 195.133.20.192 
BUH2 195.133.20.192 
NATASHA 195.133.20.192 
BACKUP 195.133.20.192 
ALENA 195.133.20.192 
IRINA 195.133.20.192 
BOGDAN 195.133.20.192 
DASHA 195.133.20.192 
LENA 195.133.20.192 
ANNA 195.133.20.192 
ALERT 81.45.139.22 
VIKTOR 195.133.20.192 
RUSLAN 195.133.20.192 
MARINA 195.133.20.192 
OLEG 195.133.20.192 
ANTON 195.133.20.192 
RESEARCH 195.133.20.192 
BUHGATER 195.133.20.192 
NAZAR 195.133.20.192 
SASHA 195.133.20.192 
VOLODYMYR 195.133.20.192 
SVETA 195.133.20.192 
GLAVBUH 195.133.20.192 
DIRECTOR 195.133.20.192 
RECEPTION 195.133.20.192 
ALEXEY 195.133.20.192 
VADIM 195.133.20.192 
ALEXANDER 195.133.20.192 
ACRONIS 195.133.20.192 
OPERATOR 195.133.20.192 
MAXIM 195.133.20.192 
BUHGALTER1 195.133.20.192 
PRINT 195.133.20.192 
ADMIN2 195.133.20.192 
ALETTA 81.45.139.22 
MASTER 195.133.20.192 
TERM 195.133.20.192 
PRINTER 195.133.20.192 
CUSTOMER 195.133.20.192 
OLEKSANDR 195.133.20.192 
MISHA 195.133.20.192 
ALINA 195.133.20.192 
NATALI 195.133.20.192 
ALLA 195.133.20.192 
OFFICE 195.133.20.192 
VLADIMIR 195.133.20.192 
VITALIY 195.133.20.192 
ANDREW 195.133.20.192 
KASSA1 195.133.20.192 
VIKA 195.133.20.192 
SVETLANA 195.133.20.192 
YAROSLAV 195.133.20.192 
MANAGER2 195.133.20.192 
PAVEL 195.133.20.192 
TERM2 195.133.20.192 
TERM1 195.133.20.192 
BUH1 195.133.20.192 
ROMA 195.133.20.192 
GUEST 195.133.20.192 
ALEWIJN 81.45.139.22 
SANYA 195.133.20.192 
SERGIY 195.133.20.192 
LILI 195.133.20.192 
AUDITOR 195.133.20.192 
YURIY 195.133.20.192 
MAKSIM 195.133.20.192 
PETER 195.133.20.192 
OLYA 195.133.20.192 
WORK 195.133.20.192 
NICK 195.133.20.192 
ALEKSANDRA 195.133.20.192 
TEST2 195.133.20.192 
TERA 195.133.20.192 
APTEKA3 195.133.20.192 
DMYTRO 195.133.20.192 
CHIP 195.133.20.192 
MORY 195.133.20.192 
ERIKA 195.133.20.192 
ALEXANDR 195.133.20.192 
YUDIN 195.133.20.192 
MANAGMENT 195.133.20.192 
MINER 195.133.20.192 
RIG 195.133.20.192 
ALEX 81.45.139.22 
FTP_USER 195.133.20.192 
BUHOFFICE 195.133.20.192 
YULIYA 195.133.20.192 
ALEKSEY 195.133.20.192 
YARIK 195.133.20.192 
ANDRIY 195.133.20.192 
REASERCHER 195.133.20.192 
CLIENT 195.133.20.192 
BAZA 195.133.20.192 
VIKTORIA 195.133.20.192 
NATALIA 195.133.20.192 
VOVA 195.133.20.192 
BUHGALTER3 195.133.20.192 
BUHGALTER2 195.133.20.192 
USERADM 195.133.20.192 
OLEKSIY 195.133.20.192 
TECH 195.133.20.192 
SEMEN 195.133.20.192 
GALYNA 195.133.20.192 
OLENA 195.133.20.192 
OLEKSANDRA 195.133.20.192 
TARAS 195.133.20.192 
YULYA 195.133.20.192 
ALEXANDER 81.45.139.22 
LOCALHOST 195.133.20.192 
LENOVO 195.133.20.192 
ALEKSANDR 195.133.20.192 
NIKITA 195.133.20.192 
AUDIT 195.133.20.192 
FTPUSER 195.133.20.192 
SUPERVISOR 195.133.20.192 
MAGAZIN 195.133.20.192 
KATRIN 195.133.20.192 
TESTER 195.133.20.192 
KATERINA 195.133.20.192 
EVGENIY 195.133.20.192 
ELINA 195.133.20.192 
TESTUSER 195.133.20.192 
MIHEY 195.133.20.192 
NASTYA 195.133.20.192 
YURA 195.133.20.192 
STARLINK 195.133.20.192 
VALENTYN 195.133.20.192 
KRISTINA 195.133.20.192 
LUDMILA 195.133.20.192 
DENIS 195.133.20.192 
GLBUH 195.133.20.192 
ALEXANDERINA 81.45.139.22 
LARISA 195.133.20.192 
BUCH 195.133.20.192 
DELL 195.133.20.192 
JACK 195.133.20.192 
MAKS 195.133.20.192 
WEBUSER 195.133.20.192 
VALYA 195.133.20.192 
ANDREJ 195.133.20.192 
OLEH 195.133.20.192 
VOLODYA 195.133.20.192 
ADMINISTRATOR 195.133.20.192 
USER 195.133.20.192 
ADMIN 195.133.20.192 
SERVER 195.133.20.192 
USER2 195.133.20.192 
ALEX 195.133.20.192 
MANAGER 195.133.20.192 
USER3 195.133.20.192 
IT 195.133.20.192 
DEVELOPER 195.133.20.192 
DEV 195.133.20.192 
USER01 195.133.20.192 
IGOR 195.133.20.192 
ALEXANDR 81.45.139.22 
BUHGALTER 195.133.20.192 
SUPPORT 195.133.20.192 
SERGEY 195.133.20.192 
COMPUTER 195.133.20.192 
SERG 195.133.20.192 
OLGA 195.133.20.192 
ANDREY 195.133.20.192 
TANYA 195.133.20.192 
DIMA 195.133.20.192 
ELENA 195.133.20.192 
ROMAN 195.133.20.192 
IVAN 195.133.20.192 
ARTEM 195.133.20.192 
OKSANA 195.133.20.192 
USER1 195.133.20.192 
KASSA 195.133.20.192 
SYSADMIN 195.133.20.192 
KATYA 195.133.20.192 
VIDEO 195.133.20.192 
BOSS 195.133.20.192 
ROOT 195.133.20.192 
BUH2 195.133.20.192 
NATASHA 195.133.20.192 
ALEXANDRA 81.45.139.22 
BACKUP 195.133.20.192 
ALENA 195.133.20.192 
IRINA 195.133.20.192 
BOGDAN 195.133.20.192 
DASHA 195.133.20.192 
LENA 195.133.20.192 
ANNA 195.133.20.192 
VIKTOR 195.133.20.192 
RUSLAN 195.133.20.192 
MARINA 195.133.20.192 
OLEG 195.133.20.192 
ANTON 195.133.20.192 
RESEARCH 195.133.20.192 
BUHGATER 195.133.20.192 
NAZAR 195.133.20.192 
SASHA 195.133.20.192 
VOLODYMYR 195.133.20.192 
SVETA 195.133.20.192 
GLAVBUH 195.133.20.192 
DIRECTOR 195.133.20.192 
RECEPTION 195.133.20.192 
ALEXEY 195.133.20.192 
VADIM 195.133.20.192 
ALEXANDRINA 81.45.139.22 
ALEXANDER 195.133.20.192 
ACRONIS 195.133.20.192 
OPERATOR 195.133.20.192 
MAXIM 195.133.20.192 
BUHGALTER1 195.133.20.192 
PRINT 195.133.20.192 
ADMIN2 195.133.20.192 
MASTER 195.133.20.192 
TERM 195.133.20.192 
PRINTER 195.133.20.192 
CUSTOMER 195.133.20.192 
OLEKSANDR 195.133.20.192 
MISHA 195.133.20.192 
ALINA 195.133.20.192 
NATALI 195.133.20.192 
ALLA 195.133.20.192 
OFFICE 195.133.20.192 
VLADIMIR 195.133.20.192 
VITALIY 195.133.20.192 
ANDREW 195.133.20.192 
KASSA1 195.133.20.192 
VIKA 195.133.20.192 
ALEXANDRINE 81.45.139.22 
SVETLANA 195.133.20.192 
YAROSLAV 195.133.20.192 
MANAGER2 195.133.20.192 
PAVEL 195.133.20.192 
TERM2 195.133.20.192 
TERM1 195.133.20.192 
BUH1 195.133.20.192 
ROMA 195.133.20.192 
GUEST 195.133.20.192 
SANYA 195.133.20.192 
SERGIY 195.133.20.192 
LILI 195.133.20.192 
AUDITOR 195.133.20.192 
YURIY 195.133.20.192 
MAKSIM 195.133.20.192 
PETER 195.133.20.192 
OLYA 195.133.20.192 
WORK 195.133.20.192 
NICK 195.133.20.192 
ALEKSANDRA 195.133.20.192 
TEST2 195.133.20.192 
TERA 195.133.20.192 
APTEKA3 195.133.20.192 
ALEXIA 81.45.139.22 
CHIP 195.133.20.192 
MORY 195.133.20.192 
ERIKA 195.133.20.192 
ALEXANDR 195.133.20.192 
YUDIN 195.133.20.192 
MANAGMENT 195.133.20.192 
MINER 195.133.20.192 
RIG 195.133.20.192 
FTP_USER 195.133.20.192 
BUHOFFICE 195.133.20.192 
YULIYA 195.133.20.192 
ALEKSEY 195.133.20.192 
YARIK 195.133.20.192 
ANDRIY 195.133.20.192 
REASERCHER 195.133.20.192 
CLIENT 195.133.20.192 
BAZA 195.133.20.192 
VIKTORIA 195.133.20.192 
NATALIA 195.133.20.192 
VOVA 195.133.20.192 
BUHGALTER3 195.133.20.192 
BUHGALTER2 195.133.20.192 
ALFA 81.45.139.22 
USERADM 195.133.20.192 
OLEKSIY 195.133.20.192 
TECH 195.133.20.192 
SEMEN 195.133.20.192 
GALYNA 195.133.20.192 
OLENA 195.133.20.192 
OLEKSANDRA 195.133.20.192 
TARAS 195.133.20.192 
YULYA 195.133.20.192 
LOCALHOST 195.133.20.192 
LENOVO 195.133.20.192 
ALEKSANDR 195.133.20.192 
NIKITA 195.133.20.192 
AUDIT 195.133.20.192 
FTPUSER 195.133.20.192 
SUPERVISOR 195.133.20.192 
MAGAZIN 195.133.20.192 
KATRIN 195.133.20.192 
TESTER 195.133.20.192 
KATERINA 195.133.20.192 
EVGENIY 195.133.20.192 
ELINA 195.133.20.192 
TESTUSER 195.133.20.192 
ALFONS 81.45.139.22 
MIHEY 195.133.20.192 
NASTYA 195.133.20.192 
YURA 195.133.20.192 
STARLINK 195.133.20.192 
VALENTYN 195.133.20.192 
KRISTINA 195.133.20.192 
LUDMILA 195.133.20.192 
DENIS 195.133.20.192 
GLBUH 195.133.20.192 
REMOTE 195.133.20.192 
LARISA 195.133.20.192 
BUCH 195.133.20.192 
DELL 195.133.20.192 
JACK 195.133.20.192 
MAKS 195.133.20.192 
WEBUSER 195.133.20.192 
VALYA 195.133.20.192 
ANDREJ 195.133.20.192 
OLEH 195.133.20.192 
VOLODYA 195.133.20.192 
ADMINISTRATOR 195.133.20.192 
USER 195.133.20.192 
ADMIN 195.133.20.192 
SERVER 195.133.20.192 
USER2 195.133.20.192 
ALEX 195.133.20.192 
MANAGER 195.133.20.192 
USER3 195.133.20.192 
IT 195.133.20.192 
DEVELOPER 195.133.20.192 
DEV 195.133.20.192 
USER01 195.133.20.192 
IGOR 195.133.20.192 
BUHGALTER 195.133.20.192 
SUPPORT 195.133.20.192 
SERGEY 195.133.20.192 
COMPUTER 195.133.20.192 
SERG 195.133.20.192 
OLGA 195.133.20.192 
ANDREY 195.133.20.192 
TANYA 195.133.20.192 
DIMA 195.133.20.192 
ELENA 195.133.20.192 
ROMAN 195.133.20.192 
IVAN 195.133.20.192 
ALFRED 81.45.139.22 
ARTEM 195.133.20.192 
OKSANA 195.133.20.192 
USER1 195.133.20.192 
KASSA 195.133.20.192 
SYSADMIN 195.133.20.192 
KATYA 195.133.20.192 
VIDEO 195.133.20.192 
BOSS 195.133.20.192 
ROOT 195.133.20.192 
BUH2 195.133.20.192 
NATASHA 195.133.20.192 
BACKUP 195.133.20.192 
ALENA 195.133.20.192 
IRINA 195.133.20.192 
BOGDAN 195.133.20.192 
DASHA 195.133.20.192 
LENA 195.133.20.192 
ANNA 195.133.20.192 
VIKTOR 195.133.20.192 
RUSLAN 195.133.20.192 
MARINA 195.133.20.192 
OLEG 195.133.20.192 
ANTON 195.133.20.192 
ALGEMEEN 81.45.139.22 
RESEARCH 195.133.20.192 
BUHGATER 195.133.20.192 
NAZAR 195.133.20.192 
SASHA 195.133.20.192 
VOLODYMYR 195.133.20.192 
SVETA 195.133.20.192 
GLAVBUH 195.133.20.192 
DIRECTOR 195.133.20.192 
RECEPTION 195.133.20.192 
ALEXEY 195.133.20.192 
VADIM 195.133.20.192 
ALEXANDER 195.133.20.192 
ACRONIS 195.133.20.192 
OPERATOR 195.133.20.192 
MAXIM 195.133.20.192 
BUHGALTER1 195.133.20.192 
PRINT 195.133.20.192 
ADMIN2 195.133.20.192 
MASTER 195.133.20.192 
TERM 195.133.20.192 
PRINTER 195.133.20.192 
CUSTOMER 195.133.20.192 
OLEKSANDR 195.133.20.192 
ALGONDA 81.45.139.22 
MISHA 195.133.20.192 
ALINA 195.133.20.192 
NATALI 195.133.20.192 
ALLA 195.133.20.192 
OFFICE 195.133.20.192 
VLADIMIR 195.133.20.192 
VITALIY 195.133.20.192 
ANDREW 195.133.20.192 
KASSA1 195.133.20.192 
VIKA 195.133.20.192 
SVETLANA 195.133.20.192 
YAROSLAV 195.133.20.192 
MANAGER2 195.133.20.192 
PAVEL 195.133.20.192 
TERM2 195.133.20.192 
TERM1 195.133.20.192 
BUH1 195.133.20.192 
ROMA 195.133.20.192 
GUEST 195.133.20.192 
SANYA 195.133.20.192 
SERGIY 195.133.20.192 
LILI 195.133.20.192 
AUDITOR 195.133.20.192 
ALI 81.45.139.22 
YURIY 195.133.20.192 
MAKSIM 195.133.20.192 
PETER 195.133.20.192 
OLYA 195.133.20.192 
WORK 195.133.20.192 
NICK 195.133.20.192 
ALEKSANDRA 195.133.20.192 
TEST2 195.133.20.192 
TERA 195.133.20.192 
APTEKA3 195.133.20.192 
DMYTRO 195.133.20.192 
CHIP 195.133.20.192 
MORY 195.133.20.192 
ERIKA 195.133.20.192 
ALEXANDR 195.133.20.192 
YUDIN 195.133.20.192 
MANAGMENT 195.133.20.192 
MINER 195.133.20.192 
RIG 195.133.20.192 
FTP_USER 195.133.20.192 
BUHOFFICE 195.133.20.192 
YULIYA 195.133.20.192 
ALEKSEY 195.133.20.192 
ALICE 81.45.139.22 
YARIK 195.133.20.192 
ANDRIY 195.133.20.192 
REASERCHER 195.133.20.192 
CLIENT 195.133.20.192 
BAZA 195.133.20.192 
VIKTORIA 195.133.20.192 
NATALIA 195.133.20.192 
VOVA 195.133.20.192 
BUHGALTER3 195.133.20.192 
BUHGALTER2 195.133.20.192 
USERADM 195.133.20.192 
OLEKSIY 195.133.20.192 
TECH 195.133.20.192 
SEMEN 195.133.20.192 
GALYNA 195.133.20.192 
OLENA 195.133.20.192 
OLEKSANDRA 195.133.20.192 
TARAS 195.133.20.192 
YULYA 195.133.20.192 
LOCALHOST 195.133.20.192 
LENOVO 195.133.20.192 
ALEKSANDR 195.133.20.192 
NIKITA 195.133.20.192 
AUDIT 195.133.20.192 
FTPUSER 195.133.20.192 
SUPERVISOR 195.133.20.192 
MAGAZIN 195.133.20.192 
KATRIN 195.133.20.192 
TESTER 195.133.20.192 
KATERINA 195.133.20.192 
EVGENIY 195.133.20.192 
ELINA 195.133.20.192 
TESTUSER 195.133.20.192 
MIHEY 195.133.20.192 
NASTYA 195.133.20.192 
YURA 195.133.20.192 
STARLINK 195.133.20.192 
VALENTYN 195.133.20.192 
KRISTINA 195.133.20.192 
LUDMILA 195.133.20.192 
DENIS 195.133.20.192 
GLBUH 195.133.20.192 
REMOTE 195.133.20.192 
LARISA 195.133.20.192 
BUCH 195.133.20.192 
ALIDA 81.45.139.22 
DELL 195.133.20.192 
JACK 195.133.20.192 
MAKS 195.133.20.192 
WEBUSER 195.133.20.192 
VALYA 195.133.20.192 
ANDREJ 195.133.20.192 
OLEH 195.133.20.192 
VOLODYA 195.133.20.192 
ADMINISTRATOR 195.133.20.192 
USER 195.133.20.192 
ADMIN 195.133.20.192 
SERVER 195.133.20.192 
USER2 195.133.20.192 
ALEX 195.133.20.192 
MANAGER 195.133.20.192 
USER3 195.133.20.192 
IT 195.133.20.192 
DEVELOPER 195.133.20.192 
DEV 195.133.20.192 
USER01 195.133.20.192 
IGOR 195.133.20.192 
BUHGALTER 195.133.20.192 
ALINA 81.45.139.22 
SUPPORT 195.133.20.192 
SERGEY 195.133.20.192 
COMPUTER 195.133.20.192 
SERG 195.133.20.192 
OLGA 195.133.20.192 
ANDREY 195.133.20.192 
TANYA 195.133.20.192 
DIMA 195.133.20.192 
ELENA 195.133.20.192 
ROMAN 195.133.20.192 
IVAN 195.133.20.192 
ARTEM 195.133.20.192 
OKSANA 195.133.20.192 
USER1 195.133.20.192 
KASSA 195.133.20.192 
SYSADMIN 195.133.20.192 
KATYA 195.133.20.192 
VIDEO 195.133.20.192 
BOSS 195.133.20.192 
ROOT 195.133.20.192 
BUH2 195.133.20.192 
NATASHA 195.133.20.192 
BACKUP 195.133.20.192 
ALINE 81.45.139.22 
ALENA 195.133.20.192 
IRINA 195.133.20.192 
BOGDAN 195.133.20.192 
DASHA 195.133.20.192 
LENA 195.133.20.192 
ANNA 195.133.20.192 
VIKTOR 195.133.20.192 
RUSLAN 195.133.20.192 
MARINA 195.133.20.192 
OLEG 195.133.20.192 
ANTON 195.133.20.192 
RESEARCH 195.133.20.192 
BUHGATER 195.133.20.192 
NAZAR 195.133.20.192 
SASHA 195.133.20.192 
VOLODYMYR 195.133.20.192 
SVETA 195.133.20.192 
GLAVBUH 195.133.20.192 
DIRECTOR 195.133.20.192 
RECEPTION 195.133.20.192 
ALEXEY 195.133.20.192 
VADIM 195.133.20.192 
ALEXANDER 195.133.20.192 
ALISA 81.45.139.22 
ACRONIS 195.133.20.192 
OPERATOR 195.133.20.192 
MAXIM 195.133.20.192 
BUHGALTER1 195.133.20.192 
PRINT 195.133.20.192 
ADMIN2 195.133.20.192 
MASTER 195.133.20.192 
TERM 195.133.20.192 
PRINTER 195.133.20.192 
CUSTOMER 195.133.20.192 
OLEKSANDR 195.133.20.192 
MISHA 195.133.20.192 
ALINA 195.133.20.192 
NATALI 195.133.20.192 
ALLA 195.133.20.192 
OFFICE 195.133.20.192 
VLADIMIR 195.133.20.192 
VITALIY 195.133.20.192 
ANDREW 195.133.20.192 
KASSA1 195.133.20.192 
VIKA 195.133.20.192 
SVETLANA 195.133.20.192 
YAROSLAV 195.133.20.192 
ALISHA 81.45.139.22 
MANAGER2 195.133.20.192 
PAVEL 195.133.20.192 
TERM2 195.133.20.192 
TERM1 195.133.20.192 
BUH1 195.133.20.192 
ROMA 195.133.20.192 
GUEST 195.133.20.192 
SANYA 195.133.20.192 
SERGIY 195.133.20.192 
LILI 195.133.20.192 
AUDITOR 195.133.20.192 
YURIY 195.133.20.192 
MAKSIM 195.133.20.192 
PETER 195.133.20.192 
OLYA 195.133.20.192 
WORK 195.133.20.192 
NICK 195.133.20.192 
ALEKSANDRA 195.133.20.192 
TEST2 195.133.20.192 
TERA 195.133.20.192 
APTEKA3 195.133.20.192 
DMYTRO 195.133.20.192 
ALISSA 81.45.139.22 
CHIP 195.133.20.192 
MORY 195.133.20.192 
ERIKA 195.133.20.192 
ALEXANDR 195.133.20.192 
YUDIN 195.133.20.192 
MANAGMENT 195.133.20.192 
MINER 195.133.20.192 
RIG 195.133.20.192 
FTP_USER 195.133.20.192 
BUHOFFICE 195.133.20.192 
YULIYA 195.133.20.192 
ALEKSEY 195.133.20.192 
YARIK 195.133.20.192 
ANDRIY 195.133.20.192 
REASERCHER 195.133.20.192 
CLIENT 195.133.20.192 
BAZA 195.133.20.192 
VIKTORIA 195.133.20.192 
NATALIA 195.133.20.192 
VOVA 195.133.20.192 
BUHGALTER3 195.133.20.192 
BUHGALTER2 195.133.20.192 
ALLARD 81.45.139.22 
USERADM 195.133.20.192 
OLEKSIY 195.133.20.192 
TECH 195.133.20.192 
SEMEN 195.133.20.192 
GALYNA 195.133.20.192 
OLENA 195.133.20.192 
OLEKSANDRA 195.133.20.192 
TARAS 195.133.20.192 
YULYA 195.133.20.192 
LOCALHOST 195.133.20.192 
LENOVO 195.133.20.192 
ALEKSANDR 195.133.20.192 
NIKITA 195.133.20.192 
AUDIT 195.133.20.192 
FTPUSER 195.133.20.192 
SUPERVISOR 195.133.20.192 
MAGAZIN 195.133.20.192 
KATRIN 195.133.20.192 
TESTER 195.133.20.192 
KATERINA 195.133.20.192 
EVGENIY 195.133.20.192 
ALLEGONDA 81.45.139.22 
ELINA 195.133.20.192 
TESTUSER 195.133.20.192 
MIHEY 195.133.20.192 
NASTYA 195.133.20.192 
YURA 195.133.20.192 
STARLINK 195.133.20.192 
VALENTYN 195.133.20.192 
KRISTINA 195.133.20.192 
LUDMILA 195.133.20.192 
DENIS 195.133.20.192 
GLBUH 195.133.20.192 
REMOTE 195.133.20.192 
LARISA 195.133.20.192 
BUCH 195.133.20.192 
DELL 195.133.20.192 
JACK 195.133.20.192 
MAKS 195.133.20.192 
WEBUSER 195.133.20.192 
VALYA 195.133.20.192 
ANDREJ 195.133.20.192 
OLEH 195.133.20.192 
VOLODYA 195.133.20.192 
ALLERT 81.45.139.22 
ADMINISTRATOR 195.133.20.192 
USER 195.133.20.192 
ADMIN 195.133.20.192 
SERVER 195.133.20.192 
USER2 195.133.20.192 
ALEX 195.133.20.192 
MANAGER 195.133.20.192 
USER3 195.133.20.192 
IT 195.133.20.192 
DEVELOPER 195.133.20.192 
DEV 195.133.20.192 
USER01 195.133.20.192 
IGOR 195.133.20.192 
BUHGALTER 195.133.20.192 
SUPPORT 195.133.20.192 
SERGEY 195.133.20.192 
COMPUTER 195.133.20.192 
SERG 195.133.20.192 
OLGA 195.133.20.192 
ANDREY 195.133.20.192 
TANYA 195.133.20.192 
DIMA 195.133.20.192 
ELENA 195.133.20.192 
ALMER 81.45.139.22 
ROMAN 195.133.20.192 
IVAN 195.133.20.192 
ARTEM 195.133.20.192 
OKSANA 195.133.20.192 
USER1 195.133.20.192 
KASSA 195.133.20.192 
SYSADMIN 195.133.20.192 
KATYA 195.133.20.192 
VIDEO 195.133.20.192 
BOSS 195.133.20.192 
ROOT 195.133.20.192 
BUH2 195.133.20.192 
NATASHA 195.133.20.192 
BACKUP 195.133.20.192 
ALENA 195.133.20.192 
IRINA 195.133.20.192 
BOGDAN 195.133.20.192 
DASHA 195.133.20.192 
LENA 195.133.20.192 
ANNA 195.133.20.192 
VIKTOR 195.133.20.192 
RUSLAN 195.133.20.192 
MARINA 195.133.20.192 
ALOIS 81.45.139.22 
OLEG 195.133.20.192 
ANTON 195.133.20.192 
RESEARCH 195.133.20.192 
BUHGATER 195.133.20.192 
NAZAR 195.133.20.192 
SASHA 195.133.20.192 
VOLODYMYR 195.133.20.192 
SVETA 195.133.20.192 
GLAVBUH 195.133.20.192 
DIRECTOR 195.133.20.192 
RECEPTION 195.133.20.192 
ALEXEY 195.133.20.192 
VADIM 195.133.20.192 
ALEXANDER 195.133.20.192 
ACRONIS 195.133.20.192 
OPERATOR 195.133.20.192 
MAXIM 195.133.20.192 
BUHGALTER1 195.133.20.192 
PRINT 195.133.20.192 
ADMIN2 195.133.20.192 
MASTER 195.133.20.192 
TERM 195.133.20.192 
ALOISA 81.45.139.22 
PRINTER 195.133.20.192 
CUSTOMER 195.133.20.192 
OLEKSANDR 195.133.20.192 
MISHA 195.133.20.192 
ALINA 195.133.20.192 
NATALI 195.133.20.192 
ALLA 195.133.20.192 
OFFICE 195.133.20.192 
VLADIMIR 195.133.20.192 
VITALIY 195.133.20.192 
ANDREW 195.133.20.192 
KASSA1 195.133.20.192 
VIKA 195.133.20.192 
SVETLANA 195.133.20.192 
YAROSLAV 195.133.20.192 
MANAGER2 195.133.20.192 
PAVEL 195.133.20.192 
TERM2 195.133.20.192 
TERM1 195.133.20.192 
BUH1 195.133.20.192 
ROMA 195.133.20.192 
GUEST 195.133.20.192 
ALOISIA 81.45.139.22 
SANYA 195.133.20.192 
SERGIY 195.133.20.192 
LILI 195.133.20.192 
AUDITOR 195.133.20.192 
YURIY 195.133.20.192 
MAKSIM 195.133.20.192 
PETER 195.133.20.192 
OLYA 195.133.20.192 
WORK 195.133.20.192 
NICK 195.133.20.192 
ALEKSANDRA 195.133.20.192 
TEST2 195.133.20.192 
TERA 195.133.20.192 
APTEKA3 195.133.20.192 
DMYTRO 195.133.20.192 
CHIP 195.133.20.192 
MORY 195.133.20.192 
ERIKA 195.133.20.192 
ALEXANDR 195.133.20.192 
YUDIN 195.133.20.192 
MANAGMENT 195.133.20.192 
MINER 195.133.20.192 
ALOISIUS 81.45.139.22 
RIG 195.133.20.192 
FTP_USER 195.133.20.192 
BUHOFFICE 195.133.20.192 
YULIYA 195.133.20.192 
ALEKSEY 195.133.20.192 
YARIK 195.133.20.192 
ANDRIY 195.133.20.192 
REASERCHER 195.133.20.192 
CLIENT 195.133.20.192 
BAZA 195.133.20.192 
VIKTORIA 195.133.20.192 
NATALIA 195.133.20.192 
VOVA 195.133.20.192 
BUHGALTER3 195.133.20.192 
BUHGALTER2 195.133.20.192 
USERADM 195.133.20.192 
OLEKSIY 195.133.20.192 
TECH 195.133.20.192 
SEMEN 195.133.20.192 
GALYNA 195.133.20.192 
OLENA 195.133.20.192 
OLEKSANDRA 195.133.20.192 
TARAS 195.133.20.192 
ALONG 81.45.139.22 
YULYA 195.133.20.192 
LOCALHOST 195.133.20.192 
LENOVO 195.133.20.192 
ALEKSANDR 195.133.20.192 
NIKITA 195.133.20.192 
AUDIT 195.133.20.192 
FTPUSER 195.133.20.192 
SUPERVISOR 195.133.20.192 
MAGAZIN 195.133.20.192 
KATRIN 195.133.20.192 
TESTER 195.133.20.192 
KATERINA 195.133.20.192 
EVGENIY 195.133.20.192 
ELINA 195.133.20.192 
TESTUSER 195.133.20.192 
MIHEY 195.133.20.192 
NASTYA 195.133.20.192 
YURA 195.133.20.192 
STARLINK 195.133.20.192 
VALENTYN 195.133.20.192 
KRISTINA 195.133.20.192 
LUDMILA 195.133.20.192 
ALOYS 81.45.139.22 
DENIS 195.133.20.192 
GLBUH 195.133.20.192 
REMOTE 195.133.20.192 
LARISA 195.133.20.192 
BUCH 195.133.20.192 
DELL 195.133.20.192 
JACK 195.133.20.192 
MAKS 195.133.20.192 
WEBUSER 195.133.20.192 
VALYA 195.133.20.192 
ANDREJ 195.133.20.192 
OLEH 195.133.20.192 
VOLODYA 195.133.20.192 
ADMINISTRATOR 195.133.20.192 
USER 195.133.20.192 
ADMIN 195.133.20.192 
SERVER 195.133.20.192 
USER2 195.133.20.192 
ALEX 195.133.20.192 
MANAGER 195.133.20.192 
USER3 195.133.20.192 
ALOYSA 81.45.139.22 
IT 195.133.20.192 
DEVELOPER 195.133.20.192 
DEV 195.133.20.192 
USER01 195.133.20.192 
IGOR 195.133.20.192 
BUHGALTER 195.133.20.192 
SUPPORT 195.133.20.192 
SERGEY 195.133.20.192 
COMPUTER 195.133.20.192 
SERG 195.133.20.192 
OLGA 195.133.20.192 
ANDREY 195.133.20.192 
TANYA 195.133.20.192 
DIMA 195.133.20.192 
ELENA 195.133.20.192 
ROMAN 195.133.20.192 
IVAN 195.133.20.192 
ARTEM 195.133.20.192 
OKSANA 195.133.20.192 
USER1 195.133.20.192 
KASSA 195.133.20.192 
SYSADMIN 195.133.20.192 
ALOYSIA 81.45.139.22 
KATYA 195.133.20.192 
VIDEO 195.133.20.192 
BOSS 195.133.20.192 
ROOT 195.133.20.192 
BUH2 195.133.20.192 
NATASHA 195.133.20.192 
BACKUP 195.133.20.192 
ALENA 195.133.20.192 
IRINA 195.133.20.192 
BOGDAN 195.133.20.192 
DASHA 195.133.20.192 
LENA 195.133.20.192 
ANNA 195.133.20.192 
VIKTOR 195.133.20.192 
RUSLAN 195.133.20.192 
MARINA 195.133.20.192 
OLEG 195.133.20.192 
ANTON 195.133.20.192 
RESEARCH 195.133.20.192 
BUHGATER 195.133.20.192 
NAZAR 195.133.20.192 
SASHA 195.133.20.192 
ALOYSIUS 81.45.139.22 
VOLODYMYR 195.133.20.192 
SVETA 195.133.20.192 
GLAVBUH 195.133.20.192 
DIRECTOR 195.133.20.192 
RECEPTION 195.133.20.192 
ALEXEY 195.133.20.192 
VADIM 195.133.20.192 
ALEXANDER 195.133.20.192 
ACRONIS 195.133.20.192 
OPERATOR 195.133.20.192 
MAXIM 195.133.20.192 
BUHGALTER1 195.133.20.192 
PRINT 195.133.20.192 
ADMIN2 195.133.20.192 
MASTER 195.133.20.192 
TERM 195.133.20.192 
PRINTER 195.133.20.192 
CUSTOMER 195.133.20.192 
OLEKSANDR 195.133.20.192 
MISHA 195.133.20.192 
ALINA 195.133.20.192 
NATALI 195.133.20.192 
ALLA 195.133.20.192 
ALPHONS 81.45.139.22 
OFFICE 195.133.20.192 
VLADIMIR 195.133.20.192 
VITALIY 195.133.20.192 
ANDREW 195.133.20.192 
KASSA1 195.133.20.192 
VIKA 195.133.20.192 
SVETLANA 195.133.20.192 
YAROSLAV 195.133.20.192 
MANAGER2 195.133.20.192 
PAVEL 195.133.20.192 
TERM2 195.133.20.192 
TERM1 195.133.20.192 
BUH1 195.133.20.192 
ROMA 195.133.20.192 
GUEST 195.133.20.192 
SANYA 195.133.20.192 
SERGIY 195.133.20.192 
LILI 195.133.20.192 
AUDITOR 195.133.20.192 
YURIY 195.133.20.192 
MAKSIM 195.133.20.192 
PETER 195.133.20.192 
ALPHONSUS 81.45.139.22 
OLYA 195.133.20.192 
WORK 195.133.20.192 
NICK 195.133.20.192 
ALEKSANDRA 195.133.20.192 
TEST2 195.133.20.192 
TERA 195.133.20.192 
APTEKA3 195.133.20.192 
DMYTRO 195.133.20.192 
CHIP 195.133.20.192 
MORY 195.133.20.192 
ERIKA 195.133.20.192 
ALEXANDR 195.133.20.192 
YUDIN 195.133.20.192 
MANAGMENT 195.133.20.192 
MINER 195.133.20.192 
RIG 195.133.20.192 
FTP_USER 195.133.20.192 
BUHOFFICE 195.133.20.192 
YULIYA 195.133.20.192 
ALEKSEY 195.133.20.192 
YARIK 195.133.20.192 
ALQARA 81.45.139.22 
ANDRIY 195.133.20.192 
REASERCHER 195.133.20.192 
CLIENT 195.133.20.192 
BAZA 195.133.20.192 
VIKTORIA 195.133.20.192 
NATALIA 195.133.20.192 
VOVA 195.133.20.192 
BUHGALTER3 195.133.20.192 
BUHGALTER2 195.133.20.192 
USERADM 195.133.20.192 
OLEKSIY 195.133.20.192 
TECH 195.133.20.192 
SEMEN 195.133.20.192 
GALYNA 195.133.20.192 
OLENA 195.133.20.192 
OLEKSANDRA 195.133.20.192 
TARAS 195.133.20.192 
YULYA 195.133.20.192 
LOCALHOST 195.133.20.192 
LENOVO 195.133.20.192 
ALEKSANDR 195.133.20.192 
NIKITA 195.133.20.192 
AUDIT 195.133.20.192 
FTPUSER 195.133.20.192 
SUPERVISOR 195.133.20.192 
MAGAZIN 195.133.20.192 
KATRIN 195.133.20.192 
TESTER 195.133.20.192 
KATERINA 195.133.20.192 
EVGENIY 195.133.20.192 
ELINA 195.133.20.192 
TESTUSER 195.133.20.192 
MIHEY 195.133.20.192 
NASTYA 195.133.20.192 
YURA 195.133.20.192 
STARLINK 195.133.20.192 
VALENTYN 195.133.20.192 
KRISTINA 195.133.20.192 
LUDMILA 195.133.20.192 
DENIS 195.133.20.192 
GLBUH 195.133.20.192 
REMOTE 195.133.20.192 
LARISA 195.133.20.192 
BUCH 195.133.20.192 
ALRASS 81.45.139.22 
JACK 195.133.20.192 
MAKS 195.133.20.192 
WEBUSER 195.133.20.192 
VALYA 195.133.20.192 
ANDREJ 195.133.20.192 
OLEH 195.133.20.192 
VOLODYA 195.133.20.192 
ADMINISTRATOR 195.133.20.192 
USER 195.133.20.192 
ADMIN 195.133.20.192 
SERVER 195.133.20.192 
USER2 195.133.20.192 
ALEX 195.133.20.192 
MANAGER 195.133.20.192 
USER3 195.133.20.192 
IT 195.133.20.192 
DEVELOPER 195.133.20.192 
DEV 195.133.20.192 
USER01 195.133.20.192 
IGOR 195.133.20.192 
BUHGALTER 195.133.20.192 
ALRASS1 81.45.139.22 
SUPPORT 195.133.20.192 
SERGEY 195.133.20.192 
COMPUTER 195.133.20.192 
SERG 195.133.20.192 
OLGA 195.133.20.192 
ANDREY 195.133.20.192 
TANYA 195.133.20.192 
DIMA 195.133.20.192 
ELENA 195.133.20.192 
ROMAN 195.133.20.192 
IVAN 195.133.20.192 
ARTEM 195.133.20.192 
OKSANA 195.133.20.192 
USER1 195.133.20.192 
KASSA 195.133.20.192 
SYSADMIN 195.133.20.192 
KATYA 195.133.20.192 
VIDEO 195.133.20.192 
BOSS 195.133.20.192 
ROOT 195.133.20.192 
BUH2 195.133.20.192 
NATASHA 195.133.20.192 
BACKUP 195.133.20.192 
ALENA 195.133.20.192 
IRINA 195.133.20.192 
BOGDAN 195.133.20.192 
DASHA 195.133.20.192 
LENA 195.133.20.192 
ANNA 195.133.20.192 
VIKTOR 195.133.20.192 
RUSLAN 195.133.20.192 
MARINA 195.133.20.192 
OLEG 195.133.20.192 
ANTON 195.133.20.192 
RESEARCH 195.133.20.192 
BUHGATER 195.133.20.192 
NAZAR 195.133.20.192 
SASHA 195.133.20.192 
VOLODYMYR 195.133.20.192 
SVETA 195.133.20.192 
GLAVBUH 195.133.20.192 
DIRECTOR 195.133.20.192 
RECEPTION 195.133.20.192 
ALSARRAR 81.45.139.22 
ALEXEY 195.133.20.192 
VADIM 195.133.20.192 
ALEXANDER 195.133.20.192 
ACRONIS 195.133.20.192 
OPERATOR 195.133.20.192 
MAXIM 195.133.20.192 
BUHGALTER1 195.133.20.192 
PRINT 195.133.20.192 
ADMIN2 195.133.20.192 
MASTER 195.133.20.192 
TERM 195.133.20.192 
PRINTER 195.133.20.192 
CUSTOMER 195.133.20.192 
OLEKSANDR 195.133.20.192 
MISHA 195.133.20.192 
ALINA 195.133.20.192 
NATALI 195.133.20.192 
ALLA 195.133.20.192 
OFFICE 195.133.20.192 
VLADIMIR 195.133.20.192 
VITALIY 195.133.20.192 
ANDREW 195.133.20.192 
ALVARO 81.45.139.22 
KASSA1 195.133.20.192 
VIKA 195.133.20.192 
SVETLANA 195.133.20.192 
YAROSLAV 195.133.20.192 
MANAGER2 195.133.20.192 
PAVEL 195.133.20.192 
TERM2 195.133.20.192 
TERM1 195.133.20.192 
BUH1 195.133.20.192 
ROMA 195.133.20.192 
GUEST 195.133.20.192 
SANYA 195.133.20.192 
SERGIY 195.133.20.192 
LILI 195.133.20.192 
AUDITOR 195.133.20.192 
YURIY 195.133.20.192 
MAKSIM 195.133.20.192 
PETER 195.133.20.192 
OLYA 195.133.20.192 
WORK 195.133.20.192 
NICK 195.133.20.192 
ALEKSANDRA 195.133.20.192 
TEST2 195.133.20.192 
ALVIN 81.45.139.22 
TERA 195.133.20.192 
APTEKA3 195.133.20.192 
DMYTRO 195.133.20.192 
CHIP 195.133.20.192 
MORY 195.133.20.192 
ERIKA 195.133.20.192 
ALEXANDR 195.133.20.192 
YUDIN 195.133.20.192 
MANAGMENT 195.133.20.192 
MINER 195.133.20.192 
RIG 195.133.20.192 
FTP_USER 195.133.20.192 
BUHOFFICE 195.133.20.192 
YULIYA 195.133.20.192 
ALEKSEY 195.133.20.192 
YARIK 195.133.20.192 
ANDRIY 195.133.20.192 
REASERCHER 195.133.20.192 
CLIENT 195.133.20.192 
BAZA 195.133.20.192 
VIKTORIA 195.133.20.192 
ALYSSA 81.45.139.22 
NATALIA 195.133.20.192 
VOVA 195.133.20.192 
BUHGALTER3 195.133.20.192 
BUHGALTER2 195.133.20.192 
USERADM 195.133.20.192 
OLEKSIY 195.133.20.192 
TECH 195.133.20.192 
SEMEN 195.133.20.192 
GALYNA 195.133.20.192 
OLENA 195.133.20.192 
OLEKSANDRA 195.133.20.192 
TARAS 195.133.20.192 
YULYA 195.133.20.192 
LOCALHOST 195.133.20.192 
LENOVO 195.133.20.192 
ALEKSANDR 195.133.20.192 
NIKITA 195.133.20.192 
AUDIT 195.133.20.192 
FTPUSER 195.133.20.192 
SUPERVISOR 195.133.20.192 
MAGAZIN 195.133.20.192 
AMALIA 81.45.139.22 
KATRIN 195.133.20.192 
TESTER 195.133.20.192 
KATERINA 195.133.20.192 
EVGENIY 195.133.20.192 
ELINA 195.133.20.192 
TESTUSER 195.133.20.192 
MIHEY 195.133.20.192 
NASTYA 195.133.20.192 
YURA 195.133.20.192 
STARLINK 195.133.20.192 
VALENTYN 195.133.20.192 
KRISTINA 195.133.20.192 
LUDMILA 195.133.20.192 
DENIS 195.133.20.192 
GLBUH 195.133.20.192 
REMOTE 195.133.20.192 
LARISA 195.133.20.192 
BUCH 195.133.20.192 
DELL 195.133.20.192 
JACK 195.133.20.192 
MAKS 195.133.20.192 
AMAND 81.45.139.22 
WEBUSER 195.133.20.192 
VALYA 195.133.20.192 
ANDREJ 195.133.20.192 
OLEH 195.133.20.192 
VOLODYA 195.133.20.192 
ADMINISTRATOR 195.133.20.192 
USER 195.133.20.192 
ADMIN 195.133.20.192 
SERVER 195.133.20.192 
USER2 195.133.20.192 
ALEX 195.133.20.192 
MANAGER 195.133.20.192 
USER3 195.133.20.192 
IT 195.133.20.192 
DEVELOPER 195.133.20.192 
DEV 195.133.20.192 
USER01 195.133.20.192 
IGOR 195.133.20.192 
BUHGALTER 195.133.20.192 
SUPPORT 195.133.20.192 
SERGEY 195.133.20.192 
COMPUTER 195.133.20.192 
AMANDA 81.45.139.22 
SERG 195.133.20.192 
OLGA 195.133.20.192 
ANDREY 195.133.20.192 
TANYA 195.133.20.192 
DIMA 195.133.20.192 
ELENA 195.133.20.192 
ROMAN 195.133.20.192 
IVAN 195.133.20.192 
ARTEM 195.133.20.192 
OKSANA 195.133.20.192 
USER1 195.133.20.192 
KASSA 195.133.20.192 
SYSADMIN 195.133.20.192 
KATYA 195.133.20.192 
VIDEO 195.133.20.192 
BOSS 195.133.20.192 
ROOT 195.133.20.192 
BUH2 195.133.20.192 
NATASHA 195.133.20.192 
BACKUP 195.133.20.192 
ALENA 195.133.20.192 
AMANDUS 81.45.139.22 
IRINA 195.133.20.192 
BOGDAN 195.133.20.192 
DASHA 195.133.20.192 
LENA 195.133.20.192 
ANNA 195.133.20.192 
VIKTOR 195.133.20.192 
RUSLAN 195.133.20.192 
MARINA 195.133.20.192 
OLEG 195.133.20.192 
ANTON 195.133.20.192 
RESEARCH 195.133.20.192 
BUHGATER 195.133.20.192 
NAZAR 195.133.20.192 
SASHA 195.133.20.192 
VOLODYMYR 195.133.20.192 
SVETA 195.133.20.192 
GLAVBUH 195.133.20.192 
DIRECTOR 195.133.20.192 
RECEPTION 195.133.20.192 
ALEXEY 195.133.20.192 
VADIM 195.133.20.192 
AMANI 81.45.139.22 
ALEXANDER 195.133.20.192 
ACRONIS 195.133.20.192 
OPERATOR 195.133.20.192 
MAXIM 195.133.20.192 
BUHGALTER1 195.133.20.192 
PRINT 195.133.20.192 
ADMIN2 195.133.20.192 
MASTER 195.133.20.192 
TERM 195.133.20.192 
PRINTER 195.133.20.192 
CUSTOMER 195.133.20.192 
OLEKSANDR 195.133.20.192 
MISHA 195.133.20.192 
ALINA 195.133.20.192 
NATALI 195.133.20.192 
ALLA 195.133.20.192 
OFFICE 195.133.20.192 
VLADIMIR 195.133.20.192 
VITALIY 195.133.20.192 
ANDREW 195.133.20.192 
KASSA1 195.133.20.192 
AMBER 81.45.139.22 
VIKA 195.133.20.192 
SVETLANA 195.133.20.192 
YAROSLAV 195.133.20.192 
MANAGER2 195.133.20.192 
PAVEL 195.133.20.192 
TERM2 195.133.20.192 
TERM1 195.133.20.192 
BUH1 195.133.20.192 
ROMA 195.133.20.192 
GUEST 195.133.20.192 
SANYA 195.133.20.192 
SERGIY 195.133.20.192 
LILI 195.133.20.192 
AUDITOR 195.133.20.192 
YURIY 195.133.20.192 
MAKSIM 195.133.20.192 
PETER 195.133.20.192 
OLYA 195.133.20.192 
WORK 195.133.20.192 
NICK 195.133.20.192 
ALEKSANDRA 195.133.20.192 
TEST2 195.133.20.192 
TERA 195.133.20.192 
APTEKA3 195.133.20.192 
DMYTRO 195.133.20.192 
CHIP 195.133.20.192 
MORY 195.133.20.192 
ERIKA 195.133.20.192 
ALEXANDR 195.133.20.192 
YUDIN 195.133.20.192 
MANAGMENT 195.133.20.192 
MINER 195.133.20.192 
RIG 195.133.20.192 
FTP_USER 195.133.20.192 
BUHOFFICE 195.133.20.192 
YULIYA 195.133.20.192 
ALEKSEY 195.133.20.192 
YARIK 195.133.20.192 
ANDRIY 195.133.20.192 
REASERCHER 195.133.20.192 
CLIENT 195.133.20.192 
BAZA 195.133.20.192 
VIKTORIA 195.133.20.192 
AMBROOS 81.45.139.22 
NATALIA 195.133.20.192 
VOVA 195.133.20.192 
BUHGALTER3 195.133.20.192 
BUHGALTER2 195.133.20.192 
USERADM 195.133.20.192 
OLEKSIY 195.133.20.192 
TECH 195.133.20.192 
SEMEN 195.133.20.192 
GALYNA 195.133.20.192 
OLENA 195.133.20.192 
OLEKSANDRA 195.133.20.192 
TARAS 195.133.20.192 
YULYA 195.133.20.192 
LOCALHOST 195.133.20.192 
LENOVO 195.133.20.192 
ALEKSANDR 195.133.20.192 
NIKITA 195.133.20.192 
AUDIT 195.133.20.192 
FTPUSER 195.133.20.192 
SUPERVISOR 195.133.20.192 
MAGAZIN 195.133.20.192 
AMBROSIUS 81.45.139.22 
KATRIN 195.133.20.192 
TESTER 195.133.20.192 
KATERINA 195.133.20.192 
EVGENIY 195.133.20.192 
ELINA 195.133.20.192 
TESTUSER 195.133.20.192 
MIHEY 195.133.20.192 
NASTYA 195.133.20.192 
YURA 195.133.20.192 
STARLINK 195.133.20.192 
VALENTYN 195.133.20.192 
KRISTINA 195.133.20.192 
LUDMILA 195.133.20.192 
DENIS 195.133.20.192 
GLBUH 195.133.20.192 
REMOTE 195.133.20.192 
LARISA 195.133.20.192 
BUCH 195.133.20.192 
DELL 195.133.20.192 
JACK 195.133.20.192 
MAKS 195.133.20.192 
AMEDEWERKER 81.45.139.22 
WEBUSER 195.133.20.192 
VALYA 195.133.20.192 
ANDREJ 195.133.20.192 
OLEH 195.133.20.192 
VOLODYA 195.133.20.192 
AMEL 81.45.139.22 
AMELIA 81.45.139.22 
AMELIE 81.45.139.22 
AMELIS 81.45.139.22 
AMELIUS 81.45.139.22 
AMGHAR 81.45.139.22 
AMILIA 81.45.139.22 
AMIN 81.45.139.22 
AMINA 81.45.139.22 
AMIR 81.45.139.22 
AMIRA 81.45.139.22 
AMRANNA 81.45.139.22 
AMY 81.45.139.22 
ANAS 81.45.139.22 
ANDERE 81.45.139.22 
ANDERS 81.45.139.22 
ANDRE 81.45.139.22 
ANDREA 81.45.139.22 
ANDREAS 81.45.139.22 
ANDRES 81.45.139.22 
ANDRIES 81.45.139.22 
ANDRIESA 81.45.139.22 
ANDY 81.45.139.22 
ANGELA 81.45.139.22 
ANGELICA 81.45.139.22 
ANGELIEN 81.45.139.22 
ANGELIKA 81.45.139.22 
ANGELINA 81.45.139.22 
ANGELINE 81.45.139.22 
ANGELIQUE 81.45.139.22 
ANIEK 81.45.139.22 
ANISSA 81.45.139.22 
ANJA 81.45.139.22 
ANKIE 81.45.139.22 
ANN 81.45.139.22 
ANNA 81.45.139.22 
ANNABEL 81.45.139.22 
ANNABELLE 81.45.139.22 
ANNE 81.45.139.22 
ANNEBEL 81.45.139.22 
ANNEKE 81.45.139.22 
ANNELIE 81.45.139.22 
ANNELIES 81.45.139.22 
ANNELIESE 81.45.139.22 
ANNEMARIA 81.45.139.22 
ANNEMARIE 81.45.139.22 
ANNEMIEK 81.45.139.22 
ANNEMIEKE 81.45.139.22 
ANNEMIJN 81.45.139.22 
ANNET 81.45.139.22 
ANNETTE 81.45.139.22 
ANNIEK 81.45.139.22 
ANOUAR 81.45.139.22 
ANOUK 81.45.139.22 
ANOUS 81.45.139.22 
ANSAEM 81.45.139.22 
ANSELM 81.45.139.22 
ANSELMA 81.45.139.22 
ANSELMUS 81.45.139.22 
ANSEM 81.45.139.22 
ANTHONIA 81.45.139.22 
ANTHONIS 81.45.139.22 
ANTHONY 81.45.139.22 
ANTOINETTE 81.45.139.22 
ANTON 81.45.139.22 
ANTONB 81.45.139.22 
ANTONETTA 81.45.139.22 
ANTONI 81.45.139.22 
ANTONIA 81.45.139.22 
ANTONIE 81.45.139.22 
ANTONIS 81.45.139.22 
ANTONIUS 81.45.139.22 
ANTOON 81.45.139.22 
ANVA 81.45.139.22 
ANVAPSQL 81.45.139.22 
APOLLONIA 81.45.139.22 
APOLLONIUS 81.45.139.22 
APOLONIA 81.45.139.22 
APPLE 81.45.139.22 
APPLEALG 81.45.139.22 
ARAS 81.45.139.22 
ARCHIEF 81.45.139.22 
ARCHIVARIS 81.45.139.22 
ARDA 81.45.139.22 
ARDINA 81.45.139.22 
AREND 81.45.139.22 
ARENDINA 81.45.139.22 
ARENDINE 81.45.139.22 
ARIAAN 81.45.139.22 
ARIAN 81.45.139.22 
ARIE 81.45.139.22 
ARIEM 81.45.139.22 
ARJA 81.45.139.22 
ARJAN 81.45.139.22 
ARJEN 81.45.139.22 
ARJENANDRINGA 81.45.139.22 
ARMIN 81.45.139.22 
ARNE 81.45.139.22 
ARNO 81.45.139.22 
ARNOLD 81.45.139.22 
ARNOLDA 81.45.139.22 
ARNOLDINA 81.45.139.22 
ARNOLDINE 81.45.139.22 
ARNOLDUS 81.45.139.22 
ARNOUDINA 81.45.139.22 
ARNOUT 81.45.139.22 
ARON 81.45.139.22 
ARPA 81.45.139.22 
ARTHUR 81.45.139.22 
ARTS 81.45.139.22 
ARUN 81.45.139.22 
ASAEED 81.45.139.22 
ASECOM 81.45.139.22 
ASHLEY 81.45.139.22 
ASHWIN 81.45.139.22 
ASIJEE 81.45.139.22 
ASKER 81.45.139.22 
ASPRUIJT 81.45.139.22 
ASSISTENT 81.45.139.22 
ASTEN1 81.45.139.22 
ASTEN2 81.45.139.22 
ASTRID 81.45.139.22 
ASWIN 81.45.139.22 
ASYA 81.45.139.22 
ATELIER 81.45.139.22 
ATELIER1 81.45.139.22 
ATLAS 81.45.139.22 
ATMAIL 81.45.139.22 
ATTESTEN 81.45.139.22 
ATVOADMIN 81.45.139.22 
AUGUS 81.45.139.22 
AUGUST 81.45.139.22 
AUGUSTA 81.45.139.22 
AUGUSTIJN 81.45.139.22 
AUGUSTINA 81.45.139.22 
AUGUSTINE 81.45.139.22 
AUGUSTINUS 81.45.139.22 
AUGUSTUS 81.45.139.22 
AUKJE 81.45.139.22 
AURORA 81.45.139.22 
AUTO 81.45.139.22 
AUTOBACKUP 81.45.139.22 
AUTOCAD 81.45.139.22 
AUTOFLEX 81.45.139.22 
AUTON 81.45.139.22 
AVA 81.45.139.22 
AVAYA 81.45.139.22 
AVEENSTRA 81.45.139.22 
AWAIX 81.45.139.22 
AXIB 81.45.139.22 
AYA 81.45.139.22 
AYDEN 81.45.139.22 
AYLA 81.45.139.22 
AYLIN 81.45.139.22 
AYMAN 81.45.139.22 
AYOUB 81.45.139.22 
AZRA 81.45.139.22 
BAB 81.45.139.22 
BABET 81.45.139.22 
BABETTE 81.45.139.22 
BACKUP 81.45.139.22 
BACKUPASSIST 81.45.139.22 
BACUNA 81.45.139.22 
BALDUINA 81.45.139.22 
BALDUINUS 81.45.139.22 
BALDWINA 81.45.139.22 
BALDWINUS 81.45.139.22 
BALIE 81.45.139.22 
BALIO 81.45.139.22 
BALTHASAR 81.45.139.22 
BALTHAZAR 81.45.139.22 
BANCRAS 81.45.139.22 
BANK 81.45.139.22 
BANKRAS 81.45.139.22 
BAPTIST 81.45.139.22 
BAPTISTA 81.45.139.22 
BARBARA 81.45.139.22 
BARBER 81.45.139.22 
BARBERA 81.45.139.22 
BARCODE 81.45.139.22 
BARCODES 81.45.139.22 
BARELD 81.45.139.22 
BARELT 81.45.139.22 
BAREND 81.45.139.22 
BARENDINA 81.45.139.22 
BARENDJE 81.45.139.22 
BARENT 81.45.139.22 
BARNABAS 81.45.139.22 
BARNEVELD 81.45.139.22 
BART 81.45.139.22 
BARTA 81.45.139.22 
BARTELD 81.45.139.22 
BARTG 81.45.139.22 
1CTEST 51.159.103.25 
BARTH 81.45.139.22 
TRANSPORT 51.159.103.25 
BARTHA 81.45.139.22 
BARTHOLOMEUS 81.45.139.22 
ALEXANDRA 51.159.103.25 
BARTON 81.45.139.22 
BAS 81.45.139.22 
íÖëí 51.159.103.25 
BASB 81.45.139.22 
BASTEIN 81.45.139.22 
Åìï1 51.159.103.25 
BASTIAAN 81.45.139.22 
RDP1 51.159.103.25 
BASTIAEN 81.45.139.22 
BASTIAN 81.45.139.22 
USER01 51.159.103.25 
BASTIANA 81.45.139.22 
åÄêàçÄ 51.159.103.25 
BASTIANUS 81.45.139.22 
BASTIJN 81.45.139.22 
ùãúÇàêÄ 51.159.103.25 
BAUSER 81.45.139.22 
BAVO 81.45.139.22 
SECRAR 51.159.103.25 
BEAMER 81.45.139.22 
äÄëëàê 51.159.103.25 
BEAMEROTIB1 81.45.139.22 
BEAMEROTIB2 81.45.139.22 
SECRETARY 51.159.103.25 
BEATRIX 81.45.139.22 
BEATRIXPETIBV 81.45.139.22 
ëäãÄÑ2 51.159.103.25 
BEAU 81.45.139.22 
USER16 51.159.103.25 
BEEREND 81.45.139.22 
BEERNT 81.45.139.22 
BACKUP 51.159.103.25 
BEERTRAM 81.45.139.22 
ÜÄççÄ 51.159.103.25 
éèÖêÄíéê3 51.159.103.25 
DEN 51.159.103.25 
EVGENIY 51.159.103.25 
ÖãÖçÄ 51.159.103.25 
BEHEER 81.45.139.22 
ûêàâ 51.159.103.25 
BEHEERDER 81.45.139.22 
BEHEERREBO 81.45.139.22 
SERVIS 51.159.103.25 
BEKMAN 81.45.139.22 
1 51.159.103.25 
BELETTERING 81.45.139.22 
BELLA 81.45.139.22 
SALES 51.159.103.25 
BELLE 81.45.139.22 
BEN 81.45.139.22 
KRISTINA 51.159.103.25 
BENDIX 81.45.139.22 
åÖçÖÑÜÖê1 51.159.103.25 
BENEDICT 81.45.139.22 
BENEDICTA 81.45.139.22 
SKLAD2 51.159.103.25 
BENEDICTUS 81.45.139.22 
BENEDIKT 81.45.139.22 
10 51.159.103.25 
BENEDIKTA 81.45.139.22 
ANDREW 51.159.103.25 
BENEDIKTUS 81.45.139.22 
BENEDIX 81.45.139.22 
ALEXANDR 51.159.103.25 
BENJAMIN 81.45.139.22 
BENNE 81.45.139.22 
OPER1 51.159.103.25 
BENT 81.45.139.22 
USR1 51.159.103.25 
BENTE 81.45.139.22 
BENTHE 81.45.139.22 
USER06 51.159.103.25 
BENTLEY 81.45.139.22 
ÇüóÖëãÄÇ 51.159.103.25 
BERAT 81.45.139.22 
BERBER 81.45.139.22 
ELENA 51.159.103.25 
BEREND 81.45.139.22 
BEREND-JAN 81.45.139.22 
YURIST 51.159.103.25 
BERENDIEN 81.45.139.22 
MARINA 51.159.103.25 
BERENDINA 81.45.139.22 
BERENDJE 81.45.139.22 
MANAGER01 51.159.103.25 
BERENDT 81.45.139.22 
BERENT 81.45.139.22 
15 51.159.103.25 
BERENTJE 81.45.139.22 
TATYANA 51.159.103.25 
BERNARDA 81.45.139.22 
BERNARDINA 81.45.139.22 
ÜÖçü 51.159.103.25 
BERNARDUS 81.45.139.22 
BERT 81.45.139.22 
NATALY 51.159.103.25 
BERTHA 81.45.139.22 
BERTHINA 81.45.139.22 
MICHAEL 51.159.103.25 
BERTHOLD 81.45.139.22 
OPER3 51.159.103.25 
BERTHOLDUS 81.45.139.22 
BERTINA 81.45.139.22 
SASHA 51.159.103.25 
BERTINE 81.45.139.22 
BERTOLD 81.45.139.22 
8 51.159.103.25 
BERTRAM 81.45.139.22 
BERTRAMUS 81.45.139.22 
RECEPTION 51.159.103.25 
BERTUS 81.45.139.22 
ARTEM 51.159.103.25 
BERWOUT 81.45.139.22 
BESTELLING 81.45.139.22 
BUX 51.159.103.25 
BETSIE 81.45.139.22 
BETTINA 81.45.139.22 
ÅìïÉÄãíÖê3 51.159.103.25 
BETTY 81.45.139.22 
BETTYS 81.45.139.22 
YURA 51.159.103.25 
BEZOEKER 81.45.139.22 
MANAGER7 51.159.103.25 
BIANCA 81.45.139.22 
BIBI 81.45.139.22 
ADMUSER 51.159.103.25 
BILAL 81.45.139.22 
BINDERT 81.45.139.22 
Åìï 51.159.103.25 
BITES 81.45.139.22 
Ñåàíêàâ 51.159.103.25 
BITRACO 81.45.139.22 
BJORN 81.45.139.22 
DIRECTOR 51.159.103.25 
BLOKKNI 81.45.139.22 
BNIAMRO 81.45.139.22 
DMITRIY 51.159.103.25 
BO 81.45.139.22 
APTEKA5 51.159.103.25 
BOAS 81.45.139.22 
BOAZ 81.45.139.22 
KASA1 51.159.103.25 
BOB 81.45.139.22 
BOBBI 81.45.139.22 
ÄçÄíéãàâ 51.159.103.25 
BOBBIE 81.45.139.22 
RDP2 51.159.103.25 
BOBETTE 81.45.139.22 
BODHI 81.45.139.22 
ÑÖçàë 51.159.103.25 
BODO 81.45.139.22 
17 51.159.103.25 
BOEKHOUDER 81.45.139.22 
SKLAD 51.159.103.25 
BOEKHOUDING 81.45.139.22 
BOEKING 81.45.139.22 
LIZA 51.159.103.25 
BOET 81.45.139.22 
BUH10 51.159.103.25 
BOLT 81.45.139.22 
BONGAJO 81.45.139.22 
NATALYA 51.159.103.25 
BONIFAAS 81.45.139.22 
BONIFATIUS 81.45.139.22 
IRA 51.159.103.25 
BOOY 81.45.139.22 
IRYNA 51.159.103.25 
BORCHERT 81.45.139.22 
BORDUUR 81.45.139.22 
ãÄêàëÄ 51.159.103.25 
BORGERT 81.45.139.22 
USER07 51.159.103.25 
BORIS 81.45.139.22 
BORSBOOM 81.45.139.22 
STUDENT 51.159.103.25 
BOSM16 81.45.139.22 
BOSM18 81.45.139.22 
éãü 51.159.103.25 
BOUDEN 81.45.139.22 
êéåÄç 51.159.103.25 
BOUDEWIJN 81.45.139.22 
BOUDEWIJNA 81.45.139.22 
DASHA 51.159.103.25 
BOUDINA 81.45.139.22 
BOUWEN 81.45.139.22 
RITA 51.159.103.25 
BOUWINA 81.45.139.22 
Çàäíéê 51.159.103.25 
BOUWINE 81.45.139.22 
BOVEN 81.45.139.22 
Äçü 51.159.103.25 
BOVEN1 81.45.139.22 
BOX 81.45.139.22 
USER8 51.159.103.25 
BOX1 81.45.139.22 
USR1CV81 51.159.103.25 
BOX2 81.45.139.22 
BOY 81.45.139.22 
TEST1 51.159.103.25 
BRAAM 81.45.139.22 
VLADIMIR 51.159.103.25 
BRADLEY 81.45.139.22 
BRAM 81.45.139.22 
MAN2 51.159.103.25 
BRANDBE 81.45.139.22 
BRANDON 81.45.139.22 
FIN 51.159.103.25 
BRECHT 81.45.139.22 
BRECHTA 81.45.139.22 
MAIL 51.159.103.25 
BREGITA 81.45.139.22 
BREGITTA 81.45.139.22 
TARAS 51.159.103.25 
BREGJE 81.45.139.22 
BRENDA 81.45.139.22 
VALERA 51.159.103.25 
BRENT 81.45.139.22 
BRIAN 81.45.139.22 
1 51.159.103.25 
BRIGIT 81.45.139.22 
BRIGITTA 81.45.139.22 
ëÇÖíÄ 51.159.103.25 
BRIGITTE 81.45.139.22 
BRITT 81.45.139.22 
ROMAN 51.159.103.25 
BRUCE 81.45.139.22 
BRUIS 81.45.139.22 
USER04 51.159.103.25 
BRUNO 81.45.139.22 
BRYAN 81.45.139.22 
S1 51.159.103.25 
BSLUIS 81.45.139.22 
BUITENDIENST 81.45.139.22 
BUH3 51.159.103.25 
BUITENDIENST1 81.45.139.22 
BURGARDUS 81.45.139.22 
BOGDAN 51.159.103.25 
BURGER 81.45.139.22 
BURGHARD 81.45.139.22 
12 51.159.103.25 
BURGHARDUS 81.45.139.22 
BURGINA 81.45.139.22 
SHARA 51.159.103.25 
BURKHARD 81.45.139.22 
CAITLIN 81.45.139.22 
GARANT 51.159.103.25 
CAITLYN 81.45.139.22 
CAMERA 81.45.139.22 
àêàçÄ 51.159.103.25 
CAMERA1 81.45.139.22 
CAMERA2 81.45.139.22 
USER05 51.159.103.25 
CAMERA3 81.45.139.22 
CAMERA4 81.45.139.22 
TENDER 51.159.103.25 
CAMIEL 81.45.139.22 
CAMILLA 81.45.139.22 
USER1C 51.159.103.25 
CAMILLE 81.45.139.22 
CAMILLUS 81.45.139.22 
DESIGNER 51.159.103.25 
CAMLIYURT 81.45.139.22 
CAMPING 81.45.139.22 
16 51.159.103.25 
CANATAN 81.45.139.22 
CANON 81.45.139.22 
USR 51.159.103.25 
CANONSCAN 81.45.139.22 
CAPELLE 81.45.139.22 
KADR 51.159.103.25 
CAREL 81.45.139.22 
CARETAKER 81.45.139.22 
ÄçÑêÖâ 51.159.103.25 
CARICE 81.45.139.22 
CARINA 81.45.139.22 
ANALITIK 51.159.103.25 
CARL 81.45.139.22 
CARLA 81.45.139.22 
KONSULTANT 51.159.103.25 
CARLIJN 81.45.139.22 
CARMEN 81.45.139.22 
VITALY 51.159.103.25 
CAROLA 81.45.139.22 
CAROLIEN 81.45.139.22 
MARKET 51.159.103.25 
CAROLIJN 81.45.139.22 
CAROLINA 81.45.139.22 
USER2 51.159.103.25 
CAROLINE 81.45.139.22 
CAROLUS 81.45.139.22 
VITALIK 51.159.103.25 
CAS 81.45.139.22 
CASPAR 81.45.139.22 
TEMPUSER 51.159.103.25 
CASPARUS 81.45.139.22 
CASPER 81.45.139.22 
DB2ADMIN 51.159.103.25 
CASPERL 81.45.139.22 
CASPERUS 81.45.139.22 
ANTON 51.159.103.25 
CATALEYA 81.45.139.22 
CATELIJN 81.45.139.22 
äÄëëÄ 51.159.103.25 
CATELIJNE 81.45.139.22 
CATERINGELDERS 81.45.139.22 
SECRARY 51.159.103.25 
CATHARINA 81.45.139.22 
CATHARINUS 81.45.139.22 
ÅìïÉÄãíÖê 51.159.103.25 
CATO 81.45.139.22 
CATRINA 81.45.139.22 
AUDIT1 51.159.103.25 
CATRINUS 81.45.139.22 
CAYENTIS 81.45.139.22 
íÖïçéãéÉ 51.159.103.25 
CAYENTIS2 81.45.139.22 
CECILIA 81.45.139.22 
USER22 51.159.103.25 
CEES 81.45.139.22 
CELESTE 81.45.139.22 
ALEKSEY 51.159.103.25 
CELINA 81.45.139.22 
CELINE 81.45.139.22 
DNS 51.159.103.25 
CENTINA 81.45.139.22 
CENTRAAL 81.45.139.22 
SERVER 51.159.103.25 
CENTRALIST 81.45.139.22 
CERTIFICATES 81.45.139.22 
SRV 51.159.103.25 
CESAR 81.45.139.22 
CEYLIN 81.45.139.22 
NIKITA 51.159.103.25 
CHANEL 81.45.139.22 
CHANTAL 81.45.139.22 
USERRDP 51.159.103.25 
CHARLIE 81.45.139.22 
CHARLOTTA 81.45.139.22 
USER4 51.159.103.25 
CHARLOTTE 81.45.139.22 
CHAYENNA 81.45.139.22 
üçÄ 51.159.103.25 
CHAYENNE 81.45.139.22 
CHELSEA 81.45.139.22 
BACKUPUSER 51.159.103.25 
CHELSEY 81.45.139.22 
CHEYENNE 81.45.139.22 
ûãü 51.159.103.25 
CHIARA 81.45.139.22 
CHIEFENGINEER 81.45.139.22 
MANAGER2 51.159.103.25 
CHIEFOFFICER 81.45.139.22 
CHIEL 81.45.139.22 
åÄêäÖíéãéÉ 51.159.103.25 
CHIELJANL 81.45.139.22 
CHLOE 81.45.139.22 
MANAGER12 51.159.103.25 
CHOOGENES 81.45.139.22 
CHRIS 81.45.139.22 
SLAVA 51.159.103.25 
CHRISTA 81.45.139.22 
CHRISTEL 81.45.139.22 
BUHGALTER2 51.159.103.25 
CHRISTIAAN 81.45.139.22 
CHRISTIAN 81.45.139.22 
USR1CV8 51.159.103.25 
CHRISTIANA 81.45.139.22 
CHRISTIANE 81.45.139.22 
DOCTOR 51.159.103.25 
CHRISTIANUS 81.45.139.22 
CHRISTIJN 81.45.139.22 
KASSA2 51.159.103.25 
CHRISTINA 81.45.139.22 
SUPER 51.159.103.25 
CHRISTINE 81.45.139.22 
CHRISTOFFEL 81.45.139.22 
BUH4 51.159.103.25 
CHRISTOFFELINA 81.45.139.22 
CHRISTOFORUS 81.45.139.22 
DIMA 51.159.103.25 
CHRISTOPHER 81.45.139.22 
CHRISTOPHORUS 81.45.139.22 
USER001 51.159.103.25 
CINDY 81.45.139.22 
CLAAS 81.45.139.22 
BUH03 51.159.103.25 
CLAASINA 81.45.139.22 
CLAES 81.45.139.22 
ëÇÖíãÄçÄ 51.159.103.25 
CLAIRE 81.45.139.22 
CLARA 81.45.139.22 
COMP2 51.159.103.25 
CLARK 81.45.139.22 
CLASIEN 81.45.139.22 
ÑàëèÖíóÖê 51.159.103.25 
CLASINA 81.45.139.22 
CLASINE 81.45.139.22 
MANAGER3 51.159.103.25 
CLAUDIA 81.45.139.22 
2 51.159.103.25 
CLAUDIUS 81.45.139.22 
CLAZINA 81.45.139.22 
SHARE 51.159.103.25 
CLEMENS 81.45.139.22 
CLEMENTIA 81.45.139.22 
1C 51.159.103.25 
CLEMENTINA 81.45.139.22 
CLEMENTINE 81.45.139.22 
SQLUSER 51.159.103.25 
CLEMENTIUS 81.45.139.22 
COCK 81.45.139.22 
äãÄÑéÇôàä 51.159.103.25 
COEN 81.45.139.22 
COENDERS 81.45.139.22 
USER 51.159.103.25 
COENRAAD 81.45.139.22 
COLIN 81.45.139.22 
OLESYA 51.159.103.25 
COLLIN 81.45.139.22 
COMLOG 81.45.139.22 
EVGEN 51.159.103.25 
COMMER 81.45.139.22 
COMMUNICATIE 81.45.139.22 
USER12 51.159.103.25 
COMPLEETIT 81.45.139.22 
CONCIERGE 81.45.139.22 
RDPUSER 51.159.103.25 
CONEGONDA 81.45.139.22 
CONRADUS 81.45.139.22 
MASTER1 51.159.103.25 
CONS 81.45.139.22 
CONSTANCE 81.45.139.22 
íÖëí1 51.159.103.25 
CONSTANS 81.45.139.22 
CONSTANT 81.45.139.22 
PROG 51.159.103.25 
CONSTANTIA 81.45.139.22 
CONSTANTIJN 81.45.139.22 
BANK 51.159.103.25 
CONSTANTINA 81.45.139.22 
CONSTANTINUS 81.45.139.22 
BOSS 51.159.103.25 
CONTROLLING 81.45.139.22 
COR 81.45.139.22 
ADM2 51.159.103.25 
CORA 81.45.139.22 
CORE 81.45.139.22 
çÄíÄãàü 51.159.103.25 
CORENT 81.45.139.22 
CORIAN 81.45.139.22 
ANASTASIA 51.159.103.25 
CORIEN 81.45.139.22 
CORNEEL 81.45.139.22 
BUH_2 51.159.103.25 
CORNELIA 81.45.139.22 
CORNELIS 81.45.139.22 
LUBOV 51.159.103.25 
CORNELIUS 81.45.139.22 
CORSTIAAN 81.45.139.22 
LENA 51.159.103.25 
COSO 81.45.139.22 
CREDITEUREN 81.45.139.22 
REMOTE 51.159.103.25 
CRELIS 81.45.139.22 
CRIJN 81.45.139.22 
USER-3 51.159.103.25 
CRISPIJN 81.45.139.22 
BUHGALTER7 51.159.103.25 
CRISPINUS 81.45.139.22 
URIST 51.159.103.25 
CUNEGUNDIS 81.45.139.22 
CURSUSINFO 81.45.139.22 
CURSUSINFOOFED 81.45.139.22 
ANATOLIY 51.159.103.25 
DAAN 81.45.139.22 
SALE1 51.159.103.25 
DAANK 81.45.139.22 
DAANM 81.45.139.22 
OPERATOR 51.159.103.25 
DAANTJE 81.45.139.22 
DAESRABA 81.45.139.22 
FTP 51.159.103.25 
DAHRAN 81.45.139.22 
DAISY 81.45.139.22 
TOMA 51.159.103.25 
DALEY 81.45.139.22 
DALLAU 81.45.139.22 
USER_3 51.159.103.25 
DAMES 81.45.139.22 
DAMIAAN 81.45.139.22 
6 51.159.103.25 
DAMIAN 81.45.139.22 
DAMIANUS 81.45.139.22 
AUDIT2 51.159.103.25 
DAMIN 81.45.139.22 
DAMON 81.45.139.22 
BORIS 51.159.103.25 
DAN 81.45.139.22 
DANA 81.45.139.22 
TEST7 51.159.103.25 
DANI 81.45.139.22 
DANIEL 81.45.139.22 
7 51.159.103.25 
DANIELA 81.45.139.22 
DANIELLA 81.45.139.22 
TERM10 51.159.103.25 
DANIELLE 81.45.139.22 
DANIQUE 81.45.139.22 
MAX 51.159.103.25 
DANISH 81.45.139.22 
ADMINISTRATOR 94.101.187.85 
ADMIN 94.101.187.85 
TEST 94.101.187.85 
GUEST 94.101.187.85 
USER 94.101.187.85 
SCANNER 94.101.187.85 
TESTUSER 94.101.187.85 
SCAN 94.101.187.85 
USER1 94.101.187.85 
USER2 94.101.187.85 
ADMINISTRADOR 94.101.187.85 
1 94.101.187.85 
BACKUP 94.101.187.85 
JOHN 94.101.187.85 
TEST1 94.101.187.85 
STUDENT 94.101.187.85 
RECEPTION 94.101.187.85 
GAST 94.101.187.85 
REMOTE 94.101.187.85 
SUPPORT 94.101.187.85 
USER3 94.101.187.85 
TEMP 94.101.187.85 
SALES 94.101.187.85 
A 94.101.187.85 
PRINTER 94.101.187.85 
USER01 94.101.187.85 
TESTE 94.101.187.85 
SERVER 94.101.187.85 
PRINT 94.101.187.85 
SCANS 94.101.187.85 
TEST2 94.101.187.85 
SQLADMIN 94.101.187.85 
TRAINING 94.101.187.85 
INFO 94.101.187.85 
USUARIO 94.101.187.85 
TESTTEST 94.101.187.85 
XEROX 94.101.187.85 
DEMO 94.101.187.85 
OFFICE 94.101.187.85 
DB2ADMIN 94.101.187.85 
ADMINISTRATEUR 94.101.187.85 
HELPDESK 94.101.187.85 
DEFAULT 94.101.187.85 
-IpAddress  
MIKE 94.101.187.85 
PC 94.101.187.85 
POS 94.101.187.85 
RICOH 94.101.187.85 
USER4 94.101.187.85 
ACCOUNTS 94.101.187.85 
USER02 94.101.187.85 
DELL 94.101.187.85 
OWNER 94.101.187.85 
INSTALL 94.101.187.85 
DAVID 94.101.187.85 
HR 94.101.187.85 
WAREHOUSE 94.101.187.85 
VPN 94.101.187.85 
CHRIS 94.101.187.85 
ADMIN2 94.101.187.85 
OPERADOR 94.101.187.85 
TEMPADMIN 94.101.187.85 
POSTMASTER 94.101.187.85 
CANON 94.101.187.85 
LAURA 94.101.187.85 
ADMIN1 94.101.187.85 
LAPTOP 94.101.187.85 
CYG_SERVER 94.101.187.85 
TRAINING1 94.101.187.85 
JESSICA 94.101.187.85 
POSTGRES 94.101.187.85 
INFODBA 94.101.187.85 
PRUEBA 94.101.187.85 
STAGIAIRE 94.101.187.85 
STAFF 94.101.187.85 
USER5 94.101.187.85 
TUSER2 94.101.187.85 
DANNY 81.45.139.22 
IT 94.101.187.85 
REMOTO 94.101.187.85 
FTPUSER 94.101.187.85 
MARKETING 94.101.187.85 
MARIA 94.101.187.85 
MANAGER 94.101.187.85 
LOGMEINREMOTEUSER 94.101.187.85 
DANIEL 94.101.187.85 
COPIER 94.101.187.85 
123 94.101.187.85 
RECEPCION 94.101.187.85 
SHOP 94.101.187.85 
TECH 94.101.187.85 
ACCUEIL 94.101.187.85 
SOPORTE 94.101.187.85 
AUDIT 94.101.187.85 
BACKUPEXEC 94.101.187.85 
SHIPPING 94.101.187.85 
MICHELLE 94.101.187.85 
SHARE 94.101.187.85 
FAX 94.101.187.85 
ANDREA 94.101.187.85 
SQLSERVICE 94.101.187.85 
TEST3 94.101.187.85 
TESTER 94.101.187.85 
CONFERENCE 94.101.187.85 
ALEX 94.101.187.85 
LAB 94.101.187.85 
TESTUSER1 94.101.187.85 
CONTABILIDAD 94.101.187.85 
SHYANNE 94.101.187.85 
AUDITOR 94.101.187.85 
KASSA 94.101.187.85 
OFFICE2 94.101.187.85 
FRONTDESK 94.101.187.85 
BOARDROOM 94.101.187.85 
2 94.101.187.85 
USUARIO1 94.101.187.85 
KEVIN 94.101.187.85 
ORACLE 94.101.187.85 
MEDIA 94.101.187.85 
OPERATOR 94.101.187.85 
HP 94.101.187.85 
ANGELA 94.101.187.85 
ROOT 94.101.187.85 
DANTE 81.45.139.22 
ACCOUNTING 94.101.187.85 
MARK 94.101.187.85 
SMART 94.101.187.85 
SCANUSER 94.101.187.85 
FINANCE 94.101.187.85 
NOMAN 94.101.187.85 
MEETING 94.101.187.85 
TONY 94.101.187.85 
SOPHOS 94.101.187.85 
MICHAEL 94.101.187.85 
SYSADMIN 94.101.187.85 
BACKUPADMIN 94.101.187.85 
TUSER 94.101.187.85 
LABORATORIO 94.101.187.85 
TEST111 51.159.103.25 
USER6 94.101.187.85 
PAYROLL 94.101.187.85 
INTERN 94.101.187.85 
SARA 94.101.187.85 
FTP 94.101.187.85 
STORES 94.101.187.85 
PAUL 94.101.187.85 
ACRONIS 94.101.187.85 
GUEST1 94.101.187.85 
CARLOS 94.101.187.85 
SECURITY 94.101.187.85 
PRODUCTION 94.101.187.85 
USER03 94.101.187.85 
C 94.101.187.85 
PETER 94.101.187.85 
VISITOR 94.101.187.85 
USER10 94.101.187.85 
T1 94.101.187.85 
LIBRARY 94.101.187.85 
DIRECCION 94.101.187.85 
CITRIX 94.101.187.85 
SHOWROOM 94.101.187.85 
KIOSK 94.101.187.85 
USUARIO2 94.101.187.85 
ANDRE 94.101.187.85 
JSMITH 94.101.187.85 
ANA 94.101.187.85 
INTERNET 94.101.187.85 
GUARD 94.101.187.85 
PRAXIS 94.101.187.85 
TEST01 94.101.187.85 
ALMACEN 94.101.187.85 
DAPHNE 81.45.139.22 
SQL 94.101.187.85 
TEST123 94.101.187.85 
TESTING 94.101.187.85 
UTENTE 94.101.187.85 
ITADMIN 94.101.187.85 
CAMERAS 94.101.187.85 
PONTO 94.101.187.85 
SANDRA 94.101.187.85 
VIDEO 94.101.187.85 
LOCALADMIN 94.101.187.85 
PC1 94.101.187.85 
TUSER1 94.101.187.85 
PRAKTIKANT 94.101.187.85 
BILLING 94.101.187.85 
CAP 94.101.187.85 
MAINTENANCE 94.101.187.85 
SQLUSER 94.101.187.85 
BESADMIN 94.101.187.85 
PATRICIA 94.101.187.85 
VOICEMAIL 94.101.187.85 
3 94.101.187.85 
KAREN 94.101.187.85 
MCAFEE 94.101.187.85 
TESTUSER 94.101.187.85 
KASSE 94.101.187.85 
MASTER 94.101.187.85 
RAFAEL 94.101.187.85 
SAM 94.101.187.85 
MARIO 94.101.187.85 
PAULA 94.101.187.85 
SUPORTE 94.101.187.85 
ESCANER 94.101.187.85 
SPADMIN 94.101.187.85 
ANDREW 94.101.187.85 
BROTHER 94.101.187.85 
JENNY 94.101.187.85 
USER7 94.101.187.85 
JENNIFER 94.101.187.85 
SETUP 94.101.187.85 
OFFICEON 94.101.187.85 
KONICA 94.101.187.85 
JAMES 94.101.187.85 
JASON 94.101.187.85 
USER8 94.101.187.85 
STEVE 94.101.187.85 
IVAN 94.101.187.85 
DIRECTION 94.101.187.85 
ITSUPPORT 94.101.187.85 
REMOTO1 94.101.187.85 
ACCOUNT 94.101.187.85 
LINDA 94.101.187.85 
REMOTE1 94.101.187.85 
BRIAN 94.101.187.85 
TERMINAL1 94.101.187.85 
JEFF 94.101.187.85 
PAULO 94.101.187.85 
SERVIDOR 94.101.187.85 
WORKSHOP 94.101.187.85 
SHAREPOINT 94.101.187.85 
EXCHADMIN 94.101.187.85 
CONTABILIDADE 94.101.187.85 
DISPATCH 94.101.187.85 
COMPTA 94.101.187.85 
EXCHANGE 94.101.187.85 
ADM 94.101.187.85 
RUSSELL 94.101.187.85 
VANESSA 94.101.187.85 
OPERATIONS 94.101.187.85 
GARY 94.101.187.85 
CARLA 94.101.187.85 
TRAINING2 94.101.187.85 
USER04 94.101.187.85 
ACCOUNTS2 94.101.187.85 
STORE 94.101.187.85 
SQLSERVER 94.101.187.85 
TEMPUSER 94.101.187.85 
ARODRIGUEZ 94.101.187.85 
SHARP 94.101.187.85 
VOLUNTEER 94.101.187.85 
RECEPTIONIST 94.101.187.85 
LISA 94.101.187.85 
INSTALLER 94.101.187.85 
WEBUSER 94.101.187.85 
TIMECLOCK 94.101.187.85 
CAROL 94.101.187.85 
TESTADMIN 94.101.187.85 
RICHARD 94.101.187.85 
ROBERT 94.101.187.85 
VAGRANT 94.101.187.85 
ECOPY 94.101.187.85 
SA 94.101.187.85 
TS1 94.101.187.85 
PLEX 94.101.187.85 
HOME 94.101.187.85 
FAMILY 94.101.187.85 
KRAFT 94.101.187.85 
OMAR 94.101.187.85 
SUPERVISOR 94.101.187.85 
NANCY 94.101.187.85 
COMPRAS 94.101.187.85 
PATRICK 94.101.187.85 
TABLET 94.101.187.85 
SISTEMAS 94.101.187.85 
RICARDO 94.101.187.85 
CACHE 94.101.187.85 
USER11 94.101.187.85 
TERMINAL 94.101.187.85 
VERITAS 94.101.187.85 
WEBMASTER 94.101.187.85 
MONITOR 94.101.187.85 
TRAINER 94.101.187.85 
ROSE 94.101.187.85 
DIEGO 94.101.187.85 
SERVICEDESK 94.101.187.85 
MAILROOM 94.101.187.85 
VISITANTE 94.101.187.85 
SHARON 94.101.187.85 
GRACE 94.101.187.85 
CONFERENCEROOM 94.101.187.85 
KODI 94.101.187.85 
STUDENT1 94.101.187.85 
TECHNIQUE 94.101.187.85 
111 94.101.187.85 
PURCHASING 94.101.187.85 
ADMIN01 94.101.187.85 
MSTEST 94.101.187.85 
ATELIER 94.101.187.85 
JUAN 94.101.187.85 
MATT 94.101.187.85 
TIM 94.101.187.85 
ERIC 94.101.187.85 
STOCK 94.101.187.85 
CNC 94.101.187.85 
NICK 94.101.187.85 
JOSE 94.101.187.85 
RDP 94.101.187.85 
ANDY 94.101.187.85 
TESTUSER2 94.101.187.85 
ERICA 94.101.187.85 
POS1 94.101.187.85 
TEACHER 94.101.187.85 
MARCO 94.101.187.85 
DAVE 81.45.139.22 
LABEL 94.101.187.85 
SQLSVC 94.101.187.85 
BOB 94.101.187.85 
SALES1 94.101.187.85 
PC2 94.101.187.85 
REPORTS 94.101.187.85 
CCTV 94.101.187.85 
FRED 94.101.187.85 
AUDITOR1 94.101.187.85 
CAMERA 94.101.187.85 
JEAN 94.101.187.85 
DAVE 94.101.187.85 
TEMP1 94.101.187.85 
RYAN 94.101.187.85 
éèÖêÄíéê1 51.159.103.25 
AMANDA 94.101.187.85 
JOBS 94.101.187.85 
GREG 94.101.187.85 
MARIANA 94.101.187.85 
MARIE 94.101.187.85 
USER9 94.101.187.85 
IMRAN 94.101.187.85 
MARTIN 94.101.187.85 
REMOTO2 94.101.187.85 
JRODRIGUEZ 94.101.187.85 
TERMINAL2 94.101.187.85 
CONTACT 94.101.187.85 
QUALITY 94.101.187.85 
JULIE 94.101.187.85 
SIMON 94.101.187.85 
BILL 94.101.187.85 
TOM 94.101.187.85 
DENTAL 94.101.187.85 
AGNES 94.101.187.85 
MAC 94.101.187.85 
UPS 94.101.187.85 
MONICA 94.101.187.85 
CLIENT 94.101.187.85 
TOSHIBA 94.101.187.85 
RDPTEST 94.101.187.85 
I 94.101.187.85 
TRAINING3 94.101.187.85 
SERGIO 94.101.187.85 
EVA 94.101.187.85 
NICOLE 94.101.187.85 
DELTEKVISION 94.101.187.85 
MA 94.101.187.85 
RECEIVING 94.101.187.85 
Q 94.101.187.85 
DEV 94.101.187.85 
MARY 94.101.187.85 
DAVEY 81.45.139.22 
ORDERS 94.101.187.85 
KL 94.101.187.85 
BRUNO 94.101.187.85 
WENDY 94.101.187.85 
STUDENT2 94.101.187.85 
SEAN 94.101.187.85 
DEVELOPER 94.101.187.85 
JOE 94.101.187.85 
LASER 94.101.187.85 
SUSAN 94.101.187.85 
4 94.101.187.85 
USER05 94.101.187.85 
SARAH 94.101.187.85 
IMPRESSORA 94.101.187.85 
MHERNANDEZ 94.101.187.85 
CAIXA 94.101.187.85 
HELP 94.101.187.85 
EVENTS 94.101.187.85 
SAGE 94.101.187.85 
BACKUPUSER 94.101.187.85 
IRIS 94.101.187.85 
USER12 94.101.187.85 
CLAUDIA 94.101.187.85 
BIBLIOTECA 94.101.187.85 
LAGER 94.101.187.85 
DGARCIA 94.101.187.85 
INFORMIX 94.101.187.85 
SPARE 94.101.187.85 
WKRADAR 94.101.187.85 
VISION 94.101.187.85 
BLOOMBERG 94.101.187.85 
PHARMACY 94.101.187.85 
TEMP2 94.101.187.85 
VPNUSER 94.101.187.85 
USER13 94.101.187.85 
NOREPLY 94.101.187.85 
COPIEUR 94.101.187.85 
PLOTTER 94.101.187.85 
MELISSA 94.101.187.85 
FRANK 94.101.187.85 
DANIELA 94.101.187.85 
1234 94.101.187.85 
TERRY 94.101.187.85 
POS2 94.101.187.85 
JLOPEZ 94.101.187.85 
ANTHONY 94.101.187.85 
TECNICO 94.101.187.85 
ANITA 94.101.187.85 
ALAN 94.101.187.85 
DAVID 81.45.139.22 
RODRIGO 94.101.187.85 
LUIS 94.101.187.85 
WERKSTATT 94.101.187.85 
JUSTIN 94.101.187.85 
CHARLES 94.101.187.85 
TRAIN 94.101.187.85 
JMARTINEZ 94.101.187.85 
FINANCEIRO 94.101.187.85 
COUNTER 94.101.187.85 
NURSE 94.101.187.85 
SPICEWORKS 94.101.187.85 
PATCH 94.101.187.85 
REMOTE2 94.101.187.85 
CONSULTA 94.101.187.85 
ASHLEY 94.101.187.85 
INVITE 94.101.187.85 
ACCOUNTANT 94.101.187.85 
BUHG1 51.159.103.25 
JONATHAN 94.101.187.85 
ADMINISTRATOR 94.101.187.85 
ROB 94.101.187.85 
STEPHANIE 94.101.187.85 
OFFICE1 94.101.187.85 
CATHY 94.101.187.85 
ALI 94.101.187.85 
JOEL 94.101.187.85 
ANNA 94.101.187.85 
ARCSERVE 94.101.187.85 
SCANNING 94.101.187.85 
MC 94.101.187.85 
JTAYLOR 94.101.187.85 
USER08 94.101.187.85 
KYOCERA 94.101.187.85 
VENTAS2 94.101.187.85 
KRONOS 94.101.187.85 
BEN 94.101.187.85 
SALES2 94.101.187.85 
KELLY 94.101.187.85 
HARRY 94.101.187.85 
SYMANTEC 94.101.187.85 
FERNANDO 94.101.187.85 
COMPTA2 94.101.187.85 
WEB 94.101.187.85 
ENGINEER 94.101.187.85 
FORMATION 94.101.187.85 
IPAD 94.101.187.85 
ST 94.101.187.85 
NMARTINEZ 94.101.187.85 
TEMPLATE 94.101.187.85 
PDA1 94.101.187.85 
VENTAS 94.101.187.85 
DAVON 81.45.139.22 
SKYPE 94.101.187.85 
DEMO1 94.101.187.85 
VENTAS1 94.101.187.85 
CAM 94.101.187.85 
SCANNER2 94.101.187.85 
CHRISTINE 94.101.187.85 
REUNION 94.101.187.85 
GERENCIA 94.101.187.85 
VM 94.101.187.85 
JACK 94.101.187.85 
MGONZALEZ 94.101.187.85 
KEN 94.101.187.85 
WASADMIN 94.101.187.85 
CWILLIAMS 94.101.187.85 
PRESS 94.101.187.85 
DWILLIAMS 94.101.187.85 
JIM 94.101.187.85 
MARINA 94.101.187.85 
JR 94.101.187.85 
PARTS 94.101.187.85 
JORGE 94.101.187.85 
VEEAM 94.101.187.85 
AHMED 94.101.187.85 
TEST12 94.101.187.85 
BRENDA 94.101.187.85 
X 94.101.187.85 
VPNTEST 94.101.187.85 
DEBBIE 94.101.187.85 
GUEST2 94.101.187.85 
CONTA2 94.101.187.85 
VIRGINIE 94.101.187.85 
TEST4 94.101.187.85 
VMWARE 94.101.187.85 
TREINAMENTO 94.101.187.85 
MLOPEZ 94.101.187.85 
LAB1 94.101.187.85 
VICTOR 94.101.187.85 
GEORGE 94.101.187.85 
VENTAS3 94.101.187.85 
PYOUNG 94.101.187.85 
SOFTLINE 94.101.187.85 
EDUCATION 94.101.187.85 
MJACKSON 94.101.187.85 
HELEN 94.101.187.85 
POSUSER 94.101.187.85 
PEDRO 94.101.187.85 
JPEREZ 94.101.187.85 
MRODRIGUEZ 94.101.187.85 
SCHULUNG 94.101.187.85 
DANNY 94.101.187.85 
ESTOQUE 94.101.187.85 
JULIA 94.101.187.85 
STEVEN 94.101.187.85 
DIANA 94.101.187.85 
QUICKBOOKS 94.101.187.85 
LEE 94.101.187.85 
OFICINA 94.101.187.85 
PACS 94.101.187.85 
RA 94.101.187.85 
VICTORIA 94.101.187.85 
LDAP 94.101.187.85 
HTPC 94.101.187.85 
GENERAL 94.101.187.85 
THOMAS 94.101.187.85 
SALES3 94.101.187.85 
M1 94.101.187.85 
GUESTUSER 94.101.187.85 
DOCTOR 94.101.187.85 
JBROWN 94.101.187.85 
SCADMIN 94.101.187.85 
SABRINA 94.101.187.85 
ELOPEZ 94.101.187.85 
CLAUDIO 94.101.187.85 
CLAZAR 94.101.187.85 
123456 94.101.187.85 
AJOHNSON 94.101.187.85 
RHERNANDEZ 94.101.187.85 
CASHIER 94.101.187.85 
JJOHNSON 94.101.187.85 
DAN 94.101.187.85 
CONTROL 94.101.187.85 
CONNECT 94.101.187.85 
IMPRESORA 94.101.187.85 
GIGI 94.101.187.85 
JHERNANDEZ 94.101.187.85 
SIGNATURE 94.101.187.85 
CESAR 94.101.187.85 
ASPNET 94.101.187.85 
SCVMMADMIN 94.101.187.85 
ABC 94.101.187.85 
SHABBIR 94.101.187.85 
CR 94.101.187.85 
ROGER 94.101.187.85 
INTERVIEW 94.101.187.85 
KATHY 94.101.187.85 
R1 94.101.187.85 
SPAM 94.101.187.85 
CAROLINE 94.101.187.85 
EMILLER 94.101.187.85 
DAX 81.45.139.22 
AP 94.101.187.85 
CUSTOMERSERVICE 94.101.187.85 
OMEGA 94.101.187.85 
ELIZABETH 94.101.187.85 
RESPALDO 94.101.187.85 
XEROXSCAN 94.101.187.85 
MD 94.101.187.85 
USECRIT 94.101.187.85 
BARBARA 94.101.187.85 
MMARTINEZ 94.101.187.85 
MOBILE 94.101.187.85 
SERVICES 94.101.187.85 
MEDREC 94.101.187.85 
PLAYER 94.101.187.85 
JOSH 94.101.187.85 
KITCHEN 94.101.187.85 
EMMA 94.101.187.85 
CHECKIN 94.101.187.85 
PRINTUSER 94.101.187.85 
ERP 94.101.187.85 
INGRES 94.101.187.85 
SQLEXEC 94.101.187.85 
ADMINISTRACION 94.101.187.85 
RECEPTION2 94.101.187.85 
LOCALUSER 94.101.187.85 
UTENTE1 94.101.187.85 
SHIP 94.101.187.85 
STUDIO 94.101.187.85 
CINDY 94.101.187.85 
CROBERTSON 94.101.187.85 
RITA 94.101.187.85 
GESTION 94.101.187.85 
BRAD 94.101.187.85 
SQLAGENT 94.101.187.85 
PRTG 94.101.187.85 
MICROS 94.101.187.85 
LUCAS 94.101.187.85 
SBROWN 94.101.187.85 
EDI 94.101.187.85 
CONFROOM 94.101.187.85 
SAP 94.101.187.85 
DFLORES 94.101.187.85 
QA 94.101.187.85 
TV 94.101.187.85 
VINCENT 94.101.187.85 
LEONARDO 94.101.187.85 
PRESENTATION 94.101.187.85 
ROBIN 94.101.187.85 
DAYEN 81.45.139.22 
CSIMMONS 94.101.187.85 
CLAIRE 94.101.187.85 
CRISTINA 94.101.187.85 
INVENTORY 94.101.187.85 
BKADMIN 94.101.187.85 
TS2 94.101.187.85 
TRAIN2 94.101.187.85 
DENNIS 94.101.187.85 
COMERCIAL 94.101.187.85 
CRAIG 94.101.187.85 
RX1 94.101.187.85 
NTHOMAS 94.101.187.85 
VALERIE 94.101.187.85 
FRONT 94.101.187.85 
SWITCH 94.101.187.85 
K2 94.101.187.85 
MSANCHEZ 94.101.187.85 
EXADMIN 94.101.187.85 
NAS 94.101.187.85 
INTERN1 94.101.187.85 
ALOPEZ 94.101.187.85 
SANDY 94.101.187.85 
SONIA 94.101.187.85 
SAFETY 94.101.187.85 
REBECCA 94.101.187.85 
WILLIAM 94.101.187.85 
RECEPCAO 94.101.187.85 
CONF 94.101.187.85 
BARCODE 94.101.187.85 
WORK 94.101.187.85 
SNELSON 94.101.187.85 
UTILISATEUR 94.101.187.85 
LOGISTICA 94.101.187.85 
RICK 94.101.187.85 
GUEST01 94.101.187.85 
BEST 94.101.187.85 
LMILLER 94.101.187.85 
UPDATE 94.101.187.85 
JULIO 94.101.187.85 
RADIO 94.101.187.85 
RACHEL 94.101.187.85 
CALLCENTER 94.101.187.85 
JMILLER 94.101.187.85 
DB 81.45.139.22 
ALUMNO 94.101.187.85 
TWALKER 94.101.187.85 
VENDAS 94.101.187.85 
INTERN2 94.101.187.85 
FACTURACION 94.101.187.85 
CONTADOR 94.101.187.85 
MARCOS 94.101.187.85 
FHARRIS 94.101.187.85 
CS 94.101.187.85 
NICOLAS 94.101.187.85 
EXAM 94.101.187.85 
FREEMAN 94.101.187.85 
1111 94.101.187.85 
DTHOMPSON 94.101.187.85 
R2 94.101.187.85 
GERBER 94.101.187.85 
SERVICE 94.101.187.85 
JSANCHEZ 94.101.187.85 
FEDEX 94.101.187.85 
BARRA 94.101.187.85 
COMMERCIAL 94.101.187.85 
SILVIA 94.101.187.85 
RTCSERVICE 94.101.187.85 
TS01 94.101.187.85 
AGENT 94.101.187.85 
ALICIA 94.101.187.85 
DENISE 94.101.187.85 
TALLER 94.101.187.85 
APEREZ 94.101.187.85 
SKING 94.101.187.85 
NET 94.101.187.85 
JACKIE 94.101.187.85 
TEST5 94.101.187.85 
BMS 94.101.187.85 
KENNY 94.101.187.85 
BRANDON 94.101.187.85 
WAYNE 94.101.187.85 
DYOUNG 94.101.187.85 
PROJECTOR 94.101.187.85 
ANGEL 94.101.187.85 
PCUSER 94.101.187.85 
PRUEBAS 94.101.187.85 
DDIXON 94.101.187.85 
CJONES 94.101.187.85 
JAY 94.101.187.85 
GDAVIS 94.101.187.85 
DB2ADMIN 81.45.139.22 
HVAC 94.101.187.85 
SUPER 94.101.187.85 
CAD 94.101.187.85 
LCOX 94.101.187.85 
KIM 94.101.187.85 
CMARTINEZ 94.101.187.85 
MSMITH 94.101.187.85 
PRODUCCION 94.101.187.85 
TS 94.101.187.85 
XPMUSER 94.101.187.85 
PROD 94.101.187.85 
ROBERTO 94.101.187.85 
SERVICE1 94.101.187.85 
JANET 94.101.187.85 
CISCO 94.101.187.85 
SSMITH 94.101.187.85 
CHARLIE 94.101.187.85 
JOURNAL 94.101.187.85 
ANWENDER 94.101.187.85 
COORDINACION 94.101.187.85 
EMARTINEZ 94.101.187.85 
AMS 94.101.187.85 
CLUSTER 94.101.187.85 
PURCHASE 94.101.187.85 
MIGUEL 94.101.187.85 
KWARD 94.101.187.85 
CHOWARD 94.101.187.85 
NATALIA 94.101.187.85 
PEGGY 94.101.187.85 
VROBERTS 94.101.187.85 
CMATTHEWS 94.101.187.85 
BB 94.101.187.85 
PC4 94.101.187.85 
JAVIER 94.101.187.85 
FARMACIA 94.101.187.85 
STUDENT4 94.101.187.85 
ISABEL 94.101.187.85 
IAN 94.101.187.85 
TABLET1 94.101.187.85 
AGARCIA 94.101.187.85 
TWILLIAMS 94.101.187.85 
NOC 94.101.187.85 
MUSIC 94.101.187.85 
SWILLIAMS 94.101.187.85 
MAINT 94.101.187.85 
JON 94.101.187.85 
SD 94.101.187.85 
DB2USER 81.45.139.22 
CAISSE 94.101.187.85 
AMY 94.101.187.85 
XAVIER 94.101.187.85 
SIEMENS 94.101.187.85 
STEPHEN 94.101.187.85 
PORTABLE 94.101.187.85 
RAQUEL 94.101.187.85 
ROSA 94.101.187.85 
MEDICOS 94.101.187.85 
JGARCIA 94.101.187.85 
CT 94.101.187.85 
MGOLDMAN 94.101.187.85 
SPFARM 94.101.187.85 
CAREERS 94.101.187.85 
DOUG 94.101.187.85 
OSCAR 94.101.187.85 
LAUREN 94.101.187.85 
MKT 94.101.187.85 
REMOTE3 94.101.187.85 
CGARCIA 94.101.187.85 
PHIL 94.101.187.85 
ANTONIO 94.101.187.85 
TINA 94.101.187.85 
SWEEPUPD 94.101.187.85 
DSSERVICEUSER 94.101.187.85 
JJONES 94.101.187.85 
ARCHIVE 94.101.187.85 
PLANNING 94.101.187.85 
WSSADMIN 94.101.187.85 
JFLORES 94.101.187.85 
DATA 94.101.187.85 
JRAMIREZ 94.101.187.85 
AARON 94.101.187.85 
OWNCLOUD 94.101.187.85 
BACKOFFICE 94.101.187.85 
SPEREZ 94.101.187.85 
STAGE 94.101.187.85 
KARLA 94.101.187.85 
FELIPE 94.101.187.85 
LILY 94.101.187.85 
TRACY 94.101.187.85 
BUCHHALTUNG 94.101.187.85 
U1 94.101.187.85 
MARTA 94.101.187.85 
LUPDATE 94.101.187.85 
TESTACCOUNT 94.101.187.85 
DWEST 94.101.187.85 
ENQUIRIES 94.101.187.85 
LEO 94.101.187.85 
KATIE 94.101.187.85 
13 94.101.187.85 
MRAMIREZ 94.101.187.85 
SEC 94.101.187.85 
CHRISTIAN 94.101.187.85 
SCAN2 94.101.187.85 
SCHEDULER 94.101.187.85 
DOC 94.101.187.85 
RBROWN 94.101.187.85 
SHIRLEY 94.101.187.85 
SYS 94.101.187.85 
CLOPEZ 94.101.187.85 
ARAMIREZ 94.101.187.85 
TRICHARDSON 94.101.187.85 
CAFE 94.101.187.85 
MPHILLIPS 94.101.187.85 
MAIL 94.101.187.85 
SKLAD01 51.159.103.25 
PAM 94.101.187.85 
SCOTT 94.101.187.85 
AWHITE 94.101.187.85 
SB 94.101.187.85 
CALENDAR 94.101.187.85 
AMARTINEZ 94.101.187.85 
HENRY 94.101.187.85 
RENE 94.101.187.85 
JAN 94.101.187.85 
LABUSER 94.101.187.85 
EDUARDO 94.101.187.85 
B 94.101.187.85 
EXTRA 94.101.187.85 
AUDIT1 94.101.187.85 
SCCMADMIN 94.101.187.85 
GLPI 94.101.187.85 
CSMITH 94.101.187.85 
STANDARD 94.101.187.85 
KOLB 94.101.187.85 
USER14 94.101.187.85 
JACOB 94.101.187.85 
MPEREZ 94.101.187.85 
RECEPTION1 94.101.187.85 
USER 94.101.187.85 
VCENTER 94.101.187.85 
DUMMY 94.101.187.85 
JANDERSON 94.101.187.85 
RUBEN 94.101.187.85 
PASTEL 94.101.187.85 
DBAGENT 94.101.187.85 
DCWADMIN 81.45.139.22 
LABO 94.101.187.85 
PORTARIA 94.101.187.85 
RALPH 94.101.187.85 
TJOHNSON 94.101.187.85 
ZEIT 94.101.187.85 
E1DBUSER 94.101.187.85 
5 94.101.187.85 
NICO 94.101.187.85 
ADRIANA 94.101.187.85 
MEETINGROOM 94.101.187.85 
STAN 94.101.187.85 
TEMPO 94.101.187.85 
BRYAN 94.101.187.85 
CAJA2 94.101.187.85 
MAS 94.101.187.85 
ALESSANDRA 94.101.187.85 
DJ 94.101.187.85 
ASMITH 94.101.187.85 
PHONE 94.101.187.85 
ERIKA 94.101.187.85 
CARBONITEUSER 94.101.187.85 
NOTEBOOK 94.101.187.85 
TADMIN 94.101.187.85 
DISPLAY 94.101.187.85 
SCANER 94.101.187.85 
MS 94.101.187.85 
NEWSLETTER 94.101.187.85 
MOBILE2 94.101.187.85 
STUDENT3 94.101.187.85 
PROJECT 94.101.187.85 
LEON 94.101.187.85 
LSANCHEZ 94.101.187.85 
MICHEL 94.101.187.85 
MARC 94.101.187.85 
LRODRIGUEZ 94.101.187.85 
SAMANTHA 94.101.187.85 
CRYSTAL 94.101.187.85 
ASISTENTE 94.101.187.85 
STEFAN 94.101.187.85 
D 94.101.187.85 
COLETOR 94.101.187.85 
INVOICES 94.101.187.85 
JDOE 94.101.187.85 
SURVEY 94.101.187.85 
WINDOWS 94.101.187.85 
MINECRAFT 94.101.187.85 
DDEN 81.45.139.22 
DENIS 94.101.187.85 
CHERYL 94.101.187.85 
DEPLOY 94.101.187.85 
GUSTAVO 94.101.187.85 
TS3 94.101.187.85 
WIN7 94.101.187.85 
MJONES 94.101.187.85 
SHOP1 94.101.187.85 
DEMO2 94.101.187.85 
WEBADMIN 94.101.187.85 
SADMIN 94.101.187.85 
MOVIL 94.101.187.85 
MIGRATION 94.101.187.85 
COMPASS 94.101.187.85 
MARCIA 94.101.187.85 
SHANNON 94.101.187.85 
SJOHNSON 94.101.187.85 
TRAINEE 94.101.187.85 
éïêÄçÄ 51.159.103.25 
RESUME 94.101.187.85 
MARCELO 94.101.187.85 
RDPUSER 94.101.187.85 
XRAY 94.101.187.85 
SECRETARIAT 94.101.187.85 
GAMROOT 94.101.187.85 
STEFFEN 94.101.187.85 
PROFIT 94.101.187.85 
JJACKSON 94.101.187.85 
NAMED 94.101.187.85 
CW 94.101.187.85 
JANE 94.101.187.85 
FAXSERVER 94.101.187.85 
IMS 94.101.187.85 
ERGO 94.101.187.85 
LENOVO 94.101.187.85 
CUSTOMER 94.101.187.85 
ADMINTEMP 94.101.187.85 
SECRETARIA 94.101.187.85 
REMOTE01 94.101.187.85 
FERNANDA 94.101.187.85 
MOHAMED 94.101.187.85 
DEFAULTACCOUNT 94.101.187.85 
JGOMEZ 94.101.187.85 
ELENA 94.101.187.85 
DEAN 81.45.139.22 
PRIMAVERA 94.101.187.85 
TSMITH 94.101.187.85 
CAROOT 94.101.187.85 
EMILY 94.101.187.85 
ANNE 94.101.187.85 
JMARTIN 94.101.187.85 
VIRUS 94.101.187.85 
IMAGING 94.101.187.85 
ALPHA 94.101.187.85 
RCLARK 94.101.187.85 
FGARCIA 94.101.187.85 
MAGAZZINO 94.101.187.85 
GARAGE 94.101.187.85 
SUPPLY 94.101.187.85 
SJACKSON 94.101.187.85 
ONLINE 94.101.187.85 
ASANCHEZ 94.101.187.85 
BIZHUB 94.101.187.85 
AR 94.101.187.85 
PLASMA 94.101.187.85 
TFSSERVICE 94.101.187.85 
DARREN 94.101.187.85 
MEGAN 94.101.187.85 
VIVIAN 94.101.187.85 
TERM1 94.101.187.85 
SOCIAL 94.101.187.85 
OSMC 94.101.187.85 
CONTA 94.101.187.85 
LYNN 94.101.187.85 
U2 94.101.187.85 
STAR 94.101.187.85 
GHOST 94.101.187.85 
JOSEPH 94.101.187.85 
AMILLER 94.101.187.85 
TRANSPORT 94.101.187.85 
PAT 94.101.187.85 
EXAM1 94.101.187.85 
EMPFANG 94.101.187.85 
JMORALES 94.101.187.85 
SHAHID 94.101.187.85 
NORMAN 94.101.187.85 
SCANSIONI 94.101.187.85 
RECOVERY 94.101.187.85 
CC 94.101.187.85 
DEBITEUREN 81.45.139.22 
PLOPEZ 94.101.187.85 
TRIAL 94.101.187.85 
ACCESS 94.101.187.85 
IMC 94.101.187.85 
SEGURIDAD 94.101.187.85 
LOJA 94.101.187.85 
CS1 94.101.187.85 
PATROL 94.101.187.85 
VICKY 94.101.187.85 
CAJA 94.101.187.85 
MECHANIC 94.101.187.85 
LWALKER 94.101.187.85 
KM 94.101.187.85 
JDIAZ 94.101.187.85 
VIGILANCIA 94.101.187.85 
MAX 94.101.187.85 
DOMAIN 94.101.187.85 
RAJESH 94.101.187.85 
JO 94.101.187.85 
FIN 94.101.187.85 
DEAN 94.101.187.85 
MASTER 51.159.103.25 
CCC 94.101.187.85 
SALES4 94.101.187.85 
PUESTO051 94.101.187.85 
EXMERGE 94.101.187.85 
APACHE 94.101.187.85 
MBROWN 94.101.187.85 
EMPLOYMENT 94.101.187.85 
PRUEFER 94.101.187.85 
PALOMA 94.101.187.85 
REPORT 94.101.187.85 
DORA 94.101.187.85 
MICHAELA 94.101.187.85 
COMPRAS2 94.101.187.85 
KUECHE 94.101.187.85 
SICHERUNG 94.101.187.85 
PIERRE 94.101.187.85 
RCS 94.101.187.85 
JGONZALEZ 94.101.187.85 
CARMEN 94.101.187.85 
ESANCHEZ 94.101.187.85 
RESEARCH 94.101.187.85 
SHUTDOWN 94.101.187.85 
ALBERT 94.101.187.85 
LANIER 94.101.187.85 
THORSTEN 94.101.187.85 
DEBOER 81.45.139.22 
AUDIO 94.101.187.85 
CMILLER 94.101.187.85 
FLORIST 94.101.187.85 
NATHAN 94.101.187.85 
TECH1 94.101.187.85 
SGARCIA 94.101.187.85 
CLUADMIN 94.101.187.85 
NEW 94.101.187.85 
POSTO 94.101.187.85 
10 94.101.187.85 
XX 94.101.187.85 
DEPOSITO 94.101.187.85 
KEITH 94.101.187.85 
TUSER4 94.101.187.85 
ACC 94.101.187.85 
SUE 94.101.187.85 
AHERNANDEZ 94.101.187.85 
IMPORT 94.101.187.85 
AMD 94.101.187.85 
GM 94.101.187.85 
MINOLTA 94.101.187.85 
ROOM3 94.101.187.85 
SOFTWARE 94.101.187.85 
BORIS 94.101.187.85 
GABRIEL 94.101.187.85 
MWILLIAMS 94.101.187.85 
OPUS 94.101.187.85 
STAGIAIRE1 94.101.187.85 
PRAVEEN 94.101.187.85 
METRO 94.101.187.85 
DIGITAL 94.101.187.85 
GUEST4 94.101.187.85 
FATURAMENTO 94.101.187.85 
ACC2 94.101.187.85 
MARINE 94.101.187.85 
TED 94.101.187.85 
PAULINA 94.101.187.85 
DMILLER 94.101.187.85 
MAIN 94.101.187.85 
STUART 94.101.187.85 
KINGDEE 94.101.187.85 
CATHERINE 94.101.187.85 
REMOTO3 94.101.187.85 
JERRY 94.101.187.85 
CCOLEMAN 94.101.187.85 
K1 94.101.187.85 
DEBORA 81.45.139.22 
TECHNICAL 94.101.187.85 
DVR 94.101.187.85 
INTRANET 94.101.187.85 
GERENTE 94.101.187.85 
AA 94.101.187.85 
CBROWN 94.101.187.85 
BEADMIN 94.101.187.85 
JTORRES 94.101.187.85 
MICHELE 94.101.187.85 
KWILLIAMS 94.101.187.85 
REMOTO01 94.101.187.85 
CPEREZ 94.101.187.85 
SAMUEL 94.101.187.85 
PRODUKTION 94.101.187.85 
AD 94.101.187.85 
RETAIL 94.101.187.85 
CALIDAD 94.101.187.85 
TICKET 94.101.187.85 
TASK 94.101.187.85 
MARCIO 94.101.187.85 
TESTVPN 94.101.187.85 
BEA 94.101.187.85 
CANDERSON 94.101.187.85 
DELIVERY 94.101.187.85 
ALLEN 94.101.187.85 
EMPLOYEE 94.101.187.85 
TERESA 94.101.187.85 
AMBER 94.101.187.85 
MGARCIA 94.101.187.85 
BSMITH 94.101.187.85 
SHAREPOINTADMIN 94.101.187.85 
COOK 94.101.187.85 
LAPTOP1 94.101.187.85 
EGONZALEZ 94.101.187.85 
HEATHER 94.101.187.85 
EXPERT 94.101.187.85 
RGARCIA 94.101.187.85 
QAUSER 94.101.187.85 
WORKSTATION 94.101.187.85 
CRMADMIN 94.101.187.85 
RDP1 94.101.187.85 
JILL 94.101.187.85 
ACC1 94.101.187.85 
DBADMIN 94.101.187.85 
RENATA 94.101.187.85 
MM 94.101.187.85 
CONSULTANT 94.101.187.85 
OSPITE 94.101.187.85 
Z 94.101.187.85 
DECLARATIES 81.45.139.22 
JGREEN 94.101.187.85 
RAUL 94.101.187.85 
CMOORE 94.101.187.85 
MONIQUE 94.101.187.85 
12 94.101.187.85 
RDS 94.101.187.85 
LARRY 94.101.187.85 
ADMINUSER 94.101.187.85 
PABLO 94.101.187.85 
RAVI 94.101.187.85 
DOCTORS 94.101.187.85 
SOS 94.101.187.85 
ANTIVIRUS 94.101.187.85 
CYNTHIA 94.101.187.85 
K 94.101.187.85 
AUSHILFE 94.101.187.85 
COMMUNITY 94.101.187.85 
WESLEY 94.101.187.85 
DIRECTOR 94.101.187.85 
CJOHNSON 94.101.187.85 
MEDIFOX 94.101.187.85 
JDAVIS 94.101.187.85 
CSANCHEZ 94.101.187.85 
TROBERTS 94.101.187.85 
FAXUSER 94.101.187.85 
GUEST3 94.101.187.85 
SYSTEM1 94.101.187.85 
BACKUPS 94.101.187.85 
DESIGN 94.101.187.85 
FORUM 94.101.187.85 
REMOTO5 94.101.187.85 
AUDIT2 94.101.187.85 
MAFIS 94.101.187.85 
PC01 94.101.187.85 
MKING 94.101.187.85 
RMOORE 94.101.187.85 
OFICINA2 94.101.187.85 
AMAZON 94.101.187.85 
REMOTO4 94.101.187.85 
TRAINING4 94.101.187.85 
PLCMSPIP 94.101.187.85 
SC 94.101.187.85 
JMOORE 94.101.187.85 
TALLY 94.101.187.85 
MDS 94.101.187.85 
MFP 94.101.187.85 
TEST10 94.101.187.85 
DEDIJK 81.45.139.22 
ADMINS 94.101.187.85 
MAGASIN 94.101.187.85 
PRESENTER 94.101.187.85 
BMILLER 94.101.187.85 
LOUIS 94.101.187.85 
JIMMY 94.101.187.85 
AUXILIAR 94.101.187.85 
AIRPRINT 94.101.187.85 
REMOTE4 94.101.187.85 
HANS 94.101.187.85 
SERVER1 94.101.187.85 
JWHITE 94.101.187.85 
BKUPEXEC 94.101.187.85 
MPA 94.101.187.85 
JCRUZ 94.101.187.85 
AWILLIAMS 94.101.187.85 
DANIELLE 94.101.187.85 
RPEREZ 94.101.187.85 
PFSENSE 94.101.187.85 
CONNIE 94.101.187.85 
DEMOUSER 94.101.187.85 
SDAVIS 94.101.187.85 
MAILTEST 94.101.187.85 
ÅìïÉÄãíÖê4 51.159.103.25 
CHELSEA 94.101.187.85 
LLOPEZ 94.101.187.85 
JHALL 94.101.187.85 
NATALIE 94.101.187.85 
ELISA 94.101.187.85 
CELINE 94.101.187.85 
RM 94.101.187.85 
INSTRUCTOR 94.101.187.85 
FRANCO 94.101.187.85 
ALBERTO 94.101.187.85 
RJOHNSON 94.101.187.85 
ANNETTE 94.101.187.85 
DELTEKSERVICEACCOUNT 94.101.187.85 
EXAM3 94.101.187.85 
LIZ 94.101.187.85 
KAI 94.101.187.85 
RD1 94.101.187.85 
SS 94.101.187.85 
TOTO 94.101.187.85 
SHORTCUTS 94.101.187.85 
SHEILA 94.101.187.85 
TERMINAL4 94.101.187.85 
JALVAREZ 94.101.187.85 
TSUSER 94.101.187.85 
DEFENSIE 81.45.139.22 
RAHUL 94.101.187.85 
USER06 94.101.187.85 
GENERIC 94.101.187.85 
STAGIAIRE2 94.101.187.85 
TEST8 94.101.187.85 
NOBODY 94.101.187.85 
STATION1 94.101.187.85 
BADMIN 94.101.187.85 
VISOR 94.101.187.85 
WILL 94.101.187.85 
MHALL 94.101.187.85 
SAMPLE 94.101.187.85 
DESPATCH 94.101.187.85 
FATIMA 94.101.187.85 
ANNIE 94.101.187.85 
RMARTINEZ 94.101.187.85 
RIGHTFAXUSER 94.101.187.85 
REPORTING 94.101.187.85 
CALDERA 94.101.187.85 
JWILSON 94.101.187.85 
11 94.101.187.85 
CONSULTOR 94.101.187.85 
SHARED 94.101.187.85 
MG 94.101.187.85 
MK 94.101.187.85 
SONICWALL 94.101.187.85 
MATTHEW 94.101.187.85 
JACKY 94.101.187.85 
XXX 94.101.187.85 
TECHSUPPORT 94.101.187.85 
TEST11 94.101.187.85 
ALINE 94.101.187.85 
ESTUDIO 94.101.187.85 
ENGINEERING 94.101.187.85 
EXAM13 94.101.187.85 
WS1 94.101.187.85 
RENDER 94.101.187.85 
FEDERICO 94.101.187.85 
KBROWN 94.101.187.85 
ADMISSIONS 94.101.187.85 
MPARKER 94.101.187.85 
ABID 94.101.187.85 
NEWUSER 94.101.187.85 
DOCSEND 94.101.187.85 
SEAGATE 94.101.187.85 
AGONZALEZ 94.101.187.85 
DELANO 81.45.139.22 
HUMANRESOURCES 94.101.187.85 
ANDI 94.101.187.85 
INDEXER 94.101.187.85 
MILESTONE 94.101.187.85 
BARA 94.101.187.85 
GPEREZ 94.101.187.85 
SPSEARCH 94.101.187.85 
ROSS 94.101.187.85 
IPAD1 94.101.187.85 
ADMIN 94.101.187.85 
MTURNER 94.101.187.85 
ALEE 94.101.187.85 
CWOOD 94.101.187.85 
DMADMIN 94.101.187.85 
ADMISION 94.101.187.85 
MANOJ 94.101.187.85 
CA 94.101.187.85 
SUP890 94.101.187.85 
JGUTIERREZ 94.101.187.85 
WARRANTY 94.101.187.85 
CHRISTINA 94.101.187.85 
TIME 94.101.187.85 
JUDY 94.101.187.85 
NIKKI 94.101.187.85 
MELANIE 94.101.187.85 
ÑàëèÖíóÖê1 51.159.103.25 
3333 94.101.187.85 
ALFRED 94.101.187.85 
CAMILA 94.101.187.85 
ECONNECT 94.101.187.85 
RDIAZ 94.101.187.85 
DHILL 94.101.187.85 
SCANNER3 94.101.187.85 
KANDERSON 94.101.187.85 
AJONES 94.101.187.85 
TRAININGROOM 94.101.187.85 
TRAINING5 94.101.187.85 
S 94.101.187.85 
EMAIL 94.101.187.85 
MNGR 94.101.187.85 
SP_ADMIN 94.101.187.85 
LUCY 94.101.187.85 
AUTOCAD 94.101.187.85 
JROGERS 94.101.187.85 
LGONZALEZ 94.101.187.85 
ACCOUNTS1 94.101.187.85 
DELEGO 81.45.139.22 
JOYCE 94.101.187.85 
WS11 94.101.187.85 
BOSS 94.101.187.85 
AXADMIN 94.101.187.85 
ELIAS 94.101.187.85 
CGONZALEZ 94.101.187.85 
ED 94.101.187.85 
RANDY 94.101.187.85 
9 94.101.187.85 
DGONZALEZ 94.101.187.85 
CHUCK 94.101.187.85 
SYNC 94.101.187.85 
MIKEM 94.101.187.85 
FABRICA 94.101.187.85 
NADIA 94.101.187.85 
MORGAN 94.101.187.85 
KK 94.101.187.85 
WS 94.101.187.85 
APPLE 94.101.187.85 
CHS 94.101.187.85 
ASSEMBLY 94.101.187.85 
ART 94.101.187.85 
DJONES 94.101.187.85 
ELEE 94.101.187.85 
LGARCIA 94.101.187.85 
SRODRIGUEZ 94.101.187.85 
MWSERVICE 94.101.187.85 
ADMIN3 94.101.187.85 
RS 94.101.187.85 
JEREMY 94.101.187.85 
MDIAZ 94.101.187.85 
CMITCHELL 94.101.187.85 
UTENTE2 94.101.187.85 
SHORETEL 94.101.187.85 
DANI 94.101.187.85 
EXAM2 94.101.187.85 
TANDERSON 94.101.187.85 
FM 94.101.187.85 
SQLSERVICES 94.101.187.85 
T2 94.101.187.85 
APPUSER 94.101.187.85 
GLOBAL 94.101.187.85 
PLANT 94.101.187.85 
DRIVERS 94.101.187.85 
ELAINE 94.101.187.85 
DELICIOUS 81.45.139.22 
REMOTO6 94.101.187.85 
REMOTO7 94.101.187.85 
NEWS 94.101.187.85 
VOLUNTEERS 94.101.187.85 
PARTAGE 94.101.187.85 
PC04 94.101.187.85 
REMOTE02 94.101.187.85 
NETADMIN 94.101.187.85 
TOMER 94.101.187.85 
KORISNIK 94.101.187.85 
DDIAZ 94.101.187.85 
ARIVERA 94.101.187.85 
MTHOMAS 94.101.187.85 
AZUBI 94.101.187.85 
ANN 94.101.187.85 
HASSAN 94.101.187.85 
SHAWN 94.101.187.85 
PASSWORD 94.101.187.85 
COUNTER1 94.101.187.85 
TA 94.101.187.85 
EFLORES 94.101.187.85 
EPEREZ 94.101.187.85 
REN 94.101.187.85 
MAP 94.101.187.85 
TABLET2 94.101.187.85 
PIETER 94.101.187.85 
LINK 94.101.187.85 
ATELIER1 94.101.187.85 
KSMITH 94.101.187.85 
PENNY 94.101.187.85 
SONIC 94.101.187.85 
DESARROLLO 94.101.187.85 
MARGARITA 94.101.187.85 
SWHITE 94.101.187.85 
STATION7 94.101.187.85 
COMM 94.101.187.85 
AAA 94.101.187.85 
LBROWN 94.101.187.85 
PAMELA 94.101.187.85 
BUREAU 94.101.187.85 
BARRACUDA 94.101.187.85 
SECRETARY 94.101.187.85 
DESKTOP 94.101.187.85 
CSUSER 94.101.187.85 
WAREHOUSE1 94.101.187.85 
HANNAH 94.101.187.85 
DEEPAK 94.101.187.85 
WINTHOR 94.101.187.85 
L2 94.101.187.85 
DK 94.101.187.85 
WERKPLAATS 94.101.187.85 
EDGAR 94.101.187.85 
LAUREL 94.101.187.85 
TOTA 94.101.187.85 
SHANE 94.101.187.85 
POSTE1 94.101.187.85 
MWILSON 94.101.187.85 
BJONES 94.101.187.85 
RUTH 94.101.187.85 
TSTEST 94.101.187.85 
PHOTOCOPIER 94.101.187.85 
LORRAINE 94.101.187.85 
EMILIA 94.101.187.85 
ZM 94.101.187.85 
TIENDA 94.101.187.85 
ADRIAN 94.101.187.85 
BACKUPASSIST 94.101.187.85 
JMASON 94.101.187.85 
FOUNDATION 94.101.187.85 
PROFILE 94.101.187.85 
ROOM4 94.101.187.85 
INTEL 94.101.187.85 
DLOPEZ 94.101.187.85 
RADIO1 94.101.187.85 
SCHEDULE 94.101.187.85 
RICH 94.101.187.85 
MANUEL 94.101.187.85 
COLIN 94.101.187.85 
PP 94.101.187.85 
SLEE 94.101.187.85 
OPENVPMS 94.101.187.85 
ARCGIS 94.101.187.85 
ROOM1 94.101.187.85 
ISAM 94.101.187.85 
MMILLER 94.101.187.85 
MUSTAFA 94.101.187.85 
PRUEBA1 94.101.187.85 
COMMUNICATIONS 94.101.187.85 
OLGA 94.101.187.85 
MLEWIS 94.101.187.85 
DTURNER 94.101.187.85 
DBROWN 94.101.187.85 
JWRIGHT 94.101.187.85 
EGARCIA 94.101.187.85 
ASSISTANT 94.101.187.85 
SSANCHEZ 94.101.187.85 
SCALE 94.101.187.85 
DEMI 81.45.139.22 
SALLY 94.101.187.85 
AMUNOZ 94.101.187.85 
MITARBEITER 94.101.187.85 
BANK 94.101.187.85 
SCAN1 94.101.187.85 
SURESH 94.101.187.85 
JKELLY 94.101.187.85 
HHERNANDEZ 94.101.187.85 
PRACTICAS 94.101.187.85 
ERIK 94.101.187.85 
LMARTINEZ 94.101.187.85 
NVR 94.101.187.85 
B1 94.101.187.85 
MTORRES 94.101.187.85 
JTHOMPSON 94.101.187.85 
RAY 94.101.187.85 
BAS 94.101.187.85 
MEMBER 94.101.187.85 
DWRIGHT 94.101.187.85 
USER16 94.101.187.85 
JEFFREY 94.101.187.85 
GUILLERMO 94.101.187.85 
NIDEK 94.101.187.85 
MAURO 94.101.187.85 
STUDENTS 94.101.187.85 
VENDAS2 94.101.187.85 
SECRETAIRE 94.101.187.85 
ZENTRALE 94.101.187.85 
KIDS 94.101.187.85 
RLEE 94.101.187.85 
RH 94.101.187.85 
SHIPPING1 94.101.187.85 
MARLENE 94.101.187.85 
THIAGO 94.101.187.85 
BODEGA 94.101.187.85 
PKELLY 94.101.187.85 
THEATRE 94.101.187.85 
LRIVERA 94.101.187.85 
MAGDA 94.101.187.85 
AVAYA 94.101.187.85 
HPSCANNER 94.101.187.85 
HUGO 94.101.187.85 
POSTE4 94.101.187.85 
SPRICE 94.101.187.85 
TAB1 94.101.187.85 
ATORRES 94.101.187.85 
TFSREPORTS 94.101.187.85 
KATE 94.101.187.85 
SHOP2 94.101.187.85 
BALCAO4 94.101.187.85 
DEMO-3 81.45.139.22 
ARIF 94.101.187.85 
MARCEL 94.101.187.85 
PR 94.101.187.85 
GIOVANNI 94.101.187.85 
JC 94.101.187.85 
DC 94.101.187.85 
MAYA 94.101.187.85 
CMARTIN 94.101.187.85 
PRTGADMIN 94.101.187.85 
REMOTO8 94.101.187.85 
AUDIT3 94.101.187.85 
AUTOCOUNT 94.101.187.85 
TRAFFIC 94.101.187.85 
SANDEEP 94.101.187.85 
JSTEWART 94.101.187.85 
JCOOPER 94.101.187.85 
FLORENCE 94.101.187.85 
DGS 94.101.187.85 
SQL2008 94.101.187.85 
SCHEDULING 94.101.187.85 
LUCIANO 94.101.187.85 
KANTOOR 94.101.187.85 
OPS 94.101.187.85 
SAMIR 94.101.187.85 
KCAMPBELL 94.101.187.85 
SERVEUR 94.101.187.85 
VERONICA 94.101.187.85 
CLIENTE 94.101.187.85 
PETE 94.101.187.85 
TEST9 94.101.187.85 
SWADMIN 94.101.187.85 
SUNNY 94.101.187.85 
UTENTE3 94.101.187.85 
AKIRA 94.101.187.85 
SHAUN 94.101.187.85 
LEANDRO 94.101.187.85 
QWERTY 94.101.187.85 
TMP 94.101.187.85 
SMSADMIN 94.101.187.85 
ANKE 94.101.187.85 
ASUS 94.101.187.85 
ARI 94.101.187.85 
JLEE 94.101.187.85 
FAXMAKER 94.101.187.85 
ME 94.101.187.85 
FDIAZ 94.101.187.85 
ISABELLE 94.101.187.85 
GSM 94.101.187.85 
MIS 94.101.187.85 
FACEBOOK 94.101.187.85 
MCE 94.101.187.85 
NADINE 94.101.187.85 
TRANSFER 94.101.187.85 
RTHOMPSON 94.101.187.85 
OLOPEZ 94.101.187.85 
LOGIN 94.101.187.85 
SW 94.101.187.85 
GPTEST 94.101.187.85 
RTEST 94.101.187.85 
TALLEN 94.101.187.85 
SMURPHY 94.101.187.85 
T 94.101.187.85 
HTADMIN 94.101.187.85 
TJACKSON 94.101.187.85 
WEBCAM 94.101.187.85 
STHOMAS 94.101.187.85 
JTHOMAS 94.101.187.85 
RD2 94.101.187.85 
PC3 94.101.187.85 
LAURENT 94.101.187.85 
COPY 94.101.187.85 
LS 94.101.187.85 
MMC 94.101.187.85 
JFISHER 94.101.187.85 
SCADA 94.101.187.85 
TAREK 94.101.187.85 
ALEXANDRE 94.101.187.85 
FISCAL 94.101.187.85 
JOHNR 94.101.187.85 
ACHAVEZ 94.101.187.85 
JOAO 94.101.187.85 
BUCH 51.159.103.25 
CTHOMPSON 94.101.187.85 
CROBERTS 94.101.187.85 
RECRUITMENT 94.101.187.85 
JBLACK 94.101.187.85 
FARHAN 94.101.187.85 
COMMVAULT 94.101.187.85 
JEROME 94.101.187.85 
ETORRES 94.101.187.85 
RESTORE 94.101.187.85 
PERLA 94.101.187.85 
CHEF 94.101.187.85 
TITO 94.101.187.85 
PHILIP 94.101.187.85 
VJ 94.101.187.85 
SOPHIE 94.101.187.85 
MATHEUS 94.101.187.85 
SALON 94.101.187.85 
LABELS 94.101.187.85 
DENIJS 81.45.139.22 
SAPADMIN 94.101.187.85 
PROVA 94.101.187.85 
KASPERSKY 94.101.187.85 
DMS 94.101.187.85 
CONTABIL 94.101.187.85 
EVADMIN 94.101.187.85 
TOMCAT 94.101.187.85 
DCARTER 94.101.187.85 
HOWARD 94.101.187.85 
INFORMATICA 94.101.187.85 
STREAMING 94.101.187.85 
EADMIN 94.101.187.85 
VENTAS4 94.101.187.85 
MANUTENCAO 94.101.187.85 
HAROLD 94.101.187.85 
UCI 94.101.187.85 
SYSTEMADMIN 94.101.187.85 
COLIBRI 94.101.187.85 
TERMINAL01 94.101.187.85 
BUILD 94.101.187.85 
CECILIA 94.101.187.85 
IISUSER 94.101.187.85 
LCUSER 94.101.187.85 
HR1 94.101.187.85 
SCRIPTADMIN 94.101.187.85 
YHERNANDEZ 94.101.187.85 
LOGISTICS 94.101.187.85 
MAHMOUD 94.101.187.85 
ALAIN 94.101.187.85 
POWERSCHOOL 94.101.187.85 
JEN 94.101.187.85 
JAMIE 94.101.187.85 
ERA 94.101.187.85 
AK 94.101.187.85 
TEST001 94.101.187.85 
STAGIAIR 94.101.187.85 
JULIANA 94.101.187.85 
ADEL 94.101.187.85 
PARK 94.101.187.85 
ADMINTEST 94.101.187.85 
REZA 94.101.187.85 
ADMINN 94.101.187.85 
ROUP 94.101.187.85 
SYOUNG 94.101.187.85 
PROCESS 94.101.187.85 
FB 94.101.187.85 
JLEWIS 94.101.187.85 
SISTEMA 94.101.187.85 
LINUX 94.101.187.85 
DENIS 81.45.139.22 
JMURRAY 94.101.187.85 
CDIAZ 94.101.187.85 
MARKETING1 94.101.187.85 
JJORDAN 94.101.187.85 
PETRA 94.101.187.85 
RSANCHEZ 94.101.187.85 
TMILLER 94.101.187.85 
COOL 94.101.187.85 
RESTO 94.101.187.85 
NETBACKUP 94.101.187.85 
PABX 94.101.187.85 
USER17 94.101.187.85 
TEAM 94.101.187.85 
TDAVIS 94.101.187.85 
GUSER 94.101.187.85 
JUNIOR 94.101.187.85 
CEO 94.101.187.85 
DAD 94.101.187.85 
ARCHIVES 94.101.187.85 
TANIA 94.101.187.85 
CP 94.101.187.85 
ROBERTA 94.101.187.85 
GIUSEPPE 94.101.187.85 
JP 94.101.187.85 
DANY 94.101.187.85 
LEXMARK 94.101.187.85 
SMILE 94.101.187.85 
GATEWAY 94.101.187.85 
SIMONE 94.101.187.85 
RESERVATION 94.101.187.85 
MEDICO 94.101.187.85 
EMS 94.101.187.85 
IMAGE 94.101.187.85 
TPV 94.101.187.85 
TONI 94.101.187.85 
MZ 94.101.187.85 
FRONTDESK2 94.101.187.85 
TARA 94.101.187.85 
ENRIQUE 94.101.187.85 
2010 94.101.187.85 
RRIVERA 94.101.187.85 
PLANTA 94.101.187.85 
CONTADORA 94.101.187.85 
SANTOSH 94.101.187.85 
CRODRIGUEZ 94.101.187.85 
ERNESTO 94.101.187.85 
AMIR 94.101.187.85 
VIRGINIA 94.101.187.85 
STATION2 94.101.187.85 
EXPORT 94.101.187.85 
USUARIO3 94.101.187.85 
GMARTINEZ 94.101.187.85 
DR 94.101.187.85 
ALMACEN2 94.101.187.85 
KIKI 94.101.187.85 
LAB2 94.101.187.85 
SEMINAR 94.101.187.85 
MONIKA 94.101.187.85 
VENDOR 94.101.187.85 
LUCIA 94.101.187.85 
EJOHNSON 94.101.187.85 
CTAYLOR 94.101.187.85 
DSMITH 94.101.187.85 
POLICE 94.101.187.85 
RDP2 94.101.187.85 
JBAKER 94.101.187.85 
GALSYNC 94.101.187.85 
DEBORAH 94.101.187.85 
PERSONAL 94.101.187.85 
IGOR 94.101.187.85 
STORAGE 94.101.187.85 
CRIMINAL 94.101.187.85 
GOLDMINE 94.101.187.85 
PRINECT 94.101.187.85 
ISAAC 94.101.187.85 
CL 94.101.187.85 
FIX 94.101.187.85 
DBARNES 94.101.187.85 
LSMITH 94.101.187.85 
FSANCHEZ 94.101.187.85 
MICROSOFT 94.101.187.85 
SSCOTT 94.101.187.85 
TJONES 94.101.187.85 
PREPRESS 94.101.187.85 
FAXES 94.101.187.85 
HELPASSISTANT 94.101.187.85 
ROMAIN 94.101.187.85 
RGONZALEZ 94.101.187.85 
DEPOT 94.101.187.85 
CHANTAL 94.101.187.85 
SIM 94.101.187.85 
BARRY 94.101.187.85 
TESTING123 94.101.187.85 
FAXADMIN 94.101.187.85 
PRINTERS 94.101.187.85 
PRESCHOOL 94.101.187.85 
DOCK 94.101.187.85 
TECH2 94.101.187.85 
DEB 94.101.187.85 
DENIZ 81.45.139.22 
LADAMS 94.101.187.85 
RMILLER 94.101.187.85 
BCLARK 94.101.187.85 
WAREHOUSE2 94.101.187.85 
BIDS 94.101.187.85 
KRAMIREZ 94.101.187.85 
KAY 94.101.187.85 
ASPUSER 94.101.187.85 
RDAVIS 94.101.187.85 
ICS 94.101.187.85 
READ 94.101.187.85 
DCLARK 94.101.187.85 
ASD 94.101.187.85 
AHMAD 94.101.187.85 
RCOX 94.101.187.85 
DPADMIN 94.101.187.85 
VISMAIL 94.101.187.85 
WEBPRINT 94.101.187.85 
ATAYLOR 94.101.187.85 
MHARRIS 94.101.187.85 
STAFF1 94.101.187.85 
BELL 94.101.187.85 
TANYA 94.101.187.85 
WELCOME 94.101.187.85 
DRODRIGUEZ 94.101.187.85 
PORTATIL 94.101.187.85 
HGARCIA 94.101.187.85 
BMARTIN 94.101.187.85 
TTAYLOR 94.101.187.85 
KWALKER 94.101.187.85 
CBS 94.101.187.85 
CUISINE 94.101.187.85 
EDDIE 94.101.187.85 
KYLE 94.101.187.85 
NOEL 94.101.187.85 
äÄíü 51.159.103.25 
DRIVER 94.101.187.85 
KRISTIN 94.101.187.85 
DCOLLINS 94.101.187.85 
CBELL 94.101.187.85 
ELEVE 94.101.187.85 
EQUITRAC 94.101.187.85 
MARTI 94.101.187.85 
COMPLIANCE 94.101.187.85 
KARL 94.101.187.85 
LAWCLERK 94.101.187.85 
CLOUD 94.101.187.85 
APRIL 94.101.187.85 
SMARTIN 94.101.187.85 
TOUCH 94.101.187.85 
ASHISH 94.101.187.85 
PDA3 94.101.187.85 
VOLUNTEER1 94.101.187.85 
CHARLOTTE 94.101.187.85 
HS 94.101.187.85 
SYLVIE 94.101.187.85 
JWELLS 94.101.187.85 
APATEL 94.101.187.85 
MALLEN 94.101.187.85 
NO-REPLY 94.101.187.85 
JESSI 94.101.187.85 
PHARMA 94.101.187.85 
NETUSER 94.101.187.85 
YVONNE 94.101.187.85 
LYNCADMIN 94.101.187.85 
DBA 94.101.187.85 
IIS 94.101.187.85 
AMARTIN 94.101.187.85 
SMSSERVICE 94.101.187.85 
EMSADMIN 94.101.187.85 
ENTERPRISE 94.101.187.85 
TSADMIN 94.101.187.85 
AAAA 94.101.187.85 
JANICE 94.101.187.85 
FSC 94.101.187.85 
ACCT2 94.101.187.85 
9999 94.101.187.85 
NK 94.101.187.85 
SRI 94.101.187.85 
VEEAMADMIN 94.101.187.85 
ANGELICA 94.101.187.85 
ERICH 94.101.187.85 
SERVICESQL 94.101.187.85 
CLINIC 94.101.187.85 
TMORRIS 94.101.187.85 
CHRISTOPHE 94.101.187.85 
BRIDGET 94.101.187.85 
BIBLIO 94.101.187.85 
WWW 94.101.187.85 
IVR 94.101.187.85 
HSMITH 94.101.187.85 
PALM 94.101.187.85 
CAC 94.101.187.85 
ER 94.101.187.85 
HUY 94.101.187.85 
AJIMENEZ 94.101.187.85 
DOCKER 94.101.187.85 
COVER 94.101.187.85 
DENZEL 81.45.139.22 
JCOOK 94.101.187.85 
LZ 94.101.187.85 
MARYANNE 94.101.187.85 
FAHAD 94.101.187.85 
MGOMEZ 94.101.187.85 
DONATIONS 94.101.187.85 
BRETT 94.101.187.85 
KWILSON 94.101.187.85 
COWENS 94.101.187.85 
TBROWN 94.101.187.85 
ARUN 94.101.187.85 
GDIAZ 94.101.187.85 
STACKADMIN 94.101.187.85 
CGORDON 94.101.187.85 
SEARCH 94.101.187.85 
TC 94.101.187.85 
ADMIN123 94.101.187.85 
MIGRATE 94.101.187.85 
RETURNS 94.101.187.85 
SUPPORT1 94.101.187.85 
GWILLIAMS 94.101.187.85 
BHARAT 94.101.187.85 
ETHAN 94.101.187.85 
PLEWIS 94.101.187.85 
CTADMIN 94.101.187.85 
PATRON 94.101.187.85 
RUDY 94.101.187.85 
ATHOMPSON 94.101.187.85 
AJACKSON 94.101.187.85 
NADMIN 94.101.187.85 
FRANCIS 94.101.187.85 
ESADMIN 94.101.187.85 
DIANE 94.101.187.85 
WKELLER 94.101.187.85 
BMOORE 94.101.187.85 
INFOTECH 94.101.187.85 
GRODRIGUEZ 94.101.187.85 
WILLY 94.101.187.85 
SADAMS 94.101.187.85 
POSTAGE 94.101.187.85 
AS 94.101.187.85 
LETICIA 94.101.187.85 
DANIELE 94.101.187.85 
ROLAND 94.101.187.85 
READONLY 94.101.187.85 
SHIPPER 94.101.187.85 
EDWARD 94.101.187.85 
JEDWARDS 94.101.187.85 
BETTY 94.101.187.85 
DWILSON 94.101.187.85 
DERK 81.45.139.22 
AUTOMATION 94.101.187.85 
CASHIER1 94.101.187.85 
STACY 94.101.187.85 
KTHOMPSON 94.101.187.85 
AB 94.101.187.85 
VERA 94.101.187.85 
INVENTARIO 94.101.187.85 
GGARCIA 94.101.187.85 
NAVADMIN 94.101.187.85 
REUNIAO 94.101.187.85 
CSR1 94.101.187.85 
HOUSE 94.101.187.85 
CLINE 94.101.187.85 
LALLEN 94.101.187.85 
ISS 94.101.187.85 
BAR 94.101.187.85 
FINANZAS 94.101.187.85 
DONOTREPLY 94.101.187.85 
JIRA 94.101.187.85 
FEEDBACK 94.101.187.85 
SALE 94.101.187.85 
VINGCARD 94.101.187.85 
TESTUSER3 94.101.187.85 
USERNAME 94.101.187.85 
GPS 94.101.187.85 
RWHITE 94.101.187.85 
ADMINSQL 94.101.187.85 
PEDIDOS 94.101.187.85 
TRINITY 94.101.187.85 
ACCT 94.101.187.85 
123456789 94.101.187.85 
EVOLVE 94.101.187.85 
MONITOREO 94.101.187.85 
TEST 94.101.187.85 
TDANIELS 94.101.187.85 
MBAILEY 94.101.187.85 
VPS 94.101.187.85 
LORI 94.101.187.85 
GREENWAY 94.101.187.85 
COPIER2 94.101.187.85 
CAMARAS 94.101.187.85 
H 94.101.187.85 
MARCELA 94.101.187.85 
INSTALAR 94.101.187.85 
VCADMIN 94.101.187.85 
TSINTERNETUSER 94.101.187.85 
SASA 94.101.187.85 
AL 94.101.187.85 
JMURPHY 94.101.187.85 
KGARCIA 94.101.187.85 
NICOLA 94.101.187.85 
PRADEEP 94.101.187.85 
OEM 94.101.187.85 
SANJAY 94.101.187.85 
HENRIQUE 94.101.187.85 
MDTUSER 94.101.187.85 
PSERVER 94.101.187.85 
MATTEO 94.101.187.85 
MYSQL 94.101.187.85 
PI 94.101.187.85 
USER18 94.101.187.85 
KASA1 94.101.187.85 
LAPTOP2 94.101.187.85 
SUPERADMIN 94.101.187.85 
PLUSSIER 94.101.187.85 
BRUNA 94.101.187.85 
STATION01 94.101.187.85 
DEBORA 94.101.187.85 
SMBUSER 94.101.187.85 
BOOK 94.101.187.85 
ADMINISTRATIE 94.101.187.85 
ATENDIMENTO 94.101.187.85 
ECOMMERCE 94.101.187.85 
CAREER 94.101.187.85 
EBIZUSER 94.101.187.85 
DOM 94.101.187.85 
WALTER 94.101.187.85 
MT 94.101.187.85 
CLERK 94.101.187.85 
SAVIN 94.101.187.85 
PWOOD 94.101.187.85 
FDESK 94.101.187.85 
MBAKER 94.101.187.85 
TROY 94.101.187.85 
KASSA1 94.101.187.85 
DTHOMAS 94.101.187.85 
ALISON 94.101.187.85 
NWILLIAMS 94.101.187.85 
CAIXA3 94.101.187.85 
LROGERS 94.101.187.85 
HK2 94.101.187.85 
POSTO1 94.101.187.85 
éÅåÖç 51.159.103.25 
DRUCKER 94.101.187.85 
CROBINSON 94.101.187.85 
ADC 94.101.187.85 
AJAY 94.101.187.85 
RBENNETT 94.101.187.85 
JOANNE 94.101.187.85 
CAISSE2 94.101.187.85 
FRANCESCO 94.101.187.85 
DESIDERIUS 81.45.139.22 
RECEP 94.101.187.85 
TABLET02 94.101.187.85 
KONRAD 94.101.187.85 
DENZEL 94.101.187.85 
ALBIS 94.101.187.85 
SUPERUSER 94.101.187.85 
JUN 94.101.187.85 
VERSAND 94.101.187.85 
BOARD 94.101.187.85 
BEATRIZ 94.101.187.85 
COURTNEY 94.101.187.85 
CLEMENT 94.101.187.85 
USER07 94.101.187.85 
DEREK 94.101.187.85 
UPS1 94.101.187.85 
ADSYNC 94.101.187.85 
AZIZ 94.101.187.85 
CONSOLE 94.101.187.85 
JURIDICO 94.101.187.85 
GSMITH 94.101.187.85 
ALFA 94.101.187.85 
FLAVIA 94.101.187.85 
AGENDA 94.101.187.85 
ANDRES 94.101.187.85 
DANDERSON 94.101.187.85 
7 94.101.187.85 
CSS 94.101.187.85 
QC 94.101.187.85 
SENIOR 94.101.187.85 
EMPOWER 94.101.187.85 
6 94.101.187.85 
MONITORAMENTO 94.101.187.85 
AUDITORIA 94.101.187.85 
MCOX 94.101.187.85 
DIRK 94.101.187.85 
TS03 94.101.187.85 
GERAL 94.101.187.85 
OPENFIRE 94.101.187.85 
REMOTEUSER 94.101.187.85 
TSPLUS 94.101.187.85 
VALENTIN 94.101.187.85 
APP 94.101.187.85 
VIEW 94.101.187.85 
COBRANCA 94.101.187.85 
INGRID 94.101.187.85 
NGARCIA 94.101.187.85 
LANDERSON 94.101.187.85 
HARA 94.101.187.85 
CLUSTERADMIN 94.101.187.85 
DESIGN 81.45.139.22 
SCLARK 94.101.187.85 
MDAVIS 94.101.187.85 
BESPRECHUNG 94.101.187.85 
SAMSUNG 94.101.187.85 
ENG 94.101.187.85 
HU 94.101.187.85 
CWELLS 94.101.187.85 
PJONES 94.101.187.85 
PA 94.101.187.85 
CKING 94.101.187.85 
KRISTINA 94.101.187.85 
IRENE 94.101.187.85 
12345 94.101.187.85 
JM 94.101.187.85 
CHILL 94.101.187.85 
JRAMOS 94.101.187.85 
GTAYLOR 94.101.187.85 
USER001 94.101.187.85 
RICHARDS 94.101.187.85 
OCE 94.101.187.85 
DISPATCHER 94.101.187.85 
MASON 94.101.187.85 
JWOOD 94.101.187.85 
HJACKSON 94.101.187.85 
CLEE 94.101.187.85 
PARENT 94.101.187.85 
JOHNB 94.101.187.85 
JWEBB 94.101.187.85 
PHYSIO 94.101.187.85 
JPOWELL 94.101.187.85 
FAYAZ 94.101.187.85 
LABTECH 94.101.187.85 
DFISHER 94.101.187.85 
MROBINSON 94.101.187.85 
CHAD 94.101.187.85 
DJOHNSON 94.101.187.85 
KRIS 94.101.187.85 
COMPTABILITE 94.101.187.85 
JANA 94.101.187.85 
JORDAN 94.101.187.85 
DOMINIQUE 94.101.187.85 
REGINA 94.101.187.85 
CRM 94.101.187.85 
PREMIER 94.101.187.85 
JSIMPSON 94.101.187.85 
BRYCEN 94.101.187.85 
JRICHARDSON 94.101.187.85 
CSADMIN 94.101.187.85 
CASA 94.101.187.85 
DESIGNER 81.45.139.22 
REPL 94.101.187.85 
UZIVATEL 94.101.187.85 
NATHALIE 94.101.187.85 
ACADEMY 94.101.187.85 
TRAVIS 94.101.187.85 
STORRES 94.101.187.85 
MEXAL 94.101.187.85 
GEBRUIKER 94.101.187.85 
MARTINA 94.101.187.85 
MP 94.101.187.85 
BRODRIGUEZ 94.101.187.85 
IBM 94.101.187.85 
SUSANA 94.101.187.85 
ADIAZ 94.101.187.85 
LINX 94.101.187.85 
SQLSERV 94.101.187.85 
PS 94.101.187.85 
LORENA 94.101.187.85 
ASSESSOR 94.101.187.85 
CRAMIREZ 94.101.187.85 
BUSINESS 94.101.187.85 
RRAMIREZ 94.101.187.85 
HUB 94.101.187.85 
CANNON 94.101.187.85 
CAFEUSER 94.101.187.85 
TUTORING 94.101.187.85 
PM 94.101.187.85 
SVEN 94.101.187.85 
CANDICE 94.101.187.85 
TR 94.101.187.85 
TMS 94.101.187.85 
VIRTUAL 94.101.187.85 
PADMA 94.101.187.85 
MINER 94.101.187.85 
STATION10 94.101.187.85 
STEVEB 94.101.187.85 
RSMITH 94.101.187.85 
HOTEL 94.101.187.85 
CTURNER 94.101.187.85 
TEVANS 94.101.187.85 
LTHOMAS 94.101.187.85 
SVCACCT 94.101.187.85 
FORMATION1 94.101.187.85 
WINNIE 94.101.187.85 
XEROXSCANS 94.101.187.85 
DASHBOARD 94.101.187.85 
TYLER 94.101.187.85 
ANGELO 94.101.187.85 
JOEY 94.101.187.85 
SHARRIS 94.101.187.85 
MALI 94.101.187.85 
DEVELOPMENT 94.101.187.85 
THAIS 94.101.187.85 
DROSS 94.101.187.85 
TS02 94.101.187.85 
COLLEGE 94.101.187.85 
GLORIA 94.101.187.85 
KJONES 94.101.187.85 
TWILSON 94.101.187.85 
TAXPREP 94.101.187.85 
CHRISTY 94.101.187.85 
MOVIES 94.101.187.85 
MARGARET 94.101.187.85 
JASMIN 94.101.187.85 
JALEXANDER 94.101.187.85 
MANTENIMIENTO 94.101.187.85 
BALCAO1 94.101.187.85 
SUPPORT_388945A0 94.101.187.85 
MWARD 94.101.187.85 
FACILITIES 94.101.187.85 
RON 94.101.187.85 
KAMRAN 94.101.187.85 
JDIXON 94.101.187.85 
REMOTO9 94.101.187.85 
WDAVIS 94.101.187.85 
HEBA 94.101.187.85 
TREND 94.101.187.85 
JYOUNG 94.101.187.85 
AKSHAY 94.101.187.85 
MARK.SMITH 94.101.187.85 
PHYSICS 94.101.187.85 
MOM 94.101.187.85 
1313 94.101.187.85 
JASMINE 94.101.187.85 
LDAVIS 94.101.187.85 
PTEST 94.101.187.85 
BWILSON 94.101.187.85 
USUARIO4 94.101.187.85 
STEPHANE 94.101.187.85 
TT 94.101.187.85 
MREED 94.101.187.85 
KATHERINE 94.101.187.85 
ELISABETH 94.101.187.85 
NWHITE 94.101.187.85 
LOUISE 94.101.187.85 
MILAN 94.101.187.85 
MARIANNE 94.101.187.85 
TERM2 94.101.187.85 
ELIANE 94.101.187.85 
DESTINY 81.45.139.22 
MARISA 94.101.187.85 
AWILSON 94.101.187.85 
DCOOPER 94.101.187.85 
XBOX 94.101.187.85 
STAG3 94.101.187.85 
GLENN 94.101.187.85 
TERMINAL3 94.101.187.85 
JOSHUA 94.101.187.85 
ORODRIGUEZ 94.101.187.85 
HALL 94.101.187.85 
SMILLER 94.101.187.85 
CPRICE 94.101.187.85 
SOPHIA 94.101.187.85 
MYOUNG 94.101.187.85 
EVELYN 94.101.187.85 
GUARDIA 94.101.187.85 
SEGRETERIA 94.101.187.85 
FILIP 94.101.187.85 
WELLNESS 94.101.187.85 
Q2 94.101.187.85 
SPEC 94.101.187.85 
GIS 94.101.187.85 
ALE 94.101.187.85 
IMPACT 94.101.187.85 
SH 94.101.187.85 
GOLF 94.101.187.85 
SYSTEMS 94.101.187.85 
STUDENT7 94.101.187.85 
VOICE 94.101.187.85 
RAMON 94.101.187.85 
CECIL 94.101.187.85 
TIMB 94.101.187.85 
TRACKER 94.101.187.85 
SROBINSON 94.101.187.85 
BKING 94.101.187.85 
ROGERIO 94.101.187.85 
AS400 94.101.187.85 
INTERNS 94.101.187.85 
INFO1 94.101.187.85 
SM 94.101.187.85 
MAILMAN 94.101.187.85 
USUARIO01 94.101.187.85 
EB 94.101.187.85 
TESTY 94.101.187.85 
ALFRESCO 94.101.187.85 
PERCY 94.101.187.85 
WORDPRESS 94.101.187.85 
FRANKIE 94.101.187.85 
DEUGDBR 81.45.139.22 
YUMI 94.101.187.85 
ALLIANCE 94.101.187.85 
GOLD 94.101.187.85 
ALEXIS 94.101.187.85 
JAMAL 94.101.187.85 
VENTE 94.101.187.85 
QBADMIN 94.101.187.85 
NATASHA 94.101.187.85 
PPEREZ 94.101.187.85 
WH 94.101.187.85 
BILLY 94.101.187.85 
TAYLOR 94.101.187.85 
MIMECAST 94.101.187.85 
EDITOR 94.101.187.85 
CHRISTOPHER 94.101.187.85 
OP 94.101.187.85 
1C 94.101.187.85 
PCADMIN 94.101.187.85 
CASINO 94.101.187.85 
GFI 94.101.187.85 
BOOKING 94.101.187.85 
FILESHARE 94.101.187.85 
DATABASE 94.101.187.85 
AUGUSTA 94.101.187.85 
APCUSER 94.101.187.85 
KATHLEEN 94.101.187.85 
DUKE 94.101.187.85 
ATLAS 94.101.187.85 
WS02 94.101.187.85 
JPHILLIPS 94.101.187.85 
DICOMDAEMON 94.101.187.85 
NORTON 94.101.187.85 
ACS 94.101.187.85 
REEM 94.101.187.85 
TEST6 94.101.187.85 
SLU 94.101.187.85 
CHILDREN 94.101.187.85 
SGONZALEZ 94.101.187.85 
RICCARDO 94.101.187.85 
NICHOLAS 94.101.187.85 
ADMINISTRATIVO 94.101.187.85 
NGRIFFIN 94.101.187.85 
GMILLER 94.101.187.85 
EXAM6 94.101.187.85 
TRAINING01 94.101.187.85 
VADMIN 94.101.187.85 
LOCAL 94.101.187.85 
REMOTEADMIN 94.101.187.85 
MANAGER1 94.101.187.85 
SUPPORT 51.159.103.25 
COMPTOIR 94.101.187.85 
MAHESH 94.101.187.85 
ESCRITORIO 94.101.187.85 
SEDWARDS 94.101.187.85 
RADMIN 94.101.187.85 
LUCA 94.101.187.85 
WATERS 94.101.187.85 
MHILL 94.101.187.85 
CPADMIN 94.101.187.85 
SAMBA 94.101.187.85 
SPARKER 94.101.187.85 
LKING 94.101.187.85 
VMADMIN 94.101.187.85 
SL 94.101.187.85 
JORTIZ 94.101.187.85 
QBDATASERVICEUSER26 94.101.187.85 
DOS 94.101.187.85 
DATAENTRY 94.101.187.85 
SUZANNE 94.101.187.85 
USR 94.101.187.85 
RONNIE 94.101.187.85 
BGRIFFIN 94.101.187.85 
GINA 94.101.187.85 
ANDERSON 94.101.187.85 
FRODRIGUEZ 94.101.187.85 
PBROWN 94.101.187.85 
PSADMIN 94.101.187.85 
TIFFANY 94.101.187.85 
SERGE 94.101.187.85 
BALIE 94.101.187.85 
LENA 94.101.187.85 
BTAYLOR 94.101.187.85 
JAG 94.101.187.85 
BG 94.101.187.85 
JBAILEY 94.101.187.85 
ADMIN5 94.101.187.85 
NIGEL 94.101.187.85 
CERT 94.101.187.85 
AV 94.101.187.85 
PJ 94.101.187.85 
LUCIANA 94.101.187.85 
ARGUS 94.101.187.85 
SCVMMSVC 94.101.187.85 
WORKFLOW 94.101.187.85 
BPADMIN 94.101.187.85 
GOLDFAX 94.101.187.85 
WEBINAR 94.101.187.85 
G1 94.101.187.85 
UTILITY 94.101.187.85 
KHALL 94.101.187.85 
GR 94.101.187.85 
VAULT 94.101.187.85 
DHARRIS 94.101.187.85 
TI 94.101.187.85 
RANGER 94.101.187.85 
DWOOD 94.101.187.85 
JDE 94.101.187.85 
SSIMMONS 94.101.187.85 
CD 94.101.187.85 
MIRKO 94.101.187.85 
BUERO 94.101.187.85 
SQL_SERVICE 94.101.187.85 
MSADMIN 94.101.187.85 
MICK 94.101.187.85 
OHERNANDEZ 94.101.187.85 
PORTAL 94.101.187.85 
STEPH 94.101.187.85 
PHILIPPE 94.101.187.85 
EMERGENCY 94.101.187.85 
JSCOTT 94.101.187.85 
WSADMIN 94.101.187.85 
TCLARK 94.101.187.85 
WAREHOUSE3 94.101.187.85 
ELLEN 94.101.187.85 
JLAWRENCE 94.101.187.85 
103 94.101.187.85 
PRISCILA 94.101.187.85 
CTORRES 94.101.187.85 
CARMSTRONG 94.101.187.85 
STHOMPSON 94.101.187.85 
PAULINE 94.101.187.85 
USR2 94.101.187.85 
NORMA 94.101.187.85 
HH01 94.101.187.85 
SP 94.101.187.85 
PUBLICO 94.101.187.85 
MEDWARDS 94.101.187.85 
DM 94.101.187.85 
WINDOWS10 94.101.187.85 
GABBY 94.101.187.85 
ACCESSCONTROL 94.101.187.85 
SANDRINE 94.101.187.85 
NPEREZ 94.101.187.85 
APC 94.101.187.85 
CHERNANDEZ 94.101.187.85 
CAMERON 94.101.187.85 
MCAMPBELL 94.101.187.85 
MAGGIE 94.101.187.85 
KELVIN 94.101.187.85 
TROSS 94.101.187.85 
LANCE 94.101.187.85 
åÖçÖÑÜÖê3 51.159.103.25 
SQLSVR 94.101.187.85 
SKLAD 94.101.187.85 
RPADMIN 94.101.187.85 
TAMARA 94.101.187.85 
DS 94.101.187.85 
ZEISS 94.101.187.85 
MANU 94.101.187.85 
VALERIA 94.101.187.85 
JONNY 94.101.187.85 
CCRAWFORD 94.101.187.85 
CLAUDE 94.101.187.85 
CYBER 94.101.187.85 
IADMIN 94.101.187.85 
CDS 94.101.187.85 
DOMINO 94.101.187.85 
SALMAN 94.101.187.85 
LOOMIS 94.101.187.85 
AMMINISTRAZIONE 94.101.187.85 
EXSERVICE 94.101.187.85 
CHECADOR 94.101.187.85 
COMPTABLE 94.101.187.85 
ACER 94.101.187.85 
TKING 94.101.187.85 
MAYARA 94.101.187.85 
KT 94.101.187.85 
ERAMIREZ 94.101.187.85 
BS 94.101.187.85 
HOSPITAL 94.101.187.85 
DPS 94.101.187.85 
DSANCHEZ 94.101.187.85 
SYSOP 94.101.187.85 
SAURABH 94.101.187.85 
RAKESH 94.101.187.85 
DINA 94.101.187.85 
JROBINSON 94.101.187.85 
JRICE 94.101.187.85 
LARISSA 94.101.187.85 
ALMOXARIFADO 94.101.187.85 
AMACKEY 94.101.187.85 
SACHIN 94.101.187.85 
TECH01 94.101.187.85 
IRMA 94.101.187.85 
ROCIO 94.101.187.85 
CCRUZ 94.101.187.85 
DEWI 81.45.139.22 
STOCK1 94.101.187.85 
JRAY 94.101.187.85 
JS 94.101.187.85 
CONTRACTOR 94.101.187.85 
SKANER 94.101.187.85 
BART 94.101.187.85 
RONALD 94.101.187.85 
WARREN 94.101.187.85 
DSTEVENS 94.101.187.85 
DREYES 94.101.187.85 
VINICIUS 94.101.187.85 
TEMPORAL 94.101.187.85 
MASSIMO 94.101.187.85 
PTORRES 94.101.187.85 
3CX 94.101.187.85 
JULIEN 94.101.187.85 
JACQUELINE 94.101.187.85 
DAISY 94.101.187.85 
GAME 94.101.187.85 
NINA 94.101.187.85 
KROBINSON 94.101.187.85 
ANDREY 94.101.187.85 
HLOPEZ 94.101.187.85 
COMMERCIALE 94.101.187.85 
AANDERSON 94.101.187.85 
EXTERNO 94.101.187.85 
CAROLINA 94.101.187.85 
PTADMIN 94.101.187.85 
OPERACIONES 94.101.187.85 
JEVANS 94.101.187.85 
CROOM 94.101.187.85 
AHARRIS 94.101.187.85 
PEPE 94.101.187.85 
MFLORES 94.101.187.85 
JESSY 94.101.187.85 
JANAINA 94.101.187.85 
EWILLIAMS 94.101.187.85 
MARION 94.101.187.85 
GSANCHEZ 94.101.187.85 
SP_FARM 94.101.187.85 
WWHITE 94.101.187.85 
ARTHUR 94.101.187.85 
MONITORING 94.101.187.85 
LAETITIA 94.101.187.85 
AKELLY 94.101.187.85 
NOAH 94.101.187.85 
SHIPPING2 94.101.187.85 
JB 94.101.187.85 
JSTEVENS 94.101.187.85 
ELLA 94.101.187.85 
SBELL 94.101.187.85 
USAGER 94.101.187.85 
TRUNG 94.101.187.85 
KACCA 51.159.103.25 
PREDATOR 94.101.187.85 
TECHNIK 94.101.187.85 
REMOTE03 94.101.187.85 
TESTA 94.101.187.85 
113 94.101.187.85 
JALLEN 94.101.187.85 
BBENNETT 94.101.187.85 
TIMECLOCK1 94.101.187.85 
POSTO2 94.101.187.85 
SIAC 94.101.187.85 
WORKROOM 94.101.187.85 
JARNOLD 94.101.187.85 
KPEREZ 94.101.187.85 
SRIVERA 94.101.187.85 
DEANNA 94.101.187.85 
CLARA 94.101.187.85 
RESERVATIONS 94.101.187.85 
JRUSSELL 94.101.187.85 
BALANCA 94.101.187.85 
INDY 94.101.187.85 
RTURNER 94.101.187.85 
LEERLING 94.101.187.85 
KJOHNSON 94.101.187.85 
KENNETH 94.101.187.85 
ESMERALDA 94.101.187.85 
MSCOTT 94.101.187.85 
RECEPTION3 94.101.187.85 
CLEWIS 94.101.187.85 
TABLET01 94.101.187.85 
ROMAN 94.101.187.85 
CO 94.101.187.85 
SERVICEADMIN 94.101.187.85 
WEBSENSE 94.101.187.85 
ALARCON 94.101.187.85 
KEVANS 94.101.187.85 
BM 94.101.187.85 
VBACKUP 94.101.187.85 
RACHAEL 94.101.187.85 
SALA 94.101.187.85 
SAUVEGARDE 94.101.187.85 
CONTROLLER 94.101.187.85 
AUDITOR2 94.101.187.85 
SCOOK 94.101.187.85 
ALEXA 94.101.187.85 
DHEETEN 81.45.139.22 
USER100 94.101.187.85 
THALIA 94.101.187.85 
LOJA02 94.101.187.85 
SEKRETARIAT 94.101.187.85 
VIVEK 94.101.187.85 
STUDENT5 94.101.187.85 
FMARTIN 94.101.187.85 
USER24 94.101.187.85 
VISITEUR 94.101.187.85 
ISA 94.101.187.85 
STUDENT6 94.101.187.85 
CMURRAY 94.101.187.85 
MICA 94.101.187.85 
TYOUNG 94.101.187.85 
ATHENA 94.101.187.85 
JPORTER 94.101.187.85 
LDAPUSER 94.101.187.85 
JOIN 94.101.187.85 
GUILLAUME 94.101.187.85 
JGRAHAM 94.101.187.85 
YOLANDA 94.101.187.85 
ADMIN7 94.101.187.85 
CKELLY 94.101.187.85 
COBIAN 94.101.187.85 
KWRIGHT 94.101.187.85 
RJENKINS 94.101.187.85 
PC02 94.101.187.85 
SJONES 94.101.187.85 
SAMY 94.101.187.85 
FELICIA 94.101.187.85 
TONE 94.101.187.85 
PDA2 94.101.187.85 
CWADMIN 94.101.187.85 
BACKUP1 94.101.187.85 
ESTAGIO2 94.101.187.85 
ADMINISTRATIF 94.101.187.85 
CONTAB 94.101.187.85 
KBUTLER 94.101.187.85 
GENESIS 94.101.187.85 
CENTRAL 94.101.187.85 
HELENA 94.101.187.85 
MLONG 94.101.187.85 
ACAMPBELL 94.101.187.85 
ESTAGIARIO 94.101.187.85 
RECEPTIE 94.101.187.85 
ELVIS 94.101.187.85 
STUDENT12 94.101.187.85 
AUTO 94.101.187.85 
ALOHA 94.101.187.85 
TMOORE 94.101.187.85 
CONNOR 94.101.187.85 
KIEN 94.101.187.85 
SQLBACKUP 94.101.187.85 
BOOKS 94.101.187.85 
HARRISON 94.101.187.85 
SHERYL 94.101.187.85 
IT 51.159.103.25 
JOHNM 94.101.187.85 
CWASHINGTON 94.101.187.85 
DBRYANT 94.101.187.85 
JHICKS 94.101.187.85 
RHONDA 94.101.187.85 
CHARRISON 94.101.187.85 
JCLARK 94.101.187.85 
BK 94.101.187.85 
AROBERTS 94.101.187.85 
NALLEN 94.101.187.85 
SAT 94.101.187.85 
SAC 94.101.187.85 
JADAMS 94.101.187.85 
W 94.101.187.85 
I3ADMIN 94.101.187.85 
ERWIN 94.101.187.85 
TSE1 94.101.187.85 
PRODUCAO 94.101.187.85 
CAPACITACION 94.101.187.85 
MOSTRADOR 94.101.187.85 
PRESENTATIE 94.101.187.85 
MINERVA 94.101.187.85 
EPICOR 94.101.187.85 
ANJA 94.101.187.85 
SHAYES 94.101.187.85 
REPACK 94.101.187.85 
ESMITH 94.101.187.85 
MICHAL 94.101.187.85 
JREYES 94.101.187.85 
ISSADMIN 94.101.187.85 
SITI 94.101.187.85 
CHECK 94.101.187.85 
DWARD 94.101.187.85 
CONTABILIDAD2 94.101.187.85 
FRAMIREZ 94.101.187.85 
GC 94.101.187.85 
JULIAN 94.101.187.85 
SAUVE 94.101.187.85 
FRANCK 94.101.187.85 
1347 94.101.187.85 
WALID 94.101.187.85 
DIANE 81.45.139.22 
PEUSER 94.101.187.85 
DCOOK 94.101.187.85 
ROOM 94.101.187.85 
TOUR 94.101.187.85 
CAIXA1 94.101.187.85 
PC10 94.101.187.85 
SMOORE 94.101.187.85 
LOGAN 94.101.187.85 
JLAWSON 94.101.187.85 
NFE 94.101.187.85 
ACOLEMAN 94.101.187.85 
AROJAS 94.101.187.85 
LPARKER 94.101.187.85 
MANAGEMENT 94.101.187.85 
Q3 94.101.187.85 
TGREEN 94.101.187.85 
ARMEL 94.101.187.85 
AAAAAA 94.101.187.85 
JAVI 94.101.187.85 
MCLARK 94.101.187.85 
IMPRESION 94.101.187.85 
ASISTENTE1 94.101.187.85 
ALEXANDER 94.101.187.85 
2020 94.101.187.85 
EDWIN 94.101.187.85 
PROVEEDORES 94.101.187.85 
HABIB 94.101.187.85 
FIONA 94.101.187.85 
TSE 94.101.187.85 
BH 94.101.187.85 
IDC 94.101.187.85 
ADNAN 94.101.187.85 
JJ 94.101.187.85 
MEXALADMIN 94.101.187.85 
SQLTEST 94.101.187.85 
LMS 94.101.187.85 
MATIAS 94.101.187.85 
CRISTIANO 94.101.187.85 
ACCOUNT1 94.101.187.85 
NRODRIGUEZ 94.101.187.85 
WS10 94.101.187.85 
TMARTINEZ 94.101.187.85 
WS2 94.101.187.85 
KLOPEZ 94.101.187.85 
MEDIASITE 94.101.187.85 
ELITE 94.101.187.85 
LAB7 94.101.187.85 
CADAMS 94.101.187.85 
IRODA 94.101.187.85 
MUSTANG 94.101.187.85 
KASSA2 94.101.187.85 
PCS 94.101.187.85 
ELL 94.101.187.85 
IT1 94.101.187.85 
ASSIST 94.101.187.85 
EKING 94.101.187.85 
SMS 94.101.187.85 
RDUSER 94.101.187.85 
CHERRY 94.101.187.85 
JPARKER 94.101.187.85 
CAJA3 94.101.187.85 
RJONES 94.101.187.85 
MAURIZIO 94.101.187.85 
JNELSON 94.101.187.85 
KIRAN 94.101.187.85 
ROBERTS 94.101.187.85 
INSTRUMENT 94.101.187.85 
MACHINE 94.101.187.85 
TMORGAN 94.101.187.85 
BEVERLY 94.101.187.85 
CAT 94.101.187.85 
USER09 94.101.187.85 
CEGID 94.101.187.85 
AGUSTIN 94.101.187.85 
RT 94.101.187.85 
CWHITE 94.101.187.85 
LYDIA 94.101.187.85 
LIMITED 94.101.187.85 
CAISSE1 94.101.187.85 
MIRANDA 94.101.187.85 
SWARD 94.101.187.85 
ESERVE 94.101.187.85 
PDA 94.101.187.85 
SIA 94.101.187.85 
KCOX 94.101.187.85 
KIMBERLY 94.101.187.85 
KRISHNA 94.101.187.85 
INTERACT 94.101.187.85 
SUMMATION 94.101.187.85 
INSIGHT 94.101.187.85 
M2 94.101.187.85 
JOAN 94.101.187.85 
CSR 94.101.187.85 
RLOPEZ 94.101.187.85 
EVE 94.101.187.85 
JRIVERA 94.101.187.85 
TAMMY 94.101.187.85 
KAT 94.101.187.85 
IIS_USER 94.101.187.85 
DIDERIK 81.45.139.22 
HERMAN 94.101.187.85 
ERUNSQL 94.101.187.85 
GD 94.101.187.85 
JROBERTSON 94.101.187.85 
USER002 94.101.187.85 
CANDIDATE 94.101.187.85 
ACCTING 94.101.187.85 
ACCOUNTINGA 94.101.187.85 
ADMINISTRATOR 94.101.187.85 
INVENTORYACCTING 94.101.187.85 
ADMN 94.101.187.85 
INVITADO 94.101.187.85 
HOSTADMIN 94.101.187.85 
SUTC 94.101.187.85 
MAINUSER 94.101.187.85 
WORKER 94.101.187.85 
SYSTEM 94.101.187.85 
CONVIDADO 94.101.187.85 
ADMINISTRATA-R 94.101.187.85 
ADMINITRATEUR 94.101.187.85 
COMPUTER 94.101.187.85 
NETWORKADMIN 94.101.187.85 
SRV 94.101.187.85 
ASP 94.101.187.85 
OPENPGSVC 94.101.187.85 
TRISTAN 94.101.187.85 
DION 94.101.187.85 
DIEDE 81.45.139.22 
SMTP 94.101.187.85 
COREY 94.101.187.85 
DCADMIN 94.101.187.85 
DUSTIN 94.101.187.85 
DANA 94.101.187.85 
SETH 94.101.187.85 
MELVIN 94.101.187.85 
SCANING 94.101.187.85 
MARVIN 94.101.187.85 
FRANKLIN 94.101.187.85 
MARKETING 51.159.103.25 
MATTIAS 94.101.187.85 
MAURICE 94.101.187.85 
OLIVIA 94.101.187.85 
SUPPORTO 94.101.187.85 
TIGER 94.101.187.85 
CHLOE 94.101.187.85 
QWER 94.101.187.85 
DANTE 94.101.187.85 
GENE 94.101.187.85 
PERRY 94.101.187.85 
NETWORK 94.101.187.85 
THEODORE 94.101.187.85 
AUTOLOGON 94.101.187.85 
ADMINADMIN 94.101.187.85 
SANG 94.101.187.85 
TIMOTHY 94.101.187.85 
ELMER 94.101.187.85 
LLOYD 94.101.187.85 
ADMINCLOUD 94.101.187.85 
LONNIE 94.101.187.85 
JACOBA 94.101.187.85 
WILMOT 94.101.187.85 
ADMINISTRATOREN 94.101.187.85 
SPENCER 94.101.187.85 
ELIJAH 94.101.187.85 
ALFREDO 94.101.187.85 
PLCMSPIP 94.101.187.85 
CLARK 94.101.187.85 
DARRELL 94.101.187.85 
GHOSTUSER 94.101.187.85 
HUMBERTO 94.101.187.85 
HUGH 94.101.187.85 
INVENTORYAC 94.101.187.85 
BRAMPTON 94.101.187.85 
EUGENE 94.101.187.85 
CALEB 94.101.187.85 
FREDERICK 94.101.187.85 
CAR 94.101.187.85 
RAMESH 94.101.187.85 
ALYSSA 94.101.187.85 
DIEDERICA 81.45.139.22 
DEVIN 94.101.187.85 
KENT 94.101.187.85 
CLIFFORD 94.101.187.85 
HOUSTON 94.101.187.85 
FABIAN 94.101.187.85 
NARESH 94.101.187.85 
MICKEY 94.101.187.85 
DOMINIC 94.101.187.85 
IRINA 94.101.187.85 
ARNOLD 94.101.187.85 
ADMINISTRATORS 94.101.187.85 
JEFFERY 94.101.187.85 
HERBERT 94.101.187.85 
PAIGE 94.101.187.85 
BOOKKEEPER 94.101.187.85 
WILLIE 94.101.187.85 
OWEN 94.101.187.85 
WALLACE 94.101.187.85 
ROD 94.101.187.85 
DUANE 94.101.187.85 
BERNARD 94.101.187.85 
RMSADMIN 94.101.187.85 
TDS 94.101.187.85 
SERVERS 94.101.187.85 
MICHEAL 94.101.187.85 
MACKENZIE 94.101.187.85 
MADELINE 94.101.187.85 
JENNA 94.101.187.85 
WADE 94.101.187.85 
BRADLEY 94.101.187.85 
SVG 94.101.187.85 
MARSHALL 94.101.187.85 
SAUL 94.101.187.85 
ARMAN 94.101.187.85 
ZOE 94.101.187.85 
LIAM 94.101.187.85 
CORY 94.101.187.85 
MAUREEN 94.101.187.85 
DESIGNER 94.101.187.85 
SVCCOPSSH 94.101.187.85 
ELLIOT 94.101.187.85 
ROUTER 94.101.187.85 
MOSTAFA 94.101.187.85 
BUSY 94.101.187.85 
GIVIHACH 94.101.187.85 
TYRONE 94.101.187.85 
ADMINISTARTOR 94.101.187.85 
DARYL 94.101.187.85 
SSH 94.101.187.85 
XYZ 94.101.187.85 
ABERBASH 94.101.187.85 
ABEL 94.101.187.85 
ERNEST 94.101.187.85 
SUPPORTS 94.101.187.85 
YASSER 94.101.187.85 
VENDEDOR 94.101.187.85 
GRANT 94.101.187.85 
CLYDE 94.101.187.85 
KASSIR 51.159.103.25 
UNIFLOW 94.101.187.85 
NASIR 94.101.187.85 
AORTIZ 94.101.187.85 
WSL 94.101.187.85 
JODY 94.101.187.85 
GILBERT 94.101.187.85 
CLINTON 94.101.187.85 
ELECTRICAL 94.101.187.85 
VERNON 94.101.187.85 
ZACK 94.101.187.85 
STEVIE 94.101.187.85 
EVOP 94.101.187.85 
NELSON 94.101.187.85 
AURORA 94.101.187.85 
DAMON 94.101.187.85 
MITESH 94.101.187.85 
SOLEDAD 94.101.187.85 
SAVANNAH 94.101.187.85 
WEBUSR 94.101.187.85 
ALEJANDRO 94.101.187.85 
TERRANCE 94.101.187.85 
COLLIN 94.101.187.85 
KERRY 94.101.187.85 
HUNG 94.101.187.85 
DOROTHY 94.101.187.85 
IMPRIMANTE 94.101.187.85 
ADMINZ 94.101.187.85 
MAIK 94.101.187.85 
RANDALL 94.101.187.85 
CONNECTME 94.101.187.85 
VIRTUALUI 94.101.187.85 
TANNER 94.101.187.85 
MEDIATEST 94.101.187.85 
PSAADM 94.101.187.85 
VIRGIL 94.101.187.85 
BRIANNA 94.101.187.85 
ABM 94.101.187.85 
TEC 94.101.187.85 
WILLARD 94.101.187.85 
DIEDERIK 81.45.139.22 
HESABRES 94.101.187.85 
FREDDIE 94.101.187.85 
SALVADOR 94.101.187.85 
SDC 94.101.187.85 
NAT 94.101.187.85 
CLIFTON 94.101.187.85 
ENZO 94.101.187.85 
ITMAN 94.101.187.85 
KANCELAR 94.101.187.85 
MES 94.101.187.85 
BP 94.101.187.85 
GARRETT 94.101.187.85 
UMESH 94.101.187.85 
WINDOW 94.101.187.85 
NORTH 94.101.187.85 
VMUSER 94.101.187.85 
WPSERVER 94.101.187.85 
SEGUROS 94.101.187.85 
JOHNNIE 94.101.187.85 
TMK 94.101.187.85 
WYATT 94.101.187.85 
AVERY 94.101.187.85 
SRVADMIN 94.101.187.85 
MATHIAS 94.101.187.85 
TUNDA 94.101.187.85 
ORBIS 94.101.187.85 
HTTX 94.101.187.85 
NOLAN 94.101.187.85 
SHELLEY 94.101.187.85 
BEC 94.101.187.85 
CLAYTON 94.101.187.85 
FDC 94.101.187.85 
ADADMIN 94.101.187.85 
VIEWER 94.101.187.85 
HC 94.101.187.85 
DIAS 94.101.187.85 
ARTURO 94.101.187.85 
MANAUS 94.101.187.85 
MALCOLM 94.101.187.85 
NGUYEN 94.101.187.85 
ASHTON 94.101.187.85 
SANDRO 94.101.187.85 
ESTELA 94.101.187.85 
ADMINISTRATCR 94.101.187.85 
SURAT 94.101.187.85 
PTD 94.101.187.85 
ALMA 94.101.187.85 
REX 94.101.187.85 
CANDY 94.101.187.85 
CKADMIN 94.101.187.85 
FABIANA 94.101.187.85 
DCI 94.101.187.85 
OBMEN 94.101.187.85 
VERTIZ 94.101.187.85 
SVS 94.101.187.85 
RILEY 94.101.187.85 
MOSES 94.101.187.85 
ADO 94.101.187.85 
STREAM 94.101.187.85 
PGUTIERREZ 94.101.187.85 
RARORA 94.101.187.85 
USER3 51.159.103.25 
CLIFF 94.101.187.85 
ANGELINA 94.101.187.85 
WDEPONADMIN 94.101.187.85 
ITEM 94.101.187.85 
ADMINVDC 94.101.187.85 
DUNCAN 94.101.187.85 
LESTER 94.101.187.85 
TSOFT 94.101.187.85 
OFFICEPC 94.101.187.85 
STK 94.101.187.85 
BEZOEKER 94.101.187.85 
OLEG 94.101.187.85 
PHUKET 94.101.187.85 
SONARH 94.101.187.85 
SOPHOSUPDATE 94.101.187.85 
ABE 94.101.187.85 
CURT 94.101.187.85 
FH 94.101.187.85 
AVS 94.101.187.85 
ARCHIE 94.101.187.85 
IRA 94.101.187.85 
IPS 94.101.187.85 
KANSHI 94.101.187.85 
BACKUPSQL 94.101.187.85 
AZURE 94.101.187.85 
ADMINISTATOR 94.101.187.85 
WILLIAMS 94.101.187.85 
TURNOS 94.101.187.85 
DBINST 94.101.187.85 
TIANJIN 94.101.187.85 
FOOD 94.101.187.85 
GALILEO 94.101.187.85 
FIDELITE 94.101.187.85 
NLG 94.101.187.85 
PRASAD 94.101.187.85 
BARMSTRONG 94.101.187.85 
CONSULTORIO 94.101.187.85 
IRVIN 94.101.187.85 
GRAHAM 94.101.187.85 
FOSTER 94.101.187.85 
DINO 94.101.187.85 
ISAIAH 94.101.187.85 
HEMAL 94.101.187.85 
ELWIN 94.101.187.85 
INDIA 94.101.187.85 
WARD 94.101.187.85 
NALA 94.101.187.85 
MILLER 94.101.187.85 
CHICKEN 94.101.187.85 
QUINN 94.101.187.85 
ADMINSERVER 94.101.187.85 
ADMINCOMPUTER 94.101.187.85 
GIGABYTE 94.101.187.85 
JIANKANG 94.101.187.85 
SVRADMIN 94.101.187.85 
NEWYORK 94.101.187.85 
ROCKY 94.101.187.85 
WHITNEY 94.101.187.85 
FREDDY 94.101.187.85 
HIN 94.101.187.85 
E 94.101.187.85 
CISADMIN 94.101.187.85 
BLAIR 94.101.187.85 
USC 94.101.187.85 
HHPRESET 94.101.187.85 
EVERETT 94.101.187.85 
LESNIK 94.101.187.85 
LIETVEDIBA 94.101.187.85 
SONYA 94.101.187.85 
MASTERACCOUNT 94.101.187.85 
SAMUELADM 94.101.187.85 
FARMACEUTICO 94.101.187.85 
ABBASI 94.101.187.85 
ORLANDO 94.101.187.85 
PIMS 94.101.187.85 
NEM 94.101.187.85 
MYSQLADM 94.101.187.85 
MYSQLADMIN 94.101.187.85 
BANCOS 94.101.187.85 
CONRAD 94.101.187.85 
EUROPE 94.101.187.85 
DIELES 81.45.139.22 
P 94.101.187.85 
ERNIE 94.101.187.85 
AUTOSOFT 94.101.187.85 
DONNIE 94.101.187.85 
JIMMIE 94.101.187.85 
CARTER 94.101.187.85 
GUILHERME 94.101.187.85 
BARNEY 94.101.187.85 
DAKOTA 94.101.187.85 
HEATH 94.101.187.85 
CARSON 94.101.187.85 
EBT 94.101.187.85 
IMAC 94.101.187.85 
NAD 94.101.187.85 
MARKETA 94.101.187.85 
AUBREY 94.101.187.85 
KIRILL 94.101.187.85 
ROAMVIEW 94.101.187.85 
SOLEIMANI 94.101.187.85 
QUALITE 94.101.187.85 
BASSEL 94.101.187.85 
WILLIS 94.101.187.85 
WES 94.101.187.85 
MINDY 94.101.187.85 
BWB 94.101.187.85 
LEONEL 94.101.187.85 
DATACENTER 94.101.187.85 
SUBHAN 94.101.187.85 
JEANNE 94.101.187.85 
NCS 94.101.187.85 
PALMER 94.101.187.85 
AFIFARM 94.101.187.85 
WWADMIN 94.101.187.85 
CHRISTEL 94.101.187.85 
TRADER 94.101.187.85 
SALIM 94.101.187.85 
CYRUS 94.101.187.85 
EZRA 94.101.187.85 
REGIANE 94.101.187.85 
CABCALL 94.101.187.85 
UMAR 94.101.187.85 
KAITLYN 94.101.187.85 
VDG 94.101.187.85 
RUCKA 94.101.187.85 
UPLOAD 94.101.187.85 
MURRAY 94.101.187.85 
SCOTTY 94.101.187.85 
DIELIS 81.45.139.22 
WINSTON 94.101.187.85 
FAIZ 94.101.187.85 
JUERGEN 94.101.187.85 
STEWART 94.101.187.85 
AMPLUS 94.101.187.85 
SURENDRA 94.101.187.85 
SSTADMIN 94.101.187.85 
TEMPADM 94.101.187.85 
PARIS 94.101.187.85 
ADPADMIN 94.101.187.85 
BREDEA 94.101.187.85 
RUSS 94.101.187.85 
ZELIA 94.101.187.85 
MERLIN 94.101.187.85 
AIMEE 94.101.187.85 
KATELYN 94.101.187.85 
PADVISH 94.101.187.85 
CAO 94.101.187.85 
EZEKIEL 94.101.187.85 
DOMAINE 94.101.187.85 
DOWNLOAD 94.101.187.85 
GEOFFREY 94.101.187.85 
SHALOM 94.101.187.85 
VINH 94.101.187.85 
SIDEXISSERVICE 94.101.187.85 
ZANE 94.101.187.85 
KVDC 94.101.187.85 
SQLADM 94.101.187.85 
ARIANA 94.101.187.85 
RUY 94.101.187.85 
HALEY 94.101.187.85 
BRET 94.101.187.85 
JULIUS 94.101.187.85 
VIGILANTE 94.101.187.85 
CAIRO 94.101.187.85 
KRISTEN 94.101.187.85 
GERRY 94.101.187.85 
GABRIELLA 94.101.187.85 
LARA 94.101.187.85 
STEPHANY 94.101.187.85 
TORPEDO 94.101.187.85 
AUTOCAB 94.101.187.85 
VERWALTER 94.101.187.85 
ONDRA 94.101.187.85 
LONDON 94.101.187.85 
GJOHNSON 94.101.187.85 
HUBERT 94.101.187.85 
UPDATUSUSER 94.101.187.85 
LUTHER 94.101.187.85 
AXOFT 94.101.187.85 
ALANA 94.101.187.85 
ISMAEL 94.101.187.85 
KLEIN 94.101.187.85 
FTPTEST 94.101.187.85 
BCL 94.101.187.85 
FAITH 94.101.187.85 
DAPHNE 94.101.187.85 
PSP 94.101.187.85 
CONTABCONSULTOR 94.101.187.85 
ADMINISTRATAR 94.101.187.85 
ABRAHAM 94.101.187.85 
ELLIS 94.101.187.85 
FIRE 94.101.187.85 
DEVIL 94.101.187.85 
TURAL 94.101.187.85 
WENDELL 94.101.187.85 
TAMIRES 94.101.187.85 
BCMS 94.101.187.85 
WHITE 94.101.187.85 
CHANDAN 94.101.187.85 
DAMION 94.101.187.85 
MOHSIN 94.101.187.85 
ODIN 94.101.187.85 
CONT 94.101.187.85 
RODOLFO 94.101.187.85 
ILONA 94.101.187.85 
COLETTE 94.101.187.85 
NAVUSER 94.101.187.85 
DATALAB 94.101.187.85 
BRYON 94.101.187.85 
FJOHNSON 94.101.187.85 
JUDITH 94.101.187.85 
MANDERSON 94.101.187.85 
CARLTON 94.101.187.85 
SHERWOOD 94.101.187.85 
DATAMART 94.101.187.85 
EBROWN 94.101.187.85 
MARA 94.101.187.85 
CAROLE 94.101.187.85 
WALKER 94.101.187.85 
OTIS 94.101.187.85 
HOMER 94.101.187.85 
KARI 94.101.187.85 
DIENA 81.45.139.22 
ADMINISTRATIVA 94.101.187.85 
ASIA 94.101.187.85 
ALEC 94.101.187.85 
JHONCHIN 94.101.187.85 
SPECTRUM 94.101.187.85 
MAURICIO 94.101.187.85 
ADS 94.101.187.85 
DORSEY 94.101.187.85 
AUTOKEY 94.101.187.85 
PRESTON 94.101.187.85 
LYLE 94.101.187.85 
BFADMIN 94.101.187.85 
PARKER 94.101.187.85 
SVT 94.101.187.85 
ADMINISZTRATOR 94.101.187.85 
ADA 94.101.187.85 
POSTE 94.101.187.85 
BHADMIN 94.101.187.85 
ADMINL 94.101.187.85 
FSECURE 94.101.187.85 
JOHNATHAN 94.101.187.85 
RODERICK 94.101.187.85 
AVIATOR 94.101.187.85 
DSADMIN 94.101.187.85 
EDMOND 94.101.187.85 
BOSUN 94.101.187.85 
RAZA 94.101.187.85 
FERDINAND 94.101.187.85 
ESSAM 94.101.187.85 
SELENA 94.101.187.85 
INFOMEDIA 94.101.187.85 
BGI 94.101.187.85 
ELIZA 94.101.187.85 
HPADMIN 94.101.187.85 
ADIMIN 94.101.187.85 
AZUREUSER 94.101.187.85 
DARREL 94.101.187.85 
RICKEY 94.101.187.85 
EMIL 94.101.187.85 
MOSHE 94.101.187.85 
DEN 94.101.187.85 
BASIA 94.101.187.85 
LORA 94.101.187.85 
EFRAIN 94.101.187.85 
JONATHON 94.101.187.85 
DIENE 81.45.139.22 
AUTUMN 94.101.187.85 
ARSOFT 94.101.187.85 
CHICAGO 94.101.187.85 
SILMARA 94.101.187.85 
LUIGI 94.101.187.85 
HARRIE 94.101.187.85 
MORTON 94.101.187.85 
LILIAN 94.101.187.85 
PLAYOUT 94.101.187.85 
FILEZILLA 94.101.187.85 
RUDOLPH 94.101.187.85 
RODRIGUEZ 94.101.187.85 
AFZAL 94.101.187.85 
CHIROTOUCH 94.101.187.85 
ABSADMIN 94.101.187.85 
DANE 94.101.187.85 
MERCURY 94.101.187.85 
BRAIN 94.101.187.85 
DATALABNICHOLAS 94.101.187.85 
BIBLIOTECALOCALUSER 94.101.187.85 
LEVI 94.101.187.85 
LES 94.101.187.85 
DARRIN 94.101.187.85 
YOUNG 94.101.187.85 
GREEN 94.101.187.85 
VANCE 94.101.187.85 
CARY 94.101.187.85 
PILOT 94.101.187.85 
SECURITY 51.159.103.25 
RICHIE 94.101.187.85 
SUMAN 94.101.187.85 
MSAID 94.101.187.85 
RANDOLPH 94.101.187.85 
PIERCE 94.101.187.85 
DBS 94.101.187.85 
USA 94.101.187.85 
PAADMIN 94.101.187.85 
ISRAEL 94.101.187.85 
ALTON 94.101.187.85 
IKE 94.101.187.85 
USERS 94.101.187.85 
SMADMIN 94.101.187.85 
FORD 94.101.187.85 
FREDRICK 94.101.187.85 
INTERNAT 94.101.187.85 
ALAINA 94.101.187.85 
CISD 94.101.187.85 
GIBSON 94.101.187.85 
DIGITALECAMERA 81.45.139.22 
STERLING 94.101.187.85 
ATSADMIN 94.101.187.85 
WWEDDERBURN 94.101.187.85 
POWERUSER 94.101.187.85 
GARTH 94.101.187.85 
NIMDA 94.101.187.85 
LACY 94.101.187.85 
WESTON 94.101.187.85 
FBROWN 94.101.187.85 
KIARA 94.101.187.85 
ROCCO 94.101.187.85 
BUSTER 94.101.187.85 
KIRBY 94.101.187.85 
LOGOS 94.101.187.85 
MYUSER 94.101.187.85 
SAL 94.101.187.85 
JULES 94.101.187.85 
REPLUSER 94.101.187.85 
HORACE 94.101.187.85 
EDEN 94.101.187.85 
STA 94.101.187.85 
ITIS 94.101.187.85 
TRENT 94.101.187.85 
TUAN 94.101.187.85 
WILBUR 94.101.187.85 
KATY 94.101.187.85 
ROBBY 94.101.187.85 
ISMITH 94.101.187.85 
JOSIE 94.101.187.85 
RORY 94.101.187.85 
FACTURATION 94.101.187.85 
WARNER 94.101.187.85 
PDV 94.101.187.85 
BRENDON 94.101.187.85 
RICOHADMIN 94.101.187.85 
LANDON 94.101.187.85 
CORA 94.101.187.85 
MILA 94.101.187.85 
TECHNICIEN 94.101.187.85 
ARAXI 94.101.187.85 
LON 94.101.187.85 
MICAH 94.101.187.85 
HARMS 94.101.187.85 
HARPER 94.101.187.85 
CEGIDSQL 94.101.187.85 
PRESTIGE 94.101.187.85 
PENELOPE 94.101.187.85 
MONTY 94.101.187.85 
PRAJAKTA 94.101.187.85 
ERI 94.101.187.85 
BERNADETTE 94.101.187.85 
DIRECT 94.101.187.85 
KAYLEE 94.101.187.85 
DENVER 94.101.187.85 
CORPORATE 94.101.187.85 
MALCOM 94.101.187.85 
ELLIOTT 94.101.187.85 
IJOHNSON 94.101.187.85 
CASPER 94.101.187.85 
CALUSER 94.101.187.85 
CLEVELAND 94.101.187.85 
BRANT 94.101.187.85 
LINDSEY 94.101.187.85 
NAEEM 94.101.187.85 
TERI 94.101.187.85 
LENNY 94.101.187.85 
HEMANT 94.101.187.85 
BENNIE 94.101.187.85 
BRITT 94.101.187.85 
RUSTY 94.101.187.85 
BURTON 94.101.187.85 
ERVIN 94.101.187.85 
ARMINX 94.101.187.85 
KENDALL 94.101.187.85 
MILES 94.101.187.85 
CAITLIN 94.101.187.85 
BREANNA 94.101.187.85 
KRISTIE 94.101.187.85 
PRINT2 51.159.103.25 
YEW 94.101.187.85 
NEPTUNE 94.101.187.85 
COSMO 94.101.187.85 
ITSADMIN 94.101.187.85 
VICENTE 94.101.187.85 
MELODY 94.101.187.85 
PROGRAM 94.101.187.85 
SUPPORTADMIN 94.101.187.85 
ARIA 94.101.187.85 
SCOTTIE 94.101.187.85 
BDADMIN 94.101.187.85 
EMOT 94.101.187.85 
TCADMIN 94.101.187.85 
RACK 94.101.187.85 
CHEYENNE 94.101.187.85 
CHANG 94.101.187.85 
WELDON 94.101.187.85 
DIK 81.45.139.22 
KINGSOFT 94.101.187.85 
SUB 94.101.187.85 
ROSARIO 94.101.187.85 
DEADMIN 94.101.187.85 
HARLEY 94.101.187.85 
WALLY 94.101.187.85 
KSS 94.101.187.85 
LESLEY 94.101.187.85 
MAYRA 94.101.187.85 
FORREST 94.101.187.85 
BILLIE 94.101.187.85 
QUINTON 94.101.187.85 
BERT 94.101.187.85 
KRISTY 94.101.187.85 
HAYLEY 94.101.187.85 
MARLA 94.101.187.85 
DARA 94.101.187.85 
MUN 94.101.187.85 
LEIGH 94.101.187.85 
SLEEP 94.101.187.85 
MADMIN 94.101.187.85 
AUGUST 94.101.187.85 
ELTON 94.101.187.85 
HAL 94.101.187.85 
DEWAYNE 94.101.187.85 
AMIN 94.101.187.85 
MEDADMIN 94.101.187.85 
CTSADMIN 94.101.187.85 
LOSANGELES 94.101.187.85 
BROOKS 94.101.187.85 
MAISON 94.101.187.85 
STANTON 94.101.187.85 
ANTOINETTE 94.101.187.85 
PHILADELPHIA 94.101.187.85 
ITHELPDESK 94.101.187.85 
TITUS 94.101.187.85 
TERA 94.101.187.85 
TERMINALSERVER 94.101.187.85 
OJOHNSON 94.101.187.85 
ELSUPER 94.101.187.85 
DENNY 94.101.187.85 
GALEN 94.101.187.85 
DONG 94.101.187.85 
MARG 94.101.187.85 
DEON 94.101.187.85 
SQLSERVERADMIN 94.101.187.85 
DILA 81.45.139.22 
ACCTING 94.101.187.85 
ACCOUNTINGA 94.101.187.85 
ADMINISTRATOR 94.101.187.85 
INVENTORYACCTING 94.101.187.85 
ADMN 94.101.187.85 
INVITADO 94.101.187.85 
HOSTADMIN 94.101.187.85 
SUTC 94.101.187.85 
MAINUSER 94.101.187.85 
WORKER 94.101.187.85 
SYSTEM 94.101.187.85 
CONVIDADO 94.101.187.85 
ADMINISTRATA-R 94.101.187.85 
ADMINITRATEUR 94.101.187.85 
COMPUTER 94.101.187.85 
NETWORKADMIN 94.101.187.85 
LOCALADMIN 51.159.103.25 
SRV 94.101.187.85 
ASP 94.101.187.85 
OPENPGSVC 94.101.187.85 
TRISTAN 94.101.187.85 
DION 94.101.187.85 
SMTP 94.101.187.85 
COREY 94.101.187.85 
DCADMIN 94.101.187.85 
DUSTIN 94.101.187.85 
DANA 94.101.187.85 
SETH 94.101.187.85 
MELVIN 94.101.187.85 
SCANING 94.101.187.85 
MARVIN 94.101.187.85 
FRANKLIN 94.101.187.85 
MATTIAS 94.101.187.85 
MAURICE 94.101.187.85 
OLIVIA 94.101.187.85 
SUPPORTO 94.101.187.85 
TIGER 94.101.187.85 
CHLOE 94.101.187.85 
QWER 94.101.187.85 
DANTE 94.101.187.85 
GENE 94.101.187.85 
PERRY 94.101.187.85 
NETWORK 94.101.187.85 
THEODORE 94.101.187.85 
AUTOLOGON 94.101.187.85 
ADMINADMIN 94.101.187.85 
SANG 94.101.187.85 
TIMOTHY 94.101.187.85 
ELMER 94.101.187.85 
LLOYD 94.101.187.85 
ADMINCLOUD 94.101.187.85 
LONNIE 94.101.187.85 
JACOBA 94.101.187.85 
WILMOT 94.101.187.85 
ADMINISTRATOREN 94.101.187.85 
SPENCER 94.101.187.85 
ELIJAH 94.101.187.85 
ALFREDO 94.101.187.85 
PLCMSPIP 94.101.187.85 
CLARK 94.101.187.85 
DARRELL 94.101.187.85 
GHOSTUSER 94.101.187.85 
HUMBERTO 94.101.187.85 
HUGH 94.101.187.85 
INVENTORYAC 94.101.187.85 
BRAMPTON 94.101.187.85 
EUGENE 94.101.187.85 
CALEB 94.101.187.85 
FREDERICK 94.101.187.85 
CAR 94.101.187.85 
RAMESH 94.101.187.85 
ALYSSA 94.101.187.85 
DEVIN 94.101.187.85 
KENT 94.101.187.85 
CLIFFORD 94.101.187.85 
HOUSTON 94.101.187.85 
FABIAN 94.101.187.85 
NARESH 94.101.187.85 
MICKEY 94.101.187.85 
DOMINIC 94.101.187.85 
IRINA 94.101.187.85 
ARNOLD 94.101.187.85 
ADMINISTRATORS 94.101.187.85 
JEFFERY 94.101.187.85 
HERBERT 94.101.187.85 
DILARA 81.45.139.22 
PAIGE 94.101.187.85 
BOOKKEEPER 94.101.187.85 
WILLIE 94.101.187.85 
OWEN 94.101.187.85 
WALLACE 94.101.187.85 
ROD 94.101.187.85 
DUANE 94.101.187.85 
BERNARD 94.101.187.85 
RMSADMIN 94.101.187.85 
TDS 94.101.187.85 
SERVERS 94.101.187.85 
MICHEAL 94.101.187.85 
MACKENZIE 94.101.187.85 
MADELINE 94.101.187.85 
JENNA 94.101.187.85 
WADE 94.101.187.85 
BRADLEY 94.101.187.85 
SVG 94.101.187.85 
MARSHALL 94.101.187.85 
SAUL 94.101.187.85 
ARMAN 94.101.187.85 
ZOE 94.101.187.85 
LIAM 94.101.187.85 
CORY 94.101.187.85 
MAUREEN 94.101.187.85 
DESIGNER 94.101.187.85 
SVCCOPSSH 94.101.187.85 
ELLIOT 94.101.187.85 
ROUTER 94.101.187.85 
MOSTAFA 94.101.187.85 
BUSY 94.101.187.85 
GIVIHACH 94.101.187.85 
TYRONE 94.101.187.85 
ADMINISTARTOR 94.101.187.85 
DARYL 94.101.187.85 
SSH 94.101.187.85 
XYZ 94.101.187.85 
ABERBASH 94.101.187.85 
ABEL 94.101.187.85 
ERNEST 94.101.187.85 
SUPPORTS 94.101.187.85 
YASSER 94.101.187.85 
VENDEDOR 94.101.187.85 
GRANT 94.101.187.85 
DIM 81.45.139.22 
CLYDE 94.101.187.85 
UNIFLOW 94.101.187.85 
NASIR 94.101.187.85 
AORTIZ 94.101.187.85 
WSL 94.101.187.85 
JODY 94.101.187.85 
GILBERT 94.101.187.85 
CLINTON 94.101.187.85 
ELECTRICAL 94.101.187.85 
VERNON 94.101.187.85 
ZACK 94.101.187.85 
STEVIE 94.101.187.85 
EVOP 94.101.187.85 
NELSON 94.101.187.85 
AURORA 94.101.187.85 
DAMON 94.101.187.85 
MITESH 94.101.187.85 
SOLEDAD 94.101.187.85 
SAVANNAH 94.101.187.85 
WEBUSR 94.101.187.85 
ALEJANDRO 94.101.187.85 
TERRANCE 94.101.187.85 
COLLIN 94.101.187.85 
KERRY 94.101.187.85 
HUNG 94.101.187.85 
DOROTHY 94.101.187.85 
IMPRIMANTE 94.101.187.85 
ADMINZ 94.101.187.85 
MAIK 94.101.187.85 
RANDALL 94.101.187.85 
CONNECTME 94.101.187.85 
VIRTUALUI 94.101.187.85 
TANNER 94.101.187.85 
MEDIATEST 94.101.187.85 
PSAADM 94.101.187.85 
VIRGIL 94.101.187.85 
BRIANNA 94.101.187.85 
ABM 94.101.187.85 
TEC 94.101.187.85 
WILLARD 94.101.187.85 
HESABRES 94.101.187.85 
FREDDIE 94.101.187.85 
SALVADOR 94.101.187.85 
SDC 94.101.187.85 
NAT 94.101.187.85 
CLIFTON 94.101.187.85 
DIMME 81.45.139.22 
ITMAN 94.101.187.85 
KANCELAR 94.101.187.85 
MES 94.101.187.85 
BP 94.101.187.85 
GARRETT 94.101.187.85 
UMESH 94.101.187.85 
WINDOW 94.101.187.85 
NORTH 94.101.187.85 
VMUSER 94.101.187.85 
WPSERVER 94.101.187.85 
SEGUROS 94.101.187.85 
JOHNNIE 94.101.187.85 
TMK 94.101.187.85 
WYATT 94.101.187.85 
AVERY 94.101.187.85 
SRVADMIN 94.101.187.85 
MATHIAS 94.101.187.85 
TUNDA 94.101.187.85 
ORBIS 94.101.187.85 
HTTX 94.101.187.85 
NOLAN 94.101.187.85 
SHELLEY 94.101.187.85 
BEC 94.101.187.85 
CLAYTON 94.101.187.85 
FDC 94.101.187.85 
ADADMIN 94.101.187.85 
VIEWER 94.101.187.85 
HC 94.101.187.85 
DIAS 94.101.187.85 
ARTURO 94.101.187.85 
MANAUS 94.101.187.85 
MALCOLM 94.101.187.85 
NGUYEN 94.101.187.85 
ASHTON 94.101.187.85 
NATALIYA 51.159.103.25 
SANDRO 94.101.187.85 
ESTELA 94.101.187.85 
ADMINISTRATCR 94.101.187.85 
SURAT 94.101.187.85 
PTD 94.101.187.85 
ALMA 94.101.187.85 
REX 94.101.187.85 
CANDY 94.101.187.85 
CKADMIN 94.101.187.85 
FABIANA 94.101.187.85 
DCI 94.101.187.85 
OBMEN 94.101.187.85 
VERTIZ 94.101.187.85 
SVS 94.101.187.85 
DIMPHENA 81.45.139.22 
MOSES 94.101.187.85 
ADO 94.101.187.85 
STREAM 94.101.187.85 
PGUTIERREZ 94.101.187.85 
RARORA 94.101.187.85 
CLIFF 94.101.187.85 
ANGELINA 94.101.187.85 
WDEPONADMIN 94.101.187.85 
ITEM 94.101.187.85 
ADMINVDC 94.101.187.85 
DUNCAN 94.101.187.85 
LESTER 94.101.187.85 
TSOFT 94.101.187.85 
OFFICEPC 94.101.187.85 
STK 94.101.187.85 
BEZOEKER 94.101.187.85 
OLEG 94.101.187.85 
PHUKET 94.101.187.85 
SONARH 94.101.187.85 
SOPHOSUPDATE 94.101.187.85 
ABE 94.101.187.85 
CURT 94.101.187.85 
FH 94.101.187.85 
AVS 94.101.187.85 
ARCHIE 94.101.187.85 
IRA 94.101.187.85 
IPS 94.101.187.85 
KANSHI 94.101.187.85 
BACKUPSQL 94.101.187.85 
AZURE 94.101.187.85 
ADMINISTATOR 94.101.187.85 
WILLIAMS 94.101.187.85 
TURNOS 94.101.187.85 
DBINST 94.101.187.85 
TIANJIN 94.101.187.85 
FOOD 94.101.187.85 
GALILEO 94.101.187.85 
FIDELITE 94.101.187.85 
NLG 94.101.187.85 
PRASAD 94.101.187.85 
BARMSTRONG 94.101.187.85 
CONSULTORIO 94.101.187.85 
IRVIN 94.101.187.85 
GRAHAM 94.101.187.85 
FOSTER 94.101.187.85 
DIMPHNA 81.45.139.22 
ISAIAH 94.101.187.85 
HEMAL 94.101.187.85 
ELWIN 94.101.187.85 
INDIA 94.101.187.85 
WARD 94.101.187.85 
NALA 94.101.187.85 
MILLER 94.101.187.85 
CHICKEN 94.101.187.85 
QUINN 94.101.187.85 
ADMINSERVER 94.101.187.85 
ADMINCOMPUTER 94.101.187.85 
GIGABYTE 94.101.187.85 
JIANKANG 94.101.187.85 
SVRADMIN 94.101.187.85 
NEWYORK 94.101.187.85 
ROCKY 94.101.187.85 
WHITNEY 94.101.187.85 
FREDDY 94.101.187.85 
HIN 94.101.187.85 
E 94.101.187.85 
CISADMIN 94.101.187.85 
BLAIR 94.101.187.85 
USC 94.101.187.85 
HHPRESET 94.101.187.85 
EVERETT 94.101.187.85 
LESNIK 94.101.187.85 
LIETVEDIBA 94.101.187.85 
SONYA 94.101.187.85 
MASTERACCOUNT 94.101.187.85 
SAMUELADM 94.101.187.85 
FARMACEUTICO 94.101.187.85 
ABBASI 94.101.187.85 
ORLANDO 94.101.187.85 
PIMS 94.101.187.85 
NEM 94.101.187.85 
MYSQLADM 94.101.187.85 
MYSQLADMIN 94.101.187.85 
BANCOS 94.101.187.85 
ZAKUPKI 51.159.103.25 
CONRAD 94.101.187.85 
EUROPE 94.101.187.85 
JARROD 94.101.187.85 
P 94.101.187.85 
ERNIE 94.101.187.85 
AUTOSOFT 94.101.187.85 
DONNIE 94.101.187.85 
JIMMIE 94.101.187.85 
DIMPINA 81.45.139.22 
CARTER 94.101.187.85 
GUILHERME 94.101.187.85 
BARNEY 94.101.187.85 
DAKOTA 94.101.187.85 
HEATH 94.101.187.85 
CARSON 94.101.187.85 
EBT 94.101.187.85 
IMAC 94.101.187.85 
NAD 94.101.187.85 
MARKETA 94.101.187.85 
AUBREY 94.101.187.85 
KIRILL 94.101.187.85 
ROAMVIEW 94.101.187.85 
SOLEIMANI 94.101.187.85 
QUALITE 94.101.187.85 
BASSEL 94.101.187.85 
WILLIS 94.101.187.85 
WES 94.101.187.85 
MINDY 94.101.187.85 
BWB 94.101.187.85 
LEONEL 94.101.187.85 
DATACENTER 94.101.187.85 
SUBHAN 94.101.187.85 
JEANNE 94.101.187.85 
NCS 94.101.187.85 
PALMER 94.101.187.85 
AFIFARM 94.101.187.85 
WWADMIN 94.101.187.85 
CHRISTEL 94.101.187.85 
TRADER 94.101.187.85 
SALIM 94.101.187.85 
CYRUS 94.101.187.85 
EZRA 94.101.187.85 
REGIANE 94.101.187.85 
CABCALL 94.101.187.85 
UMAR 94.101.187.85 
KAITLYN 94.101.187.85 
VDG 94.101.187.85 
RUCKA 94.101.187.85 
UPLOAD 94.101.187.85 
MURRAY 94.101.187.85 
SCOTTY 94.101.187.85 
WINSTON 94.101.187.85 
FAIZ 94.101.187.85 
JUERGEN 94.101.187.85 
STEWART 94.101.187.85 
AMPLUS 94.101.187.85 
SURENDRA 94.101.187.85 
SSTADMIN 94.101.187.85 
TEMPADM 94.101.187.85 
PARIS 94.101.187.85 
ADPADMIN 94.101.187.85 
BREDEA 94.101.187.85 
RUSS 94.101.187.85 
ZELIA 94.101.187.85 
MERLIN 94.101.187.85 
AIMEE 94.101.187.85 
KATELYN 94.101.187.85 
PADVISH 94.101.187.85 
CAO 94.101.187.85 
EZEKIEL 94.101.187.85 
DOMAINE 94.101.187.85 
DOWNLOAD 94.101.187.85 
GEOFFREY 94.101.187.85 
SHALOM 94.101.187.85 
VINH 94.101.187.85 
SIDEXISSERVICE 94.101.187.85 
ZANE 94.101.187.85 
KVDC 94.101.187.85 
SQLADM 94.101.187.85 
ARIANA 94.101.187.85 
RUY 94.101.187.85 
HALEY 94.101.187.85 
BRET 94.101.187.85 
JULIUS 94.101.187.85 
VIGILANTE 94.101.187.85 
CAIRO 94.101.187.85 
KRISTEN 94.101.187.85 
GERRY 94.101.187.85 
GABRIELLA 94.101.187.85 
LARA 94.101.187.85 
STEPHANY 94.101.187.85 
TORPEDO 94.101.187.85 
AUTOCAB 94.101.187.85 
VERWALTER 94.101.187.85 
ONDRA 94.101.187.85 
LONDON 94.101.187.85 
GJOHNSON 94.101.187.85 
HUBERT 94.101.187.85 
UPDATUSUSER 94.101.187.85 
LUTHER 94.101.187.85 
AXOFT 94.101.187.85 
ALANA 94.101.187.85 
MAN 51.159.103.25 
KLEIN 94.101.187.85 
FTPTEST 94.101.187.85 
BCL 94.101.187.85 
FAITH 94.101.187.85 
DAPHNE 94.101.187.85 
PSP 94.101.187.85 
CONTABCONSULTOR 94.101.187.85 
ADMINISTRATAR 94.101.187.85 
ABRAHAM 94.101.187.85 
ELLIS 94.101.187.85 
FIRE 94.101.187.85 
DEVIL 94.101.187.85 
TURAL 94.101.187.85 
WENDELL 94.101.187.85 
TAMIRES 94.101.187.85 
BCMS 94.101.187.85 
WHITE 94.101.187.85 
CHANDAN 94.101.187.85 
DAMION 94.101.187.85 
MOHSIN 94.101.187.85 
ODIN 94.101.187.85 
CONT 94.101.187.85 
RODOLFO 94.101.187.85 
ILONA 94.101.187.85 
COLETTE 94.101.187.85 
NAVUSER 94.101.187.85 
DATALAB 94.101.187.85 
BRYON 94.101.187.85 
FJOHNSON 94.101.187.85 
JUDITH 94.101.187.85 
MANDERSON 94.101.187.85 
CARLTON 94.101.187.85 
SHERWOOD 94.101.187.85 
DATAMART 94.101.187.85 
EBROWN 94.101.187.85 
MARA 94.101.187.85 
CAROLE 94.101.187.85 
WALKER 94.101.187.85 
OTIS 94.101.187.85 
HOMER 94.101.187.85 
KARI 94.101.187.85 
ADMINISTRATIVA 94.101.187.85 
ASIA 94.101.187.85 
ALEC 94.101.187.85 
JHONCHIN 94.101.187.85 
SPECTRUM 94.101.187.85 
MAURICIO 94.101.187.85 
ADS 94.101.187.85 
DORSEY 94.101.187.85 
AUTOKEY 94.101.187.85 
DINEKE 81.45.139.22 
PRESTON 94.101.187.85 
LYLE 94.101.187.85 
BFADMIN 94.101.187.85 
PARKER 94.101.187.85 
SVT 94.101.187.85 
ADMINISZTRATOR 94.101.187.85 
ADA 94.101.187.85 
POSTE 94.101.187.85 
BHADMIN 94.101.187.85 
ADMINL 94.101.187.85 
FSECURE 94.101.187.85 
JOHNATHAN 94.101.187.85 
RODERICK 94.101.187.85 
AVIATOR 94.101.187.85 
DSADMIN 94.101.187.85 
EDMOND 94.101.187.85 
BOSUN 94.101.187.85 
RAZA 94.101.187.85 
FERDINAND 94.101.187.85 
ESSAM 94.101.187.85 
SELENA 94.101.187.85 
INFOMEDIA 94.101.187.85 
BGI 94.101.187.85 
ELIZA 94.101.187.85 
HPADMIN 94.101.187.85 
ADIMIN 94.101.187.85 
AZUREUSER 94.101.187.85 
DARREL 94.101.187.85 
RICKEY 94.101.187.85 
EMIL 94.101.187.85 
MOSHE 94.101.187.85 
DEN 94.101.187.85 
BASIA 94.101.187.85 
LORA 94.101.187.85 
EFRAIN 94.101.187.85 
JONATHON 94.101.187.85 
CREDITOS 94.101.187.85 
AUTUMN 94.101.187.85 
ARSOFT 94.101.187.85 
CHICAGO 94.101.187.85 
SILMARA 94.101.187.85 
LUIGI 94.101.187.85 
HARRIE 94.101.187.85 
MORTON 94.101.187.85 
LILIAN 94.101.187.85 
PLAYOUT 94.101.187.85 
DION 81.45.139.22 
RUDOLPH 94.101.187.85 
RODRIGUEZ 94.101.187.85 
AFZAL 94.101.187.85 
CHIROTOUCH 94.101.187.85 
ABSADMIN 94.101.187.85 
DANE 94.101.187.85 
MERCURY 94.101.187.85 
BRAIN 94.101.187.85 
DATALABNICHOLAS 94.101.187.85 
BIBLIOTECALOCALUSER 94.101.187.85 
LEVI 94.101.187.85 
LES 94.101.187.85 
DARRIN 94.101.187.85 
YOUNG 94.101.187.85 
GREEN 94.101.187.85 
VANCE 94.101.187.85 
CARY 94.101.187.85 
PILOT 94.101.187.85 
RICHIE 94.101.187.85 
SUMAN 94.101.187.85 
MSAID 94.101.187.85 
RANDOLPH 94.101.187.85 
PIERCE 94.101.187.85 
DBS 94.101.187.85 
USA 94.101.187.85 
PAADMIN 94.101.187.85 
ISRAEL 94.101.187.85 
ALTON 94.101.187.85 
IKE 94.101.187.85 
USERS 94.101.187.85 
SMADMIN 94.101.187.85 
FORD 94.101.187.85 
FREDRICK 94.101.187.85 
INTERNAT 94.101.187.85 
ALAINA 94.101.187.85 
CISD 94.101.187.85 
GIBSON 94.101.187.85 
STERLING 94.101.187.85 
ATSADMIN 94.101.187.85 
WWEDDERBURN 94.101.187.85 
POWERUSER 94.101.187.85 
GARTH 94.101.187.85 
NIMDA 94.101.187.85 
LACY 94.101.187.85 
WESTON 94.101.187.85 
DIONIJS 81.45.139.22 
KIARA 94.101.187.85 
ROCCO 94.101.187.85 
BUSTER 94.101.187.85 
KIRBY 94.101.187.85 
LOGOS 94.101.187.85 
MYUSER 94.101.187.85 
SAL 94.101.187.85 
JULES 94.101.187.85 
REPLUSER 94.101.187.85 
HORACE 94.101.187.85 
EDEN 94.101.187.85 
STA 94.101.187.85 
ITIS 94.101.187.85 
TRENT 94.101.187.85 
TUAN 94.101.187.85 
WILBUR 94.101.187.85 
KATY 94.101.187.85 
ROBBY 94.101.187.85 
ISMITH 94.101.187.85 
JOSIE 94.101.187.85 
RORY 94.101.187.85 
FACTURATION 94.101.187.85 
WARNER 94.101.187.85 
PDV 94.101.187.85 
BRENDON 94.101.187.85 
RICOHADMIN 94.101.187.85 
LANDON 94.101.187.85 
CORA 94.101.187.85 
MILA 94.101.187.85 
TECHNICIEN 94.101.187.85 
ARAXI 94.101.187.85 
LON 94.101.187.85 
MICAH 94.101.187.85 
HARMS 94.101.187.85 
HARPER 94.101.187.85 
CEGIDSQL 94.101.187.85 
PRESTIGE 94.101.187.85 
PENELOPE 94.101.187.85 
MONTY 94.101.187.85 
PRAJAKTA 94.101.187.85 
ERI 94.101.187.85 
BERNADETTE 94.101.187.85 
DIRECT 94.101.187.85 
KAYLEE 94.101.187.85 
DENVER 94.101.187.85 
DIONISIA 81.45.139.22 
CORPORATE 94.101.187.85 
MALCOM 94.101.187.85 
ELLIOTT 94.101.187.85 
IJOHNSON 94.101.187.85 
CASPER 94.101.187.85 
CALUSER 94.101.187.85 
CLEVELAND 94.101.187.85 
BRANT 94.101.187.85 
LINDSEY 94.101.187.85 
NAEEM 94.101.187.85 
BS2 51.159.103.25 
TERI 94.101.187.85 
LENNY 94.101.187.85 
HEMANT 94.101.187.85 
BENNIE 94.101.187.85 
BRITT 94.101.187.85 
RUSTY 94.101.187.85 
BURTON 94.101.187.85 
ERVIN 94.101.187.85 
ARMINX 94.101.187.85 
KENDALL 94.101.187.85 
MILES 94.101.187.85 
CAITLIN 94.101.187.85 
BREANNA 94.101.187.85 
KRISTIE 94.101.187.85 
YEW 94.101.187.85 
NEPTUNE 94.101.187.85 
COSMO 94.101.187.85 
ITSADMIN 94.101.187.85 
VICENTE 94.101.187.85 
MELODY 94.101.187.85 
PROGRAM 94.101.187.85 
SUPPORTADMIN 94.101.187.85 
ARIA 94.101.187.85 
SCOTTIE 94.101.187.85 
BDADMIN 94.101.187.85 
EMOT 94.101.187.85 
TCADMIN 94.101.187.85 
RACK 94.101.187.85 
CHEYENNE 94.101.187.85 
CHANG 94.101.187.85 
WELDON 94.101.187.85 
KINGSOFT 94.101.187.85 
SUB 94.101.187.85 
ROSARIO 94.101.187.85 
DEADMIN 94.101.187.85 
HARLEY 94.101.187.85 
WALLY 94.101.187.85 
KSS 94.101.187.85 
LESLEY 94.101.187.85 
MAYRA 94.101.187.85 
FORREST 94.101.187.85 
BILLIE 94.101.187.85 
QUINTON 94.101.187.85 
BERT 94.101.187.85 
KRISTY 94.101.187.85 
HAYLEY 94.101.187.85 
MARLA 94.101.187.85 
DARA 94.101.187.85 
MUN 94.101.187.85 
LEIGH 94.101.187.85 
SLEEP 94.101.187.85 
MADMIN 94.101.187.85 
AUGUST 94.101.187.85 
ELTON 94.101.187.85 
HAL 94.101.187.85 
DEWAYNE 94.101.187.85 
AMIN 94.101.187.85 
MEDADMIN 94.101.187.85 
CTSADMIN 94.101.187.85 
LOSANGELES 94.101.187.85 
BROOKS 94.101.187.85 
MAISON 94.101.187.85 
STANTON 94.101.187.85 
ANTOINETTE 94.101.187.85 
PHILADELPHIA 94.101.187.85 
ITHELPDESK 94.101.187.85 
TITUS 94.101.187.85 
TERA 94.101.187.85 
TERMINALSERVER 94.101.187.85 
OJOHNSON 94.101.187.85 
ELSUPER 94.101.187.85 
DENNY 94.101.187.85 
GALEN 94.101.187.85 
DONG 94.101.187.85 
MARG 94.101.187.85 
DEON 94.101.187.85 
SQLSERVERADMIN 94.101.187.85 
RAMIRO 94.101.187.85 
WEBDEV 94.101.187.85 
TREY 94.101.187.85 
SHELLY 94.101.187.85 
JUANITA 94.101.187.85 
MEREDITH 94.101.187.85 
GAYLE 94.101.187.85 
BUH2 51.159.103.25 
NWADMIN 94.101.187.85 
OPTIMUM 94.101.187.85 
HAPPY 94.101.187.85 
XADMIN 94.101.187.85 
YJOHNSON 94.101.187.85 
UJOHNSON 94.101.187.85 
NEWADMIN 94.101.187.85 
OAKADMIN 94.101.187.85 
AMMINISTRATORE 94.101.187.85 
INTRANETADMIN 94.101.187.85 
ADMINISTRATIVE 94.101.187.85 
BASHARAT 94.101.187.85 
EMANUEL 94.101.187.85 
ASO 94.101.187.85 
CONTROLGAS 94.101.187.85 
VBROWN 94.101.187.85 
TRENTON 94.101.187.85 
SUNG 94.101.187.85 
DIONYSIUS 81.45.139.22 
ADMINISTRATOR 94.101.187.85 
ADMIN 94.101.187.85 
TEST 94.101.187.85 
GUEST 94.101.187.85 
USER 94.101.187.85 
SCANNER 94.101.187.85 
TESTUSER 94.101.187.85 
SCAN 94.101.187.85 
USER1 94.101.187.85 
USER2 94.101.187.85 
ADMINISTRADOR 94.101.187.85 
1 94.101.187.85 
BACKUP 94.101.187.85 
JOHN 94.101.187.85 
TEST1 94.101.187.85 
STUDENT 94.101.187.85 
RECEPTION 94.101.187.85 
GAST 94.101.187.85 
REMOTE 94.101.187.85 
SUPPORT 94.101.187.85 
USER3 94.101.187.85 
TEMP 94.101.187.85 
SALES 94.101.187.85 
A 94.101.187.85 
PRINTER 94.101.187.85 
USER01 94.101.187.85 
TESTE 94.101.187.85 
SERVER 94.101.187.85 
PRINT 94.101.187.85 
SCANS 94.101.187.85 
TEST2 94.101.187.85 
SQLADMIN 94.101.187.85 
TRAINING 94.101.187.85 
DIRCK 81.45.139.22 
USUARIO 94.101.187.85 
TESTTEST 94.101.187.85 
XEROX 94.101.187.85 
DEMO 94.101.187.85 
OFFICE 94.101.187.85 
DB2ADMIN 94.101.187.85 
ADMINISTRATEUR 94.101.187.85 
HELPDESK 94.101.187.85 
DEFAULT 94.101.187.85 
MIKE 94.101.187.85 
PC 94.101.187.85 
POS 94.101.187.85 
RICOH 94.101.187.85 
USER4 94.101.187.85 
ACCOUNTS 94.101.187.85 
USER02 94.101.187.85 
DELL 94.101.187.85 
OWNER 94.101.187.85 
INSTALL 94.101.187.85 
DAVID 94.101.187.85 
HR 94.101.187.85 
WAREHOUSE 94.101.187.85 
LOGIST2 51.159.103.25 
VPN 94.101.187.85 
CHRIS 94.101.187.85 
ADMIN2 94.101.187.85 
OPERADOR 94.101.187.85 
TEMPADMIN 94.101.187.85 
POSTMASTER 94.101.187.85 
CANON 94.101.187.85 
LAURA 94.101.187.85 
ADMIN1 94.101.187.85 
LAPTOP 94.101.187.85 
CYG_SERVER 94.101.187.85 
TRAINING1 94.101.187.85 
JESSICA 94.101.187.85 
POSTGRES 94.101.187.85 
INFODBA 94.101.187.85 
PRUEBA 94.101.187.85 
STAGIAIRE 94.101.187.85 
STAFF 94.101.187.85 
USER5 94.101.187.85 
TUSER2 94.101.187.85 
IT 94.101.187.85 
REMOTO 94.101.187.85 
FTPUSER 94.101.187.85 
DIRECTIE 81.45.139.22 
MARKETING 94.101.187.85 
MARIA 94.101.187.85 
MANAGER 94.101.187.85 
LOGMEINREMOTEUSER 94.101.187.85 
DANIEL 94.101.187.85 
COPIER 94.101.187.85 
123 94.101.187.85 
RECEPCION 94.101.187.85 
SHOP 94.101.187.85 
TECH 94.101.187.85 
ACCUEIL 94.101.187.85 
SOPORTE 94.101.187.85 
AUDIT 94.101.187.85 
BACKUPEXEC 94.101.187.85 
SHIPPING 94.101.187.85 
MICHELLE 94.101.187.85 
SHARE 94.101.187.85 
FAX 94.101.187.85 
ANDREA 94.101.187.85 
SQLSERVICE 94.101.187.85 
TEST3 94.101.187.85 
TESTER 94.101.187.85 
CONFERENCE 94.101.187.85 
ALEX 94.101.187.85 
LAB 94.101.187.85 
TESTUSER1 94.101.187.85 
CONTABILIDAD 94.101.187.85 
SHYANNE 94.101.187.85 
AUDITOR 94.101.187.85 
KASSA 94.101.187.85 
OFFICE2 94.101.187.85 
FRONTDESK 94.101.187.85 
BOARDROOM 94.101.187.85 
2 94.101.187.85 
USUARIO1 94.101.187.85 
KEVIN 94.101.187.85 
ORACLE 94.101.187.85 
MEDIA 94.101.187.85 
OPERATOR 94.101.187.85 
HP 94.101.187.85 
ANGELA 94.101.187.85 
ROOT 94.101.187.85 
ACCOUNTING 94.101.187.85 
MARK 94.101.187.85 
SMART 94.101.187.85 
SCANUSER 94.101.187.85 
FINANCE 94.101.187.85 
NOMAN 94.101.187.85 
DIRK 81.45.139.22 
MEETING 94.101.187.85 
TONY 94.101.187.85 
SOPHOS 94.101.187.85 
MICHAEL 94.101.187.85 
SYSADMIN 94.101.187.85 
BACKUPADMIN 94.101.187.85 
TUSER 94.101.187.85 
LABORATORIO 94.101.187.85 
USER6 94.101.187.85 
PAYROLL 94.101.187.85 
INTERN 94.101.187.85 
SARA 94.101.187.85 
FTP 94.101.187.85 
STORES 94.101.187.85 
PAUL 94.101.187.85 
ACRONIS 94.101.187.85 
GUEST1 94.101.187.85 
CARLOS 94.101.187.85 
SECURITY 94.101.187.85 
PRODUCTION 94.101.187.85 
USER03 94.101.187.85 
C 94.101.187.85 
PETER 94.101.187.85 
VISITOR 94.101.187.85 
USER10 94.101.187.85 
T1 94.101.187.85 
LIBRARY 94.101.187.85 
DIRECCION 94.101.187.85 
CITRIX 94.101.187.85 
ALLA 51.159.103.25 
KIOSK 94.101.187.85 
USUARIO2 94.101.187.85 
ANDRE 94.101.187.85 
JSMITH 94.101.187.85 
ANA 94.101.187.85 
INTERNET 94.101.187.85 
GUARD 94.101.187.85 
PRAXIS 94.101.187.85 
TEST01 94.101.187.85 
ALMACEN 94.101.187.85 
SQL 94.101.187.85 
TEST123 94.101.187.85 
TESTING 94.101.187.85 
UTENTE 94.101.187.85 
ITADMIN 94.101.187.85 
CAMERAS 94.101.187.85 
PONTO 94.101.187.85 
SANDRA 94.101.187.85 
VIDEO 94.101.187.85 
LOCALADMIN 94.101.187.85 
PC1 94.101.187.85 
TUSER1 94.101.187.85 
PRAKTIKANT 94.101.187.85 
BILLING 94.101.187.85 
CAP 94.101.187.85 
MAINTENANCE 94.101.187.85 
SQLUSER 94.101.187.85 
BESADMIN 94.101.187.85 
PATRICIA 94.101.187.85 
VOICEMAIL 94.101.187.85 
3 94.101.187.85 
KAREN 94.101.187.85 
MCAFEE 94.101.187.85 
TESTUSER 94.101.187.85 
KASSE 94.101.187.85 
MASTER 94.101.187.85 
RAFAEL 94.101.187.85 
SAM 94.101.187.85 
MARIO 94.101.187.85 
PAULA 94.101.187.85 
SUPORTE 94.101.187.85 
ESCANER 94.101.187.85 
SPADMIN 94.101.187.85 
ANDREW 94.101.187.85 
BROTHER 94.101.187.85 
JENNY 94.101.187.85 
USER7 94.101.187.85 
JENNIFER 94.101.187.85 
SETUP 94.101.187.85 
OFFICEON 94.101.187.85 
KONICA 94.101.187.85 
JAMES 94.101.187.85 
JASON 94.101.187.85 
USER8 94.101.187.85 
STEVE 94.101.187.85 
IVAN 94.101.187.85 
DIRECTION 94.101.187.85 
ITSUPPORT 94.101.187.85 
REMOTO1 94.101.187.85 
ACCOUNT 94.101.187.85 
LINDA 94.101.187.85 
REMOTE1 94.101.187.85 
BRIAN 94.101.187.85 
TERMINAL1 94.101.187.85 
JEFF 94.101.187.85 
PAULO 94.101.187.85 
SERVIDOR 94.101.187.85 
WORKSHOP 94.101.187.85 
SHAREPOINT 94.101.187.85 
EXCHADMIN 94.101.187.85 
DISPATCHER 81.45.139.22 
DISPATCH 94.101.187.85 
COMPTA 94.101.187.85 
EXCHANGE 94.101.187.85 
ADM 94.101.187.85 
RUSSELL 94.101.187.85 
VANESSA 94.101.187.85 
OPERATIONS 94.101.187.85 
GARY 94.101.187.85 
CARLA 94.101.187.85 
TRAINING2 94.101.187.85 
USER04 94.101.187.85 
ACCOUNTS2 94.101.187.85 
STORE 94.101.187.85 
SQLSERVER 94.101.187.85 
TEMPUSER 94.101.187.85 
ARODRIGUEZ 94.101.187.85 
SHARP 94.101.187.85 
VOLUNTEER 94.101.187.85 
RECEPTIONIST 94.101.187.85 
LISA 94.101.187.85 
INSTALLER 94.101.187.85 
WEBUSER 94.101.187.85 
TIMECLOCK 94.101.187.85 
CAROL 94.101.187.85 
TESTADMIN 94.101.187.85 
RICHARD 94.101.187.85 
ROBERT 94.101.187.85 
VAGRANT 94.101.187.85 
GBUH 51.159.103.25 
ECOPY 94.101.187.85 
SA 94.101.187.85 
TS1 94.101.187.85 
PLEX 94.101.187.85 
HOME 94.101.187.85 
FAMILY 94.101.187.85 
KRAFT 94.101.187.85 
OMAR 94.101.187.85 
SUPERVISOR 94.101.187.85 
NANCY 94.101.187.85 
COMPRAS 94.101.187.85 
PATRICK 94.101.187.85 
TABLET 94.101.187.85 
SISTEMAS 94.101.187.85 
RICARDO 94.101.187.85 
CACHE 94.101.187.85 
USER11 94.101.187.85 
TERMINAL 94.101.187.85 
VERITAS 94.101.187.85 
DITS 81.45.139.22 
MONITOR 94.101.187.85 
TRAINER 94.101.187.85 
ROSE 94.101.187.85 
DIEGO 94.101.187.85 
SERVICEDESK 94.101.187.85 
MAILROOM 94.101.187.85 
VISITANTE 94.101.187.85 
SHARON 94.101.187.85 
GRACE 94.101.187.85 
CONFERENCEROOM 94.101.187.85 
KODI 94.101.187.85 
STUDENT1 94.101.187.85 
TECHNIQUE 94.101.187.85 
111 94.101.187.85 
PURCHASING 94.101.187.85 
ADMIN01 94.101.187.85 
MSTEST 94.101.187.85 
ATELIER 94.101.187.85 
JUAN 94.101.187.85 
MATT 94.101.187.85 
TIM 94.101.187.85 
ERIC 94.101.187.85 
STOCK 94.101.187.85 
CNC 94.101.187.85 
NICK 94.101.187.85 
JOSE 94.101.187.85 
RDP 94.101.187.85 
ANDY 94.101.187.85 
TESTUSER2 94.101.187.85 
ERICA 94.101.187.85 
POS1 94.101.187.85 
TEACHER 94.101.187.85 
MARCO 94.101.187.85 
PUBLIC 94.101.187.85 
LABEL 94.101.187.85 
SQLSVC 94.101.187.85 
BOB 94.101.187.85 
SALES1 94.101.187.85 
PC2 94.101.187.85 
REPORTS 94.101.187.85 
CCTV 94.101.187.85 
FRED 94.101.187.85 
AUDITOR1 94.101.187.85 
CAMERA 94.101.187.85 
JEAN 94.101.187.85 
DJAYDEN 81.45.139.22 
TEMP1 94.101.187.85 
RYAN 94.101.187.85 
AMANDA 94.101.187.85 
JOBS 94.101.187.85 
GREG 94.101.187.85 
MARIANA 94.101.187.85 
MARIE 94.101.187.85 
USER9 94.101.187.85 
IMRAN 94.101.187.85 
MARTIN 94.101.187.85 
REMOTO2 94.101.187.85 
JRODRIGUEZ 94.101.187.85 
TERMINAL2 94.101.187.85 
CONTACT 94.101.187.85 
QUALITY 94.101.187.85 
JULIE 94.101.187.85 
SIMON 94.101.187.85 
BILL 94.101.187.85 
TOM 94.101.187.85 
DENTAL 94.101.187.85 
AGNES 94.101.187.85 
MAC 94.101.187.85 
UPS 94.101.187.85 
MONICA 94.101.187.85 
CLIENT 94.101.187.85 
TOSHIBA 94.101.187.85 
RDPTEST 94.101.187.85 
I 94.101.187.85 
TRAINING3 94.101.187.85 
SERGIO 94.101.187.85 
EVA 94.101.187.85 
NICOLE 94.101.187.85 
DELTEKVISION 94.101.187.85 
111 51.159.103.25 
MA 94.101.187.85 
RECEIVING 94.101.187.85 
Q 94.101.187.85 
DEV 94.101.187.85 
MARY 94.101.187.85 
ADAM 94.101.187.85 
ORDERS 94.101.187.85 
KL 94.101.187.85 
BRUNO 94.101.187.85 
WENDY 94.101.187.85 
STUDENT2 94.101.187.85 
SEAN 94.101.187.85 
DEVELOPER 94.101.187.85 
JOE 94.101.187.85 
LASER 94.101.187.85 
SUSAN 94.101.187.85 
4 94.101.187.85 
USER05 94.101.187.85 
SARAH 94.101.187.85 
IMPRESSORA 94.101.187.85 
MHERNANDEZ 94.101.187.85 
CAIXA 94.101.187.85 
HELP 94.101.187.85 
EVENTS 94.101.187.85 
SAGE 94.101.187.85 
BACKUPUSER 94.101.187.85 
IRIS 94.101.187.85 
USER12 94.101.187.85 
CLAUDIA 94.101.187.85 
BIBLIOTECA 94.101.187.85 
LAGER 94.101.187.85 
DGARCIA 94.101.187.85 
INFORMIX 94.101.187.85 
SPARE 94.101.187.85 
WKRADAR 94.101.187.85 
VISION 94.101.187.85 
BLOOMBERG 94.101.187.85 
PHARMACY 94.101.187.85 
TEMP2 94.101.187.85 
VPNUSER 94.101.187.85 
USER13 94.101.187.85 
NOREPLY 94.101.187.85 
COPIEUR 94.101.187.85 
PLOTTER 94.101.187.85 
MELISSA 94.101.187.85 
FRANK 94.101.187.85 
DANIELA 94.101.187.85 
1234 94.101.187.85 
TERRY 94.101.187.85 
POS2 94.101.187.85 
JLOPEZ 94.101.187.85 
ANTHONY 94.101.187.85 
TECNICO 94.101.187.85 
ANITA 94.101.187.85 
DLANGE 81.45.139.22 
ALAN 94.101.187.85 
RODRIGO 94.101.187.85 
LUIS 94.101.187.85 
WERKSTATT 94.101.187.85 
JUSTIN 94.101.187.85 
CHARLES 94.101.187.85 
TRAIN 94.101.187.85 
JMARTINEZ 94.101.187.85 
FINANCEIRO 94.101.187.85 
COUNTER 94.101.187.85 
NURSE 94.101.187.85 
SPICEWORKS 94.101.187.85 
PATCH 94.101.187.85 
REMOTE2 94.101.187.85 
CONSULTA 94.101.187.85 
ASHLEY 94.101.187.85 
INVITE 94.101.187.85 
ACCOUNTANT 94.101.187.85 
JONATHAN 94.101.187.85 
ADMINISTRATOR 94.101.187.85 
ROB 94.101.187.85 
STEPHANIE 94.101.187.85 
OFFICE1 94.101.187.85 
CATHY 94.101.187.85 
ALI 94.101.187.85 
JOEL 94.101.187.85 
ANNA 94.101.187.85 
ARCSERVE 94.101.187.85 
SCANNING 94.101.187.85 
MC 94.101.187.85 
JTAYLOR 94.101.187.85 
USER08 94.101.187.85 
KYOCERA 94.101.187.85 
VENTAS2 94.101.187.85 
KRONOS 94.101.187.85 
BEN 94.101.187.85 
SALES2 94.101.187.85 
KELLY 94.101.187.85 
HARRY 94.101.187.85 
SYMANTEC 94.101.187.85 
FERNANDO 94.101.187.85 
COMPTA2 94.101.187.85 
WEB 94.101.187.85 
ENGINEER 94.101.187.85 
FORMATION 94.101.187.85 
IPAD 94.101.187.85 
DNNE 81.45.139.22 
ST 94.101.187.85 
NMARTINEZ 94.101.187.85 
TEMPLATE 94.101.187.85 
PDA1 94.101.187.85 
VENTAS 94.101.187.85 
ALICE 94.101.187.85 
SKYPE 94.101.187.85 
DEMO1 94.101.187.85 
VENTAS1 94.101.187.85 
CAM 94.101.187.85 
SCANNER2 94.101.187.85 
CHRISTINE 94.101.187.85 
REUNION 94.101.187.85 
GERENCIA 94.101.187.85 
VM 94.101.187.85 
JACK 94.101.187.85 
MGONZALEZ 94.101.187.85 
KEN 94.101.187.85 
WASADMIN 94.101.187.85 
CWILLIAMS 94.101.187.85 
PRESS 94.101.187.85 
DWILLIAMS 94.101.187.85 
JIM 94.101.187.85 
MARINA 94.101.187.85 
JR 94.101.187.85 
PARTS 94.101.187.85 
JORGE 94.101.187.85 
VEEAM 94.101.187.85 
AHMED 94.101.187.85 
TEST12 94.101.187.85 
BRENDA 94.101.187.85 
X 94.101.187.85 
VPNTEST 94.101.187.85 
DEBBIE 94.101.187.85 
GUEST2 94.101.187.85 
CONTA2 94.101.187.85 
VIRGINIE 94.101.187.85 
TEST4 94.101.187.85 
VMWARE 94.101.187.85 
TREINAMENTO 94.101.187.85 
MLOPEZ 94.101.187.85 
LAB1 94.101.187.85 
VICTOR 94.101.187.85 
GEORGE 94.101.187.85 
DNVGZ 81.45.139.22 
VENTAS3 94.101.187.85 
PYOUNG 94.101.187.85 
SOFTLINE 94.101.187.85 
EDUCATION 94.101.187.85 
MJACKSON 94.101.187.85 
HELEN 94.101.187.85 
POSUSER 94.101.187.85 
PEDRO 94.101.187.85 
JPEREZ 94.101.187.85 
MRODRIGUEZ 94.101.187.85 
SCHULUNG 94.101.187.85 
DANNY 94.101.187.85 
ESTOQUE 94.101.187.85 
JULIA 94.101.187.85 
STEVEN 94.101.187.85 
DIANA 94.101.187.85 
QUICKBOOKS 94.101.187.85 
LEE 94.101.187.85 
OFICINA 94.101.187.85 
PACS 94.101.187.85 
RA 94.101.187.85 
VICTORIA 94.101.187.85 
LDAP 94.101.187.85 
HTPC 94.101.187.85 
GENERAL 94.101.187.85 
THOMAS 94.101.187.85 
SALES3 94.101.187.85 
M1 94.101.187.85 
GUESTUSER 94.101.187.85 
DOCTOR 94.101.187.85 
JBROWN 94.101.187.85 
SCADMIN 94.101.187.85 
SABRINA 94.101.187.85 
ELOPEZ 94.101.187.85 
CLAUDIO 94.101.187.85 
CLAZAR 94.101.187.85 
123456 94.101.187.85 
AJOHNSON 94.101.187.85 
RHERNANDEZ 94.101.187.85 
CASHIER 94.101.187.85 
JJOHNSON 94.101.187.85 
DAN 94.101.187.85 
CONTROL 94.101.187.85 
CONNECT 94.101.187.85 
IMPRESORA 94.101.187.85 
GIGI 94.101.187.85 
DOCMAN 81.45.139.22 
JHERNANDEZ 94.101.187.85 
SIGNATURE 94.101.187.85 
CESAR 94.101.187.85 
ASPNET 94.101.187.85 
SCVMMADMIN 94.101.187.85 
êÖÇàáéê 51.159.103.25 
ABC 94.101.187.85 
SHABBIR 94.101.187.85 
CR 94.101.187.85 
ROGER 94.101.187.85 
INTERVIEW 94.101.187.85 
KATHY 94.101.187.85 
R1 94.101.187.85 
SPAM 94.101.187.85 
CAROLINE 94.101.187.85 
EMILLER 94.101.187.85 
AP 94.101.187.85 
CUSTOMERSERVICE 94.101.187.85 
OMEGA 94.101.187.85 
ELIZABETH 94.101.187.85 
RESPALDO 94.101.187.85 
XEROXSCAN 94.101.187.85 
MD 94.101.187.85 
USECRIT 94.101.187.85 
BARBARA 94.101.187.85 
MMARTINEZ 94.101.187.85 
MOBILE 94.101.187.85 
SERVICES 94.101.187.85 
MEDREC 94.101.187.85 
PLAYER 94.101.187.85 
JOSH 94.101.187.85 
KITCHEN 94.101.187.85 
EMMA 94.101.187.85 
CHECKIN 94.101.187.85 
PRINTUSER 94.101.187.85 
ERP 94.101.187.85 
INGRES 94.101.187.85 
SQLEXEC 94.101.187.85 
ADMINISTRACION 94.101.187.85 
RECEPTION2 94.101.187.85 
LOCALUSER 94.101.187.85 
UTENTE1 94.101.187.85 
SHIP 94.101.187.85 
STUDIO 94.101.187.85 
CINDY 94.101.187.85 
CROBERTSON 94.101.187.85 
DOLF 81.45.139.22 
RITA 94.101.187.85 
GESTION 94.101.187.85 
BRAD 94.101.187.85 
SQLAGENT 94.101.187.85 
PRTG 94.101.187.85 
MICROS 94.101.187.85 
LUCAS 94.101.187.85 
SBROWN 94.101.187.85 
EDI 94.101.187.85 
CONFROOM 94.101.187.85 
SAP 94.101.187.85 
DFLORES 94.101.187.85 
QA 94.101.187.85 
TV 94.101.187.85 
VINCENT 94.101.187.85 
LEONARDO 94.101.187.85 
PRESENTATION 94.101.187.85 
ROBIN 94.101.187.85 
FABIO 94.101.187.85 
CSIMMONS 94.101.187.85 
CLAIRE 94.101.187.85 
CRISTINA 94.101.187.85 
INVENTORY 94.101.187.85 
BKADMIN 94.101.187.85 
TS2 94.101.187.85 
TRAIN2 94.101.187.85 
DENNIS 94.101.187.85 
COMERCIAL 94.101.187.85 
CRAIG 94.101.187.85 
RX1 94.101.187.85 
NTHOMAS 94.101.187.85 
VALERIE 94.101.187.85 
FRONT 94.101.187.85 
SWITCH 94.101.187.85 
K2 94.101.187.85 
MSANCHEZ 94.101.187.85 
EXADMIN 94.101.187.85 
NAS 94.101.187.85 
INTERN1 94.101.187.85 
ALOPEZ 94.101.187.85 
SANDY 94.101.187.85 
SONIA 94.101.187.85 
SAFETY 94.101.187.85 
REBECCA 94.101.187.85 
WILLIAM 94.101.187.85 
RECEPCAO 94.101.187.85 
CONF 94.101.187.85 
BARCODE 94.101.187.85 
WORK 94.101.187.85 
SNELSON 94.101.187.85 
UTILISATEUR 94.101.187.85 
LOGISTICA 94.101.187.85 
RICK 94.101.187.85 
GUEST01 94.101.187.85 
BEST 94.101.187.85 
LMILLER 94.101.187.85 
UPDATE 94.101.187.85 
JULIO 94.101.187.85 
RADIO 94.101.187.85 
RACHEL 94.101.187.85 
CALLCENTER 94.101.187.85 
JMILLER 94.101.187.85 
ALUMNO 94.101.187.85 
TWALKER 94.101.187.85 
VENDAS 94.101.187.85 
INTERN2 94.101.187.85 
FACTURACION 94.101.187.85 
CONTADOR 94.101.187.85 
MARCOS 94.101.187.85 
FHARRIS 94.101.187.85 
CS 94.101.187.85 
NICOLAS 94.101.187.85 
EXAM 94.101.187.85 
FREEMAN 94.101.187.85 
1111 94.101.187.85 
DTHOMPSON 94.101.187.85 
R2 94.101.187.85 
GERBER 94.101.187.85 
SERVICE 94.101.187.85 
JSANCHEZ 94.101.187.85 
FEDEX 94.101.187.85 
BARRA 94.101.187.85 
COMMERCIAL 94.101.187.85 
SILVIA 94.101.187.85 
RTCSERVICE 94.101.187.85 
TS01 94.101.187.85 
AGENT 94.101.187.85 
ALICIA 94.101.187.85 
DENISE 94.101.187.85 
TALLER 94.101.187.85 
APEREZ 94.101.187.85 
SKING 94.101.187.85 
DOMINICUS 81.45.139.22 
NET 94.101.187.85 
JACKIE 94.101.187.85 
TEST5 94.101.187.85 
BMS 94.101.187.85 
KENNY 94.101.187.85 
BRANDON 94.101.187.85 
WAYNE 94.101.187.85 
DYOUNG 94.101.187.85 
PROJECTOR 94.101.187.85 
ANGEL 94.101.187.85 
PCUSER 94.101.187.85 
PRUEBAS 94.101.187.85 
DDIXON 94.101.187.85 
CJONES 94.101.187.85 
JAY 94.101.187.85 
GDAVIS 94.101.187.85 
HVAC 94.101.187.85 
SUPER 94.101.187.85 
CAD 94.101.187.85 
LCOX 94.101.187.85 
KIM 94.101.187.85 
CMARTINEZ 94.101.187.85 
MSMITH 94.101.187.85 
PRODUCCION 94.101.187.85 
TS 94.101.187.85 
XPMUSER 94.101.187.85 
PROD 94.101.187.85 
ROBERTO 94.101.187.85 
SERVICE1 94.101.187.85 
JANET 94.101.187.85 
CISCO 94.101.187.85 
SSMITH 94.101.187.85 
CHARLIE 94.101.187.85 
JOURNAL 94.101.187.85 
ANWENDER 94.101.187.85 
COORDINACION 94.101.187.85 
EMARTINEZ 94.101.187.85 
AMS 94.101.187.85 
CLUSTER 94.101.187.85 
PURCHASE 94.101.187.85 
MIGUEL 94.101.187.85 
KWARD 94.101.187.85 
CHOWARD 94.101.187.85 
NATALIA 94.101.187.85 
PEGGY 94.101.187.85 
DOMINIKA 81.45.139.22 
VROBERTS 94.101.187.85 
CMATTHEWS 94.101.187.85 
BB 94.101.187.85 
PC4 94.101.187.85 
JAVIER 94.101.187.85 
FARMACIA 94.101.187.85 
STUDENT4 94.101.187.85 
ISABEL 94.101.187.85 
IAN 94.101.187.85 
TABLET1 94.101.187.85 
AGARCIA 94.101.187.85 
TWILLIAMS 94.101.187.85 
NOC 94.101.187.85 
MUSIC 94.101.187.85 
SWILLIAMS 94.101.187.85 
MAINT 94.101.187.85 
JON 94.101.187.85 
SD 94.101.187.85 
SCANNER1 94.101.187.85 
CAISSE 94.101.187.85 
AMY 94.101.187.85 
XAVIER 94.101.187.85 
SIEMENS 94.101.187.85 
STEPHEN 94.101.187.85 
PORTABLE 94.101.187.85 
KOLYA 51.159.103.25 
RAQUEL 94.101.187.85 
ROSA 94.101.187.85 
MEDICOS 94.101.187.85 
JGARCIA 94.101.187.85 
CT 94.101.187.85 
MGOLDMAN 94.101.187.85 
SPFARM 94.101.187.85 
CAREERS 94.101.187.85 
DOUG 94.101.187.85 
OSCAR 94.101.187.85 
LAUREN 94.101.187.85 
MKT 94.101.187.85 
REMOTE3 94.101.187.85 
CGARCIA 94.101.187.85 
PHIL 94.101.187.85 
ANTONIO 94.101.187.85 
TINA 94.101.187.85 
SWEEPUPD 94.101.187.85 
DSSERVICEUSER 94.101.187.85 
JJONES 94.101.187.85 
ARCHIVE 94.101.187.85 
PLANNING 94.101.187.85 
WSSADMIN 94.101.187.85 
JFLORES 94.101.187.85 
DATA 94.101.187.85 
JRAMIREZ 94.101.187.85 
AARON 94.101.187.85 
OWNCLOUD 94.101.187.85 
BACKOFFICE 94.101.187.85 
SPEREZ 94.101.187.85 
STAGE 94.101.187.85 
KARLA 94.101.187.85 
FELIPE 94.101.187.85 
LILY 94.101.187.85 
TRACY 94.101.187.85 
BUCHHALTUNG 94.101.187.85 
U1 94.101.187.85 
MARTA 94.101.187.85 
LUPDATE 94.101.187.85 
TESTACCOUNT 94.101.187.85 
DWEST 94.101.187.85 
ENQUIRIES 94.101.187.85 
LEO 94.101.187.85 
KATIE 94.101.187.85 
13 94.101.187.85 
MRAMIREZ 94.101.187.85 
SEC 94.101.187.85 
CHRISTIAN 94.101.187.85 
SCAN2 94.101.187.85 
SCHEDULER 94.101.187.85 
DOC 94.101.187.85 
RBROWN 94.101.187.85 
SHIRLEY 94.101.187.85 
SYS 94.101.187.85 
CLOPEZ 94.101.187.85 
ARAMIREZ 94.101.187.85 
TRICHARDSON 94.101.187.85 
CAFE 94.101.187.85 
MPHILLIPS 94.101.187.85 
MAIL 94.101.187.85 
PAM 94.101.187.85 
SCOTT 94.101.187.85 
AWHITE 94.101.187.85 
SB 94.101.187.85 
CALENDAR 94.101.187.85 
AMARTINEZ 94.101.187.85 
HENRY 94.101.187.85 
RENE 94.101.187.85 
JAN 94.101.187.85 
LABUSER 94.101.187.85 
EDUARDO 94.101.187.85 
B 94.101.187.85 
DOMINIQUE 81.45.139.22 
EXTRA 94.101.187.85 
AUDIT1 94.101.187.85 
SCCMADMIN 94.101.187.85 
GLPI 94.101.187.85 
CSMITH 94.101.187.85 
STANDARD 94.101.187.85 
KOLB 94.101.187.85 
USER14 94.101.187.85 
JACOB 94.101.187.85 
MPEREZ 94.101.187.85 
RECEPTION1 94.101.187.85 
USER 94.101.187.85 
VCENTER 94.101.187.85 
DUMMY 94.101.187.85 
JANDERSON 94.101.187.85 
RUBEN 94.101.187.85 
PASTEL 94.101.187.85 
DBAGENT 94.101.187.85 
LABO 94.101.187.85 
PORTARIA 94.101.187.85 
RALPH 94.101.187.85 
TJOHNSON 94.101.187.85 
ZEIT 94.101.187.85 
E1DBUSER 94.101.187.85 
5 94.101.187.85 
NICO 94.101.187.85 
ADRIANA 94.101.187.85 
MEETINGROOM 94.101.187.85 
STAN 94.101.187.85 
TEMPO 94.101.187.85 
BRYAN 94.101.187.85 
CAJA2 94.101.187.85 
MAS 94.101.187.85 
ALESSANDRA 94.101.187.85 
DJ 94.101.187.85 
ASMITH 94.101.187.85 
PHONE 94.101.187.85 
ERIKA 94.101.187.85 
CARBONITEUSER 94.101.187.85 
NOTEBOOK 94.101.187.85 
TADMIN 94.101.187.85 
DISPLAY 94.101.187.85 
SCANER 94.101.187.85 
MS 94.101.187.85 
NEWSLETTER 94.101.187.85 
MOBILE2 94.101.187.85 
STUDENT3 94.101.187.85 
PROJECT 94.101.187.85 
LEON 94.101.187.85 
LSANCHEZ 94.101.187.85 
MICHEL 94.101.187.85 
MARC 94.101.187.85 
LRODRIGUEZ 94.101.187.85 
SAMANTHA 94.101.187.85 
CRYSTAL 94.101.187.85 
ASISTENTE 94.101.187.85 
STEFAN 94.101.187.85 
D 94.101.187.85 
COLETOR 94.101.187.85 
INVOICES 94.101.187.85 
JDOE 94.101.187.85 
SURVEY 94.101.187.85 
WINDOWS 94.101.187.85 
MINECRAFT 94.101.187.85 
DENIS 94.101.187.85 
CHERYL 94.101.187.85 
DEPLOY 94.101.187.85 
GUSTAVO 94.101.187.85 
TS3 94.101.187.85 
WIN7 94.101.187.85 
MJONES 94.101.187.85 
SHOP1 94.101.187.85 
DEMO2 94.101.187.85 
WEBADMIN 94.101.187.85 
SADMIN 94.101.187.85 
MOVIL 94.101.187.85 
MIGRATION 94.101.187.85 
COMPASS 94.101.187.85 
MARCIA 94.101.187.85 
SHANNON 94.101.187.85 
SJOHNSON 94.101.187.85 
TRAINEE 94.101.187.85 
KAMAL 94.101.187.85 
RESUME 94.101.187.85 
MARCELO 94.101.187.85 
RDPUSER 94.101.187.85 
XRAY 94.101.187.85 
SECRETARIAT 94.101.187.85 
GAMROOT 94.101.187.85 
STEFFEN 94.101.187.85 
PROFIT 94.101.187.85 
DORA 81.45.139.22 
NAMED 94.101.187.85 
CW 94.101.187.85 
JANE 94.101.187.85 
FAXSERVER 94.101.187.85 
IMS 94.101.187.85 
ERGO 94.101.187.85 
LENOVO 94.101.187.85 
CUSTOMER 94.101.187.85 
ADMINTEMP 94.101.187.85 
SECRETARIA 94.101.187.85 
REMOTE01 94.101.187.85 
FERNANDA 94.101.187.85 
MOHAMED 94.101.187.85 
DEFAULTACCOUNT 94.101.187.85 
JGOMEZ 94.101.187.85 
ELENA 94.101.187.85 
PRIMAVERA 94.101.187.85 
TSMITH 94.101.187.85 
CAROOT 94.101.187.85 
EMILY 94.101.187.85 
ANNE 94.101.187.85 
JMARTIN 94.101.187.85 
VIRUS 94.101.187.85 
IMAGING 94.101.187.85 
ALPHA 94.101.187.85 
RCLARK 94.101.187.85 
FGARCIA 94.101.187.85 
MAGAZZINO 94.101.187.85 
GARAGE 94.101.187.85 
SUPPLY 94.101.187.85 
SJACKSON 94.101.187.85 
ONLINE 94.101.187.85 
ASANCHEZ 94.101.187.85 
BIZHUB 94.101.187.85 
AR 94.101.187.85 
PLASMA 94.101.187.85 
TFSSERVICE 94.101.187.85 
DARREN 94.101.187.85 
MEGAN 94.101.187.85 
ÖäÄíÖêàçÄ 51.159.103.25 
TERM1 94.101.187.85 
SOCIAL 94.101.187.85 
OSMC 94.101.187.85 
CONTA 94.101.187.85 
LYNN 94.101.187.85 
U2 94.101.187.85 
STAR 94.101.187.85 
GHOST 94.101.187.85 
JOSEPH 94.101.187.85 
AMILLER 94.101.187.85 
TRANSPORT 94.101.187.85 
PAT 94.101.187.85 
EXAM1 94.101.187.85 
EMPFANG 94.101.187.85 
JMORALES 94.101.187.85 
SHAHID 94.101.187.85 
NORMAN 94.101.187.85 
SCANSIONI 94.101.187.85 
RECOVERY 94.101.187.85 
CC 94.101.187.85 
PLOPEZ 94.101.187.85 
TRIAL 94.101.187.85 
ACCESS 94.101.187.85 
IMC 94.101.187.85 
SEGURIDAD 94.101.187.85 
LOJA 94.101.187.85 
CS1 94.101.187.85 
PATROL 94.101.187.85 
VICKY 94.101.187.85 
CAJA 94.101.187.85 
MECHANIC 94.101.187.85 
LWALKER 94.101.187.85 
KM 94.101.187.85 
JDIAZ 94.101.187.85 
VIGILANCIA 94.101.187.85 
MAX 94.101.187.85 
DOMAIN 94.101.187.85 
RAJESH 94.101.187.85 
JO 94.101.187.85 
FIN 94.101.187.85 
DEAN 94.101.187.85 
ERODRIGUEZ 94.101.187.85 
CCC 94.101.187.85 
SALES4 94.101.187.85 
PUESTO051 94.101.187.85 
EXMERGE 94.101.187.85 
APACHE 94.101.187.85 
MBROWN 94.101.187.85 
EMPLOYMENT 94.101.187.85 
PRUEFER 94.101.187.85 
PALOMA 94.101.187.85 
REPORT 94.101.187.85 
DORA 94.101.187.85 
MICHAELA 94.101.187.85 
COMPRAS2 94.101.187.85 
KUECHE 94.101.187.85 
SICHERUNG 94.101.187.85 
PIERRE 94.101.187.85 
RCS 94.101.187.85 
JGONZALEZ 94.101.187.85 
CARMEN 94.101.187.85 
ESANCHEZ 94.101.187.85 
RESEARCH 94.101.187.85 
SHUTDOWN 94.101.187.85 
ALBERT 94.101.187.85 
LANIER 94.101.187.85 
THORSTEN 94.101.187.85 
AUDIO 94.101.187.85 
CMILLER 94.101.187.85 
FLORIST 94.101.187.85 
NATHAN 94.101.187.85 
TECH1 94.101.187.85 
SGARCIA 94.101.187.85 
CLUADMIN 94.101.187.85 
NEW 94.101.187.85 
POSTO 94.101.187.85 
10 94.101.187.85 
XX 94.101.187.85 
DEPOSITO 94.101.187.85 
KEITH 94.101.187.85 
TUSER4 94.101.187.85 
ACC 94.101.187.85 
SUE 94.101.187.85 
AHERNANDEZ 94.101.187.85 
IMPORT 94.101.187.85 
AMD 94.101.187.85 
GM 94.101.187.85 
MINOLTA 94.101.187.85 
ROOM3 94.101.187.85 
SOFTWARE 94.101.187.85 
BORIS 94.101.187.85 
GABRIEL 94.101.187.85 
MWILLIAMS 94.101.187.85 
OPUS 94.101.187.85 
DORIGO 81.45.139.22 
PC1 51.159.103.25 
ADMINISTRATOR 94.101.187.85 
ADMINISTRATOR 94.101.187.85 
ADMINISTRATOR 94.101.187.85 
ADMINISTRATOR 94.101.187.85 
ADMINISTRATOR 94.101.187.85 
ADMINISTRATOR 94.101.187.85 
ADMINISTRATOR 94.101.187.85 
ADMINISTRATOR 94.101.187.85 
ADMINISTRATOR 94.101.187.85 
ADMINISTRATOR 94.101.187.85 
ADMINISTRATOR 94.101.187.85 
ADMINISTRATOR 94.101.187.85 
ADMINISTRATOR 94.101.187.85 
ADMINISTRATOR 94.101.187.85 
ADMINISTRATOR 94.101.187.85 
ADMINISTRATOR 94.101.187.85 
ADMINISTRATOR 94.101.187.85 
ADMINISTRATOR 94.101.187.85 
ADMINISTRATOR 94.101.187.85 
ADMINISTRATOR 94.101.187.85 
ADMINISTRATOR 94.101.187.85 
ADMINISTRATOR 94.101.187.85 
ADMINISTRATOR 94.101.187.85 
ADMINISTRATOR 94.101.187.85 
ADMINISTRATOR 94.101.187.85 
ADMINISTRATOR 94.101.187.85 
ADMINISTRATOR 94.101.187.85 
ADMINISTRATOR 94.101.187.85 
ADMINISTRATOR 94.101.187.85 
ADMINISTRATOR 94.101.187.85 
ADMINISTRATOR 94.101.187.85 
ADMINISTRATOR 94.101.187.85 
ADMINISTRATOR 94.101.187.85 
ADMINISTRATOR 94.101.187.85 
ADMINISTRATOR 94.101.187.85 
ADMINISTRATOR 94.101.187.85 
ADMINISTRATOR 94.101.187.85 
ADMINISTRATOR 94.101.187.85 
ADMINISTRATOR 94.101.187.85 
ADMINISTRATOR 94.101.187.85 
ADMINISTRATOR 94.101.187.85 
ADMINISTRATOR 94.101.187.85 
ADMINISTRATOR 94.101.187.85 
ADMINISTRATOR 94.101.187.85 
ADMINISTRATOR 94.101.187.85 
ADMINISTRATOR 94.101.187.85 
ADMINISTRATOR 94.101.187.85 
ADMINISTRATOR 94.101.187.85 
ADMINISTRATOR 94.101.187.85 
ADMINISTRATOR 94.101.187.85 
ADMINISTRATOR 94.101.187.85 
ADMINISTRATOR 94.101.187.85 
ADMINISTRATOR 94.101.187.85 
ADMINISTRATOR 94.101.187.85 
ADMINISTRATOR 94.101.187.85 
ADMINISTRATOR 94.101.187.85 
ADMINISTRATOR 94.101.187.85 
ADMINISTRATOR 94.101.187.85 
ADMINISTRATOR 94.101.187.85 
ADMINISTRATOR 94.101.187.85 
ADMINISTRATOR 94.101.187.85 
ADMINISTRATOR 94.101.187.85 
ADMINISTRATOR 94.101.187.85 
ADMINISTRATOR 94.101.187.85 
ADMINISTRATOR 94.101.187.85 
ADMINISTRATOR 94.101.187.85 
ADMINISTRATOR 94.101.187.85 
ADMINISTRATOR 94.101.187.85 
ADMINISTRATOR 94.101.187.85 
ADMINISTRATOR 94.101.187.85 
ADMINISTRATOR 94.101.187.85 
ADMINISTRATOR 94.101.187.85 
ADMINISTRATOR 94.101.187.85 
DORIS 81.45.139.22 
ADMINISTRATOR 94.101.187.85 
ADMINISTRATOR 94.101.187.85 
ADMINISTRATOR 94.101.187.85 
ADMINISTRATOR 94.101.187.85 
ADMINISTRATOR 94.101.187.85 
ADMINISTRATOR 94.101.187.85 
ADMINISTRATOR 94.101.187.85 
ADMINISTRATOR 94.101.187.85 
ADMINISTRATOR 94.101.187.85 
ADMINISTRATOR 94.101.187.85 
ADMINISTRATOR 94.101.187.85 
ADMINISTRATOR 94.101.187.85 
ëÖêÉÖâ 51.159.103.25 
ADMINISTRATOR 94.101.187.85 
ADMINISTRATOR 94.101.187.85 
ADMINISTRATOR 94.101.187.85 
ADMINISTRATOR 94.101.187.85 
ADMINISTRATOR 94.101.187.85 
ADMINISTRATOR 94.101.187.85 
ADMINISTRATOR 94.101.187.85 
ADMINISTRATOR 94.101.187.85 
ADMINISTRATOR 94.101.187.85 
ADMINISTRATOR 94.101.187.85 
ADMINISTRATOR 94.101.187.85 
ADMINISTRATOR 94.101.187.85 
ADMINISTRATOR 94.101.187.85 
ADMINISTRATOR 94.101.187.85 
ADMINISTRATOR 94.101.187.85 
ADMINISTRATOR 94.101.187.85 
ADMINISTRATOR 94.101.187.85 
ADMINISTRATOR 94.101.187.85 
ADMINISTRATOR 94.101.187.85 
ADMINISTRATOR 94.101.187.85 
ADMINISTRATOR 94.101.187.85 
ADMINISTRATOR 94.101.187.85 
ADMINISTRATOR 94.101.187.85 
ADMINISTRATOR 94.101.187.85 
ADMINISTRATOR 94.101.187.85 
ADMINISTRATOR 94.101.187.85 
ADMINISTRATOR 94.101.187.85 
ADMINISTRATOR 94.101.187.85 
ADMINISTRATOR 94.101.187.85 
ADMINISTRATOR 94.101.187.85 
ADMINISTRATOR 94.101.187.85 
ADMINISTRATOR 94.101.187.85 
ADMINISTRATOR 94.101.187.85 
ADMINISTRATOR 94.101.187.85 
ADMINISTRATOR 94.101.187.85 
ADMINISTRATOR 94.101.187.85 
ADMINISTRATOR 94.101.187.85 
ADMINISTRATOR 94.101.187.85 
ADMINISTRATOR 94.101.187.85 
ADMINISTRATOR 94.101.187.85 
ADMINISTRATOR 94.101.187.85 
ADMINISTRATOR 94.101.187.85 
ADMINISTRATOR 94.101.187.85 
ADMINISTRATOR 94.101.187.85 
ADMINISTRATOR 94.101.187.85 
ADMINISTRATOR 94.101.187.85 
ADMINISTRATOR 94.101.187.85 
ADMINISTRATOR 94.101.187.85 
ADMINISTRATOR 94.101.187.85 
ADMINISTRATOR 94.101.187.85 
ADMINISTRATOR 94.101.187.85 
ADMINISTRATOR 94.101.187.85 
ADMINISTRATOR 94.101.187.85 
ADMINISTRATOR 94.101.187.85 
ADMINISTRATOR 94.101.187.85 
ADMINISTRATOR 94.101.187.85 
ADMINISTRATOR 94.101.187.85 
ADMINISTRATOR 94.101.187.85 
ADMINISTRATOR 94.101.187.85 
ADMINISTRATOR 94.101.187.85 
ADMINISTRATOR 94.101.187.85 
ADMINISTRATOR 94.101.187.85 
ADMINISTRATOR 94.101.187.85 
ADMINISTRATOR 94.101.187.85 
ADMINISTRATOR 94.101.187.85 
ADMINISTRATOR 94.101.187.85 
ADMINISTRATOR 94.101.187.85 
ADMINISTRATOR 94.101.187.85 
ADMINISTRATOR 94.101.187.85 
ADMINISTRATOR 94.101.187.85 
ADMINISTRATOR 94.101.187.85 
ADMINISTRATOR 94.101.187.85 
ADMINISTRATOR 94.101.187.85 
ADMINISTRATOR 94.101.187.85 
ADMINISTRATOR 94.101.187.85 
ADMINISTRATOR 94.101.187.85 
ADMINISTRATOR 94.101.187.85 
DORTMI 81.45.139.22 
ADMINISTRATOR 94.101.187.85 
ADMINISTRATOR 94.101.187.85 
ADMINISTRATOR 94.101.187.85 
ADMINISTRATOR 94.101.187.85 
ADMINISTRATOR 94.101.187.85 
ADMINISTRATOR 94.101.187.85 
ADMINISTRATOR 94.101.187.85 
ADMINISTRATOR 94.101.187.85 
ADMINISTRATOR 94.101.187.85 
ADMINISTRATOR 94.101.187.85 
ADMINISTRATOR 94.101.187.85 
ADMINISTRATOR 94.101.187.85 
ADMINISTRATOR 94.101.187.85 
ADMINISTRATOR 94.101.187.85 
ADMINISTRATOR 94.101.187.85 
ADMINISTRATOR 94.101.187.85 
ADMINISTRATOR 94.101.187.85 
ADMINISTRATOR 94.101.187.85 
ADMINISTRATOR 94.101.187.85 
ADMINISTRATOR 94.101.187.85 
ADMINISTRATOR 94.101.187.85 
ADMINISTRATOR 94.101.187.85 
ADMINISTRATOR 94.101.187.85 
ADMINISTRATOR 94.101.187.85 
ADMINISTRATOR 94.101.187.85 
ADMINISTRATOR 94.101.187.85 
ADMINISTRATOR 94.101.187.85 
ADMINISTRATOR 94.101.187.85 
ADMINISTRATOR 94.101.187.85 
ADMINISTRATOR 94.101.187.85 
ADMINISTRATOR 94.101.187.85 
ADMINISTRATOR 94.101.187.85 
ADMINISTRATOR 94.101.187.85 
ADMINISTRATOR 94.101.187.85 
ADMINISTRATOR 94.101.187.85 
ADMINISTRATOR 94.101.187.85 
ADMINISTRATOR 94.101.187.85 
ADMINISTRATOR 94.101.187.85 
ADMINISTRATOR 94.101.187.85 
ADMINISTRATOR 94.101.187.85 
ADMINISTRATOR 94.101.187.85 
ADMINISTRATOR 94.101.187.85 
ADMINISTRATOR 94.101.187.85 
ADMINISTRATOR 94.101.187.85 
ADMINISTRATOR 94.101.187.85 
ADMINISTRATOR 94.101.187.85 
ADMINISTRATOR 94.101.187.85 
ADMINISTRATOR 94.101.187.85 
ADMINISTRATOR 94.101.187.85 
DOUNIA 81.45.139.22 
ADMINISTRATOR 94.101.187.85 
ADMINISTRATOR 94.101.187.85 
ADMINISTRATOR 94.101.187.85 
ADMINISTRATOR 94.101.187.85 
ADMINISTRATOR 94.101.187.85 
ADMINISTRATOR 94.101.187.85 
ADMINISTRATOR 94.101.187.85 
ADMINISTRATOR 94.101.187.85 
ADMINISTRATOR 94.101.187.85 
ADMINISTRATOR 94.101.187.85 
ADMINISTRATOR 94.101.187.85 
ADMINISTRATOR 94.101.187.85 
ADMINISTRATOR 94.101.187.85 
ADMINISTRATOR 94.101.187.85 
ADMINISTRATOR 94.101.187.85 
ADMINISTRATOR 94.101.187.85 
ADMINISTRATOR 94.101.187.85 
ADMINISTRATOR 94.101.187.85 
ADMINISTRATOR 94.101.187.85 
ADMINISTRATOR 94.101.187.85 
ADMINISTRATOR 94.101.187.85 
ADMINISTRATOR 94.101.187.85 
ADMINISTRATOR 94.101.187.85 
ADMINISTRATOR 94.101.187.85 
ADMINISTRATOR 94.101.187.85 
ADMINISTRATOR 94.101.187.85 
ADMINISTRATOR 94.101.187.85 
ADMINISTRATOR 94.101.187.85 
ADMINISTRATOR 94.101.187.85 
ADMINISTRATOR 94.101.187.85 
ADMINISTRATOR 94.101.187.85 
ADMINISTRATOR 94.101.187.85 
ADMINISTRATOR 94.101.187.85 
ADMINISTRATOR 94.101.187.85 
ADMINISTRATOR 94.101.187.85 
ADMINISTRATOR 94.101.187.85 
ADMINISTRATOR 94.101.187.85 
ADMINISTRATOR 94.101.187.85 
ADMINISTRATOR 94.101.187.85 
ADMINISTRATOR 94.101.187.85 
ADMINISTRATOR 94.101.187.85 
ADMINISTRATOR 94.101.187.85 
ADMINISTRATOR 94.101.187.85 
ADMINISTRATOR 94.101.187.85 
ADMINISTRATOR 94.101.187.85 
ADMINISTRATOR 94.101.187.85 
ADMINISTRATOR 94.101.187.85 
ADMINISTRATOR 94.101.187.85 
DOUWE 81.45.139.22 
ADMINISTRATOR 94.101.187.85 
ADMINISTRATOR 94.101.187.85 
ADMINISTRATOR 94.101.187.85 
ADMINISTRATOR 94.101.187.85 
ADMINISTRATOR 94.101.187.85 
ADMINISTRATOR 94.101.187.85 
ADMINISTRATOR 94.101.187.85 
ADMINISTRATOR 94.101.187.85 
ADMINISTRATOR 94.101.187.85 
ADMINISTRATOR 94.101.187.85 
ADMINISTRATOR 94.101.187.85 
ADMINISTRATOR 94.101.187.85 
ADMINISTRATOR 94.101.187.85 
ADMINISTRATOR 94.101.187.85 
ADMINISTRATOR 94.101.187.85 
ADMINISTRATOR 94.101.187.85 
ADMINISTRATOR 94.101.187.85 
ADMINISTRATOR 94.101.187.85 
ADMINISTRATOR 94.101.187.85 
ADMINISTRATOR 94.101.187.85 
ADMINISTRATOR 94.101.187.85 
ADMINISTRATOR 94.101.187.85 
ADMINISTRATOR 94.101.187.85 
ADMINISTRATOR 94.101.187.85 
ADMINISTRATOR 94.101.187.85 
ADMINISTRATOR 94.101.187.85 
ADMINISTRATOR 94.101.187.85 
EXPORT 51.159.103.25 
ADMINISTRATOR 94.101.187.85 
ADMINISTRATOR 94.101.187.85 
ADMINISTRATOR 94.101.187.85 
ADMINISTRATOR 94.101.187.85 
ADMINISTRATOR 94.101.187.85 
ADMINISTRATOR 94.101.187.85 
ADMINISTRATOR 94.101.187.85 
ADMINISTRATOR 94.101.187.85 
ADMINISTRATOR 94.101.187.85 
ADMINISTRATOR 94.101.187.85 
ADMINISTRATOR 94.101.187.85 
ADMINISTRATOR 94.101.187.85 
ADMINISTRATOR 94.101.187.85 
ADMINISTRATOR 94.101.187.85 
ADMINISTRATOR 94.101.187.85 
ADMINISTRATOR 94.101.187.85 
ADMINISTRATOR 94.101.187.85 
ADMINISTRATOR 94.101.187.85 
ADMINISTRATOR 94.101.187.85 
ADMINISTRATOR 94.101.187.85 
ADMINISTRATOR 94.101.187.85 
ADMINISTRATOR 94.101.187.85 
ADMINISTRATOR 94.101.187.85 
ADMINISTRATOR 94.101.187.85 
ADMINISTRATOR 94.101.187.85 
ADMINISTRATOR 94.101.187.85 
ADMINISTRATOR 94.101.187.85 
ADMINISTRATOR 94.101.187.85 
ADMINISTRATOR 94.101.187.85 
ADMINISTRATOR 94.101.187.85 
ADMINISTRATOR 94.101.187.85 
ADMINISTRATOR 94.101.187.85 
ADMINISTRATOR 94.101.187.85 
ADMINISTRATOR 94.101.187.85 
ADMINISTRATOR 94.101.187.85 
ADMINISTRATOR 94.101.187.85 
ADMINISTRATOR 94.101.187.85 
ADMINISTRATOR 94.101.187.85 
ADMINISTRATOR 94.101.187.85 
ADMINISTRATOR 94.101.187.85 
ADMINISTRATOR 94.101.187.85 
ADMINISTRATOR 94.101.187.85 
ADMINISTRATOR 94.101.187.85 
ADMINISTRATOR 94.101.187.85 
ADMINISTRATOR 94.101.187.85 
ADMINISTRATOR 94.101.187.85 
ADMINISTRATOR 94.101.187.85 
ADMINISTRATOR 94.101.187.85 
ADMINISTRATOR 94.101.187.85 
ADMINISTRATOR 94.101.187.85 
ADMINISTRATOR 94.101.187.85 
ADMINISTRATOR 94.101.187.85 
ADMINISTRATOR 94.101.187.85 
ADMINISTRATOR 94.101.187.85 
ADMINISTRATOR 94.101.187.85 
ADMINISTRATOR 94.101.187.85 
ADMINISTRATOR 94.101.187.85 
ADMINISTRATOR 94.101.187.85 
ADMINISTRATOR 94.101.187.85 
ADMINISTRATOR 94.101.187.85 
ADMINISTRATOR 94.101.187.85 
ADMINISTRATOR 94.101.187.85 
ADMINISTRATOR 94.101.187.85 
ADMINISTRATOR 94.101.187.85 
ADMINISTRATOR 94.101.187.85 
ADMINISTRATOR 94.101.187.85 
ADMINISTRATOR 94.101.187.85 
ADMINISTRATOR 94.101.187.85 
DREZE 81.45.139.22 
ADMINISTRATOR 94.101.187.85 
ADMINISTRATOR 94.101.187.85 
ADMINISTRATOR 94.101.187.85 
ADMINISTRATOR 94.101.187.85 
ADMINISTRATOR 94.101.187.85 
ADMINISTRATOR 94.101.187.85 
ADMINISTRATOR 94.101.187.85 
ADMINISTRATOR 94.101.187.85 
ADMINISTRATOR 94.101.187.85 
ADMINISTRATOR 94.101.187.85 
ADMINISTRATOR 94.101.187.85 
ADMINISTRATOR 94.101.187.85 
ADMINISTRATOR 94.101.187.85 
ADMINISTRATOR 94.101.187.85 
ADMINISTRATOR 94.101.187.85 
ADMINISTRATOR 94.101.187.85 
ADMINISTRATOR 94.101.187.85 
ADMINISTRATOR 94.101.187.85 
ADMINISTRATOR 94.101.187.85 
ADMINISTRATOR 94.101.187.85 
ADMINISTRATOR 94.101.187.85 
ADMINISTRATOR 94.101.187.85 
ADMINISTRATOR 94.101.187.85 
ADMINISTRATOR 94.101.187.85 
ADMINISTRATOR 94.101.187.85 
ADMINISTRATOR 94.101.187.85 
ADMINISTRATOR 94.101.187.85 
ADMINISTRATOR 94.101.187.85 
ADMINISTRATOR 94.101.187.85 
ADMINISTRATOR 94.101.187.85 
ADMINISTRATOR 94.101.187.85 
ADMINISTRATOR 94.101.187.85 
ADMINISTRATOR 94.101.187.85 
ADMINISTRATOR 94.101.187.85 
ADMINISTRATOR 94.101.187.85 
ADMINISTRATOR 94.101.187.85 
ADMINISTRATOR 94.101.187.85 
ADMINISTRATOR 94.101.187.85 
ADMINISTRATOR 94.101.187.85 
ADMINISTRATOR 94.101.187.85 
ADMINISTRATOR 94.101.187.85 
ADMINISTRATOR 94.101.187.85 
ADMINISTRATOR 94.101.187.85 
ADMINISTRATOR 94.101.187.85 
ADMINISTRATOR 94.101.187.85 
ADMINISTRATOR 94.101.187.85 
ADMINISTRATOR 94.101.187.85 
ADMINISTRATOR 94.101.187.85 
ADMINISTRATOR 94.101.187.85 
ADMINISTRATOR 94.101.187.85 
ADMINISTRATOR 94.101.187.85 
ADMINISTRATOR 94.101.187.85 
ADMINISTRATOR 94.101.187.85 
ADMINISTRATOR 94.101.187.85 
ADMINISTRATOR 94.101.187.85 
ADMINISTRATOR 94.101.187.85 
ADMINISTRATOR 94.101.187.85 
ADMINISTRATOR 94.101.187.85 
ADMINISTRATOR 94.101.187.85 
ADMINISTRATOR 94.101.187.85 
ADMINISTRATOR 94.101.187.85 
ADMINISTRATOR 94.101.187.85 
ADMINISTRATOR 94.101.187.85 
ADMINISTRATOR 94.101.187.85 
ADMINISTRATOR 94.101.187.85 
ADMINISTRATOR 94.101.187.85 
ADMINISTRATOR 94.101.187.85 
ADMINISTRATOR 94.101.187.85 
ADMINISTRATOR 94.101.187.85 
ADMINISTRATOR 94.101.187.85 
ADMINISTRATOR 94.101.187.85 
ADMINISTRATOR 94.101.187.85 
ADMINISTRATOR 94.101.187.85 
ADMINISTRATOR 94.101.187.85 
ADMINISTRATOR 94.101.187.85 
ADMINISTRATOR 94.101.187.85 
ADMINISTRATOR 94.101.187.85 
ADMINISTRATOR 94.101.187.85 
ADMINISTRATOR 94.101.187.85 
ADMINISTRATOR 94.101.187.85 
ADMINISTRATOR 94.101.187.85 
ADMINISTRATOR 94.101.187.85 
ADMINISTRATOR 94.101.187.85 
ADMINISTRATOR 94.101.187.85 
ADMINISTRATOR 94.101.187.85 
ADMINISTRATOR 94.101.187.85 
ADMINISTRATOR 94.101.187.85 
ADMINISTRATOR 94.101.187.85 
ADMINISTRATOR 94.101.187.85 
DROPBOX 81.45.139.22 
ADMINISTRATOR 94.101.187.85 
ADMINISTRATOR 94.101.187.85 
ADMINISTRATOR 94.101.187.85 
ADMINISTRATOR 94.101.187.85 
ADMINISTRATOR 94.101.187.85 
ADMINISTRATOR 94.101.187.85 
ADMINISTRATOR 94.101.187.85 
ADMINISTRATOR 94.101.187.85 
ADMINISTRATOR 94.101.187.85 
ADMINISTRATOR 94.101.187.85 
ADMINISTRATOR 94.101.187.85 
ADMINISTRATOR 94.101.187.85 
ADMINISTRATOR 94.101.187.85 
ADMINISTRATOR 94.101.187.85 
ADMINISTRATOR 94.101.187.85 
ADMINISTRATOR 94.101.187.85 
ADMINISTRATOR 94.101.187.85 
ADMINISTRATOR 94.101.187.85 
ADMINISTRATOR 94.101.187.85 
ADMINISTRATOR 94.101.187.85 
ADMINISTRATOR 94.101.187.85 
ADMINISTRATOR 94.101.187.85 
ADMINISTRATOR 94.101.187.85 
ADMINISTRATOR 94.101.187.85 
ADMINISTRATOR 94.101.187.85 
ADMINISTRATOR 94.101.187.85 
ADMINISTRATOR 94.101.187.85 
ADMINISTRATOR 94.101.187.85 
ADMINISTRATOR 94.101.187.85 
ADMINISTRATOR 94.101.187.85 
ADMINISTRATOR 94.101.187.85 
ADMINISTRATOR 94.101.187.85 
ADMINISTRATOR 94.101.187.85 
ADMINISTRATOR 94.101.187.85 
ADMINISTRATOR 94.101.187.85 
ADMINISTRATOR 94.101.187.85 
ADMINISTRATOR 94.101.187.85 
ADMINISTRATOR 94.101.187.85 
ADMINISTRATOR 94.101.187.85 
ADMINISTRATOR 94.101.187.85 
ADMINISTRATOR 94.101.187.85 
ADMINISTRATOR 94.101.187.85 
ADMINISTRATOR 94.101.187.85 
ADMINISTRATOR 94.101.187.85 
DTP 81.45.139.22 
ADMINISTRATOR 94.101.187.85 
USER14 51.159.103.25 
ADMINISTRATOR 94.101.187.85 
ADMINISTRATOR 94.101.187.85 
ADMINISTRATOR 94.101.187.85 
ADMINISTRATOR 94.101.187.85 
ADMINISTRATOR 94.101.187.85 
ADMINISTRATOR 94.101.187.85 
ADMINISTRATOR 94.101.187.85 
ADMINISTRATOR 94.101.187.85 
ADMINISTRATOR 94.101.187.85 
ADMINISTRATOR 94.101.187.85 
ADMINISTRATOR 94.101.187.85 
ADMINISTRATOR 94.101.187.85 
ADMINISTRATOR 94.101.187.85 
ADMINISTRATOR 94.101.187.85 
ADMINISTRATOR 94.101.187.85 
ADMINISTRATOR 94.101.187.85 
ADMINISTRATOR 94.101.187.85 
ADMINISTRATOR 94.101.187.85 
ADMINISTRATOR 94.101.187.85 
ADMINISTRATOR 94.101.187.85 
ADMINISTRATOR 94.101.187.85 
ADMINISTRATOR 94.101.187.85 
ADMINISTRATOR 94.101.187.85 
ADMINISTRATOR 94.101.187.85 
ADMINISTRATOR 94.101.187.85 
ADMINISTRATOR 94.101.187.85 
ADMINISTRATOR 94.101.187.85 
ADMINISTRATOR 94.101.187.85 
ADMINISTRATOR 94.101.187.85 
ADMINISTRATOR 94.101.187.85 
ADMINISTRATOR 94.101.187.85 
ADMINISTRATOR 94.101.187.85 
ADMINISTRATOR 94.101.187.85 
ADMINISTRATOR 94.101.187.85 
ADMINISTRATOR 94.101.187.85 
ADMINISTRATOR 94.101.187.85 
ADMINISTRATOR 94.101.187.85 
ADMINISTRATOR 94.101.187.85 
ADMINISTRATOR 94.101.187.85 
ADMINISTRATOR 94.101.187.85 
ADMINISTRATOR 94.101.187.85 
ADMINISTRATOR 94.101.187.85 
ADMINISTRATOR 94.101.187.85 
DUCO 81.45.139.22 
ADMINISTRATOR 94.101.187.85 
ADMINISTRATOR 94.101.187.85 
ADMINISTRATOR 94.101.187.85 
ADMINISTRATOR 94.101.187.85 
ADMINISTRATOR 94.101.187.85 
ADMINISTRATOR 94.101.187.85 
ADMINISTRATOR 94.101.187.85 
ADMINISTRATOR 94.101.187.85 
ADMINISTRATOR 94.101.187.85 
ADMINISTRATOR 94.101.187.85 
ADMINISTRATOR 94.101.187.85 
ADMINISTRATOR 94.101.187.85 
ADMINISTRATOR 94.101.187.85 
ADMINISTRATOR 94.101.187.85 
ADMINISTRATOR 94.101.187.85 
ADMINISTRATOR 94.101.187.85 
ADMINISTRATOR 94.101.187.85 
ADMINISTRATOR 94.101.187.85 
ADMINISTRATOR 94.101.187.85 
ADMINISTRATOR 94.101.187.85 
ADMINISTRATOR 94.101.187.85 
ADMINISTRATOR 94.101.187.85 
ADMINISTRATOR 94.101.187.85 
ADMINISTRATOR 94.101.187.85 
ADMINISTRATOR 94.101.187.85 
ADMINISTRATOR 94.101.187.85 
ADMINISTRATOR 94.101.187.85 
ADMINISTRATOR 94.101.187.85 
ADMINISTRATOR 94.101.187.85 
ADMINISTRATOR 94.101.187.85 
ADMINISTRATOR 94.101.187.85 
ADMINISTRATOR 94.101.187.85 
ADMINISTRATOR 94.101.187.85 
ADMINISTRATOR 94.101.187.85 
ADMINISTRATOR 94.101.187.85 
ADMINISTRATOR 94.101.187.85 
ADMINISTRATOR 94.101.187.85 
ADMINISTRATOR 94.101.187.85 
ADMINISTRATOR 94.101.187.85 
ADMINISTRATOR 94.101.187.85 
ADMINISTRATOR 94.101.187.85 
ADMINISTRATOR 94.101.187.85 
ADMINISTRATOR 94.101.187.85 
ADMINISTRATOR 94.101.187.85 
DUKHNA 81.45.139.22 
ADMINISTRATOR 94.101.187.85 
ADMINISTRATOR 94.101.187.85 
ADMINISTRATOR 94.101.187.85 
ADMINISTRATOR 94.101.187.85 
ADMINISTRATOR 94.101.187.85 
ADMINISTRATOR 94.101.187.85 
ADMINISTRATOR 94.101.187.85 
ADMINISTRATOR 94.101.187.85 
ADMINISTRATOR 94.101.187.85 
ADMINISTRATOR 94.101.187.85 
SERVICE1C 51.159.103.25 
ADMINISTRATOR 94.101.187.85 
ADMINISTRATOR 94.101.187.85 
ADMINISTRATOR 94.101.187.85 
ADMINISTRATOR 94.101.187.85 
ADMINISTRATOR 94.101.187.85 
ADMINISTRATOR 94.101.187.85 
ADMINISTRATOR 94.101.187.85 
ADMINISTRATOR 94.101.187.85 
ADMINISTRATOR 94.101.187.85 
ADMINISTRATOR 94.101.187.85 
ADMINISTRATOR 94.101.187.85 
ADMINISTRATOR 94.101.187.85 
ADMINISTRATOR 94.101.187.85 
ADMINISTRATOR 94.101.187.85 
ADMINISTRATOR 94.101.187.85 
ADMINISTRATOR 94.101.187.85 
ADMINISTRATOR 94.101.187.85 
ADMINISTRATOR 94.101.187.85 
ADMINISTRATOR 94.101.187.85 
ADMINISTRATOR 94.101.187.85 
ADMINISTRATOR 94.101.187.85 
ADMINISTRATOR 94.101.187.85 
ADMINISTRATOR 94.101.187.85 
ADMINISTRATOR 94.101.187.85 
ADMINISTRATOR 94.101.187.85 
ADMINISTRATOR 94.101.187.85 
ADMINISTRATOR 94.101.187.85 
ADMINISTRATOR 94.101.187.85 
ADMINISTRATOR 94.101.187.85 
ADMINISTRATOR 94.101.187.85 
ADMINISTRATOR 94.101.187.85 
ADMINISTRATOR 94.101.187.85 
ADMINISTRATOR 94.101.187.85 
ADMINISTRATOR 94.101.187.85 
DUNCAN 81.45.139.22 
ADMINISTRATOR 94.101.187.85 
ADMINISTRATOR 94.101.187.85 
ADMINISTRATOR 94.101.187.85 
ADMINISTRATOR 94.101.187.85 
ADMINISTRATOR 94.101.187.85 
ADMINISTRATOR 94.101.187.85 
ADMINISTRATOR 94.101.187.85 
ADMINISTRATOR 94.101.187.85 
ADMINISTRATOR 94.101.187.85 
ADMINISTRATOR 94.101.187.85 
ADMINISTRATOR 94.101.187.85 
ADMINISTRATOR 94.101.187.85 
ADMINISTRATOR 94.101.187.85 
ADMINISTRATOR 94.101.187.85 
ADMINISTRATOR 94.101.187.85 
ADMINISTRATOR 94.101.187.85 
ADMINISTRATOR 94.101.187.85 
ADMINISTRATOR 94.101.187.85 
ADMINISTRATOR 94.101.187.85 
ADMINISTRATOR 94.101.187.85 
ADMINISTRATOR 94.101.187.85 
ADMINISTRATOR 94.101.187.85 
ADMINISTRATOR 94.101.187.85 
ADMINISTRATOR 94.101.187.85 
ADMINISTRATOR 94.101.187.85 
ADMINISTRATOR 94.101.187.85 
ADMINISTRATOR 94.101.187.85 
ADMINISTRATOR 94.101.187.85 
ADMINISTRATOR 94.101.187.85 
ADMINISTRATOR 94.101.187.85 
ADMINISTRATOR 94.101.187.85 
ADMINISTRATOR 94.101.187.85 
ADMINISTRATOR 94.101.187.85 
ADMINISTRATOR 94.101.187.85 
ADMINISTRATOR 94.101.187.85 
ADMINISTRATOR 94.101.187.85 
ADMINISTRATOR 94.101.187.85 
ADMINISTRATOR 94.101.187.85 
ADMINISTRATOR 94.101.187.85 
ADMINISTRATOR 94.101.187.85 
ADMINISTRATOR 94.101.187.85 
ADMINISTRATOR 94.101.187.85 
ADMINISTRATOR 94.101.187.85 
ADMINISTRATOR 94.101.187.85 
ADMINISTRATOR 94.101.187.85 
ADMINISTRATOR 94.101.187.85 
DUUK 81.45.139.22 
ADMINISTRATOR 94.101.187.85 
ADMINISTRATOR 94.101.187.85 
ADMINISTRATOR 94.101.187.85 
ADMINISTRATOR 94.101.187.85 
ADMINISTRATOR 94.101.187.85 
ADMINISTRATOR 94.101.187.85 
ADMINISTRATOR 94.101.187.85 
ADMINISTRATOR 94.101.187.85 
ADMINISTRATOR 94.101.187.85 
ADMINISTRATOR 94.101.187.85 
ADMINISTRATOR 94.101.187.85 
ADMINISTRATOR 94.101.187.85 
ADMINISTRATOR 94.101.187.85 
ADMINISTRATOR 94.101.187.85 
ADMINISTRATOR 94.101.187.85 
ADMINISTRATOR 94.101.187.85 
ADMINISTRATOR 94.101.187.85 
ADMINISTRATOR 94.101.187.85 
ADMINISTRATOR 94.101.187.85 
TEST9 51.159.103.25 
ADMINISTRATOR 94.101.187.85 
ADMINISTRATOR 94.101.187.85 
ADMINISTRATOR 94.101.187.85 
ADMINISTRATOR 94.101.187.85 
ADMINISTRATOR 94.101.187.85 
ADMINISTRATOR 94.101.187.85 
ADMINISTRATOR 94.101.187.85 
ADMINISTRATOR 94.101.187.85 
ADMINISTRATOR 94.101.187.85 
ADMINISTRATOR 94.101.187.85 
ADMINISTRATOR 94.101.187.85 
ADMINISTRATOR 94.101.187.85 
ADMINISTRATOR 94.101.187.85 
ADMINISTRATOR 94.101.187.85 
ADMINISTRATOR 94.101.187.85 
ADMINISTRATOR 94.101.187.85 
ADMINISTRATOR 94.101.187.85 
ADMINISTRATOR 94.101.187.85 
ADMINISTRATOR 94.101.187.85 
ADMINISTRATOR 94.101.187.85 
ADMINISTRATOR 94.101.187.85 
ADMINISTRATOR 94.101.187.85 
ADMINISTRATOR 94.101.187.85 
ADMINISTRATOR 94.101.187.85 
ADMINISTRATOR 94.101.187.85 
ADMINISTRATOR 94.101.187.85 
ADMINISTRATOR 94.101.187.85 
ADMINISTRATOR 94.101.187.85 
ADMINISTRATOR 94.101.187.85 
ADMINISTRATOR 94.101.187.85 
ADMINISTRATOR 94.101.187.85 
ADMINISTRATOR 94.101.187.85 
ADMINISTRATOR 94.101.187.85 
ADMINISTRATOR 94.101.187.85 
ADMINISTRATOR 94.101.187.85 
ADMINISTRATOR 94.101.187.85 
ADMINISTRATOR 94.101.187.85 
ADMINISTRATOR 94.101.187.85 
ADMINISTRATOR 94.101.187.85 
ADMINISTRATOR 94.101.187.85 
ADMINISTRATOR 94.101.187.85 
ADMINISTRATOR 94.101.187.85 
ADMINISTRATOR 94.101.187.85 
ADMINISTRATOR 94.101.187.85 
ADMINISTRATOR 94.101.187.85 
ADMINISTRATOR 94.101.187.85 
ADMINISTRATOR 94.101.187.85 
ADMINISTRATOR 94.101.187.85 
ADMINISTRATOR 94.101.187.85 
ADMINISTRATOR 94.101.187.85 
ADMINISTRATOR 94.101.187.85 
ADMINISTRATOR 94.101.187.85 
ADMINISTRATOR 94.101.187.85 
ADMINISTRATOR 94.101.187.85 
ADMINISTRATOR 94.101.187.85 
ADMINISTRATOR 94.101.187.85 
ADMINISTRATOR 94.101.187.85 
ADMINISTRATOR 94.101.187.85 
ADMINISTRATOR 94.101.187.85 
ADMINISTRATOR 94.101.187.85 
ADMINISTRATOR 94.101.187.85 
ADMINISTRATOR 94.101.187.85 
ADMINISTRATOR 94.101.187.85 
ADMINISTRATOR 94.101.187.85 
ADMINISTRATOR 94.101.187.85 
ADMINISTRATOR 94.101.187.85 
ADMINISTRATOR 94.101.187.85 
ADMINISTRATOR 94.101.187.85 
ADMINISTRATOR 94.101.187.85 
ADMINISTRATOR 94.101.187.85 
ADMINISTRATOR 94.101.187.85 
ADMINISTRATOR 94.101.187.85 
ADMINISTRATOR 94.101.187.85 
ADMINISTRATOR 94.101.187.85 
ADMINISTRATOR 94.101.187.85 
ADMINISTRATOR 94.101.187.85 
ADMINISTRATOR 94.101.187.85 
ADMINISTRATOR 94.101.187.85 
ADMINISTRATOR 94.101.187.85 
ADMINISTRATOR 94.101.187.85 
ADMINISTRATOR 94.101.187.85 
ADMINISTRATOR 94.101.187.85 
ADMINISTRATOR 94.101.187.85 
ADMINISTRATOR 94.101.187.85 
ADMINISTRATOR 94.101.187.85 
ADMINISTRATOR 94.101.187.85 
ADMINISTRATOR 94.101.187.85 
ADMINISTRATOR 94.101.187.85 
ADMINISTRATOR 94.101.187.85 
ADMINISTRATOR 94.101.187.85 
ADMINISTRATOR 94.101.187.85 
ADMINISTRATOR 94.101.187.85 
ADMINISTRATOR 94.101.187.85 
ADMINISTRATOR 94.101.187.85 
ADMINISTRATOR 94.101.187.85 
ADMINISTRATOR 94.101.187.85 
ADMINISTRATOR 94.101.187.85 
ADMINISTRATOR 94.101.187.85 
ADMINISTRATOR 94.101.187.85 
ADMINISTRATOR 94.101.187.85 
ADMINISTRATOR 94.101.187.85 
ADMINISTRATOR 94.101.187.85 
ADMINISTRATOR 94.101.187.85 
ADMINISTRATOR 94.101.187.85 
ADMINISTRATOR 94.101.187.85 
ADMINISTRATOR 94.101.187.85 
ADMINISTRATOR 94.101.187.85 
ADMINISTRATOR 94.101.187.85 
ADMINISTRATOR 94.101.187.85 
ADMINISTRATOR 94.101.187.85 
ADMINISTRATOR 94.101.187.85 
ADMINISTRATOR 94.101.187.85 
ADMINISTRATOR 94.101.187.85 
ADMINISTRATOR 94.101.187.85 
ADMINISTRATOR 94.101.187.85 
ADMINISTRATOR 94.101.187.85 
ADMINISTRATOR 94.101.187.85 
ADMINISTRATOR 94.101.187.85 
DYLAN 81.45.139.22 
ADMINISTRATOR 94.101.187.85 
ADMINISTRATOR 94.101.187.85 
ADMINISTRATOR 94.101.187.85 
ADMINISTRATOR 94.101.187.85 
ADMINISTRATOR 94.101.187.85 
ADMINISTRATOR 94.101.187.85 
ADMINISTRATOR 94.101.187.85 
ADMINISTRATOR 94.101.187.85 
ADMINISTRATOR 94.101.187.85 
ADMINISTRATOR 94.101.187.85 
ADMINISTRATOR 94.101.187.85 
ADMINISTRATOR 94.101.187.85 
ADMINISTRATOR 94.101.187.85 
ADMINISTRATOR 94.101.187.85 
ADMINISTRATOR 94.101.187.85 
ADMINISTRATOR 94.101.187.85 
ADMINISTRATOR 94.101.187.85 
ADMINISTRATOR 94.101.187.85 
ADMINISTRATOR 94.101.187.85 
ADMINISTRATOR 94.101.187.85 
ADMINISTRATOR 94.101.187.85 
ADMINISTRATOR 94.101.187.85 
ADMINISTRATOR 94.101.187.85 
ADMINISTRATOR 94.101.187.85 
ADMINISTRATOR 94.101.187.85 
ADMINISTRATOR 94.101.187.85 
ADMINISTRATOR 94.101.187.85 
ADMINISTRATOR 94.101.187.85 
ADMINISTRATOR 94.101.187.85 
ADMINISTRATOR 94.101.187.85 
ADMINISTRATOR 94.101.187.85 
ADMINISTRATOR 94.101.187.85 
ADMINISTRATOR 94.101.187.85 
ADMINISTRATOR 94.101.187.85 
ADMINISTRATOR 94.101.187.85 
ADMINISTRATOR 94.101.187.85 
ADMINISTRATOR 94.101.187.85 
ADMINISTRATOR 94.101.187.85 
ADMINISTRATOR 94.101.187.85 
ADMINISTRATOR 94.101.187.85 
ADMINISTRATOR 94.101.187.85 
ADMINISTRATOR 94.101.187.85 
ADMINISTRATOR 94.101.187.85 
ADMINISTRATOR 94.101.187.85 
ADMINISTRATOR 94.101.187.85 
DYLANO 81.45.139.22 
ADMINISTRATOR 94.101.187.85 
ADMINISTRATOR 94.101.187.85 
ADMINISTRATOR 94.101.187.85 
ADMINISTRATOR 94.101.187.85 
ADMINISTRATOR 94.101.187.85 
ADMINISTRATOR 94.101.187.85 
ADMINISTRATOR 94.101.187.85 
ADMINISTRATOR 94.101.187.85 
ADMINISTRATOR 94.101.187.85 
ADMINISTRATOR 94.101.187.85 
ADMINISTRATOR 94.101.187.85 
ADMINISTRATOR 94.101.187.85 
ADMINISTRATOR 94.101.187.85 
ADMINISTRATOR 94.101.187.85 
ADMINISTRATOR 94.101.187.85 
ADMINISTRATOR 94.101.187.85 
ADMINISTRATOR 94.101.187.85 
ADMINISTRATOR 94.101.187.85 
ADMINISTRATOR 94.101.187.85 
ADMINISTRATOR 94.101.187.85 
ADMINISTRATOR 94.101.187.85 
ADMINISTRATOR 94.101.187.85 
ADMINISTRATOR 94.101.187.85 
ADMINISTRATOR 94.101.187.85 
ADMINISTRATOR 94.101.187.85 
ADMINISTRATOR 94.101.187.85 
ADMINISTRATOR 94.101.187.85 
ADMINISTRATOR 94.101.187.85 
ADMINISTRATOR 94.101.187.85 
ADMINISTRATOR 94.101.187.85 
ADMINISTRATOR 94.101.187.85 
ADMINISTRATOR 94.101.187.85 
ADMINISTRATOR 94.101.187.85 
ADMINISTRATOR 94.101.187.85 
ADMINISTRATOR 94.101.187.85 
ADMINISTRATOR 94.101.187.85 
ADMINISTRATOR 94.101.187.85 
ADMINISTRATOR 94.101.187.85 
OFFICE2 51.159.103.25 
ADMINISTRATOR 94.101.187.85 
ADMINISTRATOR 94.101.187.85 
ADMINISTRATOR 94.101.187.85 
ADMINISTRATOR 94.101.187.85 
ADMINISTRATOR 94.101.187.85 
ADMINISTRATOR 94.101.187.85 
DYMFNA 81.45.139.22 
ADMINISTRATOR 94.101.187.85 
ADMINISTRATOR 94.101.187.85 
ADMINISTRATOR 94.101.187.85 
ADMINISTRATOR 94.101.187.85 
ADMINISTRATOR 94.101.187.85 
ADMINISTRATOR 94.101.187.85 
ADMINISTRATOR 94.101.187.85 
ADMINISTRATOR 94.101.187.85 
ADMINISTRATOR 94.101.187.85 
ADMINISTRATOR 94.101.187.85 
ADMINISTRATOR 94.101.187.85 
ADMINISTRATOR 94.101.187.85 
ADMINISTRATOR 94.101.187.85 
ADMINISTRATOR 94.101.187.85 
ADMINISTRATOR 94.101.187.85 
ADMINISTRATOR 94.101.187.85 
ADMINISTRATOR 94.101.187.85 
ADMINISTRATOR 94.101.187.85 
ADMINISTRATOR 94.101.187.85 
ADMINISTRATOR 94.101.187.85 
ADMINISTRATOR 94.101.187.85 
ADMINISTRATOR 94.101.187.85 
ADMINISTRATOR 94.101.187.85 
ADMINISTRATOR 94.101.187.85 
ADMINISTRATOR 94.101.187.85 
ADMINISTRATOR 94.101.187.85 
ADMINISTRATOR 94.101.187.85 
ADMINISTRATOR 94.101.187.85 
ADMINISTRATOR 94.101.187.85 
ADMINISTRATOR 94.101.187.85 
ADMINISTRATOR 94.101.187.85 
ADMINISTRATOR 94.101.187.85 
ADMINISTRATOR 94.101.187.85 
ADMINISTRATOR 94.101.187.85 
ADMINISTRATOR 94.101.187.85 
ADMINISTRATOR 94.101.187.85 
ADMINISTRATOR 94.101.187.85 
ADMINISTRATOR 94.101.187.85 
ADMINISTRATOR 94.101.187.85 
ADMINISTRATOR 94.101.187.85 
ADMINISTRATOR 94.101.187.85 
ADMINISTRATOR 94.101.187.85 
ADMINISTRATOR 94.101.187.85 
ADMINISTRATOR 94.101.187.85 
ADMINISTRATOR 94.101.187.85 
ADMINISTRATOR 94.101.187.85 
DYMPHINA 81.45.139.22 
ADMINISTRATOR 94.101.187.85 
ADMINISTRATOR 94.101.187.85 
ADMINISTRATOR 94.101.187.85 
ADMINISTRATOR 94.101.187.85 
ADMINISTRATOR 94.101.187.85 
ADMINISTRATOR 94.101.187.85 
ADMINISTRATOR 94.101.187.85 
ADMINISTRATOR 94.101.187.85 
ADMINISTRATOR 94.101.187.85 
ADMINISTRATOR 94.101.187.85 
ADMINISTRATOR 94.101.187.85 
ADMINISTRATOR 94.101.187.85 
ADMINISTRATOR 94.101.187.85 
ADMINISTRATOR 94.101.187.85 
ADMINISTRATOR 94.101.187.85 
ADMINISTRATOR 94.101.187.85 
ADMINISTRATOR 94.101.187.85 
ADMINISTRATOR 94.101.187.85 
ADMINISTRATOR 94.101.187.85 
ADMINISTRATOR 94.101.187.85 
ADMINISTRATOR 94.101.187.85 
ADMINISTRATOR 94.101.187.85 
ADMINISTRATOR 94.101.187.85 
ADMINISTRATOR 94.101.187.85 
ADMINISTRATOR 94.101.187.85 
ADMINISTRATOR 94.101.187.85 
ADMINISTRATOR 94.101.187.85 
ADMINISTRATOR 94.101.187.85 
ADMINISTRATOR 94.101.187.85 
ADMINISTRATOR 94.101.187.85 
ADMINISTRATOR 94.101.187.85 
ADMINISTRATOR 94.101.187.85 
ADMINISTRATOR 94.101.187.85 
ADMINISTRATOR 94.101.187.85 
ADMINISTRATOR 94.101.187.85 
ADMINISTRATOR 94.101.187.85 
ADMINISTRATOR 94.101.187.85 
ADMINISTRATOR 94.101.187.85 
ADMINISTRATOR 94.101.187.85 
ADMINISTRATOR 94.101.187.85 
ADMINISTRATOR 94.101.187.85 
ADMINISTRATOR 94.101.187.85 
ADMINISTRATOR 94.101.187.85 
ADMINISTRATOR 94.101.187.85 
ADMINISTRATOR 94.101.187.85 
DYON 81.45.139.22 
ADMINISTRATOR 94.101.187.85 
ADMINISTRATOR 94.101.187.85 
ADMINISTRATOR 94.101.187.85 
ADMINISTRATOR 94.101.187.85 
ADMINISTRATOR 94.101.187.85 
ADMINISTRATOR 94.101.187.85 
COMP6 51.159.103.25 
ADMINISTRATOR 94.101.187.85 
ADMINISTRATOR 94.101.187.85 
ADMINISTRATOR 94.101.187.85 
ADMINISTRATOR 94.101.187.85 
ADMINISTRATOR 94.101.187.85 
ADMINISTRATOR 94.101.187.85 
ADMINISTRATOR 94.101.187.85 
ADMINISTRATOR 94.101.187.85 
ADMINISTRATOR 94.101.187.85 
ADMINISTRATOR 94.101.187.85 
ADMINISTRATOR 94.101.187.85 
ADMINISTRATOR 94.101.187.85 
ADMINISTRATOR 94.101.187.85 
ADMINISTRATOR 94.101.187.85 
ADMINISTRATOR 94.101.187.85 
ADMINISTRATOR 94.101.187.85 
ADMINISTRATOR 94.101.187.85 
ADMINISTRATOR 94.101.187.85 
ADMINISTRATOR 94.101.187.85 
ADMINISTRATOR 94.101.187.85 
ADMINISTRATOR 94.101.187.85 
ADMINISTRATOR 94.101.187.85 
ADMINISTRATOR 94.101.187.85 
ADMINISTRATOR 94.101.187.85 
ADMINISTRATOR 94.101.187.85 
ADMINISTRATOR 94.101.187.85 
ADMINISTRATOR 94.101.187.85 
ADMINISTRATOR 94.101.187.85 
ADMINISTRATOR 94.101.187.85 
ADMINISTRATOR 94.101.187.85 
ADMINISTRATOR 94.101.187.85 
ADMINISTRATOR 94.101.187.85 
ADMINISTRATOR 94.101.187.85 
ADMINISTRATOR 94.101.187.85 
ADMINISTRATOR 94.101.187.85 
ADMINISTRATOR 94.101.187.85 
ADMINISTRATOR 94.101.187.85 
ADMINISTRATOR 94.101.187.85 
ADMINISTRATOR 94.101.187.85 
EB 81.45.139.22 
ADMINISTRATOR 94.101.187.85 
ADMINISTRATOR 94.101.187.85 
ADMINISTRATOR 94.101.187.85 
ADMINISTRATOR 94.101.187.85 
ADMINISTRATOR 94.101.187.85 
ADMINISTRATOR 94.101.187.85 
ADMINISTRATOR 94.101.187.85 
ADMINISTRATOR 94.101.187.85 
ADMINISTRATOR 94.101.187.85 
ADMINISTRATOR 94.101.187.85 
ADMINISTRATOR 94.101.187.85 
ADMINISTRATOR 94.101.187.85 
ADMINISTRATOR 94.101.187.85 
ADMINISTRATOR 94.101.187.85 
ADMINISTRATOR 94.101.187.85 
ADMINISTRATOR 94.101.187.85 
ADMINISTRATOR 94.101.187.85 
ADMINISTRATOR 94.101.187.85 
ADMINISTRATOR 94.101.187.85 
ADMINISTRATOR 94.101.187.85 
ADMINISTRATOR 94.101.187.85 
ADMINISTRATOR 94.101.187.85 
ADMINISTRATOR 94.101.187.85 
ADMINISTRATOR 94.101.187.85 
ADMINISTRATOR 94.101.187.85 
ADMINISTRATOR 94.101.187.85 
ADMINISTRATOR 94.101.187.85 
ADMINISTRATOR 94.101.187.85 
ADMINISTRATOR 94.101.187.85 
ADMINISTRATOR 94.101.187.85 
ADMINISTRATOR 94.101.187.85 
ADMINISTRATOR 94.101.187.85 
ADMINISTRATOR 94.101.187.85 
ADMINISTRATOR 94.101.187.85 
ADMINISTRATOR 94.101.187.85 
ADMINISTRATOR 94.101.187.85 
ADMINISTRATOR 94.101.187.85 
ADMINISTRATOR 94.101.187.85 
ADMINISTRATOR 94.101.187.85 
ADMINISTRATOR 94.101.187.85 
ADMINISTRATOR 94.101.187.85 
ADMINISTRATOR 94.101.187.85 
ADMINISTRATOR 94.101.187.85 
ADMINISTRATOR 94.101.187.85 
EBINGE 81.45.139.22 
ADMINISTRATOR 94.101.187.85 
ADMINISTRATOR 94.101.187.85 
ADMINISTRATOR 94.101.187.85 
ADMINISTRATOR 94.101.187.85 
ADMINISTRATOR 94.101.187.85 
ADMINISTRATOR 94.101.187.85 
ADMINISTRATOR 94.101.187.85 
ADMINISTRATOR 94.101.187.85 
ADMINISTRATOR 94.101.187.85 
ADMINISTRATOR 94.101.187.85 
ADMINISTRATOR 94.101.187.85 
ADMINISTRATOR 94.101.187.85 
ADMINISTRATOR 94.101.187.85 
ADMINISTRATOR 94.101.187.85 
ADMINISTRATOR 94.101.187.85 
ADMINISTRATOR 94.101.187.85 
ADMINISTRATOR 94.101.187.85 
OPER2 51.159.103.25 
ADMINISTRATOR 94.101.187.85 
ADMINISTRATOR 94.101.187.85 
ADMINISTRATOR 94.101.187.85 
ADMINISTRATOR 94.101.187.85 
ADMINISTRATOR 94.101.187.85 
ADMINISTRATOR 94.101.187.85 
ADMINISTRATOR 94.101.187.85 
ADMINISTRATOR 94.101.187.85 
ADMINISTRATOR 94.101.187.85 
ADMINISTRATOR 94.101.187.85 
ADMINISTRATOR 94.101.187.85 
ADMINISTRATOR 94.101.187.85 
ADMINISTRATOR 94.101.187.85 
ADMINISTRATOR 94.101.187.85 
ADMINISTRATOR 94.101.187.85 
ADMINISTRATOR 94.101.187.85 
ADMINISTRATOR 94.101.187.85 
ADMINISTRATOR 94.101.187.85 
ADMINISTRATOR 94.101.187.85 
ADMINISTRATOR 94.101.187.85 
ADMINISTRATOR 94.101.187.85 
ADMINISTRATOR 94.101.187.85 
ADMINISTRATOR 94.101.187.85 
ADMINISTRATOR 94.101.187.85 
ADMINISTRATOR 94.101.187.85 
ADMINISTRATOR 94.101.187.85 
ADMINISTRATOR 94.101.187.85 
ADMINISTRATOR 94.101.187.85 
ADMINISTRATOR 94.101.187.85 
ADMINISTRATOR 94.101.187.85 
ADMINISTRATOR 94.101.187.85 
ADMINISTRATOR 94.101.187.85 
ADMINISTRATOR 94.101.187.85 
ADMINISTRATOR 94.101.187.85 
ADMINISTRATOR 94.101.187.85 
ADMINISTRATOR 94.101.187.85 
ADMINISTRATOR 94.101.187.85 
ADMINISTRATOR 94.101.187.85 
ADMINISTRATOR 94.101.187.85 
ADMINISTRATOR 94.101.187.85 
ADMINISTRATOR 94.101.187.85 
ADMINISTRATOR 94.101.187.85 
ADMINISTRATOR 94.101.187.85 
ADMINISTRATOR 94.101.187.85 
ADMINISTRATOR 94.101.187.85 
ADMINISTRATOR 94.101.187.85 
ADMINISTRATOR 94.101.187.85 
ADMINISTRATOR 94.101.187.85 
ADMINISTRATOR 94.101.187.85 
ADMINISTRATOR 94.101.187.85 
ADMINISTRATOR 94.101.187.85 
ADMINISTRATOR 94.101.187.85 
ADMINISTRATOR 94.101.187.85 
ADMINISTRATOR 94.101.187.85 
ADMINISTRATOR 94.101.187.85 
ADMINISTRATOR 94.101.187.85 
ADMINISTRATOR 94.101.187.85 
ADMINISTRATOR 94.101.187.85 
ADMINISTRATOR 94.101.187.85 
ADMINISTRATOR 94.101.187.85 
ADMINISTRATOR 94.101.187.85 
ADMINISTRATOR 94.101.187.85 
ADMINISTRATOR 94.101.187.85 
ADMINISTRATOR 94.101.187.85 
ADMINISTRATOR 94.101.187.85 
ADMINISTRATOR 94.101.187.85 
ADMINISTRATOR 94.101.187.85 
ADMINISTRATOR 94.101.187.85 
ADMINISTRATOR 94.101.187.85 
ADMINISTRATOR 94.101.187.85 
ADMINISTRATOR 94.101.187.85 
ADMINISTRATOR 94.101.187.85 
ADMINISTRATOR 94.101.187.85 
ADMINISTRATOR 94.101.187.85 
ADMINISTRATOR 94.101.187.85 
ADMINISTRATOR 94.101.187.85 
ADMINISTRATOR 94.101.187.85 
ADMINISTRATOR 94.101.187.85 
ADMINISTRATOR 94.101.187.85 
ADMINISTRATOR 94.101.187.85 
ADMINISTRATOR 94.101.187.85 
ECRIN 81.45.139.22 
ADMINISTRATOR 94.101.187.85 
ADMINISTRATOR 94.101.187.85 
ADMINISTRATOR 94.101.187.85 
ADMINISTRATOR 94.101.187.85 
ADMINISTRATOR 94.101.187.85 
ADMINISTRATOR 94.101.187.85 
ADMINISTRATOR 94.101.187.85 
ADMINISTRATOR 94.101.187.85 
ADMINISTRATOR 94.101.187.85 
ADMINISTRATOR 94.101.187.85 
ADMINISTRATOR 94.101.187.85 
ADMINISTRATOR 94.101.187.85 
ADMINISTRATOR 94.101.187.85 
ADMINISTRATOR 94.101.187.85 
ADMINISTRATOR 94.101.187.85 
ADMINISTRATOR 94.101.187.85 
ADMINISTRATOR 94.101.187.85 
ADMINISTRATOR 94.101.187.85 
ADMINISTRATOR 94.101.187.85 
ADMINISTRATOR 94.101.187.85 
ADMINISTRATOR 94.101.187.85 
ADMINISTRATOR 94.101.187.85 
ADMINISTRATOR 94.101.187.85 
ADMINISTRATOR 94.101.187.85 
ADMINISTRATOR 94.101.187.85 
ADMINISTRATOR 94.101.187.85 
ADMINISTRATOR 94.101.187.85 
ADMINISTRATOR 94.101.187.85 
ADMINISTRATOR 94.101.187.85 
ADMINISTRATOR 94.101.187.85 
ADMINISTRATOR 94.101.187.85 
ADMINISTRATOR 94.101.187.85 
ADMINISTRATOR 94.101.187.85 
ADMINISTRATOR 94.101.187.85 
ADMINISTRATOR 94.101.187.85 
ADMINISTRATOR 94.101.187.85 
ADMINISTRATOR 94.101.187.85 
ADMINISTRATOR 94.101.187.85 
ADMINISTRATOR 94.101.187.85 
ADMINISTRATOR 94.101.187.85 
ADMINISTRATOR 94.101.187.85 
ADMINISTRATOR 94.101.187.85 
ADMINISTRATOR 94.101.187.85 
ADMINISTRATOR 94.101.187.85 
ADMINISTRATOR 94.101.187.85 
ED 81.45.139.22 
ADMINISTRATOR 94.101.187.85 
ADMINISTRATOR 94.101.187.85 
ADMINISTRATOR 94.101.187.85 
ADMINISTRATOR 94.101.187.85 
ADMINISTRATOR 94.101.187.85 
ADMINISTRATOR 94.101.187.85 
ADMINISTRATOR 94.101.187.85 
ADMINISTRATOR 94.101.187.85 
ADMINISTRATOR 94.101.187.85 
ADMINISTRATOR 94.101.187.85 
ADMINISTRATOR 94.101.187.85 
ADMINISTRATOR 94.101.187.85 
ADMINISTRATOR 94.101.187.85 
ADMINISTRATOR 94.101.187.85 
ADMINISTRATOR 94.101.187.85 
ADMINISTRATOR 94.101.187.85 
ADMINISTRATOR 94.101.187.85 
ADMINISTRATOR 94.101.187.85 
ADMINISTRATOR 94.101.187.85 
ADMINISTRATOR 94.101.187.85 
ADMINISTRATOR 94.101.187.85 
ADMINISTRATOR 94.101.187.85 
ADMINISTRATOR 94.101.187.85 
ADMINISTRATOR 94.101.187.85 
ADMINISTRATOR 94.101.187.85 
ADMINISTRATOR 94.101.187.85 
ADMINISTRATOR 94.101.187.85 
ADMINISTRATOR 94.101.187.85 
ADMINISTRATOR 94.101.187.85 
ADMINISTRATOR 94.101.187.85 
ADMINISTRATOR 94.101.187.85 
ADMINISTRATOR 94.101.187.85 
ADMINISTRATOR 94.101.187.85 
ADMINISTRATOR 94.101.187.85 
ADMINISTRATOR 94.101.187.85 
ADMINISTRATOR 94.101.187.85 
ADMINISTRATOR 94.101.187.85 
ADMINISTRATOR 94.101.187.85 
ADMINISTRATOR 94.101.187.85 
ADMINISTRATOR 94.101.187.85 
ADMINISTRATOR 94.101.187.85 
ADMINISTRATOR 94.101.187.85 
ADMINISTRATOR 94.101.187.85 
ADMINISTRATOR 94.101.187.85 
ADMINISTRATOR 94.101.187.85 
ADMINISTRATOR 94.101.187.85 
EDD 81.45.139.22 
ADMINISTRATOR 94.101.187.85 
ADMINISTRATOR 94.101.187.85 
ADMINISTRATOR 94.101.187.85 
ADMINISTRATOR 94.101.187.85 
ADMINISTRATOR 94.101.187.85 
ADMINISTRATOR 94.101.187.85 
ADMINISTRATOR 94.101.187.85 
ADMINISTRATOR 94.101.187.85 
ADMINISTRATOR 94.101.187.85 
ADMINISTRATOR 94.101.187.85 
ADMINISTRATOR 94.101.187.85 
ADMINISTRATOR 94.101.187.85 
ADMINISTRATOR 94.101.187.85 
ADMINISTRATOR 94.101.187.85 
ADMINISTRATOR 94.101.187.85 
ADMINISTRATOR 94.101.187.85 
ADMINISTRATOR 94.101.187.85 
ADMINISTRATOR 94.101.187.85 
ADMINISTRATOR 94.101.187.85 
ADMINISTRATOR 94.101.187.85 
ADMINISTRATOR 94.101.187.85 
ADMINISTRATOR 94.101.187.85 
ADMINISTRATOR 94.101.187.85 
ADMINISTRATOR 94.101.187.85 
ADMINISTRATOR 94.101.187.85 
ADMINISTRATOR 94.101.187.85 
ADMINISTRATOR 94.101.187.85 
ADMINISTRATOR 94.101.187.85 
ADMINISTRATOR 94.101.187.85 
ADMINISTRATOR 94.101.187.85 
ADMINISTRATOR 94.101.187.85 
ADMINISTRATOR 94.101.187.85 
ADMINISTRATOR 94.101.187.85 
ADMINISTRATOR 94.101.187.85 
LEV 51.159.103.25 
ADMINISTRATOR 94.101.187.85 
ADMINISTRATOR 94.101.187.85 
ADMINISTRATOR 94.101.187.85 
ADMINISTRATOR 94.101.187.85 
ADMINISTRATOR 94.101.187.85 
ADMINISTRATOR 94.101.187.85 
ADMINISTRATOR 94.101.187.85 
ADMINISTRATOR 94.101.187.85 
ADMINISTRATOR 94.101.187.85 
ADMINISTRATOR 94.101.187.85 
ADMINISTRATOR 94.101.187.85 
ADMINISTRATOR 94.101.187.85 
ADMINISTRATOR 94.101.187.85 
ADMINISTRATOR 94.101.187.85 
ADMINISTRATOR 94.101.187.85 
ADMINISTRATOR 94.101.187.85 
ADMINISTRATOR 94.101.187.85 
ADMINISTRATOR 94.101.187.85 
ADMINISTRATOR 94.101.187.85 
ADMINISTRATOR 94.101.187.85 
ADMINISTRATOR 94.101.187.85 
ADMINISTRATOR 94.101.187.85 
ADMINISTRATOR 94.101.187.85 
ADMINISTRATOR 94.101.187.85 
ADMINISTRATOR 94.101.187.85 
ADMINISTRATOR 94.101.187.85 
ADMINISTRATOR 94.101.187.85 
ADMINISTRATOR 94.101.187.85 
ADMINISTRATOR 94.101.187.85 
ADMINISTRATOR 94.101.187.85 
ADMINISTRATOR 94.101.187.85 
ADMINISTRATOR 94.101.187.85 
ADMINISTRATOR 94.101.187.85 
ADMINISTRATOR 94.101.187.85 
ADMINISTRATOR 94.101.187.85 
ADMINISTRATOR 94.101.187.85 
ADMINISTRATOR 94.101.187.85 
ADMINISTRATOR 94.101.187.85 
ADMINISTRATOR 94.101.187.85 
ADMINISTRATOR 94.101.187.85 
ADMINISTRATOR 94.101.187.85 
ADMINISTRATOR 94.101.187.85 
ADMINISTRATOR 94.101.187.85 
ADMINISTRATOR 94.101.187.85 
ADMINISTRATOR 94.101.187.85 
ADMINISTRATOR 94.101.187.85 
ADMINISTRATOR 94.101.187.85 
ADMINISTRATOR 94.101.187.85 
ADMINISTRATOR 94.101.187.85 
ADMINISTRATOR 94.101.187.85 
ADMINISTRATOR 94.101.187.85 
ADMINISTRATOR 94.101.187.85 
ADMINISTRATOR 94.101.187.85 
ADMINISTRATOR 94.101.187.85 
ADMINISTRATOR 94.101.187.85 
ADMINISTRATOR 94.101.187.85 
ADMINISTRATOR 94.101.187.85 
EDEMOOIJ 81.45.139.22 
ADMINISTRATOR 94.101.187.85 
ADMINISTRATOR 94.101.187.85 
ADMINISTRATOR 94.101.187.85 
ADMINISTRATOR 94.101.187.85 
ADMINISTRATOR 94.101.187.85 
ADMINISTRATOR 94.101.187.85 
ADMINISTRATOR 94.101.187.85 
ADMINISTRATOR 94.101.187.85 
ADMINISTRATOR 94.101.187.85 
ADMINISTRATOR 94.101.187.85 
ADMINISTRATOR 94.101.187.85 
ADMINISTRATOR 94.101.187.85 
ADMINISTRATOR 94.101.187.85 
ADMINISTRATOR 94.101.187.85 
ADMINISTRATOR 94.101.187.85 
ADMINISTRATOR 94.101.187.85 
ADMINISTRATOR 94.101.187.85 
ADMINISTRATOR 94.101.187.85 
ADMINISTRATOR 94.101.187.85 
ADMINISTRATOR 94.101.187.85 
ADMINISTRATOR 94.101.187.85 
ADMINISTRATOR 94.101.187.85 
ADMINISTRATOR 94.101.187.85 
ADMINISTRATOR 94.101.187.85 
ADMINISTRATOR 94.101.187.85 
ADMINISTRATOR 94.101.187.85 
ADMINISTRATOR 94.101.187.85 
ADMINISTRATOR 94.101.187.85 
ADMINISTRATOR 94.101.187.85 
ADMINISTRATOR 94.101.187.85 
ADMINISTRATOR 94.101.187.85 
ADMINISTRATOR 94.101.187.85 
ADMINISTRATOR 94.101.187.85 
ADMINISTRATOR 94.101.187.85 
ADMINISTRATOR 94.101.187.85 
ADMINISTRATOR 94.101.187.85 
ADMINISTRATOR 94.101.187.85 
ADMINISTRATOR 94.101.187.85 
ADMINISTRATOR 94.101.187.85 
ADMINISTRATOR 94.101.187.85 
ADMINISTRATOR 94.101.187.85 
ADMINISTRATOR 94.101.187.85 
ADMINISTRATOR 94.101.187.85 
ADMINISTRATOR 94.101.187.85 
ADMINISTRATOR 94.101.187.85 
ADMINISTRATOR 94.101.187.85 
EDEN19 81.45.139.22 
ADMINISTRATOR 94.101.187.85 
ÄãÖäë 51.159.103.25 
ADMINISTRATOR 94.101.187.85 
ADMINISTRATOR 94.101.187.85 
ADMINISTRATOR 94.101.187.85 
ADMINISTRATOR 94.101.187.85 
ADMINISTRATOR 94.101.187.85 
ADMINISTRATOR 94.101.187.85 
ADMINISTRATOR 94.101.187.85 
ADMINISTRATOR 94.101.187.85 
ADMINISTRATOR 94.101.187.85 
ADMINISTRATOR 94.101.187.85 
ADMINISTRATOR 94.101.187.85 
ADMINISTRATOR 94.101.187.85 
ADMINISTRATOR 94.101.187.85 
ADMINISTRATOR 94.101.187.85 
ADMINISTRATOR 94.101.187.85 
ADMINISTRATOR 94.101.187.85 
ADMINISTRATOR 94.101.187.85 
ADMINISTRATOR 94.101.187.85 
ADMINISTRATOR 94.101.187.85 
ADMINISTRATOR 94.101.187.85 
ADMINISTRATOR 94.101.187.85 
ADMINISTRATOR 94.101.187.85 
ADMINISTRATOR 94.101.187.85 
ADMINISTRATOR 94.101.187.85 
ADMINISTRATOR 94.101.187.85 
ADMINISTRATOR 94.101.187.85 
ADMINISTRATOR 94.101.187.85 
ADMINISTRATOR 94.101.187.85 
ADMINISTRATOR 94.101.187.85 
ADMINISTRATOR 94.101.187.85 
ADMINISTRATOR 94.101.187.85 
ADMINISTRATOR 94.101.187.85 
ADMINISTRATOR 94.101.187.85 
ADMINISTRATOR 94.101.187.85 
ADMINISTRATOR 94.101.187.85 
ADMINISTRATOR 94.101.187.85 
ADMINISTRATOR 94.101.187.85 
ADMINISTRATOR 94.101.187.85 
ADMINISTRATOR 94.101.187.85 
ADMINISTRATOR 94.101.187.85 
ADMINISTRATOR 94.101.187.85 
ADMINISTRATOR 94.101.187.85 
ADMINISTRATOR 94.101.187.85 
ADMINISTRATOR 94.101.187.85 
ADMINISTRATOR 94.101.187.85 
EDENS 81.45.139.22 
ADMINISTRATOR 94.101.187.85 
ADMINISTRATOR 94.101.187.85 
ADMINISTRATOR 94.101.187.85 
ADMINISTRATOR 94.101.187.85 
ADMINISTRATOR 94.101.187.85 
ADMINISTRATOR 94.101.187.85 
ADMINISTRATOR 94.101.187.85 
ADMINISTRATOR 94.101.187.85 
ADMINISTRATOR 94.101.187.85 
ADMINISTRATOR 94.101.187.85 
ADMINISTRATOR 94.101.187.85 
ADMINISTRATOR 94.101.187.85 
ADMINISTRATOR 94.101.187.85 
ADMINISTRATOR 94.101.187.85 
ADMINISTRATOR 94.101.187.85 
ADMINISTRATOR 94.101.187.85 
ADMINISTRATOR 94.101.187.85 
ADMINISTRATOR 94.101.187.85 
ADMINISTRATOR 94.101.187.85 
ADMINISTRATOR 94.101.187.85 
ADMINISTRATOR 94.101.187.85 
ADMINISTRATOR 94.101.187.85 
ADMINISTRATOR 94.101.187.85 
ADMINISTRATOR 94.101.187.85 
ADMINISTRATOR 94.101.187.85 
ADMINISTRATOR 94.101.187.85 
ADMINISTRATOR 94.101.187.85 
ADMINISTRATOR 94.101.187.85 
ADMINISTRATOR 94.101.187.85 
ADMINISTRATOR 94.101.187.85 
ADMINISTRATOR 94.101.187.85 
ADMINISTRATOR 94.101.187.85 
ADMINISTRATOR 94.101.187.85 
ADMINISTRATOR 94.101.187.85 
ADMINISTRATOR 94.101.187.85 
ADMINISTRATOR 94.101.187.85 
ADMINISTRATOR 94.101.187.85 
ADMINISTRATOR 94.101.187.85 
ADMINISTRATOR 94.101.187.85 
ADMINISTRATOR 94.101.187.85 
ADMINISTRATOR 94.101.187.85 
ADMINISTRATOR 94.101.187.85 
ADMINISTRATOR 94.101.187.85 
ADMINISTRATOR 94.101.187.85 
ADMINISTRATOR 94.101.187.85 
ADMINISTRATOR 94.101.187.85 
ADMINISTRATOR 94.101.187.85 
ADMINISTRATOR 94.101.187.85 
ADMINISTRATOR 94.101.187.85 
ADMINISTRATOR 94.101.187.85 
ADMINISTRATOR 94.101.187.85 
ADMINISTRATOR 94.101.187.85 
ADMINISTRATOR 94.101.187.85 
ADMINISTRATOR 94.101.187.85 
ADMINISTRATOR 94.101.187.85 
ADMINISTRATOR 94.101.187.85 
ADMINISTRATOR 94.101.187.85 
ADMINISTRATOR 94.101.187.85 
ADMINISTRATOR 94.101.187.85 
ADMINISTRATOR 94.101.187.85 
ADMINISTRATOR 94.101.187.85 
ADMINISTRATOR 94.101.187.85 
ADMINISTRATOR 94.101.187.85 
ADMINISTRATOR 94.101.187.85 
ADMINISTRATOR 94.101.187.85 
ADMINISTRATOR 94.101.187.85 
ADMINISTRATOR 94.101.187.85 
ADMINISTRATOR 94.101.187.85 
ADMINISTRATOR 94.101.187.85 
ADMINISTRATOR 94.101.187.85 
ADMINISTRATOR 94.101.187.85 
ADMINISTRATOR 94.101.187.85 
ADMINISTRATOR 94.101.187.85 
ADMINISTRATOR 94.101.187.85 
ADMINISTRATOR 94.101.187.85 
ADMINISTRATOR 94.101.187.85 
ADMINISTRATOR 94.101.187.85 
ADMINISTRATOR 94.101.187.85 
ADMINISTRATOR 94.101.187.85 
ADMINISTRATOR 94.101.187.85 
ADMINISTRATOR 94.101.187.85 
ADMINISTRATOR 94.101.187.85 
ADMINISTRATOR 94.101.187.85 
ADMINISTRATOR 94.101.187.85 
ADMINISTRATOR 94.101.187.85 
ADMINISTRATOR 94.101.187.85 
ADMINISTRATOR 94.101.187.85 
ADMINISTRATOR 94.101.187.85 
ADMINISTRATOR 94.101.187.85 
ADMINISTRATOR 94.101.187.85 
ADMINISTRATOR 94.101.187.85 
ADMINISTRATOR 94.101.187.85 
ADMINISTRATOR 94.101.187.85 
ADMINISTRATOR 94.101.187.85 
ADMINISTRATOR 94.101.187.85 
ADMINISTRATOR 94.101.187.85 
ADMINISTRATOR 94.101.187.85 
ADMINISTRATOR 94.101.187.85 
ADMINISTRATOR 94.101.187.85 
ADMINISTRATOR 94.101.187.85 
ADMINISTRATOR 94.101.187.85 
ADMINISTRATOR 94.101.187.85 
ADMINISTRATOR 94.101.187.85 
ADMINISTRATOR 94.101.187.85 
ADMINISTRATOR 94.101.187.85 
ADMINISTRATOR 94.101.187.85 
ADMINISTRATOR 94.101.187.85 
ADMINISTRATOR 94.101.187.85 
ADMINISTRATOR 94.101.187.85 
ADMINISTRATOR 94.101.187.85 
ADMINISTRATOR 94.101.187.85 
ADMINISTRATOR 94.101.187.85 
ADMINISTRATOR 94.101.187.85 
ADMINISTRATOR 94.101.187.85 
ADMINISTRATOR 94.101.187.85 
ADMINISTRATOR 94.101.187.85 
ADMINISTRATOR 94.101.187.85 
ADMINISTRATOR 94.101.187.85 
ADMINISTRATOR 94.101.187.85 
ADMINISTRATOR 94.101.187.85 
ADMINISTRATOR 94.101.187.85 
ADMINISTRATOR 94.101.187.85 
ADMINISTRATOR 94.101.187.85 
ADMINISTRATOR 94.101.187.85 
ADMINISTRATOR 94.101.187.85 
ADMINISTRATOR 94.101.187.85 
ADMINISTRATOR 94.101.187.85 
ADMINISTRATOR 94.101.187.85 
ADMINISTRATOR 94.101.187.85 
ADMINISTRATOR 94.101.187.85 
ADMINISTRATOR 94.101.187.85 
ADMINISTRATOR 94.101.187.85 
ADMINISTRATOR 94.101.187.85 
ADMINISTRATOR 94.101.187.85 
ADMINISTRATOR 94.101.187.85 
ADMINISTRATOR 94.101.187.85 
ADMINISTRATOR 94.101.187.85 
ADMINISTRATOR 94.101.187.85 
EDUARD 81.45.139.22 
ADMINISTRATOR 94.101.187.85 
ADMINISTRATOR 94.101.187.85 
ADMINISTRATOR 94.101.187.85 
ADMINISTRATOR 94.101.187.85 
ADMINISTRATOR 94.101.187.85 
ADMINISTRATOR 94.101.187.85 
ADMINISTRATOR 94.101.187.85 
ADMINISTRATOR 94.101.187.85 
ADMINISTRATOR 94.101.187.85 
ADMINISTRATOR 94.101.187.85 
ADMINISTRATOR 94.101.187.85 
ADMINISTRATOR 94.101.187.85 
ADMINISTRATOR 94.101.187.85 
ADMINISTRATOR 94.101.187.85 
ADMINISTRATOR 94.101.187.85 
ADMINISTRATOR 94.101.187.85 
ADMINISTRATOR 94.101.187.85 
ADMINISTRATOR 94.101.187.85 
ADMINISTRATOR 94.101.187.85 
ADMINISTRATOR 94.101.187.85 
ADMINISTRATOR 94.101.187.85 
ADMINISTRATOR 94.101.187.85 
ADMINISTRATOR 94.101.187.85 
ADMINISTRATOR 94.101.187.85 
ADMINISTRATOR 94.101.187.85 
MONITOR 51.159.103.25 
ADMINISTRATOR 94.101.187.85 
ADMINISTRATOR 94.101.187.85 
ADMINISTRATOR 94.101.187.85 
ADMINISTRATOR 94.101.187.85 
ADMINISTRATOR 94.101.187.85 
ADMINISTRATOR 94.101.187.85 
ADMINISTRATOR 94.101.187.85 
ADMINISTRATOR 94.101.187.85 
ADMINISTRATOR 94.101.187.85 
ADMINISTRATOR 94.101.187.85 
ADMINISTRATOR 94.101.187.85 
ADMINISTRATOR 94.101.187.85 
ADMINISTRATOR 94.101.187.85 
ADMINISTRATOR 94.101.187.85 
ADMINISTRATOR 94.101.187.85 
ADMINISTRATOR 94.101.187.85 
ADMINISTRATOR 94.101.187.85 
ADMINISTRATOR 94.101.187.85 
ADMINISTRATOR 94.101.187.85 
ADMINISTRATOR 94.101.187.85 
ADMINISTRATOR 94.101.187.85 
EDWARD 81.45.139.22 
ADMINISTRATOR 94.101.187.85 
ADMINISTRATOR 94.101.187.85 
ADMINISTRATOR 94.101.187.85 
ADMINISTRATOR 94.101.187.85 
ADMINISTRATOR 94.101.187.85 
ADMINISTRATOR 94.101.187.85 
ADMINISTRATOR 94.101.187.85 
ADMINISTRATOR 94.101.187.85 
ADMINISTRATOR 94.101.187.85 
ADMINISTRATOR 94.101.187.85 
ADMINISTRATOR 94.101.187.85 
ADMINISTRATOR 94.101.187.85 
ADMINISTRATOR 94.101.187.85 
ADMINISTRATOR 94.101.187.85 
ADMINISTRATOR 94.101.187.85 
ADMINISTRATOR 94.101.187.85 
ADMINISTRATOR 94.101.187.85 
ADMINISTRATOR 94.101.187.85 
ADMINISTRATOR 94.101.187.85 
ADMINISTRATOR 94.101.187.85 
ADMINISTRATOR 94.101.187.85 
ADMINISTRATOR 94.101.187.85 
ADMINISTRATOR 94.101.187.85 
ADMINISTRATOR 94.101.187.85 
ADMINISTRATOR 94.101.187.85 
ADMINISTRATOR 94.101.187.85 
ADMINISTRATOR 94.101.187.85 
ADMINISTRATOR 94.101.187.85 
ADMINISTRATOR 94.101.187.85 
ADMINISTRATOR 94.101.187.85 
ADMINISTRATOR 94.101.187.85 
ADMINISTRATOR 94.101.187.85 
ADMINISTRATOR 94.101.187.85 
ADMINISTRATOR 94.101.187.85 
ADMINISTRATOR 94.101.187.85 
ADMINISTRATOR 94.101.187.85 
ADMINISTRATOR 94.101.187.85 
ADMINISTRATOR 94.101.187.85 
ADMINISTRATOR 94.101.187.85 
ADMINISTRATOR 94.101.187.85 
ADMINISTRATOR 94.101.187.85 
ADMINISTRATOR 94.101.187.85 
ADMINISTRATOR 94.101.187.85 
ADMINISTRATOR 94.101.187.85 
ADMINISTRATOR 94.101.187.85 
ADMINISTRATOR 94.101.187.85 
ADMINISTRATOR 94.101.187.85 
ADMINISTRATOR 94.101.187.85 
ADMINISTRATOR 94.101.187.85 
ADMINISTRATOR 94.101.187.85 
ADMINISTRATOR 94.101.187.85 
ADMINISTRATOR 94.101.187.85 
ADMINISTRATOR 94.101.187.85 
ADMINISTRATOR 94.101.187.85 
ADMINISTRATOR 94.101.187.85 
ADMINISTRATOR 94.101.187.85 
ADMINISTRATOR 94.101.187.85 
ADMINISTRATOR 94.101.187.85 
ADMINISTRATOR 94.101.187.85 
ADMINISTRATOR 94.101.187.85 
ADMINISTRATOR 94.101.187.85 
ADMINISTRATOR 94.101.187.85 
ADMINISTRATOR 94.101.187.85 
ADMINISTRATOR 94.101.187.85 
ADMINISTRATOR 94.101.187.85 
ADMINISTRATOR 94.101.187.85 
ADMINISTRATOR 94.101.187.85 
ADMINISTRATOR 94.101.187.85 
ADMINISTRATOR 94.101.187.85 
ADMINISTRATOR 94.101.187.85 
ADMINISTRATOR 94.101.187.85 
ADMINISTRATOR 94.101.187.85 
ADMINISTRATOR 94.101.187.85 
ADMINISTRATOR 94.101.187.85 
ADMINISTRATOR 94.101.187.85 
ADMINISTRATOR 94.101.187.85 
ADMINISTRATOR 94.101.187.85 
ADMINISTRATOR 94.101.187.85 
ADMINISTRATOR 94.101.187.85 
ADMINISTRATOR 94.101.187.85 
ADMINISTRATOR 94.101.187.85 
ADMINISTRATOR 94.101.187.85 
ADMINISTRATOR 94.101.187.85 
ADMINISTRATOR 94.101.187.85 
NIKOLAY 51.159.103.25 
ADMINISTRATOR 94.101.187.85 
ADMINISTRATOR 94.101.187.85 
ADMINISTRATOR 94.101.187.85 
ADMINISTRATOR 94.101.187.85 
ADMINISTRATOR 94.101.187.85 
ADMINISTRATOR 94.101.187.85 
EDWINSTOOP 81.45.139.22 
ADMINISTRATOR 94.101.187.85 
ADMINISTRATOR 94.101.187.85 
ADMINISTRATOR 94.101.187.85 
ADMINISTRATOR 94.101.187.85 
ADMINISTRATOR 94.101.187.85 
ADMINISTRATOR 94.101.187.85 
ADMINISTRATOR 94.101.187.85 
ADMINISTRATOR 94.101.187.85 
ADMINISTRATOR 94.101.187.85 
ADMINISTRATOR 94.101.187.85 
ADMINISTRATOR 94.101.187.85 
ADMINISTRATOR 94.101.187.85 
ADMINISTRATOR 94.101.187.85 
ADMINISTRATOR 94.101.187.85 
ADMINISTRATOR 94.101.187.85 
ADMINISTRATOR 94.101.187.85 
ADMINISTRATOR 94.101.187.85 
ADMINISTRATOR 94.101.187.85 
ADMINISTRATOR 94.101.187.85 
ADMINISTRATOR 94.101.187.85 
ADMINISTRATOR 94.101.187.85 
ADMINISTRATOR 94.101.187.85 
ADMINISTRATOR 94.101.187.85 
ADMINISTRATOR 94.101.187.85 
ADMINISTRATOR 94.101.187.85 
ADMINISTRATOR 94.101.187.85 
ADMINISTRATOR 94.101.187.85 
ADMINISTRATOR 94.101.187.85 
ADMINISTRATOR 94.101.187.85 
ADMINISTRATOR 94.101.187.85 
ADMINISTRATOR 94.101.187.85 
ADMINISTRATOR 94.101.187.85 
ADMINISTRATOR 94.101.187.85 
ADMINISTRATOR 94.101.187.85 
ADMINISTRATOR 94.101.187.85 
ADMINISTRATOR 94.101.187.85 
ADMINISTRATOR 94.101.187.85 
ADMINISTRATOR 94.101.187.85 
ADMINISTRATOR 94.101.187.85 
ADMINISTRATOR 94.101.187.85 
ADMINISTRATOR 94.101.187.85 
ADMINISTRATOR 94.101.187.85 
ADMINISTRATOR 94.101.187.85 
ADMINISTRATOR 94.101.187.85 
ADMINISTRATOR 94.101.187.85 
ADMINISTRATOR 94.101.187.85 
ADMINISTRATOR 94.101.187.85 
ADMINISTRATOR 94.101.187.85 
ADMINISTRATOR 94.101.187.85 
ADMINISTRATOR 94.101.187.85 
ADMINISTRATOR 94.101.187.85 
ADMINISTRATOR 94.101.187.85 
ADMINISTRATOR 94.101.187.85 
ADMINISTRATOR 94.101.187.85 
ADMINISTRATOR 94.101.187.85 
ADMINISTRATOR 94.101.187.85 
ADMINISTRATOR 94.101.187.85 
ADMINISTRATOR 94.101.187.85 
ADMINISTRATOR 94.101.187.85 
ADMINISTRATOR 94.101.187.85 
ADMINISTRATOR 94.101.187.85 
ADMINISTRATOR 94.101.187.85 
ADMINISTRATOR 94.101.187.85 
ADMINISTRATOR 94.101.187.85 
ADMINISTRATOR 94.101.187.85 
ADMINISTRATOR 94.101.187.85 
ADMINISTRATOR 94.101.187.85 
ADMINISTRATOR 94.101.187.85 
ADMINISTRATOR 94.101.187.85 
ADMINISTRATOR 94.101.187.85 
ADMINISTRATOR 94.101.187.85 
ADMINISTRATOR 94.101.187.85 
ADMINISTRATOR 94.101.187.85 
ADMINISTRATOR 94.101.187.85 
ADMINISTRATOR 94.101.187.85 
ADMINISTRATOR 94.101.187.85 
ADMINISTRATOR 94.101.187.85 
ADMINISTRATOR 94.101.187.85 
ADMINISTRATOR 94.101.187.85 
ADMINISTRATOR 94.101.187.85 
ADMINISTRATOR 94.101.187.85 
ADMINISTRATOR 94.101.187.85 
ADMINISTRATOR 94.101.187.85 
ADMINISTRATOR 94.101.187.85 
ADMINISTRATOR 94.101.187.85 
ADMINISTRATOR 94.101.187.85 
ADMINISTRATOR 94.101.187.85 
ADMINISTRATOR 94.101.187.85 
ADMINISTRATOR 94.101.187.85 
ADMINISTRATOR 94.101.187.85 
ADMINISTRATOR 94.101.187.85 
ADMINISTRATOR 94.101.187.85 
ADMINISTRATOR 94.101.187.85 
ADMINISTRATOR 94.101.187.85 
ADMINISTRATOR 94.101.187.85 
ADMINISTRATOR 94.101.187.85 
ADMINISTRATOR 94.101.187.85 
ADMINISTRATOR 94.101.187.85 
ADMINISTRATOR 94.101.187.85 
ADMINISTRATOR 94.101.187.85 
ADMINISTRATOR 94.101.187.85 
ADMINISTRATOR 94.101.187.85 
ADMINISTRATOR 94.101.187.85 
ADMINISTRATOR 94.101.187.85 
ADMINISTRATOR 94.101.187.85 
ADMINISTRATOR 94.101.187.85 
ADMINISTRATOR 94.101.187.85 
ADMINISTRATOR 94.101.187.85 
ADMINISTRATOR 94.101.187.85 
ADMINISTRATOR 94.101.187.85 
ADMINISTRATOR 94.101.187.85 
ADMINISTRATOR 94.101.187.85 
ADMINISTRATOR 94.101.187.85 
ADMINISTRATOR 94.101.187.85 
ADMINISTRATOR 94.101.187.85 
ADMINISTRATOR 94.101.187.85 
ADMINISTRATOR 94.101.187.85 
ADMINISTRATOR 94.101.187.85 
ADMINISTRATOR 94.101.187.85 
ADMINISTRATOR 94.101.187.85 
ADMINISTRATOR 94.101.187.85 
ADMINISTRATOR 94.101.187.85 
ADMINISTRATOR 94.101.187.85 
ADMINISTRATOR 94.101.187.85 
ADMINISTRATOR 94.101.187.85 
ADMINISTRATOR 94.101.187.85 
ADMINISTRATOR 94.101.187.85 
ADMINISTRATOR 94.101.187.85 
ADMINISTRATOR 94.101.187.85 
ADMINISTRATOR 94.101.187.85 
ADMINISTRATOR 94.101.187.85 
ADMINISTRATOR 94.101.187.85 
ADMINISTRATOR 94.101.187.85 
ADMINISTRATOR 94.101.187.85 
ADMINISTRATOR 94.101.187.85 
ADMINISTRATOR 94.101.187.85 
ADMINISTRATOR 94.101.187.85 
ADMINISTRATOR 94.101.187.85 
EELCO 81.45.139.22 
ADMINISTRATOR 94.101.187.85 
ADMINISTRATOR 94.101.187.85 
ADMINISTRATOR 94.101.187.85 
ADMINISTRATOR 94.101.187.85 
ADMINISTRATOR 94.101.187.85 
ADMINISTRATOR 94.101.187.85 
ADMINISTRATOR 94.101.187.85 
ADMINISTRATOR 94.101.187.85 
ADMINISTRATOR 94.101.187.85 
ADMINISTRATOR 94.101.187.85 
ADMINISTRATOR 94.101.187.85 
ADMINISTRATOR 94.101.187.85 
ADMINISTRATOR 94.101.187.85 
ADMINISTRATOR 94.101.187.85 
ADMINISTRATOR 94.101.187.85 
ADMINISTRATOR 94.101.187.85 
ADMINISTRATOR 94.101.187.85 
ADMINISTRATOR 94.101.187.85 
ADMINISTRATOR 94.101.187.85 
ADMINISTRATOR 94.101.187.85 
ADMINISTRATOR 94.101.187.85 
ADMINISTRATOR 94.101.187.85 
ADMINISTRATOR 94.101.187.85 
ADMINISTRATOR 94.101.187.85 
ADMINISTRATOR 94.101.187.85 
ADMINISTRATOR 94.101.187.85 
ADMINISTRATOR 94.101.187.85 
ADMINISTRATOR 94.101.187.85 
ADMINISTRATOR 94.101.187.85 
ADMINISTRATOR 94.101.187.85 
ADMINISTRATOR 94.101.187.85 
ADMINISTRATOR 94.101.187.85 
ADMINISTRATOR 94.101.187.85 
ADMINISTRATOR 94.101.187.85 
ADMINISTRATOR 94.101.187.85 
ADMINISTRATOR 94.101.187.85 
ADMINISTRATOR 94.101.187.85 
ADMINISTRATOR 94.101.187.85 
ADMINISTRATOR 94.101.187.85 
ADMINISTRATOR 94.101.187.85 
ADMINISTRATOR 94.101.187.85 
ADMINISTRATOR 94.101.187.85 
ADMINISTRATOR 94.101.187.85 
ADMINISTRATOR 94.101.187.85 
ADMINISTRATOR 94.101.187.85 
ADMINISTRATOR 94.101.187.85 
ADMINISTRATOR 94.101.187.85 
ADMINISTRATOR 94.101.187.85 
ADMINISTRATOR 94.101.187.85 
ADMINISTRATOR 94.101.187.85 
EELDERT 81.45.139.22 
ADMINISTRATOR 94.101.187.85 
ADMINISTRATOR 94.101.187.85 
ADMINISTRATOR 94.101.187.85 
ADMINISTRATOR 94.101.187.85 
ADMINISTRATOR 94.101.187.85 
ADMINISTRATOR 94.101.187.85 
ADMINISTRATOR 94.101.187.85 
ADMINISTRATOR 94.101.187.85 
ADMINISTRATOR 94.101.187.85 
ADMINISTRATOR 94.101.187.85 
ADMINISTRATOR 94.101.187.85 
ADMINISTRATOR 94.101.187.85 
ADMINISTRATOR 94.101.187.85 
ADMINISTRATOR 94.101.187.85 
ADMINISTRATOR 94.101.187.85 
BUX2 51.159.103.25 
ADMINISTRATOR 94.101.187.85 
ADMINISTRATOR 94.101.187.85 
ADMINISTRATOR 94.101.187.85 
ADMINISTRATOR 94.101.187.85 
ADMINISTRATOR 94.101.187.85 
ADMINISTRATOR 94.101.187.85 
ADMINISTRATOR 94.101.187.85 
ADMINISTRATOR 94.101.187.85 
ADMINISTRATOR 94.101.187.85 
ADMINISTRATOR 94.101.187.85 
ADMINISTRATOR 94.101.187.85 
ADMINISTRATOR 94.101.187.85 
ADMINISTRATOR 94.101.187.85 
ADMINISTRATOR 94.101.187.85 
ADMINISTRATOR 94.101.187.85 
ADMINISTRATOR 94.101.187.85 
ADMINISTRATOR 94.101.187.85 
ADMINISTRATOR 94.101.187.85 
ADMINISTRATOR 94.101.187.85 
ADMINISTRATOR 94.101.187.85 
ADMINISTRATOR 94.101.187.85 
ADMINISTRATOR 94.101.187.85 
ADMINISTRATOR 94.101.187.85 
ADMINISTRATOR 94.101.187.85 
ADMINISTRATOR 94.101.187.85 
ADMINISTRATOR 94.101.187.85 
ADMINISTRATOR 94.101.187.85 
ADMINISTRATOR 94.101.187.85 
ADMINISTRATOR 94.101.187.85 
ADMINISTRATOR 94.101.187.85 
ADMINISTRATOR 94.101.187.85 
EELKE 81.45.139.22 
ADMINISTRATOR 94.101.187.85 
ADMINISTRATOR 94.101.187.85 
ADMINISTRATOR 94.101.187.85 
ADMINISTRATOR 94.101.187.85 
ADMINISTRATOR 94.101.187.85 
ADMINISTRATOR 94.101.187.85 
ADMINISTRATOR 94.101.187.85 
ADMINISTRATOR 94.101.187.85 
ADMINISTRATOR 94.101.187.85 
ADMINISTRATOR 94.101.187.85 
ADMINISTRATOR 94.101.187.85 
ADMINISTRATOR 94.101.187.85 
ADMINISTRATOR 94.101.187.85 
ADMINISTRATOR 94.101.187.85 
ADMINISTRATOR 94.101.187.85 
ADMINISTRATOR 94.101.187.85 
ADMINISTRATOR 94.101.187.85 
ADMINISTRATOR 94.101.187.85 
ADMINISTRATOR 94.101.187.85 
ADMINISTRATOR 94.101.187.85 
ADMINISTRATOR 94.101.187.85 
ADMINISTRATOR 94.101.187.85 
ADMINISTRATOR 94.101.187.85 
ADMINISTRATOR 94.101.187.85 
ADMINISTRATOR 94.101.187.85 
ADMINISTRATOR 94.101.187.85 
ADMINISTRATOR 94.101.187.85 
ADMINISTRATOR 94.101.187.85 
ADMINISTRATOR 94.101.187.85 
ADMINISTRATOR 94.101.187.85 
ADMINISTRATOR 94.101.187.85 
ADMINISTRATOR 94.101.187.85 
ADMINISTRATOR 94.101.187.85 
ADMINISTRATOR 94.101.187.85 
ADMINISTRATOR 94.101.187.85 
ADMINISTRATOR 94.101.187.85 
ADMINISTRATOR 94.101.187.85 
ADMINISTRATOR 94.101.187.85 
ADMINISTRATOR 94.101.187.85 
ADMINISTRATOR 94.101.187.85 
ADMINISTRATOR 94.101.187.85 
ADMINISTRATOR 94.101.187.85 
ADMINISTRATOR 94.101.187.85 
ADMINISTRATOR 94.101.187.85 
ADMINISTRATOR 94.101.187.85 
ADMINISTRATOR 94.101.187.85 
EELKO 81.45.139.22 
ADMINISTRATOR 94.101.187.85 
ADMINISTRATOR 94.101.187.85 
ADMINISTRATOR 94.101.187.85 
ADMINISTRATOR 94.101.187.85 
ADMINISTRATOR 94.101.187.85 
ADMINISTRATOR 94.101.187.85 
ADMINISTRATOR 94.101.187.85 
ADMINISTRATOR 94.101.187.85 
ADMINISTRATOR 94.101.187.85 
ADMINISTRATOR 94.101.187.85 
ADMINISTRATOR 94.101.187.85 
ADMINISTRATOR 94.101.187.85 
ADMINISTRATOR 94.101.187.85 
ADMINISTRATOR 94.101.187.85 
ADMINISTRATOR 94.101.187.85 
ADMINISTRATOR 94.101.187.85 
ADMINISTRATOR 94.101.187.85 
ADMINISTRATOR 94.101.187.85 
ADMINISTRATOR 94.101.187.85 
ADMINISTRATOR 94.101.187.85 
ADMINISTRATOR 94.101.187.85 
ADMINISTRATOR 94.101.187.85 
ADMINISTRATOR 94.101.187.85 
ADMINISTRATOR 94.101.187.85 
ADMINISTRATOR 94.101.187.85 
ADMINISTRATOR 94.101.187.85 
ùäéçéåàëí 51.159.103.25 
ADMINISTRATOR 94.101.187.85 
ADMINISTRATOR 94.101.187.85 
ADMINISTRATOR 94.101.187.85 
ADMINISTRATOR 94.101.187.85 
ADMINISTRATOR 94.101.187.85 
ADMINISTRATOR 94.101.187.85 
ADMINISTRATOR 94.101.187.85 
ADMINISTRATOR 94.101.187.85 
ADMINISTRATOR 94.101.187.85 
ADMINISTRATOR 94.101.187.85 
ADMINISTRATOR 94.101.187.85 
ADMINISTRATOR 94.101.187.85 
ADMINISTRATOR 94.101.187.85 
ADMINISTRATOR 94.101.187.85 
ADMINISTRATOR 94.101.187.85 
ADMINISTRATOR 94.101.187.85 
ADMINISTRATOR 94.101.187.85 
ADMINISTRATOR 94.101.187.85 
ADMINISTRATOR 94.101.187.85 
ADMINISTRATOR 94.101.187.85 
ADMINISTRATOR 94.101.187.85 
ADMINISTRATOR 94.101.187.85 
ADMINISTRATOR 94.101.187.85 
ADMINISTRATOR 94.101.187.85 
ADMINISTRATOR 94.101.187.85 
ADMINISTRATOR 94.101.187.85 
ADMINISTRATOR 94.101.187.85 
ADMINISTRATOR 94.101.187.85 
ADMINISTRATOR 94.101.187.85 
ADMINISTRATOR 94.101.187.85 
ADMINISTRATOR 94.101.187.85 
ADMINISTRATOR 94.101.187.85 
ADMINISTRATOR 94.101.187.85 
ADMINISTRATOR 94.101.187.85 
ADMINISTRATOR 94.101.187.85 
ADMINISTRATOR 94.101.187.85 
ADMINISTRATOR 94.101.187.85 
ADMINISTRATOR 94.101.187.85 
ADMINISTRATOR 94.101.187.85 
ADMINISTRATOR 94.101.187.85 
ADMINISTRATOR 94.101.187.85 
ADMINISTRATOR 94.101.187.85 
ADMINISTRATOR 94.101.187.85 
ADMINISTRATOR 94.101.187.85 
ADMINISTRATOR 94.101.187.85 
ADMINISTRATOR 94.101.187.85 
ADMINISTRATOR 94.101.187.85 
ADMINISTRATOR 94.101.187.85 
ADMINISTRATOR 94.101.187.85 
ADMINISTRATOR 94.101.187.85 
ADMINISTRATOR 94.101.187.85 
ADMINISTRATOR 94.101.187.85 
ADMINISTRATOR 94.101.187.85 
ADMINISTRATOR 94.101.187.85 
ADMINISTRATOR 94.101.187.85 
ADMINISTRATOR 94.101.187.85 
ADMINISTRATOR 94.101.187.85 
ADMINISTRATOR 94.101.187.85 
ADMINISTRATOR 94.101.187.85 
ADMINISTRATOR 94.101.187.85 
ADMINISTRATOR 94.101.187.85 
ADMINISTRATOR 94.101.187.85 
ADMINISTRATOR 94.101.187.85 
ADMINISTRATOR 94.101.187.85 
ADMINISTRATOR 94.101.187.85 
ADMINISTRATOR 94.101.187.85 
ADMINISTRATOR 94.101.187.85 
ADMINISTRATOR 94.101.187.85 
ADMINISTRATOR 94.101.187.85 
ADMINISTRATOR 94.101.187.85 
ADMINISTRATOR 94.101.187.85 
ADMINISTRATOR 94.101.187.85 
ADMINISTRATOR 94.101.187.85 
ADMINISTRATOR 94.101.187.85 
ADMINISTRATOR 94.101.187.85 
ADMINISTRATOR 94.101.187.85 
ADMINISTRATOR 94.101.187.85 
ADMINISTRATOR 94.101.187.85 
ADMINISTRATOR 94.101.187.85 
ADMINISTRATOR 94.101.187.85 
ADMINISTRATOR 94.101.187.85 
ADMINISTRATOR 94.101.187.85 
ADMINISTRATOR 94.101.187.85 
ADMINISTRATOR 94.101.187.85 
ADMINISTRATOR 94.101.187.85 
ADMINISTRATOR 94.101.187.85 
ADMINISTRATOR 94.101.187.85 
ADMINISTRATOR 94.101.187.85 
ADMINISTRATOR 94.101.187.85 
ADMINISTRATOR 94.101.187.85 
ADMINISTRATOR 94.101.187.85 
ADMINISTRATOR 94.101.187.85 
ADMINISTRATOR 94.101.187.85 
ADMINISTRATOR 94.101.187.85 
ADMINISTRATOR 94.101.187.85 
ADMINISTRATOR 94.101.187.85 
ADMINISTRATOR 94.101.187.85 
ADMINISTRATOR 94.101.187.85 
ADMINISTRATOR 94.101.187.85 
ADMINISTRATOR 94.101.187.85 
ADMINISTRATOR 94.101.187.85 
ADMINISTRATOR 94.101.187.85 
ADMINISTRATOR 94.101.187.85 
ADMINISTRATOR 94.101.187.85 
ADMINISTRATOR 94.101.187.85 
ADMINISTRATOR 94.101.187.85 
PC 51.159.103.25 
ADMINISTRATOR 94.101.187.85 
ADMINISTRATOR 94.101.187.85 
ADMINISTRATOR 94.101.187.85 
ADMINISTRATOR 94.101.187.85 
ADMINISTRATOR 94.101.187.85 
EFRAIM 81.45.139.22 
ADMINISTRATOR 94.101.187.85 
ADMINISTRATOR 94.101.187.85 
ADMINISTRATOR 94.101.187.85 
ADMINISTRATOR 94.101.187.85 
ADMINISTRATOR 94.101.187.85 
ADMINISTRATOR 94.101.187.85 
ADMINISTRATOR 94.101.187.85 
ADMINISTRATOR 94.101.187.85 
ADMINISTRATOR 94.101.187.85 
ADMINISTRATOR 94.101.187.85 
ADMINISTRATOR 94.101.187.85 
ADMINISTRATOR 94.101.187.85 
ADMINISTRATOR 94.101.187.85 
ADMINISTRATOR 94.101.187.85 
ADMINISTRATOR 94.101.187.85 
ADMINISTRATOR 94.101.187.85 
ADMINISTRATOR 94.101.187.85 
ADMINISTRATOR 94.101.187.85 
ADMINISTRATOR 94.101.187.85 
ADMINISTRATOR 94.101.187.85 
ADMINISTRATOR 94.101.187.85 
ADMINISTRATOR 94.101.187.85 
ADMINISTRATOR 94.101.187.85 
ADMINISTRATOR 94.101.187.85 
ADMINISTRATOR 94.101.187.85 
ADMINISTRATOR 94.101.187.85 
ADMINISTRATOR 94.101.187.85 
ADMINISTRATOR 94.101.187.85 
ADMINISTRATOR 94.101.187.85 
ADMINISTRATOR 94.101.187.85 
ADMINISTRATOR 94.101.187.85 
ADMINISTRATOR 94.101.187.85 
ADMINISTRATOR 94.101.187.85 
ADMINISTRATOR 94.101.187.85 
ADMINISTRATOR 94.101.187.85 
ADMINISTRATOR 94.101.187.85 
ADMINISTRATOR 94.101.187.85 
ADMINISTRATOR 94.101.187.85 
ADMINISTRATOR 94.101.187.85 
ADMINISTRATOR 94.101.187.85 
ADMINISTRATOR 94.101.187.85 
ADMINISTRATOR 94.101.187.85 
ADMINISTRATOR 94.101.187.85 
ADMINISTRATOR 94.101.187.85 
ADMINISTRATOR 94.101.187.85 
ADMINISTRATOR 94.101.187.85 
ADMINISTRATOR 94.101.187.85 
ADMINISTRATOR 94.101.187.85 
ADMINISTRATOR 94.101.187.85 
ADMINISTRATOR 94.101.187.85 
ADMINISTRATOR 94.101.187.85 
ADMINISTRATOR 94.101.187.85 
ADMINISTRATOR 94.101.187.85 
ADMINISTRATOR 94.101.187.85 
ADMINISTRATOR 94.101.187.85 
ADMINISTRATOR 94.101.187.85 
ADMINISTRATOR 94.101.187.85 
ADMINISTRATOR 94.101.187.85 
ADMINISTRATOR 94.101.187.85 
ADMINISTRATOR 94.101.187.85 
ADMINISTRATOR 94.101.187.85 
ADMINISTRATOR 94.101.187.85 
ADMINISTRATOR 94.101.187.85 
ADMINISTRATOR 94.101.187.85 
ADMINISTRATOR 94.101.187.85 
ADMINISTRATOR 94.101.187.85 
ADMINISTRATOR 94.101.187.85 
ADMINISTRATOR 94.101.187.85 
ADMINISTRATOR 94.101.187.85 
ADMINISTRATOR 94.101.187.85 
ADMINISTRATOR 94.101.187.85 
ADMINISTRATOR 94.101.187.85 
ADMINISTRATOR 94.101.187.85 
ADMINISTRATOR 94.101.187.85 
ADMINISTRATOR 94.101.187.85 
ADMINISTRATOR 94.101.187.85 
ADMINISTRATOR 94.101.187.85 
ADMINISTRATOR 94.101.187.85 
ADMINISTRATOR 94.101.187.85 
ADMINISTRATOR 94.101.187.85 
ADMINISTRATOR 94.101.187.85 
ADMINISTRATOR 94.101.187.85 
ADMINISTRATOR 94.101.187.85 
ADMINISTRATOR 94.101.187.85 
ADMINISTRATOR 94.101.187.85 
ADMINISTRATOR 94.101.187.85 
ADMINISTRATOR 94.101.187.85 
ADMINISTRATOR 94.101.187.85 
ADMINISTRATOR 94.101.187.85 
ADMINISTRATOR 94.101.187.85 
ADMINISTRATOR 94.101.187.85 
ADMINISTRATOR 94.101.187.85 
ADMINISTRATOR 94.101.187.85 
ADMINISTRATOR 94.101.187.85 
ADMINISTRATOR 94.101.187.85 
ADMINISTRATOR 94.101.187.85 
ADMINISTRATOR 94.101.187.85 
ADMINISTRATOR 94.101.187.85 
ADMINISTRATOR 94.101.187.85 
ADMINISTRATOR 94.101.187.85 
ADM1 51.159.103.25 
ADMINISTRATOR 94.101.187.85 
ADMINISTRATOR 94.101.187.85 
ADMINISTRATOR 94.101.187.85 
ADMINISTRATOR 94.101.187.85 
ADMINISTRATOR 94.101.187.85 
ADMINISTRATOR 94.101.187.85 
ADMINISTRATOR 94.101.187.85 
ADMINISTRATOR 94.101.187.85 
ADMINISTRATOR 94.101.187.85 
ADMINISTRATOR 94.101.187.85 
ADMINISTRATOR 94.101.187.85 
ADMINISTRATOR 94.101.187.85 
ADMINISTRATOR 94.101.187.85 
ADMINISTRATOR 94.101.187.85 
ADMINISTRATOR 94.101.187.85 
ADMINISTRATOR 94.101.187.85 
ADMINISTRATOR 94.101.187.85 
ADMINISTRATOR 94.101.187.85 
ADMINISTRATOR 94.101.187.85 
ADMINISTRATOR 94.101.187.85 
ADMINISTRATOR 94.101.187.85 
ADMINISTRATOR 94.101.187.85 
ADMINISTRATOR 94.101.187.85 
ADMINISTRATOR 94.101.187.85 
ADMINISTRATOR 94.101.187.85 
ADMINISTRATOR 94.101.187.85 
ADMINISTRATOR 94.101.187.85 
ADMINISTRATOR 94.101.187.85 
ADMINISTRATOR 94.101.187.85 
ADMINISTRATOR 94.101.187.85 
ADMINISTRATOR 94.101.187.85 
ADMINISTRATOR 94.101.187.85 
ADMINISTRATOR 94.101.187.85 
ADMINISTRATOR 94.101.187.85 
ADMINISTRATOR 94.101.187.85 
ADMINISTRATOR 94.101.187.85 
ADMINISTRATOR 94.101.187.85 
ADMINISTRATOR 94.101.187.85 
EGBERT 81.45.139.22 
ADMINISTRATOR 94.101.187.85 
ADMINISTRATOR 94.101.187.85 
ADMINISTRATOR 94.101.187.85 
ADMINISTRATOR 94.101.187.85 
ADMINISTRATOR 94.101.187.85 
ADMINISTRATOR 94.101.187.85 
ADMINISTRATOR 94.101.187.85 
ADMINISTRATOR 94.101.187.85 
ADMINISTRATOR 94.101.187.85 
ADMINISTRATOR 94.101.187.85 
ADMINISTRATOR 94.101.187.85 
ADMINISTRATOR 94.101.187.85 
ADMINISTRATOR 94.101.187.85 
ADMINISTRATOR 94.101.187.85 
ADMINISTRATOR 94.101.187.85 
ADMINISTRATOR 94.101.187.85 
ADMINISTRATOR 94.101.187.85 
ADMINISTRATOR 94.101.187.85 
ADMINISTRATOR 94.101.187.85 
ADMINISTRATOR 94.101.187.85 
ADMINISTRATOR 94.101.187.85 
ADMINISTRATOR 94.101.187.85 
ADMINISTRATOR 94.101.187.85 
ADMINISTRATOR 94.101.187.85 
ADMINISTRATOR 94.101.187.85 
ADMINISTRATOR 94.101.187.85 
ADMINISTRATOR 94.101.187.85 
ADMINISTRATOR 94.101.187.85 
ADMINISTRATOR 94.101.187.85 
ADMINISTRATOR 94.101.187.85 
ADMINISTRATOR 94.101.187.85 
ADMINISTRATOR 94.101.187.85 
ADMINISTRATOR 94.101.187.85 
ADMINISTRATOR 94.101.187.85 
ADMINISTRATOR 94.101.187.85 
ADMINISTRATOR 94.101.187.85 
ADMINISTRATOR 94.101.187.85 
ADMINISTRATOR 94.101.187.85 
ADMINISTRATOR 94.101.187.85 
ADMINISTRATOR 94.101.187.85 
ADMINISTRATOR 94.101.187.85 
ADMINISTRATOR 94.101.187.85 
ADMINISTRATOR 94.101.187.85 
ADMINISTRATOR 94.101.187.85 
ADMINISTRATOR 94.101.187.85 
ADMINISTRATOR 94.101.187.85 
EGBERTA 81.45.139.22 
ADMINISTRATOR 94.101.187.85 
ADMINISTRATOR 94.101.187.85 
ADMINISTRATOR 94.101.187.85 
ADMINISTRATOR 94.101.187.85 
ADMINISTRATOR 94.101.187.85 
ADMINISTRATOR 94.101.187.85 
ADMINISTRATOR 94.101.187.85 
ADMINISTRATOR 94.101.187.85 
ADMINISTRATOR 94.101.187.85 
ADMINISTRATOR 94.101.187.85 
ADMINISTRATOR 94.101.187.85 
ADMINISTRATOR 94.101.187.85 
ADMINISTRATOR 94.101.187.85 
ADMINISTRATOR 94.101.187.85 
ADMINISTRATOR 94.101.187.85 
ADMINISTRATOR 94.101.187.85 
ADMINISTRATOR 94.101.187.85 
ADMINISTRATOR 94.101.187.85 
ADMINISTRATOR 94.101.187.85 
USER18 51.159.103.25 
ADMINISTRATOR 94.101.187.85 
ADMINISTRATOR 94.101.187.85 
ADMINISTRATOR 94.101.187.85 
ADMINISTRATOR 94.101.187.85 
ADMINISTRATOR 94.101.187.85 
ADMINISTRATOR 94.101.187.85 
ADMINISTRATOR 94.101.187.85 
ADMINISTRATOR 94.101.187.85 
ADMINISTRATOR 94.101.187.85 
ADMINISTRATOR 94.101.187.85 
ADMINISTRATOR 94.101.187.85 
ADMINISTRATOR 94.101.187.85 
ADMINISTRATOR 94.101.187.85 
ADMINISTRATOR 94.101.187.85 
ADMINISTRATOR 94.101.187.85 
ADMINISTRATOR 94.101.187.85 
ADMINISTRATOR 94.101.187.85 
ADMINISTRATOR 94.101.187.85 
ADMINISTRATOR 94.101.187.85 
ADMINISTRATOR 94.101.187.85 
ADMINISTRATOR 94.101.187.85 
ADMINISTRATOR 94.101.187.85 
ADMINISTRATOR 94.101.187.85 
ADMINISTRATOR 94.101.187.85 
ADMINISTRATOR 94.101.187.85 
ADMINISTRATOR 94.101.187.85 
ADMINISTRATOR 94.101.187.85 
EGBERTIEN 81.45.139.22 
ADMINISTRATOR 94.101.187.85 
ADMINISTRATOR 94.101.187.85 
ADMINISTRATOR 94.101.187.85 
ADMINISTRATOR 94.101.187.85 
ADMINISTRATOR 94.101.187.85 
ADMINISTRATOR 94.101.187.85 
ADMINISTRATOR 94.101.187.85 
ADMINISTRATOR 94.101.187.85 
ADMINISTRATOR 94.101.187.85 
ADMINISTRATOR 94.101.187.85 
ADMINISTRATOR 94.101.187.85 
ADMINISTRATOR 94.101.187.85 
ADMINISTRATOR 94.101.187.85 
ADMINISTRATOR 94.101.187.85 
ADMINISTRATOR 94.101.187.85 
ADMINISTRATOR 94.101.187.85 
ADMINISTRATOR 94.101.187.85 
ADMINISTRATOR 94.101.187.85 
ADMINISTRATOR 94.101.187.85 
ADMINISTRATOR 94.101.187.85 
ADMINISTRATOR 94.101.187.85 
ADMINISTRATOR 94.101.187.85 
ADMINISTRATOR 94.101.187.85 
ADMINISTRATOR 94.101.187.85 
ADMINISTRATOR 94.101.187.85 
ADMINISTRATOR 94.101.187.85 
ADMINISTRATOR 94.101.187.85 
ADMINISTRATOR 94.101.187.85 
ADMINISTRATOR 94.101.187.85 
ADMINISTRATOR 94.101.187.85 
ADMINISTRATOR 94.101.187.85 
ADMINISTRATOR 94.101.187.85 
ADMINISTRATOR 94.101.187.85 
ADMINISTRATOR 94.101.187.85 
ADMINISTRATOR 94.101.187.85 
ADMINISTRATOR 94.101.187.85 
ADMINISTRATOR 94.101.187.85 
ADMINISTRATOR 94.101.187.85 
ADMINISTRATOR 94.101.187.85 
ADMINISTRATOR 94.101.187.85 
ADMINISTRATOR 94.101.187.85 
ADMINISTRATOR 94.101.187.85 
ADMINISTRATOR 94.101.187.85 
ADMINISTRATOR 94.101.187.85 
ADMINISTRATOR 94.101.187.85 
EGBERTINA 81.45.139.22 
ADMINISTRATOR 94.101.187.85 
ADMINISTRATOR 94.101.187.85 
ADMINISTRATOR 94.101.187.85 
ADMINISTRATOR 94.101.187.85 
ADMINISTRATOR 94.101.187.85 
ADMINISTRATOR 94.101.187.85 
ADMINISTRATOR 94.101.187.85 
ADMINISTRATOR 94.101.187.85 
ADMINISTRATOR 94.101.187.85 
ADMINISTRATOR 94.101.187.85 
ADMINISTRATOR 94.101.187.85 
ADMINISTRATOR 94.101.187.85 
ADMINISTRATOR 94.101.187.85 
ADMINISTRATOR 94.101.187.85 
ADMINISTRATOR 94.101.187.85 
ADMINISTRATOR 94.101.187.85 
ADMINISTRATOR 94.101.187.85 
ADMINISTRATOR 94.101.187.85 
ADMINISTRATOR 94.101.187.85 
ADMINISTRATOR 94.101.187.85 
ADMINISTRATOR 94.101.187.85 
ADMINISTRATOR 94.101.187.85 
ADMINISTRATOR 94.101.187.85 
ADMINISTRATOR 94.101.187.85 
ADMINISTRATOR 94.101.187.85 
ADMINISTRATOR 94.101.187.85 
ADMINISTRATOR 94.101.187.85 
ADMINISTRATOR 94.101.187.85 
ADMINISTRATOR 94.101.187.85 
ADMINISTRATOR 94.101.187.85 
ADMINISTRATOR 94.101.187.85 
ADMINISTRATOR 94.101.187.85 
ÇéÇÄ 51.159.103.25 
ADMINISTRATOR 94.101.187.85 
ADMINISTRATOR 94.101.187.85 
ADMINISTRATOR 94.101.187.85 
ADMINISTRATOR 94.101.187.85 
ADMINISTRATOR 94.101.187.85 
ADMINISTRATOR 94.101.187.85 
ADMINISTRATOR 94.101.187.85 
ADMINISTRATOR 94.101.187.85 
ADMINISTRATOR 94.101.187.85 
ADMINISTRATOR 94.101.187.85 
ADMINISTRATOR 94.101.187.85 
ADMINISTRATOR 94.101.187.85 
ADMINISTRATOR 94.101.187.85 
ADMINISTRATOR 94.101.187.85 
EGBERTINE 81.45.139.22 
ADMINISTRATOR 94.101.187.85 
ADMINISTRATOR 94.101.187.85 
ADMINISTRATOR 94.101.187.85 
ADMINISTRATOR 94.101.187.85 
ADMINISTRATOR 94.101.187.85 
ADMINISTRATOR 94.101.187.85 
ADMINISTRATOR 94.101.187.85 
ADMINISTRATOR 94.101.187.85 
ADMINISTRATOR 94.101.187.85 
ADMINISTRATOR 94.101.187.85 
ADMINISTRATOR 94.101.187.85 
ADMINISTRATOR 94.101.187.85 
ADMINISTRATOR 94.101.187.85 
ADMINISTRATOR 94.101.187.85 
ADMINISTRATOR 94.101.187.85 
ADMINISTRATOR 94.101.187.85 
ADMINISTRATOR 94.101.187.85 
ADMINISTRATOR 94.101.187.85 
ADMINISTRATOR 94.101.187.85 
ADMINISTRATOR 94.101.187.85 
ADMINISTRATOR 94.101.187.85 
ADMINISTRATOR 94.101.187.85 
ADMINISTRATOR 94.101.187.85 
ADMINISTRATOR 94.101.187.85 
ADMINISTRATOR 94.101.187.85 
ADMINISTRATOR 94.101.187.85 
ADMINISTRATOR 94.101.187.85 
ADMINISTRATOR 94.101.187.85 
ADMINISTRATOR 94.101.187.85 
ADMINISTRATOR 94.101.187.85 
ADMINISTRATOR 94.101.187.85 
ADMINISTRATOR 94.101.187.85 
ADMINISTRATOR 94.101.187.85 
ADMINISTRATOR 94.101.187.85 
ADMINISTRATOR 94.101.187.85 
ADMINISTRATOR 94.101.187.85 
ADMINISTRATOR 94.101.187.85 
ADMINISTRATOR 94.101.187.85 
ADMINISTRATOR 94.101.187.85 
ADMINISTRATOR 94.101.187.85 
ADMINISTRATOR 94.101.187.85 
ADMINISTRATOR 94.101.187.85 
ADMINISTRATOR 94.101.187.85 
ADMINISTRATOR 94.101.187.85 
ADMINISTRATOR 94.101.187.85 
ADMINISTRATOR 94.101.187.85 
EGBERTUS 81.45.139.22 
ADMINISTRATOR 94.101.187.85 
ADMINISTRATOR 94.101.187.85 
ADMINISTRATOR 94.101.187.85 
ADMINISTRATOR 94.101.187.85 
ADMINISTRATOR 94.101.187.85 
ADMINISTRATOR 94.101.187.85 
ADMINISTRATOR 94.101.187.85 
ADMINISTRATOR 94.101.187.85 
ADMINISTRATOR 94.101.187.85 
ADMINISTRATOR 94.101.187.85 
ADMINISTRATOR 94.101.187.85 
ADMINISTRATOR 94.101.187.85 
ADMINISTRATOR 94.101.187.85 
ADMINISTRATOR 94.101.187.85 
ADMINISTRATOR 94.101.187.85 
ADMINISTRATOR 94.101.187.85 
ADMINISTRATOR 94.101.187.85 
ADMINISTRATOR 94.101.187.85 
ADMINISTRATOR 94.101.187.85 
ADMINISTRATOR 94.101.187.85 
ADMINISTRATOR 94.101.187.85 
ADMINISTRATOR 94.101.187.85 
ADMINISTRATOR 94.101.187.85 
ADMINISTRATOR 94.101.187.85 
ADMINISTRATOR 94.101.187.85 
ADMINISTRATOR 94.101.187.85 
ADMINISTRATOR 94.101.187.85 
ADMINISTRATOR 94.101.187.85 
ADMINISTRATOR 94.101.187.85 
ADMINISTRATOR 94.101.187.85 
ADMINISTRATOR 94.101.187.85 
ADMINISTRATOR 94.101.187.85 
ADMINISTRATOR 94.101.187.85 
ADMINISTRATOR 94.101.187.85 
ADMINISTRATOR 94.101.187.85 
ADMINISTRATOR 94.101.187.85 
ADMINISTRATOR 94.101.187.85 
ADMINISTRATOR 94.101.187.85 
ADMINISTRATOR 94.101.187.85 
ADMINISTRATOR 94.101.187.85 
ADMINISTRATOR 94.101.187.85 
ADMINISTRATOR 94.101.187.85 
ADMINISTRATOR 94.101.187.85 
ADMINISTRATOR 94.101.187.85 
ADMINISTRATOR 94.101.187.85 
ADMINISTRATOR 94.101.187.85 
ADMINISTRATOR 94.101.187.85 
ADMINISTRATOR 94.101.187.85 
ADMINISTRATOR 94.101.187.85 
ADMINISTRATOR 94.101.187.85 
ADMINISTRATOR 94.101.187.85 
ADMINISTRATOR 94.101.187.85 
ADMINISTRATOR 94.101.187.85 
ADMINISTRATOR 94.101.187.85 
ADMINISTRATOR 94.101.187.85 
ADMINISTRATOR 94.101.187.85 
ADMINISTRATOR 94.101.187.85 
ADMINISTRATOR 94.101.187.85 
ADMINISTRATOR 94.101.187.85 
ADMINISTRATOR 94.101.187.85 
ADMINISTRATOR 94.101.187.85 
ADMINISTRATOR 94.101.187.85 
ADMINISTRATOR 94.101.187.85 
ADMINISTRATOR 94.101.187.85 
ADMINISTRATOR 94.101.187.85 
ADMINISTRATOR 94.101.187.85 
ADMINISTRATOR 94.101.187.85 
ADMINISTRATOR 94.101.187.85 
ADMINISTRATOR 94.101.187.85 
ADMINISTRATOR 94.101.187.85 
ADMINISTRATOR 94.101.187.85 
ADMINISTRATOR 94.101.187.85 
ADMINISTRATOR 94.101.187.85 
ADMINISTRATOR 94.101.187.85 
ADMINISTRATOR 94.101.187.85 
ADMINISTRATOR 94.101.187.85 
ADMINISTRATOR 94.101.187.85 
ADMINISTRATOR 94.101.187.85 
ADMINISTRATOR 94.101.187.85 
ADMINISTRATOR 94.101.187.85 
ADMINISTRATOR 94.101.187.85 
ADMINISTRATOR 94.101.187.85 
ADMINISTRATOR 94.101.187.85 
ADMINISTRATOR 94.101.187.85 
ADMINISTRATOR 94.101.187.85 
ADMINISTRATOR 94.101.187.85 
ADMINISTRATOR 94.101.187.85 
ADMINISTRATOR 94.101.187.85 
ADMINISTRATOR 94.101.187.85 
ADMINISTRATOR 94.101.187.85 
ADMINISTRATOR 94.101.187.85 
ADMINISTRATOR 94.101.187.85 
ADMINISTRATOR 94.101.187.85 
ADMINISTRATOR 94.101.187.85 
ADMINISTRATOR 94.101.187.85 
ADMINISTRATOR 94.101.187.85 
ADMINISTRATOR 94.101.187.85 
ADMINISTRATOR 94.101.187.85 
ADMINISTRATOR 94.101.187.85 
ADMINISTRATOR 94.101.187.85 
ADMINISTRATOR 94.101.187.85 
ADMINISTRATOR 94.101.187.85 
ADMINISTRATOR 94.101.187.85 
ADMINISTRATOR 94.101.187.85 
ADMINISTRATOR 94.101.187.85 
ADMINISTRATOR 94.101.187.85 
ADMINISTRATOR 94.101.187.85 
ADMINISTRATOR 94.101.187.85 
ADMINISTRATOR 94.101.187.85 
ADMINISTRATOR 94.101.187.85 
ADMINISTRATOR 94.101.187.85 
ADMINISTRATOR 94.101.187.85 
ADMINISTRATOR 94.101.187.85 
ADMINISTRATOR 94.101.187.85 
ADMINISTRATOR 94.101.187.85 
ADMINISTRATOR 94.101.187.85 
ADMINISTRATOR 94.101.187.85 
ADMINISTRATOR 94.101.187.85 
ADMINISTRATOR 94.101.187.85 
ADMINISTRATOR 94.101.187.85 
ADMINISTRATOR 94.101.187.85 
ADMINISTRATOR 94.101.187.85 
ADMINISTRATOR 94.101.187.85 
ADMINISTRATOR 94.101.187.85 
ADMINISTRATOR 94.101.187.85 
ADMINISTRATOR 94.101.187.85 
ADMINISTRATOR 94.101.187.85 
ADMINISTRATOR 94.101.187.85 
ADMINISTRATOR 94.101.187.85 
ADMINISTRATOR 94.101.187.85 
ADMINISTRATOR 94.101.187.85 
ADMINISTRATOR 94.101.187.85 
ADMINISTRATOR 94.101.187.85 
ADMINISTRATOR 94.101.187.85 
ADMINISTRATOR 94.101.187.85 
ADMINISTRATOR 94.101.187.85 
ADMINISTRATOR 94.101.187.85 
ADMINISTRATOR 94.101.187.85 
ADMINISTRATOR 94.101.187.85 
ADMINISTRATOR 94.101.187.85 
ADMINISTRATOR 94.101.187.85 
ADMINISTRATOR 94.101.187.85 
ADMINISTRATOR 94.101.187.85 
ADMINISTRATOR 94.101.187.85 
ADMINISTRATOR 94.101.187.85 
ADMINISTRATOR 94.101.187.85 
ADMINISTRATOR 94.101.187.85 
ADMINISTRATOR 94.101.187.85 
ADMINISTRATOR 94.101.187.85 
USER03 51.159.103.25 
ADMINISTRATOR 94.101.187.85 
ADMINISTRATOR 94.101.187.85 
ADMINISTRATOR 94.101.187.85 
ADMINISTRATOR 94.101.187.85 
ADMINISTRATOR 94.101.187.85 
ADMINISTRATOR 94.101.187.85 
ADMINISTRATOR 94.101.187.85 
ADMINISTRATOR 94.101.187.85 
ADMINISTRATOR 94.101.187.85 
ADMINISTRATOR 94.101.187.85 
ADMINISTRATOR 94.101.187.85 
ADMINISTRATOR 94.101.187.85 
ADMINISTRATOR 94.101.187.85 
ADMINISTRATOR 94.101.187.85 
ADMINISTRATOR 94.101.187.85 
ADMINISTRATOR 94.101.187.85 
ADMINISTRATOR 94.101.187.85 
ADMINISTRATOR 94.101.187.85 
ADMINISTRATOR 94.101.187.85 
ADMINISTRATOR 94.101.187.85 
ADMINISTRATOR 94.101.187.85 
ADMINISTRATOR 94.101.187.85 
ADMINISTRATOR 94.101.187.85 
ADMINISTRATOR 94.101.187.85 
ADMINISTRATOR 94.101.187.85 
ADMINISTRATOR 94.101.187.85 
ADMINISTRATOR 94.101.187.85 
ADMINISTRATOR 94.101.187.85 
ADMINISTRATOR 94.101.187.85 
ADMINISTRATOR 94.101.187.85 
ADMINISTRATOR 94.101.187.85 
ADMINISTRATOR 94.101.187.85 
ADMINISTRATOR 94.101.187.85 
ADMINISTRATOR 94.101.187.85 
ADMINISTRATOR 94.101.187.85 
ADMINISTRATOR 94.101.187.85 
ADMINISTRATOR 94.101.187.85 
ADMINISTRATOR 94.101.187.85 
ADMINISTRATOR 94.101.187.85 
ADMINISTRATOR 94.101.187.85 
ADMINISTRATOR 94.101.187.85 
ADMINISTRATOR 94.101.187.85 
ADMINISTRATOR 94.101.187.85 
ADMINISTRATOR 94.101.187.85 
ADMINISTRATOR 94.101.187.85 
ADMINISTRATOR 94.101.187.85 
ADMINISTRATOR 94.101.187.85 
ADMINISTRATOR 94.101.187.85 
ADMINISTRATOR 94.101.187.85 
ADMINISTRATOR 94.101.187.85 
ADMINISTRATOR 94.101.187.85 
ADMINISTRATOR 94.101.187.85 
ADMINISTRATOR 94.101.187.85 
ADMINISTRATOR 94.101.187.85 
ADMINISTRATOR 94.101.187.85 
ADMINISTRATOR 94.101.187.85 
ADMINISTRATOR 94.101.187.85 
ADMINISTRATOR 94.101.187.85 
ADMINISTRATOR 94.101.187.85 
ADMINISTRATOR 94.101.187.85 
ADMINISTRATOR 94.101.187.85 
ADMINISTRATOR 94.101.187.85 
ADMINISTRATOR 94.101.187.85 
ADMINISTRATOR 94.101.187.85 
ADMINISTRATOR 94.101.187.85 
ADMINISTRATOR 94.101.187.85 
ADMINISTRATOR 94.101.187.85 
ADMINISTRATOR 94.101.187.85 
ADMINISTRATOR 94.101.187.85 
ADMINISTRATOR 94.101.187.85 
ADMINISTRATOR 94.101.187.85 
ADMINISTRATOR 94.101.187.85 
ADMINISTRATOR 94.101.187.85 
ADMINISTRATOR 94.101.187.85 
ADMINISTRATOR 94.101.187.85 
ADMINISTRATOR 94.101.187.85 
ADMINISTRATOR 94.101.187.85 
ADMINISTRATOR 94.101.187.85 
ADMINISTRATOR 94.101.187.85 
ADMINISTRATOR 94.101.187.85 
ADMINISTRATOR 94.101.187.85 
ADMINISTRATOR 94.101.187.85 
ADMINISTRATOR 94.101.187.85 
ADMINISTRATOR 94.101.187.85 
ADMINISTRATOR 94.101.187.85 
ADMINISTRATOR 94.101.187.85 
ADMINISTRATOR 94.101.187.85 
ADMINISTRATOR 94.101.187.85 
ADMINISTRATOR 94.101.187.85 
ADMINISTRATOR 94.101.187.85 
ADMINISTRATOR 94.101.187.85 
ADMINISTRATOR 94.101.187.85 
ADMINISTRATOR 94.101.187.85 
ADMINISTRATOR 94.101.187.85 
ADMINISTRATOR 94.101.187.85 
ADMINISTRATOR 94.101.187.85 
ADMINISTRATOR 94.101.187.85 
ADMINISTRATOR 94.101.187.85 
ADMINISTRATOR 94.101.187.85 
ADMINISTRATOR 94.101.187.85 
ADMINISTRATOR 94.101.187.85 
ADMINISTRATOR 94.101.187.85 
ADMINISTRATOR 94.101.187.85 
ADMINISTRATOR 94.101.187.85 
1ë 51.159.103.25 
ADMINISTRATOR 94.101.187.85 
ADMINISTRATOR 94.101.187.85 
ADMINISTRATOR 94.101.187.85 
ADMINISTRATOR 94.101.187.85 
ADMINISTRATOR 94.101.187.85 
ADMINISTRATOR 94.101.187.85 
ADMINISTRATOR 94.101.187.85 
ADMINISTRATOR 94.101.187.85 
ADMINISTRATOR 94.101.187.85 
ADMINISTRATOR 94.101.187.85 
ADMINISTRATOR 94.101.187.85 
ADMINISTRATOR 94.101.187.85 
ADMINISTRATOR 94.101.187.85 
ADMINISTRATOR 94.101.187.85 
ADMINISTRATOR 94.101.187.85 
ADMINISTRATOR 94.101.187.85 
ADMINISTRATOR 94.101.187.85 
ADMINISTRATOR 94.101.187.85 
ADMINISTRATOR 94.101.187.85 
ADMINISTRATOR 94.101.187.85 
ADMINISTRATOR 94.101.187.85 
ADMINISTRATOR 94.101.187.85 
ADMINISTRATOR 94.101.187.85 
ADMINISTRATOR 94.101.187.85 
ADMINISTRATOR 94.101.187.85 
ADMINISTRATOR 94.101.187.85 
ADMINISTRATOR 94.101.187.85 
ADMINISTRATOR 94.101.187.85 
ADMINISTRATOR 94.101.187.85 
ADMINISTRATOR 94.101.187.85 
ADMINISTRATOR 94.101.187.85 
ADMINISTRATOR 94.101.187.85 
ADMINISTRATOR 94.101.187.85 
ADMINISTRATOR 94.101.187.85 
ADMINISTRATOR 94.101.187.85 
ADMINISTRATOR 94.101.187.85 
ADMINISTRATOR 94.101.187.85 
ADMINISTRATOR 94.101.187.85 
ADMINISTRATOR 94.101.187.85 
EGBRECHT 81.45.139.22 
ADMINISTRATOR 94.101.187.85 
ADMINISTRATOR 94.101.187.85 
ADMINISTRATOR 94.101.187.85 
ADMINISTRATOR 94.101.187.85 
ADMINISTRATOR 94.101.187.85 
ADMINISTRATOR 94.101.187.85 
ADMINISTRATOR 94.101.187.85 
ADMINISTRATOR 94.101.187.85 
ADMINISTRATOR 94.101.187.85 
ADMINISTRATOR 94.101.187.85 
ADMINISTRATOR 94.101.187.85 
ADMINISTRATOR 94.101.187.85 
ADMINISTRATOR 94.101.187.85 
ADMINISTRATOR 94.101.187.85 
ADMINISTRATOR 94.101.187.85 
ADMINISTRATOR 94.101.187.85 
ADMINISTRATOR 94.101.187.85 
ADMINISTRATOR 94.101.187.85 
ADMINISTRATOR 94.101.187.85 
ADMINISTRATOR 94.101.187.85 
ADMINISTRATOR 94.101.187.85 
ADMINISTRATOR 94.101.187.85 
ADMINISTRATOR 94.101.187.85 
ADMINISTRATOR 94.101.187.85 
ADMINISTRATOR 94.101.187.85 
ADMINISTRATOR 94.101.187.85 
ADMINISTRATOR 94.101.187.85 
ADMINISTRATOR 94.101.187.85 
ADMINISTRATOR 94.101.187.85 
ADMINISTRATOR 94.101.187.85 
ADMINISTRATOR 94.101.187.85 
ADMINISTRATOR 94.101.187.85 
ADMINISTRATOR 94.101.187.85 
ADMINISTRATOR 94.101.187.85 
ADMINISTRATOR 94.101.187.85 
ADMINISTRATOR 94.101.187.85 
ADMINISTRATOR 94.101.187.85 
ADMINISTRATOR 94.101.187.85 
ADMINISTRATOR 94.101.187.85 
ADMINISTRATOR 94.101.187.85 
ADMINISTRATOR 94.101.187.85 
ADMINISTRATOR 94.101.187.85 
ADMINISTRATOR 94.101.187.85 
ADMINISTRATOR 94.101.187.85 
ADMINISTRATOR 94.101.187.85 
ADMINISTRATOR 94.101.187.85 
ADMINISTRATOR 94.101.187.85 
ADMINISTRATOR 94.101.187.85 
ADMINISTRATOR 94.101.187.85 
ADMINISTRATOR 94.101.187.85 
ADMINISTRATOR 94.101.187.85 
ADMINISTRATOR 94.101.187.85 
ADMINISTRATOR 94.101.187.85 
ADMINISTRATOR 94.101.187.85 
ADMINISTRATOR 94.101.187.85 
ADMINISTRATOR 94.101.187.85 
ADMINISTRATOR 94.101.187.85 
ADMINISTRATOR 94.101.187.85 
ADMINISTRATOR 94.101.187.85 
ADMINISTRATOR 94.101.187.85 
ADMINISTRATOR 94.101.187.85 
ADMINISTRATOR 94.101.187.85 
ADMINISTRATOR 94.101.187.85 
ADMINISTRATOR 94.101.187.85 
ADMINISTRATOR 94.101.187.85 
ADMINISTRATOR 94.101.187.85 
ADMINISTRATOR 94.101.187.85 
ADMINISTRATOR 94.101.187.85 
ADMINISTRATOR 94.101.187.85 
ADMINISTRATOR 94.101.187.85 
ADMINISTRATOR 94.101.187.85 
ADMINISTRATOR 94.101.187.85 
ADMINISTRATOR 94.101.187.85 
ADMINISTRATOR 94.101.187.85 
ADMINISTRATOR 94.101.187.85 
ADMINISTRATOR 94.101.187.85 
ADMINISTRATOR 94.101.187.85 
ADMINISTRATOR 94.101.187.85 
ADMINISTRATOR 94.101.187.85 
ADMINISTRATOR 94.101.187.85 
ADMINISTRATOR 94.101.187.85 
ADMINISTRATOR 94.101.187.85 
ADMINISTRATOR 94.101.187.85 
ADMINISTRATOR 94.101.187.85 
ADMINISTRATOR 94.101.187.85 
ADMINISTRATOR 94.101.187.85 
ADMINISTRATOR 94.101.187.85 
ADMINISTRATOR 94.101.187.85 
ADMINISTRATOR 94.101.187.85 
ADMINISTRATOR 94.101.187.85 
ADMINISTRATOR 94.101.187.85 
ADMINISTRATOR 94.101.187.85 
ADMINISTRATOR 94.101.187.85 
ADMINISTRATOR 94.101.187.85 
ADMINISTRATOR 94.101.187.85 
ADMINISTRATOR 94.101.187.85 
ADMINISTRATOR 94.101.187.85 
ADMINISTRATOR 94.101.187.85 
ADMINISTRATOR 94.101.187.85 
ADMINISTRATOR 94.101.187.85 
ADMINISTRATOR 94.101.187.85 
ADMINISTRATOR 94.101.187.85 
ADMINISTRATOR 94.101.187.85 
ADMINISTRATOR 94.101.187.85 
ADMINISTRATOR 94.101.187.85 
ADMINISTRATOR 94.101.187.85 
ADMINISTRATOR 94.101.187.85 
ADMINISTRATOR 94.101.187.85 
ADMINISTRATOR 94.101.187.85 
ADMINISTRATOR 94.101.187.85 
ADMINISTRATOR 94.101.187.85 
ADMINISTRATOR 94.101.187.85 
ADMINISTRATOR 94.101.187.85 
ADMINISTRATOR 94.101.187.85 
ADMINISTRATOR 94.101.187.85 
ADMINISTRATOR 94.101.187.85 
ADMINISTRATOR 94.101.187.85 
ADMINISTRATOR 94.101.187.85 
ADMINISTRATOR 94.101.187.85 
ADMINISTRATOR 94.101.187.85 
ADMINISTRATOR 94.101.187.85 
ADMINISTRATOR 94.101.187.85 
ADMINISTRATOR 94.101.187.85 
ADMINISTRATOR 94.101.187.85 
ADMINISTRATOR 94.101.187.85 
ADMINISTRATOR 94.101.187.85 
ADMINISTRATOR 94.101.187.85 
ADMINISTRATOR 94.101.187.85 
ADMINISTRATOR 94.101.187.85 
ADMINISTRATOR 94.101.187.85 
ADMINISTRATOR 94.101.187.85 
ADMINISTRATOR 94.101.187.85 
ADMINISTRATOR 94.101.187.85 
ADMINISTRATOR 94.101.187.85 
ADMINISTRATOR 94.101.187.85 
ADMINISTRATOR 94.101.187.85 
ADMINISTRATOR 94.101.187.85 
ADMINISTRATOR 94.101.187.85 
ADMINISTRATOR 94.101.187.85 
ADMINISTRATOR 94.101.187.85 
ADMINISTRATOR 94.101.187.85 
ADMINISTRATOR 94.101.187.85 
ADMINISTRATOR 94.101.187.85 
ADMINISTRATOR 94.101.187.85 
ADMINISTRATOR 94.101.187.85 
ADMINISTRATOR 94.101.187.85 
ADMINISTRATOR 94.101.187.85 
ADMINISTRATOR 94.101.187.85 
ADMINISTRATOR 94.101.187.85 
ADMINISTRATOR 94.101.187.85 
ADMINISTRATOR 94.101.187.85 
ADMINISTRATOR 94.101.187.85 
ADMINISTRATOR 94.101.187.85 
ADMINISTRATOR 94.101.187.85 
ADMINISTRATOR 94.101.187.85 
ADMINISTRATOR 94.101.187.85 
ADMINISTRATOR 94.101.187.85 
ADMINISTRATOR 94.101.187.85 
ADMINISTRATOR 94.101.187.85 
ADMINISTRATOR 94.101.187.85 
ADMINISTRATOR 94.101.187.85 
ADMINISTRATOR 94.101.187.85 
ADMINISTRATOR 94.101.187.85 
ADMINISTRATOR 94.101.187.85 
ADMINISTRATOR 94.101.187.85 
ADMINISTRATOR 94.101.187.85 
ADMINISTRATOR 94.101.187.85 
ADMINISTRATOR 94.101.187.85 
ADMINISTRATOR 94.101.187.85 
ADMINISTRATOR 94.101.187.85 
ADMINISTRATOR 94.101.187.85 
ADMINISTRATOR 94.101.187.85 
ADMINISTRATOR 94.101.187.85 
ADMINISTRATOR 94.101.187.85 
ADMINISTRATOR 94.101.187.85 
ADMINISTRATOR 94.101.187.85 
ADMINISTRATOR 94.101.187.85 
ADMINISTRATOR 94.101.187.85 
ADMINISTRATOR 94.101.187.85 
ADMINISTRATOR 94.101.187.85 
ADMINISTRATOR 94.101.187.85 
ADMINISTRATOR 94.101.187.85 
ADMINISTRATOR 94.101.187.85 
ADMINISTRATOR 94.101.187.85 
ADMINISTRATOR 94.101.187.85 
ADMINISTRATOR 94.101.187.85 
ADMINISTRATOR 94.101.187.85 
ADMINISTRATOR 94.101.187.85 
ADMINISTRATOR 94.101.187.85 
ADMINISTRATOR 94.101.187.85 
ADMINISTRATOR 94.101.187.85 
ADMINISTRATOR 94.101.187.85 
ADMINISTRATOR 94.101.187.85 
ADMINISTRATOR 94.101.187.85 
ADMINISTRATOR 94.101.187.85 
ADMINISTRATOR 94.101.187.85 
ADMINISTRATOR 94.101.187.85 
ADMINISTRATOR 94.101.187.85 
ADMINISTRATOR 94.101.187.85 
ADMINISTRATOR 94.101.187.85 
ADMINISTRATOR 94.101.187.85 
ADMINISTRATOR 94.101.187.85 
ADMINISTRATOR 94.101.187.85 
ADMINISTRATOR 94.101.187.85 
ADMINISTRATOR 94.101.187.85 
ADMINISTRATOR 94.101.187.85 
ADMINISTRATOR 94.101.187.85 
ADMINISTRATOR 94.101.187.85 
ADMINISTRATOR 94.101.187.85 
ADMINISTRATOR 94.101.187.85 
ADMINISTRATOR 94.101.187.85 
ADMINISTRATOR 94.101.187.85 
ADMINISTRATOR 94.101.187.85 
ADMINISTRATOR 94.101.187.85 
ADMINISTRATOR 94.101.187.85 
ADMINISTRATOR 94.101.187.85 
ADMINISTRATOR 94.101.187.85 
ADMINISTRATOR 94.101.187.85 
ADMINISTRATOR 94.101.187.85 
ADMINISTRATOR 94.101.187.85 
ADMINISTRATOR 94.101.187.85 
ADMINISTRATOR 94.101.187.85 
ADMINISTRATOR 94.101.187.85 
ADMINISTRATOR 94.101.187.85 
ADMINISTRATOR 94.101.187.85 
ADMINISTRATOR 94.101.187.85 
ADMINISTRATOR 94.101.187.85 
ADMINISTRATOR 94.101.187.85 
ADMINISTRATOR 94.101.187.85 
ADMINISTRATOR 94.101.187.85 
ADMINISTRATOR 94.101.187.85 
ADMINISTRATOR 94.101.187.85 
ADMINISTRATOR 94.101.187.85 
ADMINISTRATOR 94.101.187.85 
ADMINISTRATOR 94.101.187.85 
ADMINISTRATOR 94.101.187.85 
ADMINISTRATOR 94.101.187.85 
ADMINISTRATOR 94.101.187.85 
ADMINISTRATOR 94.101.187.85 
ADMINISTRATOR 94.101.187.85 
ADMINISTRATOR 94.101.187.85 
ADMINISTRATOR 94.101.187.85 
ADMINISTRATOR 94.101.187.85 
ADMINISTRATOR 94.101.187.85 
ADMINISTRATOR 94.101.187.85 
ADMINISTRATOR 94.101.187.85 
ADMINISTRATOR 94.101.187.85 
ADMINISTRATOR 94.101.187.85 
ADMINISTRATOR 94.101.187.85 
ADMINISTRATOR 94.101.187.85 
ADMINISTRATOR 94.101.187.85 
ADMINISTRATOR 94.101.187.85 
ADMINISTRATOR 94.101.187.85 
ADMINISTRATOR 94.101.187.85 
ADMINISTRATOR 94.101.187.85 
ADMINISTRATOR 94.101.187.85 
ADMINISTRATOR 94.101.187.85 
ADMINISTRATOR 94.101.187.85 
ADMINISTRATOR 94.101.187.85 
ADMINISTRATOR 94.101.187.85 
ADMINISTRATOR 94.101.187.85 
ADMINISTRATOR 94.101.187.85 
ADMINISTRATOR 94.101.187.85 
ADMINISTRATOR 94.101.187.85 
ADMINISTRATOR 94.101.187.85 
ADMINISTRATOR 94.101.187.85 
ADMINISTRATOR 94.101.187.85 
ADMINISTRATOR 94.101.187.85 
ADMINISTRATOR 94.101.187.85 
ADMINISTRATOR 94.101.187.85 
ADMINISTRATOR 94.101.187.85 
ADMINISTRATOR 94.101.187.85 
ADMINISTRATOR 94.101.187.85 
ADMINISTRATOR 94.101.187.85 
ADMINISTRATOR 94.101.187.85 
DEVELOPER 51.159.103.25 
ADMINISTRATOR 94.101.187.85 
ADMINISTRATOR 94.101.187.85 
ADMINISTRATOR 94.101.187.85 
ADMINISTRATOR 94.101.187.85 
ADMINISTRATOR 94.101.187.85 
ADMINISTRATOR 94.101.187.85 
ADMINISTRATOR 94.101.187.85 
ADMINISTRATOR 94.101.187.85 
ADMINISTRATOR 94.101.187.85 
ADMINISTRATOR 94.101.187.85 
ADMINISTRATOR 94.101.187.85 
ADMINISTRATOR 94.101.187.85 
ADMINISTRATOR 94.101.187.85 
ADMINISTRATOR 94.101.187.85 
ADMINISTRATOR 94.101.187.85 
ADMINISTRATOR 94.101.187.85 
ADMINISTRATOR 94.101.187.85 
ADMINISTRATOR 94.101.187.85 
ADMINISTRATOR 94.101.187.85 
ADMINISTRATOR 94.101.187.85 
ADMINISTRATOR 94.101.187.85 
ADMINISTRATOR 94.101.187.85 
ADMINISTRATOR 94.101.187.85 
ADMINISTRATOR 94.101.187.85 
ADMINISTRATOR 94.101.187.85 
ADMINISTRATOR 94.101.187.85 
ADMINISTRATOR 94.101.187.85 
ADMINISTRATOR 94.101.187.85 
ADMINISTRATOR 94.101.187.85 
ADMINISTRATOR 94.101.187.85 
ADMINISTRATOR 94.101.187.85 
ADMINISTRATOR 94.101.187.85 
ADMINISTRATOR 94.101.187.85 
ADMINISTRATOR 94.101.187.85 
ADMINISTRATOR 94.101.187.85 
ADMINISTRATOR 94.101.187.85 
ADMINISTRATOR 94.101.187.85 
ADMINISTRATOR 94.101.187.85 
ADMINISTRATOR 94.101.187.85 
ADMINISTRATOR 94.101.187.85 
ADMINISTRATOR 94.101.187.85 
ADMINISTRATOR 94.101.187.85 
ADMINISTRATOR 94.101.187.85 
ADMINISTRATOR 94.101.187.85 
ADMINISTRATOR 94.101.187.85 
ADMINISTRATOR 94.101.187.85 
ADMINISTRATOR 94.101.187.85 
ADMINISTRATOR 94.101.187.85 
ADMINISTRATOR 94.101.187.85 
ADMINISTRATOR 94.101.187.85 
ADMINISTRATOR 94.101.187.85 
ADMINISTRATOR 94.101.187.85 
ADMINISTRATOR 94.101.187.85 
ADMINISTRATOR 94.101.187.85 
ADMINISTRATOR 94.101.187.85 
ADMINISTRATOR 94.101.187.85 
ADMINISTRATOR 94.101.187.85 
ADMINISTRATOR 94.101.187.85 
ADMINISTRATOR 94.101.187.85 
ADMINISTRATOR 94.101.187.85 
ADMINISTRATOR 94.101.187.85 
ADMINISTRATOR 94.101.187.85 
ADMINISTRATOR 94.101.187.85 
ADMINISTRATOR 94.101.187.85 
ADMINISTRATOR 94.101.187.85 
ADMINISTRATOR 94.101.187.85 
ADMINISTRATOR 94.101.187.85 
ADMINISTRATOR 94.101.187.85 
ADMINISTRATOR 94.101.187.85 
ADMINISTRATOR 94.101.187.85 
ADMINISTRATOR 94.101.187.85 
ADMINISTRATOR 94.101.187.85 
ADMINISTRATOR 94.101.187.85 
ADMINISTRATOR 94.101.187.85 
ADMINISTRATOR 94.101.187.85 
ADMINISTRATOR 94.101.187.85 
ADMINISTRATOR 94.101.187.85 
ADMINISTRATOR 94.101.187.85 
ADMINISTRATOR 94.101.187.85 
ADMINISTRATOR 94.101.187.85 
ADMINISTRATOR 94.101.187.85 
ADMINISTRATOR 94.101.187.85 
ADMINISTRATOR 94.101.187.85 
ADMINISTRATOR 94.101.187.85 
ADMINISTRATOR 94.101.187.85 
ADMINISTRATOR 94.101.187.85 
ADMINISTRATOR 94.101.187.85 
ADMINISTRATOR 94.101.187.85 
ADMINISTRATOR 94.101.187.85 
ADMINISTRATOR 94.101.187.85 
ADMINISTRATOR 94.101.187.85 
ADMINISTRATOR 94.101.187.85 
ADMINISTRATOR 94.101.187.85 
ADMINISTRATOR 94.101.187.85 
ADMINISTRATOR 94.101.187.85 
ADMINISTRATOR 94.101.187.85 
ADMINISTRATOR 94.101.187.85 
ADMINISTRATOR 94.101.187.85 
ADMINISTRATOR 94.101.187.85 
ADMINISTRATOR 94.101.187.85 
ADMINISTRATOR 94.101.187.85 
ADMINISTRATOR 94.101.187.85 
ADMINISTRATOR 94.101.187.85 
ADMINISTRATOR 94.101.187.85 
ÇéãéÑü 51.159.103.25 
ADMINISTRATOR 94.101.187.85 
ADMINISTRATOR 94.101.187.85 
ADMINISTRATOR 94.101.187.85 
ADMINISTRATOR 94.101.187.85 
ADMINISTRATOR 94.101.187.85 
ADMINISTRATOR 94.101.187.85 
ADMINISTRATOR 94.101.187.85 
ADMINISTRATOR 94.101.187.85 
ADMINISTRATOR 94.101.187.85 
ADMINISTRATOR 94.101.187.85 
ADMINISTRATOR 94.101.187.85 
ADMINISTRATOR 94.101.187.85 
ADMINISTRATOR 94.101.187.85 
ADMINISTRATOR 94.101.187.85 
ADMINISTRATOR 94.101.187.85 
ADMINISTRATOR 94.101.187.85 
ADMINISTRATOR 94.101.187.85 
ADMINISTRATOR 94.101.187.85 
ADMINISTRATOR 94.101.187.85 
ADMINISTRATOR 94.101.187.85 
ADMINISTRATOR 94.101.187.85 
ADMINISTRATOR 94.101.187.85 
ADMINISTRATOR 94.101.187.85 
ADMINISTRATOR 94.101.187.85 
ADMINISTRATOR 94.101.187.85 
ADMINISTRATOR 94.101.187.85 
ADMINISTRATOR 94.101.187.85 
ADMINISTRATOR 94.101.187.85 
ADMINISTRATOR 94.101.187.85 
ADMINISTRATOR 94.101.187.85 
ADMINISTRATOR 94.101.187.85 
ADMINISTRATOR 94.101.187.85 
ADMINISTRATOR 94.101.187.85 
ADMINISTRATOR 94.101.187.85 
ADMINISTRATOR 94.101.187.85 
ADMINISTRATOR 94.101.187.85 
ADMINISTRATOR 94.101.187.85 
ADMINISTRATOR 94.101.187.85 
ADMINISTRATOR 94.101.187.85 
ADMINISTRATOR 94.101.187.85 
ADMINISTRATOR 94.101.187.85 
ADMINISTRATOR 94.101.187.85 
ADMINISTRATOR 94.101.187.85 
ADMINISTRATOR 94.101.187.85 
ADMINISTRATOR 94.101.187.85 
ADMINISTRATOR 94.101.187.85 
ADMINISTRATOR 94.101.187.85 
ADMINISTRATOR 94.101.187.85 
ADMINISTRATOR 94.101.187.85 
ADMINISTRATOR 94.101.187.85 
ADMINISTRATOR 94.101.187.85 
ADMINISTRATOR 94.101.187.85 
ADMINISTRATOR 94.101.187.85 
ADMINISTRATOR 94.101.187.85 
ADMINISTRATOR 94.101.187.85 
ADMINISTRATOR 94.101.187.85 
ADMINISTRATOR 94.101.187.85 
ADMINISTRATOR 94.101.187.85 
ADMINISTRATOR 94.101.187.85 
ADMINISTRATOR 94.101.187.85 
ADMINISTRATOR 94.101.187.85 
ADMINISTRATOR 94.101.187.85 
ADMINISTRATOR 94.101.187.85 
ADMINISTRATOR 94.101.187.85 
ADMINISTRATOR 94.101.187.85 
ADMINISTRATOR 94.101.187.85 
ADMINISTRATOR 94.101.187.85 
ADMINISTRATOR 94.101.187.85 
ADMINISTRATOR 94.101.187.85 
ADMINISTRATOR 94.101.187.85 
ADMINISTRATOR 94.101.187.85 
ADMINISTRATOR 94.101.187.85 
ADMINISTRATOR 94.101.187.85 
ADMINISTRATOR 94.101.187.85 
ADMINISTRATOR 94.101.187.85 
ADMINISTRATOR 94.101.187.85 
ADMINISTRATOR 94.101.187.85 
ADMINISTRATOR 94.101.187.85 
ADMINISTRATOR 94.101.187.85 
ADMINISTRATOR 94.101.187.85 
ADMINISTRATOR 94.101.187.85 
ADMINISTRATOR 94.101.187.85 
ADMINISTRATOR 94.101.187.85 
ADMINISTRATOR 94.101.187.85 
ADMINISTRATOR 94.101.187.85 
ADMINISTRATOR 94.101.187.85 
ADMINISTRATOR 94.101.187.85 
ADMINISTRATOR 94.101.187.85 
ADMINISTRATOR 94.101.187.85 
ADMINISTRATOR 94.101.187.85 
ADMINISTRATOR 94.101.187.85 
ADMINISTRATOR 94.101.187.85 
ADMINISTRATOR 94.101.187.85 
ADMINISTRATOR 94.101.187.85 
ADMINISTRATOR 94.101.187.85 
ADMINISTRATOR 94.101.187.85 
ADMINISTRATOR 94.101.187.85 
ADMINISTRATOR 94.101.187.85 
ADMINISTRATOR 94.101.187.85 
ADMINISTRATOR 94.101.187.85 
ADMINISTRATOR 94.101.187.85 
ADMINISTRATOR 94.101.187.85 
ADMINISTRATOR 94.101.187.85 
ADMINISTRATOR 94.101.187.85 
ADMINISTRATOR 94.101.187.85 
ADMINISTRATOR 94.101.187.85 
ADMINISTRATOR 94.101.187.85 
ADMINISTRATOR 94.101.187.85 
ADMINISTRATOR 94.101.187.85 
ADMINISTRATOR 94.101.187.85 
ADMINISTRATOR 94.101.187.85 
ADMINISTRATOR 94.101.187.85 
ADMINISTRATOR 94.101.187.85 
ADMINISTRATOR 94.101.187.85 
ADMINISTRATOR 94.101.187.85 
ADMINISTRATOR 94.101.187.85 
ADMINISTRATOR 94.101.187.85 
ADMINISTRATOR 94.101.187.85 
ADMINISTRATOR 94.101.187.85 
ADMINISTRATOR 94.101.187.85 
ADMINISTRATOR 94.101.187.85 
ADMINISTRATOR 94.101.187.85 
ADMINISTRATOR 94.101.187.85 
ADMINISTRATOR 94.101.187.85 
ADMINISTRATOR 94.101.187.85 
ADMINISTRATOR 94.101.187.85 
ADMINISTRATOR 94.101.187.85 
ADMINISTRATOR 94.101.187.85 
ADMINISTRATOR 94.101.187.85 
ADMINISTRATOR 94.101.187.85 
ADMINISTRATOR 94.101.187.85 
ADMINISTRATOR 94.101.187.85 
ADMINISTRATOR 94.101.187.85 
ADMINISTRATOR 94.101.187.85 
ADMINISTRATOR 94.101.187.85 
ADMINISTRATOR 94.101.187.85 
ADMINISTRATOR 94.101.187.85 
ADMINISTRATOR 94.101.187.85 
ADMINISTRATOR 94.101.187.85 
ADMINISTRATOR 94.101.187.85 
ADMINISTRATOR 94.101.187.85 
ADMINISTRATOR 94.101.187.85 
ADMINISTRATOR 94.101.187.85 
ADMINISTRATOR 94.101.187.85 
ADMINISTRATOR 94.101.187.85 
ADMINISTRATOR 94.101.187.85 
ADMINISTRATOR 94.101.187.85 
ADMINISTRATOR 94.101.187.85 
ADMINISTRATOR 94.101.187.85 
ADMINISTRATOR 94.101.187.85 
ADMINISTRATOR 94.101.187.85 
ADMINISTRATOR 94.101.187.85 
ADMINISTRATOR 94.101.187.85 
ADMINISTRATOR 94.101.187.85 
ADMINISTRATOR 94.101.187.85 
ADMINISTRATOR 94.101.187.85 
ADMINISTRATOR 94.101.187.85 
ADMINISTRATOR 94.101.187.85 
ADMINISTRATOR 94.101.187.85 
ADMINISTRATOR 94.101.187.85 
ADMINISTRATOR 94.101.187.85 
ADMINISTRATOR 94.101.187.85 
ADMINISTRATOR 94.101.187.85 
ADMINISTRATOR 94.101.187.85 
ADMINISTRATOR 94.101.187.85 
ADMINISTRATOR 94.101.187.85 
ADMINISTRATOR 94.101.187.85 
ADMINISTRATOR 94.101.187.85 
ADMINISTRATOR 94.101.187.85 
ADMINISTRATOR 94.101.187.85 
ADMINISTRATOR 94.101.187.85 
ADMINISTRATOR 94.101.187.85 
ADMINISTRATOR 94.101.187.85 
ADMINISTRATOR 94.101.187.85 
ADMINISTRATOR 94.101.187.85 
ADMINISTRATOR 94.101.187.85 
ADMINISTRATOR 94.101.187.85 
ADMINISTRATOR 94.101.187.85 
ADMINISTRATOR 94.101.187.85 
ADMINISTRATOR 94.101.187.85 
ADMINISTRATOR 94.101.187.85 
ADMINISTRATOR 94.101.187.85 
ADMINISTRATOR 94.101.187.85 
ADMINISTRATOR 94.101.187.85 
ADMINISTRATOR 94.101.187.85 
ADMINISTRATOR 94.101.187.85 
ADMINISTRATOR 94.101.187.85 
ADMINISTRATOR 94.101.187.85 
ADMINISTRATOR 94.101.187.85 
ADMINISTRATOR 94.101.187.85 
ADMINISTRATOR 94.101.187.85 
ADMINISTRATOR 94.101.187.85 
ADMINISTRATOR 94.101.187.85 
ADMINISTRATOR 94.101.187.85 
ADMINISTRATOR 94.101.187.85 
ADMINISTRATOR 94.101.187.85 
ADMINISTRATOR 94.101.187.85 
ADMINISTRATOR 94.101.187.85 
ADMINISTRATOR 94.101.187.85 
ADMINISTRATOR 94.101.187.85 
ADMINISTRATOR 94.101.187.85 
ADMINISTRATOR 94.101.187.85 
ADMINISTRATOR 94.101.187.85 
ADMINISTRATOR 94.101.187.85 
ADMINISTRATOR 94.101.187.85 
Äêíìê 51.159.103.25 
ADMINISTRATOR 94.101.187.85 
ADMINISTRATOR 94.101.187.85 
ADMINISTRATOR 94.101.187.85 
ADMINISTRATOR 94.101.187.85 
ADMINISTRATOR 94.101.187.85 
ADMINISTRATOR 94.101.187.85 
ADMINISTRATOR 94.101.187.85 
ADMINISTRATOR 94.101.187.85 
ADMINISTRATOR 94.101.187.85 
ADMINISTRATOR 94.101.187.85 
ADMINISTRATOR 94.101.187.85 
ADMINISTRATOR 94.101.187.85 
ADMINISTRATOR 94.101.187.85 
ADMINISTRATOR 94.101.187.85 
ADMINISTRATOR 94.101.187.85 
ADMINISTRATOR 94.101.187.85 
ADMINISTRATOR 94.101.187.85 
ADMINISTRATOR 94.101.187.85 
ADMINISTRATOR 94.101.187.85 
ADMINISTRATOR 94.101.187.85 
ADMINISTRATOR 94.101.187.85 
ADMINISTRATOR 94.101.187.85 
ADMINISTRATOR 94.101.187.85 
ADMINISTRATOR 94.101.187.85 
ADMINISTRATOR 94.101.187.85 
ADMINISTRATOR 94.101.187.85 
ADMINISTRATOR 94.101.187.85 
ADMINISTRATOR 94.101.187.85 
ADMINISTRATOR 94.101.187.85 
ADMINISTRATOR 94.101.187.85 
ADMINISTRATOR 94.101.187.85 
ADMINISTRATOR 94.101.187.85 
ADMINISTRATOR 94.101.187.85 
ADMINISTRATOR 94.101.187.85 
ADMINISTRATOR 94.101.187.85 
ADMINISTRATOR 94.101.187.85 
ADMINISTRATOR 94.101.187.85 
ADMINISTRATOR 94.101.187.85 
ADMINISTRATOR 94.101.187.85 
ADMINISTRATOR 94.101.187.85 
ADMINISTRATOR 94.101.187.85 
ADMINISTRATOR 94.101.187.85 
ADMINISTRATOR 94.101.187.85 
ADMINISTRATOR 94.101.187.85 
ADMINISTRATOR 94.101.187.85 
ADMINISTRATOR 94.101.187.85 
ADMINISTRATOR 94.101.187.85 
ADMINISTRATOR 94.101.187.85 
ADMINISTRATOR 94.101.187.85 
ADMINISTRATOR 94.101.187.85 
ADMINISTRATOR 94.101.187.85 
ADMINISTRATOR 94.101.187.85 
ADMINISTRATOR 94.101.187.85 
ADMINISTRATOR 94.101.187.85 
ADMINISTRATOR 94.101.187.85 
ADMINISTRATOR 94.101.187.85 
ADMINISTRATOR 94.101.187.85 
ADMINISTRATOR 94.101.187.85 
ADMINISTRATOR 94.101.187.85 
ADMINISTRATOR 94.101.187.85 
ADMINISTRATOR 94.101.187.85 
ADMINISTRATOR 94.101.187.85 
ADMINISTRATOR 94.101.187.85 
ADMINISTRATOR 94.101.187.85 
ADMINISTRATOR 94.101.187.85 
ADMINISTRATOR 94.101.187.85 
ADMINISTRATOR 94.101.187.85 
ADMINISTRATOR 94.101.187.85 
ADMINISTRATOR 94.101.187.85 
ADMINISTRATOR 94.101.187.85 
ADMINISTRATOR 94.101.187.85 
ADMINISTRATOR 94.101.187.85 
ADMINISTRATOR 94.101.187.85 
ADMINISTRATOR 94.101.187.85 
ADMINISTRATOR 94.101.187.85 
ADMINISTRATOR 94.101.187.85 
ADMINISTRATOR 94.101.187.85 
ADMINISTRATOR 94.101.187.85 
ADMINISTRATOR 94.101.187.85 
ADMINISTRATOR 94.101.187.85 
ADMINISTRATOR 94.101.187.85 
ADMINISTRATOR 94.101.187.85 
ADMINISTRATOR 94.101.187.85 
ADMINISTRATOR 94.101.187.85 
EGIED 81.45.139.22 
ADMINISTRATOR 94.101.187.85 
ADMINISTRATOR 94.101.187.85 
ADMINISTRATOR 94.101.187.85 
ADMINISTRATOR 94.101.187.85 
ADMINISTRATOR 94.101.187.85 
ADMINISTRATOR 94.101.187.85 
ADMINISTRATOR 94.101.187.85 
ADMINISTRATOR 94.101.187.85 
ADMINISTRATOR 94.101.187.85 
ADMINISTRATOR 94.101.187.85 
ADMINISTRATOR 94.101.187.85 
ADMINISTRATOR 94.101.187.85 
ADMINISTRATOR 94.101.187.85 
ADMINISTRATOR 94.101.187.85 
ADMINISTRATOR 94.101.187.85 
ADMINISTRATOR 94.101.187.85 
ADMINISTRATOR 94.101.187.85 
ADMINISTRATOR 94.101.187.85 
ADMINISTRATOR 94.101.187.85 
ADMINISTRATOR 94.101.187.85 
ADMINISTRATOR 94.101.187.85 
ADMINISTRATOR 94.101.187.85 
ADMINISTRATOR 94.101.187.85 
ADMINISTRATOR 94.101.187.85 
ADMINISTRATOR 94.101.187.85 
ADMINISTRATOR 94.101.187.85 
ADMINISTRATOR 94.101.187.85 
ADMINISTRATOR 94.101.187.85 
ADMINISTRATOR 94.101.187.85 
ADMINISTRATOR 94.101.187.85 
ADMINISTRATOR 94.101.187.85 
ADMINISTRATOR 94.101.187.85 
ADMINISTRATOR 94.101.187.85 
ADMINISTRATOR 94.101.187.85 
ADMINISTRATOR 94.101.187.85 
ADMINISTRATOR 94.101.187.85 
ADMINISTRATOR 94.101.187.85 
ADMINISTRATOR 94.101.187.85 
ADMINISTRATOR 94.101.187.85 
ADMINISTRATOR 94.101.187.85 
ADMINISTRATOR 94.101.187.85 
ADMINISTRATOR 94.101.187.85 
ADMINISTRATOR 94.101.187.85 
ADMINISTRATOR 94.101.187.85 
EIGENAAR 81.45.139.22 
ADMINISTRATOR 94.101.187.85 
ADMINISTRATOR 94.101.187.85 
ADMINISTRATOR 94.101.187.85 
ADMINISTRATOR 94.101.187.85 
ADMINISTRATOR 94.101.187.85 
ADMINISTRATOR 94.101.187.85 
ADMINISTRATOR 94.101.187.85 
ADMINISTRATOR 94.101.187.85 
ADMINISTRATOR 94.101.187.85 
ADMINISTRATOR 94.101.187.85 
ADMINISTRATOR 94.101.187.85 
ADMINISTRATOR 94.101.187.85 
ADMINISTRATOR 94.101.187.85 
ADMINISTRATOR 94.101.187.85 
ADMINISTRATOR 94.101.187.85 
ADMINISTRATOR 94.101.187.85 
ADMINISTRATOR 94.101.187.85 
ADMINISTRATOR 94.101.187.85 
ADMINISTRATOR 94.101.187.85 
ADMINISTRATOR 94.101.187.85 
ADMINISTRATOR 94.101.187.85 
ADMINISTRATOR 94.101.187.85 
ADMINISTRATOR 94.101.187.85 
ADMINISTRATOR 94.101.187.85 
ADMINISTRATOR 94.101.187.85 
ADMINISTRATOR 94.101.187.85 
ADMINISTRATOR 94.101.187.85 
ADMINISTRATOR 94.101.187.85 
ADMINISTRATOR 94.101.187.85 
ADMINISTRATOR 94.101.187.85 
ADMINISTRATOR 94.101.187.85 
ADMINISTRATOR 94.101.187.85 
ADMINISTRATOR 94.101.187.85 
ADMINISTRATOR 94.101.187.85 
ADMINISTRATOR 94.101.187.85 
ADMINISTRATOR 94.101.187.85 
ADMINISTRATOR 94.101.187.85 
ADMINISTRATOR 94.101.187.85 
ADMINISTRATOR 94.101.187.85 
ADMINISTRATOR 94.101.187.85 
ADMINISTRATOR 94.101.187.85 
ADMINISTRATOR 94.101.187.85 
ADMINISTRATOR 94.101.187.85 
ADMINISTRATOR 94.101.187.85 
ADMINISTRATOR 94.101.187.85 
ADMINISTRATOR 94.101.187.85 
ADMINISTRATOR 94.101.187.85 
ADMINISTRATOR 94.101.187.85 
EJPS 81.45.139.22 
ADMINISTRATOR 94.101.187.85 
ADMINISTRATOR 94.101.187.85 
ADMINISTRATOR 94.101.187.85 
ADMINISTRATOR 94.101.187.85 
ADMINISTRATOR 94.101.187.85 
ADMINISTRATOR 94.101.187.85 
ADMINISTRATOR 94.101.187.85 
ADMINISTRATOR 94.101.187.85 
ADMINISTRATOR 94.101.187.85 
ADMINISTRATOR 94.101.187.85 
ADMINISTRATOR 94.101.187.85 
ADMINISTRATOR 94.101.187.85 
ADMINISTRATOR 94.101.187.85 
ADMINISTRATOR 94.101.187.85 
ADMINISTRATOR 94.101.187.85 
ADMINISTRATOR 94.101.187.85 
ADMINISTRATOR 94.101.187.85 
ADMINISTRATOR 94.101.187.85 
ADMINISTRATOR 94.101.187.85 
ADMINISTRATOR 94.101.187.85 
ADMINISTRATOR 94.101.187.85 
ADMINISTRATOR 94.101.187.85 
ADMINISTRATOR 94.101.187.85 
ADMINISTRATOR 94.101.187.85 
ADMINISTRATOR 94.101.187.85 
OK 51.159.103.25 
ADMINISTRATOR 94.101.187.85 
ADMINISTRATOR 94.101.187.85 
ADMINISTRATOR 94.101.187.85 
ADMINISTRATOR 94.101.187.85 
ADMINISTRATOR 94.101.187.85 
ADMINISTRATOR 94.101.187.85 
ADMINISTRATOR 94.101.187.85 
ADMINISTRATOR 94.101.187.85 
ADMINISTRATOR 94.101.187.85 
ADMINISTRATOR 94.101.187.85 
ADMINISTRATOR 94.101.187.85 
ADMINISTRATOR 94.101.187.85 
ADMINISTRATOR 94.101.187.85 
ADMINISTRATOR 94.101.187.85 
ADMINISTRATOR 94.101.187.85 
ADMINISTRATOR 94.101.187.85 
ADMINISTRATOR 94.101.187.85 
ADMINISTRATOR 94.101.187.85 
ADMINISTRATOR 94.101.187.85 
ADMINISTRATOR 94.101.187.85 
ADMINISTRATOR 94.101.187.85 
ADMINISTRATOR 94.101.187.85 
ADMINISTRATOR 94.101.187.85 
ADMINISTRATOR 94.101.187.85 
ADMINISTRATOR 94.101.187.85 
ADMINISTRATOR 94.101.187.85 
ADMINISTRATOR 94.101.187.85 
ADMINISTRATOR 94.101.187.85 
ADMINISTRATOR 94.101.187.85 
ADMINISTRATOR 94.101.187.85 
ADMINISTRATOR 94.101.187.85 
ADMINISTRATOR 94.101.187.85 
ADMINISTRATOR 94.101.187.85 
ADMINISTRATOR 94.101.187.85 
ADMINISTRATOR 94.101.187.85 
ADMINISTRATOR 94.101.187.85 
ADMINISTRATOR 94.101.187.85 
ADMINISTRATOR 94.101.187.85 
ADMINISTRATOR 94.101.187.85 
ADMINISTRATOR 94.101.187.85 
ADMINISTRATOR 94.101.187.85 
ADMINISTRATOR 94.101.187.85 
ADMINISTRATOR 94.101.187.85 
ADMINISTRATOR 94.101.187.85 
ADMINISTRATOR 94.101.187.85 
ADMINISTRATOR 94.101.187.85 
ADMINISTRATOR 94.101.187.85 
ADMINISTRATOR 94.101.187.85 
ADMINISTRATOR 94.101.187.85 
ADMINISTRATOR 94.101.187.85 
ADMINISTRATOR 94.101.187.85 
ADMINISTRATOR 94.101.187.85 
ADMINISTRATOR 94.101.187.85 
ADMINISTRATOR 94.101.187.85 
ADMINISTRATOR 94.101.187.85 
ADMINISTRATOR 94.101.187.85 
ADMINISTRATOR 94.101.187.85 
ADMINISTRATOR 94.101.187.85 
ADMINISTRATOR 94.101.187.85 
ADMINISTRATOR 94.101.187.85 
ADMINISTRATOR 94.101.187.85 
ADMINISTRATOR 94.101.187.85 
ADMINISTRATOR 94.101.187.85 
EKT 81.45.139.22 
ADMINISTRATOR 94.101.187.85 
ADMINISTRATOR 94.101.187.85 
ADMINISTRATOR 94.101.187.85 
ADMINISTRATOR 94.101.187.85 
ADMINISTRATOR 94.101.187.85 
ADMINISTRATOR 94.101.187.85 
ADMINISTRATOR 94.101.187.85 
ADMINISTRATOR 94.101.187.85 
ADMINISTRATOR 94.101.187.85 
ADMINISTRATOR 94.101.187.85 
ADMINISTRATOR 94.101.187.85 
ADMINISTRATOR 94.101.187.85 
ADMINISTRATOR 94.101.187.85 
ADMINISTRATOR 94.101.187.85 
ADMINISTRATOR 94.101.187.85 
ADMINISTRATOR 94.101.187.85 
ADMINISTRATOR 94.101.187.85 
ADMINISTRATOR 94.101.187.85 
ADMINISTRATOR 94.101.187.85 
ADMINISTRATOR 94.101.187.85 
ADMINISTRATOR 94.101.187.85 
ADMINISTRATOR 94.101.187.85 
ADMINISTRATOR 94.101.187.85 
ADMINISTRATOR 94.101.187.85 
ADMINISTRATOR 94.101.187.85 
ADMINISTRATOR 94.101.187.85 
ADMINISTRATOR 94.101.187.85 
ADMINISTRATOR 94.101.187.85 
ADMINISTRATOR 94.101.187.85 
ADMINISTRATOR 94.101.187.85 
ADMINISTRATOR 94.101.187.85 
ADMINISTRATOR 94.101.187.85 
ADMINISTRATOR 94.101.187.85 
ADMINISTRATOR 94.101.187.85 
ADMINISTRATOR 94.101.187.85 
ADMINISTRATOR 94.101.187.85 
ADMINISTRATOR 94.101.187.85 
ADMINISTRATOR 94.101.187.85 
ADMINISTRATOR 94.101.187.85 
ADMINISTRATOR 94.101.187.85 
ADMINISTRATOR 94.101.187.85 
ADMINISTRATOR 94.101.187.85 
ADMINISTRATOR 94.101.187.85 
ADMINISTRATOR 94.101.187.85 
ADMINISTRATOR 94.101.187.85 
ADMINISTRATOR 94.101.187.85 
ADMINISTRATOR 94.101.187.85 
ADMINISTRATOR 94.101.187.85 
ADMINISTRATOR 94.101.187.85 
ADMINISTRATOR 94.101.187.85 
ADMINISTRATOR 94.101.187.85 
ADMINISTRATOR 94.101.187.85 
ADMINISTRATOR 94.101.187.85 
ADMINISTRATOR 94.101.187.85 
ADMINISTRATOR 94.101.187.85 
ADMINISTRATOR 94.101.187.85 
ADMINISTRATOR 94.101.187.85 
ADMINISTRATOR 94.101.187.85 
ADMINISTRATOR 94.101.187.85 
ADMINISTRATOR 94.101.187.85 
ADMINISTRATOR 94.101.187.85 
ADMINISTRATOR 94.101.187.85 
ADMINISTRATOR 94.101.187.85 
ADMINISTRATOR 94.101.187.85 
ADMINISTRATOR 94.101.187.85 
ADMINISTRATOR 94.101.187.85 
ADMINISTRATOR 94.101.187.85 
ADMINISTRATOR 94.101.187.85 
ADMINISTRATOR 94.101.187.85 
ADMINISTRATOR 94.101.187.85 
ADMINISTRATOR 94.101.187.85 
ADMINISTRATOR 94.101.187.85 
ADMINISTRATOR 94.101.187.85 
ADMINISTRATOR 94.101.187.85 
ADMINISTRATOR 94.101.187.85 
ADMINISTRATOR 94.101.187.85 
ADMINISTRATOR 94.101.187.85 
ADMINISTRATOR 94.101.187.85 
ADMINISTRATOR 94.101.187.85 
ADMINISTRATOR 94.101.187.85 
ADMINISTRATOR 94.101.187.85 
ADMINISTRATOR 94.101.187.85 
ADMINISTRATOR 94.101.187.85 
ADMINISTRATOR 94.101.187.85 
ADMINISTRATOR 94.101.187.85 
ADMINISTRATOR 94.101.187.85 
ADMINISTRATOR 94.101.187.85 
ADMINISTRATOR 94.101.187.85 
ADMINISTRATOR 94.101.187.85 
ADMINISTRATOR 94.101.187.85 
ADMINISTRATOR 94.101.187.85 
ELBERT 81.45.139.22 
ADMINISTRATOR 94.101.187.85 
ADMINISTRATOR 94.101.187.85 
ADMINISTRATOR 94.101.187.85 
ADMINISTRATOR 94.101.187.85 
ADMINISTRATOR 94.101.187.85 
ADMINISTRATOR 94.101.187.85 
ADMINISTRATOR 94.101.187.85 
ADMINISTRATOR 94.101.187.85 
ADMINISTRATOR 94.101.187.85 
ADMINISTRATOR 94.101.187.85 
ADMINISTRATOR 94.101.187.85 
ADMINISTRATOR 94.101.187.85 
ADMINISTRATOR 94.101.187.85 
ADMINISTRATOR 94.101.187.85 
ADMINISTRATOR 94.101.187.85 
ADMINISTRATOR 94.101.187.85 
ADMINISTRATOR 94.101.187.85 
ADMINISTRATOR 94.101.187.85 
ADMINISTRATOR 94.101.187.85 
ADMINISTRATOR 94.101.187.85 
ADMINISTRATOR 94.101.187.85 
ADMINISTRATOR 94.101.187.85 
ADMINISTRATOR 94.101.187.85 
ADMINISTRATOR 94.101.187.85 
ADMINISTRATOR 94.101.187.85 
ADMINISTRATOR 94.101.187.85 
ADMINISTRATOR 94.101.187.85 
ADMINISTRATOR 94.101.187.85 
ADMINISTRATOR 94.101.187.85 
ADMINISTRATOR 94.101.187.85 
ADMINISTRATOR 94.101.187.85 
ADMINISTRATOR 94.101.187.85 
ADMINISTRATOR 94.101.187.85 
ADMINISTRATOR 94.101.187.85 
ADMINISTRATOR 94.101.187.85 
ADMINISTRATOR 94.101.187.85 
ADMINISTRATOR 94.101.187.85 
ADMINISTRATOR 94.101.187.85 
ADMINISTRATOR 94.101.187.85 
ADMINISTRATOR 94.101.187.85 
ADMINISTRATOR 94.101.187.85 
ADMINISTRATOR 94.101.187.85 
ADMINISTRATOR 94.101.187.85 
ADMINISTRATOR 94.101.187.85 
ADMINISTRATOR 94.101.187.85 
ADMINISTRATOR 94.101.187.85 
ELBRECHT 81.45.139.22 
ADMINISTRATOR 94.101.187.85 
ADMINISTRATOR 94.101.187.85 
ADMINISTRATOR 94.101.187.85 
ADMINISTRATOR 94.101.187.85 
ADMINISTRATOR 94.101.187.85 
ADMINISTRATOR 94.101.187.85 
ADMINISTRATOR 94.101.187.85 
ADMINISTRATOR 94.101.187.85 
ADMINISTRATOR 94.101.187.85 
ADMINISTRATOR 94.101.187.85 
ADMINISTRATOR 94.101.187.85 
ADMINISTRATOR 94.101.187.85 
ADMINISTRATOR 94.101.187.85 
ADMINISTRATOR 94.101.187.85 
ADMINISTRATOR 94.101.187.85 
ADMINISTRATOR 94.101.187.85 
ADMINISTRATOR 94.101.187.85 
ADMINISTRATOR 94.101.187.85 
ADMINISTRATOR 94.101.187.85 
ADMINISTRATOR 94.101.187.85 
ADMINISTRATOR 94.101.187.85 
ADMINISTRATOR 94.101.187.85 
ADMINISTRATOR 94.101.187.85 
ADMINISTRATOR 94.101.187.85 
ADMINISTRATOR 94.101.187.85 
ADMINISTRATOR 94.101.187.85 
ADMINISTRATOR 94.101.187.85 
ADMINISTRATOR 94.101.187.85 
ADMINISTRATOR 94.101.187.85 
ADMINISTRATOR 94.101.187.85 
ADMINISTRATOR 94.101.187.85 
ADMINISTRATOR 94.101.187.85 
ADMINISTRATOR 94.101.187.85 
ADMINISTRATOR 94.101.187.85 
ADMINISTRATOR 94.101.187.85 
ADMINISTRATOR 94.101.187.85 
ADMINISTRATOR 94.101.187.85 
ADMINISTRATOR 94.101.187.85 
ADMINISTRATOR 94.101.187.85 
ADMINISTRATOR 94.101.187.85 
ADMINISTRATOR 94.101.187.85 
ADMINISTRATOR 94.101.187.85 
ADMINISTRATOR 94.101.187.85 
ADMINISTRATOR 94.101.187.85 
ADMINISTRATOR 94.101.187.85 
ELCO 81.45.139.22 
ADMINISTRATOR 94.101.187.85 
ADMINISTRATOR 94.101.187.85 
ADMINISTRATOR 94.101.187.85 
ADMINISTRATOR 94.101.187.85 
ADMINISTRATOR 94.101.187.85 
ADMINISTRATOR 94.101.187.85 
ADMINISTRATOR 94.101.187.85 
ADMINISTRATOR 94.101.187.85 
ADMINISTRATOR 94.101.187.85 
ADMINISTRATOR 94.101.187.85 
ADMINISTRATOR 94.101.187.85 
ADMINISTRATOR 94.101.187.85 
ADMINISTRATOR 94.101.187.85 
ADMINISTRATOR 94.101.187.85 
ADMINISTRATOR 94.101.187.85 
ADMINISTRATOR 94.101.187.85 
ADMINISTRATOR 94.101.187.85 
ADMINISTRATOR 94.101.187.85 
ADMINISTRATOR 94.101.187.85 
ADMINISTRATOR 94.101.187.85 
ADMINISTRATOR 94.101.187.85 
ADMINISTRATOR 94.101.187.85 
ADMINISTRATOR 94.101.187.85 
ADMINISTRATOR 94.101.187.85 
ADMINISTRATOR 94.101.187.85 
ADMINISTRATOR 94.101.187.85 
ADMINISTRATOR 94.101.187.85 
ADMINISTRATOR 94.101.187.85 
ADMINISTRATOR 94.101.187.85 
ADMINISTRATOR 94.101.187.85 
ADMINISTRATOR 94.101.187.85 
ADMINISTRATOR 94.101.187.85 
ADMINISTRATOR 94.101.187.85 
ADMINISTRATOR 94.101.187.85 
ADMINISTRATOR 94.101.187.85 
ADMINISTRATOR 94.101.187.85 
ADMINISTRATOR 94.101.187.85 
ADMINISTRATOR 94.101.187.85 
ADMINISTRATOR 94.101.187.85 
ADMINISTRATOR 94.101.187.85 
ADMINISTRATOR 94.101.187.85 
ADMINISTRATOR 94.101.187.85 
ADMINISTRATOR 94.101.187.85 
ADMINISTRATOR 94.101.187.85 
ELDERT 81.45.139.22 
ADMINISTRATOR 94.101.187.85 
ADMINISTRATOR 94.101.187.85 
ADMINISTRATOR 94.101.187.85 
ADMINISTRATOR 94.101.187.85 
ADMINISTRATOR 94.101.187.85 
ADMINISTRATOR 94.101.187.85 
ADMINISTRATOR 94.101.187.85 
ADMINISTRATOR 94.101.187.85 
ADMINISTRATOR 94.101.187.85 
ADMINISTRATOR 94.101.187.85 
ADMINISTRATOR 94.101.187.85 
ADMINISTRATOR 94.101.187.85 
ADMINISTRATOR 94.101.187.85 
ADMINISTRATOR 94.101.187.85 
ADMINISTRATOR 94.101.187.85 
ADMINISTRATOR 94.101.187.85 
ADMINISTRATOR 94.101.187.85 
ADMINISTRATOR 94.101.187.85 
ADMINISTRATOR 94.101.187.85 
ADMINISTRATOR 94.101.187.85 
ADMINISTRATOR 94.101.187.85 
ADMINISTRATOR 94.101.187.85 
ADMINISTRATOR 94.101.187.85 
ADMINISTRATOR 94.101.187.85 
ADMINISTRATOR 94.101.187.85 
ADMINISTRATOR 94.101.187.85 
ADMINISTRATOR 94.101.187.85 
ADMINISTRATOR 94.101.187.85 
ADMINISTRATOR 94.101.187.85 
ADMINISTRATOR 94.101.187.85 
ADMINISTRATOR 94.101.187.85 
ADMINISTRATOR 94.101.187.85 
ADMINISTRATOR 94.101.187.85 
ADMINISTRATOR 94.101.187.85 
ADMINISTRATOR 94.101.187.85 
ADMINISTRATOR 94.101.187.85 
ADMINISTRATOR 94.101.187.85 
ADMINISTRATOR 94.101.187.85 
ADMINISTRATOR 94.101.187.85 
ADMINISTRATOR 94.101.187.85 
ADMINISTRATOR 94.101.187.85 
ADMINISTRATOR 94.101.187.85 
ADMINISTRATOR 94.101.187.85 
ADMINISTRATOR 94.101.187.85 
ELENA 81.45.139.22 
ADMINISTRATOR 94.101.187.85 
ADMINISTRATOR 94.101.187.85 
ADMINISTRATOR 94.101.187.85 
ADMINISTRATOR 94.101.187.85 
ADMINISTRATOR 94.101.187.85 
ADMINISTRATOR 94.101.187.85 
ADMINISTRATOR 94.101.187.85 
ADMINISTRATOR 94.101.187.85 
ADMINISTRATOR 94.101.187.85 
ADMINISTRATOR 94.101.187.85 
ADMINISTRATOR 94.101.187.85 
ADMINISTRATOR 94.101.187.85 
ADMINISTRATOR 94.101.187.85 
ADMINISTRATOR 94.101.187.85 
ADMINISTRATOR 94.101.187.85 
ADMINISTRATOR 94.101.187.85 
ADMINISTRATOR 94.101.187.85 
ADMINISTRATOR 94.101.187.85 
ADMINISTRATOR 94.101.187.85 
ADMINISTRATOR 94.101.187.85 
ADMINISTRATOR 94.101.187.85 
ADMINISTRATOR 94.101.187.85 
ADMINISTRATOR 94.101.187.85 
ADMINISTRATOR 94.101.187.85 
ADMINISTRATOR 94.101.187.85 
ADMINISTRATOR 94.101.187.85 
ADMINISTRATOR 94.101.187.85 
ADMINISTRATOR 94.101.187.85 
ADMINISTRATOR 94.101.187.85 
ADMINISTRATOR 94.101.187.85 
ADMINISTRATOR 94.101.187.85 
ADMINISTRATOR 94.101.187.85 
ADMINISTRATOR 94.101.187.85 
ADMINISTRATOR 94.101.187.85 
ADMINISTRATOR 94.101.187.85 
ADMINISTRATOR 94.101.187.85 
ADMINISTRATOR 94.101.187.85 
ADMINISTRATOR 94.101.187.85 
ADMINISTRATOR 94.101.187.85 
ADMINISTRATOR 94.101.187.85 
ADMINISTRATOR 94.101.187.85 
ADMINISTRATOR 94.101.187.85 
ADMINISTRATOR 94.101.187.85 
ADMINISTRATOR 94.101.187.85 
ELEONORA 81.45.139.22 
ADMINISTRATOR 94.101.187.85 
ADMINISTRATOR 94.101.187.85 
ADMINISTRATOR 94.101.187.85 
ADMINISTRATOR 94.101.187.85 
ADMINISTRATOR 94.101.187.85 
ADMINISTRATOR 94.101.187.85 
ADMINISTRATOR 94.101.187.85 
ADMINISTRATOR 94.101.187.85 
ADMINISTRATOR 94.101.187.85 
ADMINISTRATOR 94.101.187.85 
ADMINISTRATOR 94.101.187.85 
ADMINISTRATOR 94.101.187.85 
ADMINISTRATOR 94.101.187.85 
ADMINISTRATOR 94.101.187.85 
ADMINISTRATOR 94.101.187.85 
ADMINISTRATOR 94.101.187.85 
ADMINISTRATOR 94.101.187.85 
ADMINISTRATOR 94.101.187.85 
ADMINISTRATOR 94.101.187.85 
ADMINISTRATOR 94.101.187.85 
ADMINISTRATOR 94.101.187.85 
ADMINISTRATOR 94.101.187.85 
ADMINISTRATOR 94.101.187.85 
ADMINISTRATOR 94.101.187.85 
ADMINISTRATOR 94.101.187.85 
IGOR 51.159.103.25 
ADMINISTRATOR 94.101.187.85 
ADMINISTRATOR 94.101.187.85 
ADMINISTRATOR 94.101.187.85 
ADMINISTRATOR 94.101.187.85 
ADMINISTRATOR 94.101.187.85 
ADMINISTRATOR 94.101.187.85 
ADMINISTRATOR 94.101.187.85 
ADMINISTRATOR 94.101.187.85 
ADMINISTRATOR 94.101.187.85 
ADMINISTRATOR 94.101.187.85 
ADMINISTRATOR 94.101.187.85 
ADMINISTRATOR 94.101.187.85 
ADMINISTRATOR 94.101.187.85 
ADMINISTRATOR 94.101.187.85 
ADMINISTRATOR 94.101.187.85 
ADMINISTRATOR 94.101.187.85 
ADMINISTRATOR 94.101.187.85 
ADMINISTRATOR 94.101.187.85 
ADMINISTRATOR 94.101.187.85 
ADMINISTRATOR 94.101.187.85 
ADMINISTRATOR 94.101.187.85 
ADMINISTRATOR 94.101.187.85 
ADMINISTRATOR 94.101.187.85 
ADMINISTRATOR 94.101.187.85 
ADMINISTRATOR 94.101.187.85 
ADMINISTRATOR 94.101.187.85 
ADMINISTRATOR 94.101.187.85 
ADMINISTRATOR 94.101.187.85 
ADMINISTRATOR 94.101.187.85 
ADMINISTRATOR 94.101.187.85 
ADMINISTRATOR 94.101.187.85 
ADMINISTRATOR 94.101.187.85 
ADMINISTRATOR 94.101.187.85 
ADMINISTRATOR 94.101.187.85 
ADMINISTRATOR 94.101.187.85 
ADMINISTRATOR 94.101.187.85 
ADMINISTRATOR 94.101.187.85 
ADMINISTRATOR 94.101.187.85 
ADMINISTRATOR 94.101.187.85 
ADMINISTRATOR 94.101.187.85 
ADMINISTRATOR 94.101.187.85 
ADMINISTRATOR 94.101.187.85 
ADMINISTRATOR 94.101.187.85 
ADMINISTRATOR 94.101.187.85 
ADMINISTRATOR 94.101.187.85 
ADMINISTRATOR 94.101.187.85 
ADMINISTRATOR 94.101.187.85 
ADMINISTRATOR 94.101.187.85 
ADMINISTRATOR 94.101.187.85 
ADMINISTRATOR 94.101.187.85 
ADMINISTRATOR 94.101.187.85 
ADMINISTRATOR 94.101.187.85 
ADMINISTRATOR 94.101.187.85 
ADMINISTRATOR 94.101.187.85 
ADMINISTRATOR 94.101.187.85 
ADMINISTRATOR 94.101.187.85 
ADMINISTRATOR 94.101.187.85 
ADMINISTRATOR 94.101.187.85 
ADMINISTRATOR 94.101.187.85 
ADMINISTRATOR 94.101.187.85 
ADMINISTRATOR 94.101.187.85 
ADMINISTRATOR 94.101.187.85 
ADMINISTRATOR 94.101.187.85 
ELI 81.45.139.22 
ADMINISTRATOR 94.101.187.85 
ADMINISTRATOR 94.101.187.85 
ADMINISTRATOR 94.101.187.85 
ADMINISTRATOR 94.101.187.85 
ADMINISTRATOR 94.101.187.85 
ADMINISTRATOR 94.101.187.85 
ADMINISTRATOR 94.101.187.85 
ADMINISTRATOR 94.101.187.85 
ADMINISTRATOR 94.101.187.85 
ADMINISTRATOR 94.101.187.85 
ADMINISTRATOR 94.101.187.85 
ADMINISTRATOR 94.101.187.85 
ADMINISTRATOR 94.101.187.85 
ADMINISTRATOR 94.101.187.85 
ADMINISTRATOR 94.101.187.85 
ADMINISTRATOR 94.101.187.85 
ADMINISTRATOR 94.101.187.85 
ADMINISTRATOR 94.101.187.85 
ADMINISTRATOR 94.101.187.85 
ADMINISTRATOR 94.101.187.85 
ADMINISTRATOR 94.101.187.85 
ADMINISTRATOR 94.101.187.85 
ADMINISTRATOR 94.101.187.85 
ADMINISTRATOR 94.101.187.85 
ADMINISTRATOR 94.101.187.85 
ADMINISTRATOR 94.101.187.85 
ADMINISTRATOR 94.101.187.85 
ADMINISTRATOR 94.101.187.85 
ADMINISTRATOR 94.101.187.85 
ADMINISTRATOR 94.101.187.85 
ADMINISTRATOR 94.101.187.85 
ADMINISTRATOR 94.101.187.85 
ADMINISTRATOR 94.101.187.85 
ADMINISTRATOR 94.101.187.85 
ADMINISTRATOR 94.101.187.85 
ADMINISTRATOR 94.101.187.85 
ADMINISTRATOR 94.101.187.85 
2 51.159.103.25 
ADMINISTRATOR 94.101.187.85 
ADMINISTRATOR 94.101.187.85 
ADMINISTRATOR 94.101.187.85 
ADMINISTRATOR 94.101.187.85 
ADMINISTRATOR 94.101.187.85 
ADMINISTRATOR 94.101.187.85 
ADMINISTRATOR 94.101.187.85 
ELIA 81.45.139.22 
ADMINISTRATOR 94.101.187.85 
ADMINISTRATOR 94.101.187.85 
ADMINISTRATOR 94.101.187.85 
ADMINISTRATOR 94.101.187.85 
ADMINISTRATOR 94.101.187.85 
ADMINISTRATOR 94.101.187.85 
ADMINISTRATOR 94.101.187.85 
ADMINISTRATOR 94.101.187.85 
ADMINISTRATOR 94.101.187.85 
ADMINISTRATOR 94.101.187.85 
ADMINISTRATOR 94.101.187.85 
ADMINISTRATOR 94.101.187.85 
ADMINISTRATOR 94.101.187.85 
ADMINISTRATOR 94.101.187.85 
ADMINISTRATOR 94.101.187.85 
ADMINISTRATOR 94.101.187.85 
ADMINISTRATOR 94.101.187.85 
ADMINISTRATOR 94.101.187.85 
ADMINISTRATOR 94.101.187.85 
ADMINISTRATOR 94.101.187.85 
ADMINISTRATOR 94.101.187.85 
ADMINISTRATOR 94.101.187.85 
ADMINISTRATOR 94.101.187.85 
ADMINISTRATOR 94.101.187.85 
ADMINISTRATOR 94.101.187.85 
ADMINISTRATOR 94.101.187.85 
ADMINISTRATOR 94.101.187.85 
ADMINISTRATOR 94.101.187.85 
ADMINISTRATOR 94.101.187.85 
ADMINISTRATOR 94.101.187.85 
ADMINISTRATOR 94.101.187.85 
ADMINISTRATOR 94.101.187.85 
ADMINISTRATOR 94.101.187.85 
ADMINISTRATOR 94.101.187.85 
ADMINISTRATOR 94.101.187.85 
ADMINISTRATOR 94.101.187.85 
ADMINISTRATOR 94.101.187.85 
ADMINISTRATOR 94.101.187.85 
ADMINISTRATOR 94.101.187.85 
ADMINISTRATOR 94.101.187.85 
ADMINISTRATOR 94.101.187.85 
ADMINISTRATOR 94.101.187.85 
ADMINISTRATOR 94.101.187.85 
ADMINISTRATOR 94.101.187.85 
ELIAS 81.45.139.22 
ADMINISTRATOR 94.101.187.85 
ADMINISTRATOR 94.101.187.85 
ADMINISTRATOR 94.101.187.85 
ADMINISTRATOR 94.101.187.85 
ADMINISTRATOR 94.101.187.85 
ADMINISTRATOR 94.101.187.85 
ADMINISTRATOR 94.101.187.85 
ADMINISTRATOR 94.101.187.85 
ADMINISTRATOR 94.101.187.85 
ADMINISTRATOR 94.101.187.85 
ADMINISTRATOR 94.101.187.85 
ADMINISTRATOR 94.101.187.85 
ADMINISTRATOR 94.101.187.85 
ADMINISTRATOR 94.101.187.85 
ADMINISTRATOR 94.101.187.85 
ADMINISTRATOR 94.101.187.85 
ADMINISTRATOR 94.101.187.85 
ADMINISTRATOR 94.101.187.85 
ADMINISTRATOR 94.101.187.85 
ADMINISTRATOR 94.101.187.85 
ADMINISTRATOR 94.101.187.85 
ADMINISTRATOR 94.101.187.85 
ADMINISTRATOR 94.101.187.85 
ADMINISTRATOR 94.101.187.85 
ADMINISTRATOR 94.101.187.85 
ADMINISTRATOR 94.101.187.85 
ADMINISTRATOR 94.101.187.85 
ADMINISTRATOR 94.101.187.85 
ADMINISTRATOR 94.101.187.85 
ADMINISTRATOR 94.101.187.85 
ADMINISTRATOR 94.101.187.85 
ADMINISTRATOR 94.101.187.85 
ADMINISTRATOR 94.101.187.85 
ADMINISTRATOR 94.101.187.85 
ADMINISTRATOR 94.101.187.85 
ADMINISTRATOR 94.101.187.85 
ADMINISTRATOR 94.101.187.85 
ADMINISTRATOR 94.101.187.85 
ADMINISTRATOR 94.101.187.85 
ADMINISTRATOR 94.101.187.85 
ADMINISTRATOR 94.101.187.85 
ADMINISTRATOR 94.101.187.85 
ADMINISTRATOR 94.101.187.85 
ADMINISTRATOR 94.101.187.85 
ADMINISTRATOR 94.101.187.85 
ADMINISTRATOR 94.101.187.85 
ADMINISTRATOR 94.101.187.85 
ADMINISTRATOR 94.101.187.85 
ADMINISTRATOR 94.101.187.85 
ADMINISTRATOR 94.101.187.85 
ADMINISTRATOR 94.101.187.85 
ADMINISTRATOR 94.101.187.85 
ADMINISTRATOR 94.101.187.85 
ADMINISTRATOR 94.101.187.85 
ADMINISTRATOR 94.101.187.85 
ADMINISTRATOR 94.101.187.85 
ADMINISTRATOR 94.101.187.85 
ADMINISTRATOR 94.101.187.85 
ADMINISTRATOR 94.101.187.85 
ADMINISTRATOR 94.101.187.85 
ADMINISTRATOR 94.101.187.85 
ADMINISTRATOR 94.101.187.85 
ADMINISTRATOR 94.101.187.85 
ADMINISTRATOR 94.101.187.85 
ADMINISTRATOR 94.101.187.85 
ADMINISTRATOR 94.101.187.85 
ADMINISTRATOR 94.101.187.85 
ADMINISTRATOR 94.101.187.85 
ADMINISTRATOR 94.101.187.85 
ADMINISTRATOR 94.101.187.85 
ADMINISTRATOR 94.101.187.85 
ADMINISTRATOR 94.101.187.85 
ADMINISTRATOR 94.101.187.85 
ADMINISTRATOR 94.101.187.85 
ADMINISTRATOR 94.101.187.85 
ADMINISTRATOR 94.101.187.85 
ADMINISTRATOR 94.101.187.85 
ADMINISTRATOR 94.101.187.85 
ADMINISTRATOR 94.101.187.85 
ADMINISTRATOR 94.101.187.85 
ADMINISTRATOR 94.101.187.85 
ADMINISTRATOR 94.101.187.85 
ADMINISTRATOR 94.101.187.85 
ADMINISTRATOR 94.101.187.85 
ADMINISTRATOR 94.101.187.85 
ADMINISTRATOR 94.101.187.85 
ADMINISTRATOR 94.101.187.85 
ADMINISTRATOR 94.101.187.85 
ELIJAH 81.45.139.22 
ADMINISTRATOR 94.101.187.85 
ADMINISTRATOR 94.101.187.85 
ADMINISTRATOR 94.101.187.85 
ADMINISTRATOR 94.101.187.85 
ADMINISTRATOR 94.101.187.85 
ADMINISTRATOR 94.101.187.85 
ADMINISTRATOR 94.101.187.85 
ADMINISTRATOR 94.101.187.85 
ADMINISTRATOR 94.101.187.85 
ADMINISTRATOR 94.101.187.85 
ADMINISTRATOR 94.101.187.85 
ADMINISTRATOR 94.101.187.85 
ADMINISTRATOR 94.101.187.85 
ADMINISTRATOR 94.101.187.85 
ADMINISTRATOR 94.101.187.85 
ADMINISTRATOR 94.101.187.85 
ADMINISTRATOR 94.101.187.85 
ADMINISTRATOR 94.101.187.85 
ADMINISTRATOR 94.101.187.85 
ADMINISTRATOR 94.101.187.85 
ADMINISTRATOR 94.101.187.85 
ADMINISTRATOR 94.101.187.85 
ADMINISTRATOR 94.101.187.85 
ADMINISTRATOR 94.101.187.85 
ADMINISTRATOR 94.101.187.85 
ADMINISTRATOR 94.101.187.85 
ADMINISTRATOR 94.101.187.85 
ADMINISTRATOR 94.101.187.85 
ADMINISTRATOR 94.101.187.85 
ADMINISTRATOR 94.101.187.85 
ADMINISTRATOR 94.101.187.85 
ADMINISTRATOR 94.101.187.85 
ADMINISTRATOR 94.101.187.85 
ADMINISTRATOR 94.101.187.85 
ADMINISTRATOR 94.101.187.85 
ADMINISTRATOR 94.101.187.85 
ADMINISTRATOR 94.101.187.85 
ADMINISTRATOR 94.101.187.85 
ADMINISTRATOR 94.101.187.85 
ADMINISTRATOR 94.101.187.85 
ADMINISTRATOR 94.101.187.85 
ADMINISTRATOR 94.101.187.85 
ADMINISTRATOR 94.101.187.85 
ADMINISTRATOR 94.101.187.85 
ADMINISTRATOR 94.101.187.85 
ELIN 81.45.139.22 
ADMINISTRATOR 94.101.187.85 
ADMINISTRATOR 94.101.187.85 
ADMINISTRATOR 94.101.187.85 
ADMINISTRATOR 94.101.187.85 
ADMINISTRATOR 94.101.187.85 
ADMINISTRATOR 94.101.187.85 
ADMINISTRATOR 94.101.187.85 
ADMINISTRATOR 94.101.187.85 
ADMINISTRATOR 94.101.187.85 
ADMINISTRATOR 94.101.187.85 
ADMINISTRATOR 94.101.187.85 
ADMINISTRATOR 94.101.187.85 
ADMINISTRATOR 94.101.187.85 
ADMINISTRATOR 94.101.187.85 
ADMINISTRATOR 94.101.187.85 
ADMINISTRATOR 94.101.187.85 
ADMINISTRATOR 94.101.187.85 
ADMINISTRATOR 94.101.187.85 
ADMINISTRATOR 94.101.187.85 
ADMINISTRATOR 94.101.187.85 
ADMINISTRATOR 94.101.187.85 
ADMINISTRATOR 94.101.187.85 
ADMINISTRATOR 94.101.187.85 
ADMINISTRATOR 94.101.187.85 
ADMINISTRATOR 94.101.187.85 
ADMINISTRATOR 94.101.187.85 
ADMINISTRATOR 94.101.187.85 
ADMINISTRATOR 94.101.187.85 
ADMINISTRATOR 94.101.187.85 
ADMINISTRATOR 94.101.187.85 
ADMINISTRATOR 94.101.187.85 
ADMINISTRATOR 94.101.187.85 
ADMINISTRATOR 94.101.187.85 
ADMINISTRATOR 94.101.187.85 
ADMINISTRATOR 94.101.187.85 
ADMINISTRATOR 94.101.187.85 
ADMINISTRATOR 94.101.187.85 
ADMINISTRATOR 94.101.187.85 
ADMINISTRATOR 94.101.187.85 
ADMINISTRATOR 94.101.187.85 
ADMINISTRATOR 94.101.187.85 
ADMINISTRATOR 94.101.187.85 
ADMINISTRATOR 94.101.187.85 
ADMINISTRATOR 94.101.187.85 
ADMINISTRATOR 94.101.187.85 
ELINA 81.45.139.22 
ADMINISTRATOR 94.101.187.85 
ADMINISTRATOR 94.101.187.85 
ADMINISTRATOR 94.101.187.85 
ADMINISTRATOR 94.101.187.85 
ADMINISTRATOR 94.101.187.85 
ADMINISTRATOR 94.101.187.85 
ADMINISTRATOR 94.101.187.85 
ADMINISTRATOR 94.101.187.85 
ADMINISTRATOR 94.101.187.85 
ADMINISTRATOR 94.101.187.85 
ADMINISTRATOR 94.101.187.85 
ADMINISTRATOR 94.101.187.85 
ADMINISTRATOR 94.101.187.85 
ADMINISTRATOR 94.101.187.85 
ADMINISTRATOR 94.101.187.85 
ADMINISTRATOR 94.101.187.85 
ADMINISTRATOR 94.101.187.85 
ADMINISTRATOR 94.101.187.85 
ADMINISTRATOR 94.101.187.85 
ADMINISTRATOR 94.101.187.85 
ADMINISTRATOR 94.101.187.85 
ADMINISTRATOR 94.101.187.85 
ADMINISTRATOR 94.101.187.85 
ADMINISTRATOR 94.101.187.85 
ADMINISTRATOR 94.101.187.85 
ADMINISTRATOR 94.101.187.85 
ADMINISTRATOR 94.101.187.85 
ADMINISTRATOR 94.101.187.85 
ADMINISTRATOR 94.101.187.85 
ADMINISTRATOR 94.101.187.85 
ADMINISTRATOR 94.101.187.85 
ADMINISTRATOR 94.101.187.85 
ADMINISTRATOR 94.101.187.85 
ADMINISTRATOR 94.101.187.85 
ADMINISTRATOR 94.101.187.85 
ADMINISTRATOR 94.101.187.85 
ADMINISTRATOR 94.101.187.85 
ADMINISTRATOR 94.101.187.85 
ADMINISTRATOR 94.101.187.85 
ADMINISTRATOR 94.101.187.85 
ADMINISTRATOR 94.101.187.85 
ADMINISTRATOR 94.101.187.85 
ADMINISTRATOR 94.101.187.85 
ADMINISTRATOR 94.101.187.85 
ELINE 81.45.139.22 
ADMINISTRATOR 94.101.187.85 
ADMINISTRATOR 94.101.187.85 
ADMINISTRATOR 94.101.187.85 
ADMINISTRATOR 94.101.187.85 
ADMINISTRATOR 94.101.187.85 
ADMINISTRATOR 94.101.187.85 
ADMINISTRATOR 94.101.187.85 
ADMINISTRATOR 94.101.187.85 
ADMINISTRATOR 94.101.187.85 
ADMINISTRATOR 94.101.187.85 
ADMINISTRATOR 94.101.187.85 
ADMINISTRATOR 94.101.187.85 
ADMINISTRATOR 94.101.187.85 
ADMINISTRATOR 94.101.187.85 
ADMINISTRATOR 94.101.187.85 
ADMINISTRATOR 94.101.187.85 
ADMINISTRATOR 94.101.187.85 
ADMINISTRATOR 94.101.187.85 
ADMINISTRATOR 94.101.187.85 
ADMINISTRATOR 94.101.187.85 
ADMINISTRATOR 94.101.187.85 
ADMINISTRATOR 94.101.187.85 
ADMINISTRATOR 94.101.187.85 
ADMINISTRATOR 94.101.187.85 
ADMINISTRATOR 94.101.187.85 
ADMINISTRATOR 94.101.187.85 
ADMINISTRATOR 94.101.187.85 
ADMINISTRATOR 94.101.187.85 
ADMINISTRATOR 94.101.187.85 
ADMINISTRATOR 94.101.187.85 
ADMINISTRATOR 94.101.187.85 
ADMINISTRATOR 94.101.187.85 
ADMINISTRATOR 94.101.187.85 
ADMINISTRATOR 94.101.187.85 
ADMINISTRATOR 94.101.187.85 
ADMINISTRATOR 94.101.187.85 
ADMINISTRATOR 94.101.187.85 
ADMINISTRATOR 94.101.187.85 
ADMINISTRATOR 94.101.187.85 
ADMINISTRATOR 94.101.187.85 
ADMINISTRATOR 94.101.187.85 
ADMINISTRATOR 94.101.187.85 
ADMINISTRATOR 94.101.187.85 
ADMINISTRATOR 94.101.187.85 
ADMINISTRATOR 94.101.187.85 
ADMINISTRATOR 94.101.187.85 
ADMINISTRATOR 94.101.187.85 
ADMINISTRATOR 94.101.187.85 
ADMINISTRATOR 94.101.187.85 
ADMINISTRATOR 94.101.187.85 
ADMINISTRATOR 94.101.187.85 
ADMINISTRATOR 94.101.187.85 
ADMINISTRATOR 94.101.187.85 
ADMINISTRATOR 94.101.187.85 
ADMINISTRATOR 94.101.187.85 
ADMINISTRATOR 94.101.187.85 
ADMINISTRATOR 94.101.187.85 
ADMINISTRATOR 94.101.187.85 
ADMINISTRATOR 94.101.187.85 
ADMINISTRATOR 94.101.187.85 
ADMINISTRATOR 94.101.187.85 
ADMINISTRATOR 94.101.187.85 
ADMINISTRATOR 94.101.187.85 
ADMINISTRATOR 94.101.187.85 
ADMINISTRATOR 94.101.187.85 
ADMINISTRATOR 94.101.187.85 
ADMINISTRATOR 94.101.187.85 
ADMINISTRATOR 94.101.187.85 
ADMINISTRATOR 94.101.187.85 
ADMINISTRATOR 94.101.187.85 
ADMINISTRATOR 94.101.187.85 
ADMINISTRATOR 94.101.187.85 
ADMINISTRATOR 94.101.187.85 
ADMINISTRATOR 94.101.187.85 
ADMINISTRATOR 94.101.187.85 
ADMINISTRATOR 94.101.187.85 
ADMINISTRATOR 94.101.187.85 
ADMINISTRATOR 94.101.187.85 
ADMINISTRATOR 94.101.187.85 
ADMINISTRATOR 94.101.187.85 
ADMINISTRATOR 94.101.187.85 
ADMINISTRATOR 94.101.187.85 
ADMINISTRATOR 94.101.187.85 
ADMINISTRATOR 94.101.187.85 
ADMINISTRATOR 94.101.187.85 
ADMINISTRATOR 94.101.187.85 
ADMINISTRATOR 94.101.187.85 
ADMINISTRATOR 94.101.187.85 
ADMINISTRATOR 94.101.187.85 
ADMINISTRATOR 94.101.187.85 
ELISA 81.45.139.22 
ADMINISTRATOR 94.101.187.85 
ADMINISTRATOR 94.101.187.85 
ADMINISTRATOR 94.101.187.85 
ADMINISTRATOR 94.101.187.85 
ADMINISTRATOR 94.101.187.85 
ADMINISTRATOR 94.101.187.85 
ADMINISTRATOR 94.101.187.85 
ADMINISTRATOR 94.101.187.85 
ADMINISTRATOR 94.101.187.85 
ADMINISTRATOR 94.101.187.85 
ADMINISTRATOR 94.101.187.85 
ADMINISTRATOR 94.101.187.85 
ADMINISTRATOR 94.101.187.85 
ADMINISTRATOR 94.101.187.85 
ADMINISTRATOR 94.101.187.85 
ADMINISTRATOR 94.101.187.85 
ADMINISTRATOR 94.101.187.85 
ADMINISTRATOR 94.101.187.85 
ADMINISTRATOR 94.101.187.85 
ADMINISTRATOR 94.101.187.85 
ADMINISTRATOR 94.101.187.85 
ADMINISTRATOR 94.101.187.85 
ADMINISTRATOR 94.101.187.85 
ADMINISTRATOR 94.101.187.85 
ADMINISTRATOR 94.101.187.85 
ADMINISTRATOR 94.101.187.85 
ADMINISTRATOR 94.101.187.85 
ADMINISTRATOR 94.101.187.85 
ADMINISTRATOR 94.101.187.85 
ADMINISTRATOR 94.101.187.85 
ADMINISTRATOR 94.101.187.85 
ADMINISTRATOR 94.101.187.85 
ADMINISTRATOR 94.101.187.85 
ADMINISTRATOR 94.101.187.85 
ADMINISTRATOR 94.101.187.85 
ADMINISTRATOR 94.101.187.85 
ADMINISTRATOR 94.101.187.85 
ADMINISTRATOR 94.101.187.85 
ADMINISTRATOR 94.101.187.85 
ADMINISTRATOR 94.101.187.85 
ADMINISTRATOR 94.101.187.85 
ADMINISTRATOR 94.101.187.85 
ADMINISTRATOR 94.101.187.85 
ADMINISTRATOR 94.101.187.85 
ADMINISTRATOR 94.101.187.85 
ELISABETH 81.45.139.22 
ADMINISTRATOR 94.101.187.85 
ADMINISTRATOR 94.101.187.85 
ADMINISTRATOR 94.101.187.85 
ADMINISTRATOR 94.101.187.85 
ADMINISTRATOR 94.101.187.85 
ADMINISTRATOR 94.101.187.85 
ADMINISTRATOR 94.101.187.85 
ADMINISTRATOR 94.101.187.85 
ADMINISTRATOR 94.101.187.85 
ADMINISTRATOR 94.101.187.85 
ADMINISTRATOR 94.101.187.85 
ADMINISTRATOR 94.101.187.85 
ADMINISTRATOR 94.101.187.85 
ADMINISTRATOR 94.101.187.85 
ADMINISTRATOR 94.101.187.85 
ADMINISTRATOR 94.101.187.85 
ADMINISTRATOR 94.101.187.85 
ADMINISTRATOR 94.101.187.85 
ADMINISTRATOR 94.101.187.85 
ADMINISTRATOR 94.101.187.85 
ADMINISTRATOR 94.101.187.85 
ADMINISTRATOR 94.101.187.85 
ADMINISTRATOR 94.101.187.85 
ADMINISTRATOR 94.101.187.85 
ADMINISTRATOR 94.101.187.85 
ADMINISTRATOR 94.101.187.85 
ADMINISTRATOR 94.101.187.85 
ADMINISTRATOR 94.101.187.85 
ADMINISTRATOR 94.101.187.85 
ADMINISTRATOR 94.101.187.85 
ADMINISTRATOR 94.101.187.85 
ADMINISTRATOR 94.101.187.85 
ADMINISTRATOR 94.101.187.85 
ADMINISTRATOR 94.101.187.85 
ADMINISTRATOR 94.101.187.85 
ADMINISTRATOR 94.101.187.85 
ADMINISTRATOR 94.101.187.85 
ADMINISTRATOR 94.101.187.85 
ADMINISTRATOR 94.101.187.85 
ADMINISTRATOR 94.101.187.85 
ADMINISTRATOR 94.101.187.85 
ADMINISTRATOR 94.101.187.85 
ADMINISTRATOR 94.101.187.85 
ADMINISTRATOR 94.101.187.85 
ELISAUL 81.45.139.22 
ADMINISTRATOR 94.101.187.85 
ADMINISTRATOR 94.101.187.85 
ADMINISTRATOR 94.101.187.85 
ADMINISTRATOR 94.101.187.85 
ADMINISTRATOR 94.101.187.85 
ADMINISTRATOR 94.101.187.85 
ADMINISTRATOR 94.101.187.85 
ADMINISTRATOR 94.101.187.85 
ADMINISTRATOR 94.101.187.85 
ADMINISTRATOR 94.101.187.85 
ADMINISTRATOR 94.101.187.85 
ADMINISTRATOR 94.101.187.85 
ADMINISTRATOR 94.101.187.85 
ADMINISTRATOR 94.101.187.85 
ADMINISTRATOR 94.101.187.85 
ADMINISTRATOR 94.101.187.85 
ADMINISTRATOR 94.101.187.85 
ADMINISTRATOR 94.101.187.85 
ADMINISTRATOR 94.101.187.85 
ADMINISTRATOR 94.101.187.85 
ADMINISTRATOR 94.101.187.85 
ADMINISTRATOR 94.101.187.85 
ADMINISTRATOR 94.101.187.85 
ADMINISTRATOR 94.101.187.85 
ADMINISTRATOR 94.101.187.85 
ADMINISTRATOR 94.101.187.85 
ADMINISTRATOR 94.101.187.85 
ADMINISTRATOR 94.101.187.85 
ADMINISTRATOR 94.101.187.85 
ADMINISTRATOR 94.101.187.85 
ADMINISTRATOR 94.101.187.85 
ADMINISTRATOR 94.101.187.85 
ADMINISTRATOR 94.101.187.85 
ADMINISTRATOR 94.101.187.85 
ADMINISTRATOR 94.101.187.85 
ADMINISTRATOR 94.101.187.85 
ADMINISTRATOR 94.101.187.85 
ADMINISTRATOR 94.101.187.85 
ADMINISTRATOR 94.101.187.85 
ADMINISTRATOR 94.101.187.85 
ADMINISTRATOR 94.101.187.85 
ADMINISTRATOR 94.101.187.85 
ADMINISTRATOR 94.101.187.85 
ELISE 81.45.139.22 
ADMINISTRATOR 94.101.187.85 
ADMINISTRATOR 94.101.187.85 
ADMINISTRATOR 94.101.187.85 
ADMINISTRATOR 94.101.187.85 
ADMINISTRATOR 94.101.187.85 
ADMINISTRATOR 94.101.187.85 
ADMINISTRATOR 94.101.187.85 
ADMINISTRATOR 94.101.187.85 
ADMINISTRATOR 94.101.187.85 
ADMINISTRATOR 94.101.187.85 
ADMINISTRATOR 94.101.187.85 
LOCADMIN 51.159.103.25 
ADMINISTRATOR 94.101.187.85 
ADMINISTRATOR 94.101.187.85 
ADMINISTRATOR 94.101.187.85 
ADMINISTRATOR 94.101.187.85 
ADMINISTRATOR 94.101.187.85 
ADMINISTRATOR 94.101.187.85 
ADMINISTRATOR 94.101.187.85 
ADMINISTRATOR 94.101.187.85 
ADMINISTRATOR 94.101.187.85 
ADMINISTRATOR 94.101.187.85 
ADMINISTRATOR 94.101.187.85 
ADMINISTRATOR 94.101.187.85 
ADMINISTRATOR 94.101.187.85 
ADMINISTRATOR 94.101.187.85 
ADMINISTRATOR 94.101.187.85 
ADMINISTRATOR 94.101.187.85 
ADMINISTRATOR 94.101.187.85 
ADMINISTRATOR 94.101.187.85 
ADMINISTRATOR 94.101.187.85 
ADMINISTRATOR 94.101.187.85 
ADMINISTRATOR 94.101.187.85 
ADMINISTRATOR 94.101.187.85 
ADMINISTRATOR 94.101.187.85 
ADMINISTRATOR 94.101.187.85 
ADMINISTRATOR 94.101.187.85 
ADMINISTRATOR 94.101.187.85 
ADMINISTRATOR 94.101.187.85 
ADMINISTRATOR 94.101.187.85 
ADMINISTRATOR 94.101.187.85 
ADMINISTRATOR 94.101.187.85 
ADMINISTRATOR 94.101.187.85 
ADMINISTRATOR 94.101.187.85 
ELIZA 81.45.139.22 
ADMINISTRATOR 94.101.187.85 
ADMINISTRATOR 94.101.187.85 
ADMINISTRATOR 94.101.187.85 
ADMINISTRATOR 94.101.187.85 
ADMINISTRATOR 94.101.187.85 
ADMINISTRATOR 94.101.187.85 
ADMINISTRATOR 94.101.187.85 
ADMINISTRATOR 94.101.187.85 
ADMINISTRATOR 94.101.187.85 
ADMINISTRATOR 94.101.187.85 
ADMINISTRATOR 94.101.187.85 
ADMINISTRATOR 94.101.187.85 
ADMINISTRATOR 94.101.187.85 
ADMINISTRATOR 94.101.187.85 
ADMINISTRATOR 94.101.187.85 
ADMINISTRATOR 94.101.187.85 
ADMINISTRATOR 94.101.187.85 
ADMINISTRATOR 94.101.187.85 
ADMINISTRATOR 94.101.187.85 
ADMINISTRATOR 94.101.187.85 
ADMINISTRATOR 94.101.187.85 
ADMINISTRATOR 94.101.187.85 
ADMINISTRATOR 94.101.187.85 
ADMINISTRATOR 94.101.187.85 
ADMINISTRATOR 94.101.187.85 
ADMINISTRATOR 94.101.187.85 
ADMINISTRATOR 94.101.187.85 
ADMINISTRATOR 94.101.187.85 
ADMINISTRATOR 94.101.187.85 
ADMINISTRATOR 94.101.187.85 
ADMINISTRATOR 94.101.187.85 
ADMINISTRATOR 94.101.187.85 
ADMINISTRATOR 94.101.187.85 
ADMINISTRATOR 94.101.187.85 
ADMINISTRATOR 94.101.187.85 
ADMINISTRATOR 94.101.187.85 
ADMINISTRATOR 94.101.187.85 
ADMINISTRATOR 94.101.187.85 
ADMINISTRATOR 94.101.187.85 
ADMINISTRATOR 94.101.187.85 
ADMINISTRATOR 94.101.187.85 
ADMINISTRATOR 94.101.187.85 
ADMINISTRATOR 94.101.187.85 
ADMINISTRATOR 94.101.187.85 
ELIZABETH 81.45.139.22 
ADMINISTRATOR 94.101.187.85 
ADMINISTRATOR 94.101.187.85 
ADMINISTRATOR 94.101.187.85 
ADMINISTRATOR 94.101.187.85 
ADMINISTRATOR 94.101.187.85 
ADMINISTRATOR 94.101.187.85 
ADMINISTRATOR 94.101.187.85 
ADMINISTRATOR 94.101.187.85 
ADMINISTRATOR 94.101.187.85 
ADMINISTRATOR 94.101.187.85 
ADMINISTRATOR 94.101.187.85 
ADMINISTRATOR 94.101.187.85 
ADMINISTRATOR 94.101.187.85 
ADMINISTRATOR 94.101.187.85 
ADMINISTRATOR 94.101.187.85 
ADMINISTRATOR 94.101.187.85 
ADMINISTRATOR 94.101.187.85 
ADMINISTRATOR 94.101.187.85 
ADMINISTRATOR 94.101.187.85 
ADMINISTRATOR 94.101.187.85 
ADMINISTRATOR 94.101.187.85 
ADMINISTRATOR 94.101.187.85 
ADMINISTRATOR 94.101.187.85 
ADMINISTRATOR 94.101.187.85 
ADMINISTRATOR 94.101.187.85 
ADMINISTRATOR 94.101.187.85 
ADMINISTRATOR 94.101.187.85 
ADMINISTRATOR 94.101.187.85 
ADMINISTRATOR 94.101.187.85 
ADMINISTRATOR 94.101.187.85 
ADMINISTRATOR 94.101.187.85 
ADMINISTRATOR 94.101.187.85 
ADMINISTRATOR 94.101.187.85 
ADMINISTRATOR 94.101.187.85 
ADMINISTRATOR 94.101.187.85 
ADMINISTRATOR 94.101.187.85 
ADMINISTRATOR 94.101.187.85 
ADMINISTRATOR 94.101.187.85 
ADMINISTRATOR 94.101.187.85 
ADMINISTRATOR 94.101.187.85 
ADMINISTRATOR 94.101.187.85 
ADMINISTRATOR 94.101.187.85 
ADMINISTRATOR 94.101.187.85 
ADMINISTRATOR 94.101.187.85 
ELIZE 81.45.139.22 
ADMINISTRATOR 94.101.187.85 
ADMINISTRATOR 94.101.187.85 
ADMINISTRATOR 94.101.187.85 
ADMINISTRATOR 94.101.187.85 
ADMINISTRATOR 94.101.187.85 
ADMINISTRATOR 94.101.187.85 
ADMINISTRATOR 94.101.187.85 
ADMINISTRATOR 94.101.187.85 
ADMINISTRATOR 94.101.187.85 
ADMINISTRATOR 94.101.187.85 
ADMINISTRATOR 94.101.187.85 
ADMINISTRATOR 94.101.187.85 
ADMINISTRATOR 94.101.187.85 
ADMINISTRATOR 94.101.187.85 
ADMINISTRATOR 94.101.187.85 
ADMINISTRATOR 94.101.187.85 
ADMINISTRATOR 94.101.187.85 
ADMINISTRATOR 94.101.187.85 
ADMINISTRATOR 94.101.187.85 
ADMINISTRATOR 94.101.187.85 
ADMINISTRATOR 94.101.187.85 
ADMINISTRATOR 94.101.187.85 
ADMINISTRATOR 94.101.187.85 
ADMINISTRATOR 94.101.187.85 
ADMINISTRATOR 94.101.187.85 
ADMINISTRATOR 94.101.187.85 
ADMINISTRATOR 94.101.187.85 
ADMINISTRATOR 94.101.187.85 
ADMINISTRATOR 94.101.187.85 
ADMINISTRATOR 94.101.187.85 
ADMINISTRATOR 94.101.187.85 
ADMINISTRATOR 94.101.187.85 
ADMINISTRATOR 94.101.187.85 
ADMINISTRATOR 94.101.187.85 
ADMINISTRATOR 94.101.187.85 
ADMINISTRATOR 94.101.187.85 
ADMINISTRATOR 94.101.187.85 
ADMINISTRATOR 94.101.187.85 
ADMINISTRATOR 94.101.187.85 
ADMINISTRATOR 94.101.187.85 
ADMINISTRATOR 94.101.187.85 
ADMINISTRATOR 94.101.187.85 
ADMINISTRATOR 94.101.187.85 
ADMINISTRATOR 94.101.187.85 
ELKE 81.45.139.22 
ADMINISTRATOR 94.101.187.85 
ADMINISTRATOR 94.101.187.85 
ADMINISTRATOR 94.101.187.85 
ADMINISTRATOR 94.101.187.85 
ADMINISTRATOR 94.101.187.85 
ADMINISTRATOR 94.101.187.85 
ADMINISTRATOR 94.101.187.85 
ADMINISTRATOR 94.101.187.85 
ADMINISTRATOR 94.101.187.85 
ADMINISTRATOR 94.101.187.85 
ADMINISTRATOR 94.101.187.85 
ADMINISTRATOR 94.101.187.85 
ADMINISTRATOR 94.101.187.85 
ADMINISTRATOR 94.101.187.85 
ADMINISTRATOR 94.101.187.85 
ADMINISTRATOR 94.101.187.85 
ADMINISTRATOR 94.101.187.85 
ADMINISTRATOR 94.101.187.85 
ADMINISTRATOR 94.101.187.85 
ADMINISTRATOR 94.101.187.85 
ADMINISTRATOR 94.101.187.85 
ADMINISTRATOR 94.101.187.85 
ADMINISTRATOR 94.101.187.85 
ADMINISTRATOR 94.101.187.85 
ADMINISTRATOR 94.101.187.85 
ADMINISTRATOR 94.101.187.85 
ADMINISTRATOR 94.101.187.85 
ADMINISTRATOR 94.101.187.85 
ADMINISTRATOR 94.101.187.85 
ADMINISTRATOR 94.101.187.85 
ADMINISTRATOR 94.101.187.85 
ADMINISTRATOR 94.101.187.85 
ADMINISTRATOR 94.101.187.85 
ADMINISTRATOR 94.101.187.85 
ADMINISTRATOR 94.101.187.85 
ADMINISTRATOR 94.101.187.85 
åÄòÄ 51.159.103.25 
ADMINISTRATOR 94.101.187.85 
ADMINISTRATOR 94.101.187.85 
ADMINISTRATOR 94.101.187.85 
ADMINISTRATOR 94.101.187.85 
ADMINISTRATOR 94.101.187.85 
ADMINISTRATOR 94.101.187.85 
ADMINISTRATOR 94.101.187.85 
ELKO 81.45.139.22 
ADMINISTRATOR 94.101.187.85 
ADMINISTRATOR 94.101.187.85 
ADMINISTRATOR 94.101.187.85 
ADMINISTRATOR 94.101.187.85 
ADMINISTRATOR 94.101.187.85 
ADMINISTRATOR 94.101.187.85 
ADMINISTRATOR 94.101.187.85 
ADMINISTRATOR 94.101.187.85 
ADMINISTRATOR 94.101.187.85 
ADMINISTRATOR 94.101.187.85 
ADMINISTRATOR 94.101.187.85 
ADMINISTRATOR 94.101.187.85 
ADMINISTRATOR 94.101.187.85 
ADMINISTRATOR 94.101.187.85 
ADMINISTRATOR 94.101.187.85 
ADMINISTRATOR 94.101.187.85 
ADMINISTRATOR 94.101.187.85 
ADMINISTRATOR 94.101.187.85 
ADMINISTRATOR 94.101.187.85 
ADMINISTRATOR 94.101.187.85 
ADMINISTRATOR 94.101.187.85 
ADMINISTRATOR 94.101.187.85 
ADMINISTRATOR 94.101.187.85 
ADMINISTRATOR 94.101.187.85 
ADMINISTRATOR 94.101.187.85 
ADMINISTRATOR 94.101.187.85 
ADMINISTRATOR 94.101.187.85 
ADMINISTRATOR 94.101.187.85 
ADMINISTRATOR 94.101.187.85 
ADMINISTRATOR 94.101.187.85 
ADMINISTRATOR 94.101.187.85 
ADMINISTRATOR 94.101.187.85 
ADMINISTRATOR 94.101.187.85 
ADMINISTRATOR 94.101.187.85 
ADMINISTRATOR 94.101.187.85 
ADMINISTRATOR 94.101.187.85 
ADMINISTRATOR 94.101.187.85 
ADMINISTRATOR 94.101.187.85 
ADMINISTRATOR 94.101.187.85 
ADMINISTRATOR 94.101.187.85 
ADMINISTRATOR 94.101.187.85 
ADMINISTRATOR 94.101.187.85 
ADMINISTRATOR 94.101.187.85 
ADMINISTRATOR 94.101.187.85 
ELLA 81.45.139.22 
ADMINISTRATOR 94.101.187.85 
ADMINISTRATOR 94.101.187.85 
ADMINISTRATOR 94.101.187.85 
ADMINISTRATOR 94.101.187.85 
ADMINISTRATOR 94.101.187.85 
ADMINISTRATOR 94.101.187.85 
ADMINISTRATOR 94.101.187.85 
ADMINISTRATOR 94.101.187.85 
ADMINISTRATOR 94.101.187.85 
ADMINISTRATOR 94.101.187.85 
ADMINISTRATOR 94.101.187.85 
ADMINISTRATOR 94.101.187.85 
ADMINISTRATOR 94.101.187.85 
ADMINISTRATOR 94.101.187.85 
ADMINISTRATOR 94.101.187.85 
ADMINISTRATOR 94.101.187.85 
ADMINISTRATOR 94.101.187.85 
ADMINISTRATOR 94.101.187.85 
ADMINISTRATOR 94.101.187.85 
ADMINISTRATOR 94.101.187.85 
ADMINISTRATOR 94.101.187.85 
ADMINISTRATOR 94.101.187.85 
ADMINISTRATOR 94.101.187.85 
ADMINISTRATOR 94.101.187.85 
ADMINISTRATOR 94.101.187.85 
ADMINISTRATOR 94.101.187.85 
ADMINISTRATOR 94.101.187.85 
ADMINISTRATOR 94.101.187.85 
ADMINISTRATOR 94.101.187.85 
ADMINISTRATOR 94.101.187.85 
ADMINISTRATOR 94.101.187.85 
ADMINISTRATOR 94.101.187.85 
ADMINISTRATOR 94.101.187.85 
ADMINISTRATOR 94.101.187.85 
ADMINISTRATOR 94.101.187.85 
ADMINISTRATOR 94.101.187.85 
ADMINISTRATOR 94.101.187.85 
ADMINISTRATOR 94.101.187.85 
ADMINISTRATOR 94.101.187.85 
ADMINISTRATOR 94.101.187.85 
ADMINISTRATOR 94.101.187.85 
ADMINISTRATOR 94.101.187.85 
ADMINISTRATOR 94.101.187.85 
ADMINISTRATOR 94.101.187.85 
ELLE 81.45.139.22 
ADMINISTRATOR 94.101.187.85 
ADMINISTRATOR 94.101.187.85 
ADMINISTRATOR 94.101.187.85 
ADMINISTRATOR 94.101.187.85 
ADMINISTRATOR 94.101.187.85 
ADMINISTRATOR 94.101.187.85 
SALES2 51.159.103.25 
ADMINISTRATOR 94.101.187.85 
ADMINISTRATOR 94.101.187.85 
ADMINISTRATOR 94.101.187.85 
ADMINISTRATOR 94.101.187.85 
ADMINISTRATOR 94.101.187.85 
ADMINISTRATOR 94.101.187.85 
ADMINISTRATOR 94.101.187.85 
ADMINISTRATOR 94.101.187.85 
ADMINISTRATOR 94.101.187.85 
ADMINISTRATOR 94.101.187.85 
ADMINISTRATOR 94.101.187.85 
ADMINISTRATOR 94.101.187.85 
ADMINISTRATOR 94.101.187.85 
ADMINISTRATOR 94.101.187.85 
ADMINISTRATOR 94.101.187.85 
ADMINISTRATOR 94.101.187.85 
ADMINISTRATOR 94.101.187.85 
ADMINISTRATOR 94.101.187.85 
ADMINISTRATOR 94.101.187.85 
ADMINISTRATOR 94.101.187.85 
ADMINISTRATOR 94.101.187.85 
ADMINISTRATOR 94.101.187.85 
ADMINISTRATOR 94.101.187.85 
ADMINISTRATOR 94.101.187.85 
ADMINISTRATOR 94.101.187.85 
ADMINISTRATOR 94.101.187.85 
ADMINISTRATOR 94.101.187.85 
ADMINISTRATOR 94.101.187.85 
ADMINISTRATOR 94.101.187.85 
ADMINISTRATOR 94.101.187.85 
ADMINISTRATOR 94.101.187.85 
ADMINISTRATOR 94.101.187.85 
ADMINISTRATOR 94.101.187.85 
ADMINISTRATOR 94.101.187.85 
ADMINISTRATOR 94.101.187.85 
ADMINISTRATOR 94.101.187.85 
ADMINISTRATOR 94.101.187.85 
ADMINISTRATOR 94.101.187.85 
ELLEN 81.45.139.22 
ADMINISTRATOR 94.101.187.85 
ADMINISTRATOR 94.101.187.85 
ADMINISTRATOR 94.101.187.85 
ADMINISTRATOR 94.101.187.85 
ADMINISTRATOR 94.101.187.85 
ADMINISTRATOR 94.101.187.85 
ADMINISTRATOR 94.101.187.85 
ADMINISTRATOR 94.101.187.85 
ADMINISTRATOR 94.101.187.85 
ADMINISTRATOR 94.101.187.85 
ADMINISTRATOR 94.101.187.85 
ADMINISTRATOR 94.101.187.85 
ADMINISTRATOR 94.101.187.85 
ADMINISTRATOR 94.101.187.85 
ADMINISTRATOR 94.101.187.85 
ADMINISTRATOR 94.101.187.85 
ADMINISTRATOR 94.101.187.85 
ADMINISTRATOR 94.101.187.85 
ADMINISTRATOR 94.101.187.85 
ADMINISTRATOR 94.101.187.85 
ADMINISTRATOR 94.101.187.85 
ADMINISTRATOR 94.101.187.85 
ELLY 81.45.139.22 
åÖçÖÑÜÖê2 51.159.103.25 
ELS 81.45.139.22 
ELSA 81.45.139.22 
BUH02 51.159.103.25 
ELSE 81.45.139.22 
EMAIL 81.45.139.22 
RINAT 51.159.103.25 
EMANUEL 81.45.139.22 
EMERENTIA 81.45.139.22 
EMERENTIANA 81.45.139.22 
VOVA 51.159.103.25 
EMERIC 81.45.139.22 
ADMINISTRATOR 94.101.187.85 
ADMINISTRATOR 94.101.187.85 
ADMINISTRATOR 94.101.187.85 
ADMINISTRATOR 94.101.187.85 
ADMINISTRATOR 94.101.187.85 
ADMINISTRATOR 94.101.187.85 
ADMINISTRATOR 94.101.187.85 
ADMINISTRATOR 94.101.187.85 
ADMINISTRATOR 94.101.187.85 
ADMINISTRATOR 94.101.187.85 
ADMINISTRATOR 94.101.187.85 
ADMINISTRATOR 94.101.187.85 
ADMINISTRATOR 94.101.187.85 
ADMINISTRATOR 94.101.187.85 
ADMINISTRATOR 94.101.187.85 
ADMINISTRATOR 94.101.187.85 
ADMINISTRATOR 94.101.187.85 
ADMINISTRATOR 94.101.187.85 
ADMINISTRATOR 94.101.187.85 
ADMINISTRATOR 94.101.187.85 
ADMINISTRATOR 94.101.187.85 
ADMINISTRATOR 94.101.187.85 
ADMINISTRATOR 94.101.187.85 
ADMINISTRATOR 94.101.187.85 
ADMINISTRATOR 94.101.187.85 
ADMINISTRATOR 94.101.187.85 
ADMINISTRATOR 94.101.187.85 
ADMINISTRATOR 94.101.187.85 
ADMINISTRATOR 94.101.187.85 
ADMINISTRATOR 94.101.187.85 
ADMINISTRATOR 94.101.187.85 
ADMINISTRATOR 94.101.187.85 
ADMINISTRATOR 94.101.187.85 
ADMINISTRATOR 94.101.187.85 
ADMINISTRATOR 94.101.187.85 
ADMINISTRATOR 94.101.187.85 
ADMINISTRATOR 94.101.187.85 
ADMINISTRATOR 94.101.187.85 
ADMINISTRATOR 94.101.187.85 
ADMINISTRATOR 94.101.187.85 
ADMINISTRATOR 94.101.187.85 
ADMINISTRATOR 94.101.187.85 
ADMINISTRATOR 94.101.187.85 
ADMINISTRATOR 94.101.187.85 
ADMINISTRATOR 94.101.187.85 
ADMINISTRATOR 94.101.187.85 
ADMINISTRATOR 94.101.187.85 
ADMINISTRATOR 94.101.187.85 
ADMINISTRATOR 94.101.187.85 
ADMINISTRATOR 94.101.187.85 
ADMINISTRATOR 94.101.187.85 
ADMINISTRATOR 94.101.187.85 
ADMINISTRATOR 94.101.187.85 
ADMINISTRATOR 94.101.187.85 
ADMINISTRATOR 94.101.187.85 
ADMINISTRATOR 94.101.187.85 
ADMINISTRATOR 94.101.187.85 
ADMINISTRATOR 94.101.187.85 
ADMINISTRATOR 94.101.187.85 
ADMINISTRATOR 94.101.187.85 
ADMINISTRATOR 94.101.187.85 
ADMINISTRATOR 94.101.187.85 
ADMINISTRATOR 94.101.187.85 
ADMINISTRATOR 94.101.187.85 
ADMINISTRATOR 94.101.187.85 
ADMINISTRATOR 94.101.187.85 
ADMINISTRATOR 94.101.187.85 
ADMINISTRATOR 94.101.187.85 
ADMINISTRATOR 94.101.187.85 
ADMINISTRATOR 94.101.187.85 
ADMINISTRATOR 94.101.187.85 
ADMINISTRATOR 94.101.187.85 
ADMINISTRATOR 94.101.187.85 
ADMINISTRATOR 94.101.187.85 
EMIEL 81.45.139.22 
ADMINISTRATOR 94.101.187.85 
ADMINISTRATOR 94.101.187.85 
ADMINISTRATOR 94.101.187.85 
ADMINISTRATOR 94.101.187.85 
ADMINISTRATOR 94.101.187.85 
ADMINISTRATOR 94.101.187.85 
ADMINISTRATOR 94.101.187.85 
ADMINISTRATOR 94.101.187.85 
ADMINISTRATOR 94.101.187.85 
ADMINISTRATOR 94.101.187.85 
ADMINISTRATOR 94.101.187.85 
ADMINISTRATOR 94.101.187.85 
ADMINISTRATOR 94.101.187.85 
ADMINISTRATOR 94.101.187.85 
ADMINISTRATOR 94.101.187.85 
ADMINISTRATOR 94.101.187.85 
ADMINISTRATOR 94.101.187.85 
ADMINISTRATOR 94.101.187.85 
ADMINISTRATOR 94.101.187.85 
ADMINISTRATOR 94.101.187.85 
ADMINISTRATOR 94.101.187.85 
ADMINISTRATOR 94.101.187.85 
ADMINISTRATOR 94.101.187.85 
ADMINISTRATOR 94.101.187.85 
ADMINISTRATOR 94.101.187.85 
ADMINISTRATOR 94.101.187.85 
ADMINISTRATOR 94.101.187.85 
ADMINISTRATOR 94.101.187.85 
ADMINISTRATOR 94.101.187.85 
ADMINISTRATOR 94.101.187.85 
ADMINISTRATOR 94.101.187.85 
ADMINISTRATOR 94.101.187.85 
ADMINISTRATOR 94.101.187.85 
ADMINISTRATOR 94.101.187.85 
ADMINISTRATOR 94.101.187.85 
ADMINISTRATOR 94.101.187.85 
ADMINISTRATOR 94.101.187.85 
ADMINISTRATOR 94.101.187.85 
ADMINISTRATOR 94.101.187.85 
ADMINISTRATOR 94.101.187.85 
ADMINISTRATOR 94.101.187.85 
ADMINISTRATOR 94.101.187.85 
ADMINISTRATOR 94.101.187.85 
ADMINISTRATOR 94.101.187.85 
EMILIA 81.45.139.22 
ADMINISTRATOR 94.101.187.85 
ADMINISTRATOR 94.101.187.85 
ADMINISTRATOR 94.101.187.85 
ADMINISTRATOR 94.101.187.85 
ADMINISTRATOR 94.101.187.85 
ADMINISTRATOR 94.101.187.85 
ADMINISTRATOR 94.101.187.85 
ADMINISTRATOR 94.101.187.85 
ADMINISTRATOR 94.101.187.85 
ADMINISTRATOR 94.101.187.85 
ADMINISTRATOR 94.101.187.85 
ADMINISTRATOR 94.101.187.85 
ADMINISTRATOR 94.101.187.85 
ADMINISTRATOR 94.101.187.85 
ADMINISTRATOR 94.101.187.85 
ADMINISTRATOR 94.101.187.85 
ADMINISTRATOR 94.101.187.85 
ADMINISTRATOR 94.101.187.85 
ADMINISTRATOR 94.101.187.85 
ADMINISTRATOR 94.101.187.85 
ADMINISTRATOR 94.101.187.85 
ADMINISTRATOR 94.101.187.85 
ADMINISTRATOR 94.101.187.85 
ADMINISTRATOR 94.101.187.85 
ADMINISTRATOR 94.101.187.85 
ADMINISTRATOR 94.101.187.85 
ADMINISTRATOR 94.101.187.85 
ADMINISTRATOR 94.101.187.85 
ADMINISTRATOR 94.101.187.85 
ADMINISTRATOR 94.101.187.85 
ADMINISTRATOR 94.101.187.85 
ADMINISTRATOR 94.101.187.85 
ADMINISTRATOR 94.101.187.85 
ADMINISTRATOR 94.101.187.85 
ADMINISTRATOR 94.101.187.85 
ADMINISTRATOR 94.101.187.85 
ADMINISTRATOR 94.101.187.85 
ADMINISTRATOR 94.101.187.85 
ADMINISTRATOR 94.101.187.85 
ADMINISTRATOR 94.101.187.85 
ADMINISTRATOR 94.101.187.85 
ADMINISTRATOR 94.101.187.85 
ADMINISTRATOR 94.101.187.85 
EMILIE 81.45.139.22 
ADMINISTRATOR 94.101.187.85 
ADMINISTRATOR 94.101.187.85 
ADMINISTRATOR 94.101.187.85 
ADMINISTRATOR 94.101.187.85 
ADMINISTRATOR 94.101.187.85 
ADMINISTRATOR 94.101.187.85 
ADMINISTRATOR 94.101.187.85 
ADMINISTRATOR 94.101.187.85 
ADMINISTRATOR 94.101.187.85 
ADMINISTRATOR 94.101.187.85 
ADMINISTRATOR 94.101.187.85 
ADMINISTRATOR 94.101.187.85 
ADMINISTRATOR 94.101.187.85 
ADMINISTRATOR 94.101.187.85 
ADMINISTRATOR 94.101.187.85 
ADMINISTRATOR 94.101.187.85 
ADMINISTRATOR 94.101.187.85 
ADMINISTRATOR 94.101.187.85 
ADMINISTRATOR 94.101.187.85 
ADMINISTRATOR 94.101.187.85 
ADMINISTRATOR 94.101.187.85 
ADMINISTRATOR 94.101.187.85 
ADMINISTRATOR 94.101.187.85 
ADMINISTRATOR 94.101.187.85 
ADMINISTRATOR 94.101.187.85 
ADMINISTRATOR 94.101.187.85 
ADMINISTRATOR 94.101.187.85 
ADMINISTRATOR 94.101.187.85 
ADMINISTRATOR 94.101.187.85 
ADMINISTRATOR 94.101.187.85 
ADMINISTRATOR 94.101.187.85 
ADMINISTRATOR 94.101.187.85 
ADMINISTRATOR 94.101.187.85 
ADMINISTRATOR 94.101.187.85 
ADMINISTRATOR 94.101.187.85 
ADMINISTRATOR 94.101.187.85 
ADMINISTRATOR 94.101.187.85 
ADMINISTRATOR 94.101.187.85 
ADMINISTRATOR 94.101.187.85 
ADMINISTRATOR 94.101.187.85 
ADMINISTRATOR 94.101.187.85 
ADMINISTRATOR 94.101.187.85 
ADMINISTRATOR 94.101.187.85 
EMILIUS 81.45.139.22 
ADMINISTRATOR 94.101.187.85 
ADMINISTRATOR 94.101.187.85 
ADMINISTRATOR 94.101.187.85 
ADMINISTRATOR 94.101.187.85 
ADMINISTRATOR 94.101.187.85 
ADMINISTRATOR 94.101.187.85 
ADMINISTRATOR 94.101.187.85 
ADMINISTRATOR 94.101.187.85 
ADMINISTRATOR 94.101.187.85 
ADMINISTRATOR 94.101.187.85 
ADMINISTRATOR 94.101.187.85 
ADMINISTRATOR 94.101.187.85 
ADMINISTRATOR 94.101.187.85 
ADMINISTRATOR 94.101.187.85 
ADMINISTRATOR 94.101.187.85 
ADMINISTRATOR 94.101.187.85 
ADMINISTRATOR 94.101.187.85 
ADMINISTRATOR 94.101.187.85 
ADMINISTRATOR 94.101.187.85 
ADMINISTRATOR 94.101.187.85 
ADMINISTRATOR 94.101.187.85 
ADMINISTRATOR 94.101.187.85 
ADMINISTRATOR 94.101.187.85 
ADMINISTRATOR 94.101.187.85 
ADMINISTRATOR 94.101.187.85 
ADMINISTRATOR 94.101.187.85 
ADMINISTRATOR 94.101.187.85 
ADMINISTRATOR 94.101.187.85 
ADMINISTRATOR 94.101.187.85 
ADMINISTRATOR 94.101.187.85 
ADMINISTRATOR 94.101.187.85 
ADMINISTRATOR 94.101.187.85 
ADMINISTRATOR 94.101.187.85 
ADMINISTRATOR 94.101.187.85 
ADMINISTRATOR 94.101.187.85 
ADMINISTRATOR 94.101.187.85 
ADMINISTRATOR 94.101.187.85 
ADMINISTRATOR 94.101.187.85 
ADMINISTRATOR 94.101.187.85 
ADMINISTRATOR 94.101.187.85 
ADMINISTRATOR 94.101.187.85 
ADMINISTRATOR 94.101.187.85 
ADMINISTRATOR 94.101.187.85 
ADMINISTRATOR 94.101.187.85 
LOGIST 51.159.103.25 
ADMINISTRATOR 94.101.187.85 
ADMINISTRATOR 94.101.187.85 
ADMINISTRATOR 94.101.187.85 
ADMINISTRATOR 94.101.187.85 
ADMINISTRATOR 94.101.187.85 
ADMINISTRATOR 94.101.187.85 
ADMINISTRATOR 94.101.187.85 
ADMINISTRATOR 94.101.187.85 
ADMINISTRATOR 94.101.187.85 
ADMINISTRATOR 94.101.187.85 
ADMINISTRATOR 94.101.187.85 
ADMINISTRATOR 94.101.187.85 
ADMINISTRATOR 94.101.187.85 
ADMINISTRATOR 94.101.187.85 
ADMINISTRATOR 94.101.187.85 
ADMINISTRATOR 94.101.187.85 
ADMINISTRATOR 94.101.187.85 
ADMINISTRATOR 94.101.187.85 
ADMINISTRATOR 94.101.187.85 
ADMINISTRATOR 94.101.187.85 
ADMINISTRATOR 94.101.187.85 
ADMINISTRATOR 94.101.187.85 
ADMINISTRATOR 94.101.187.85 
ADMINISTRATOR 94.101.187.85 
ADMINISTRATOR 94.101.187.85 
ADMINISTRATOR 94.101.187.85 
ADMINISTRATOR 94.101.187.85 
ADMINISTRATOR 94.101.187.85 
ADMINISTRATOR 94.101.187.85 
ADMINISTRATOR 94.101.187.85 
ADMINISTRATOR 94.101.187.85 
ADMINISTRATOR 94.101.187.85 
ADMINISTRATOR 94.101.187.85 
ADMINISTRATOR 94.101.187.85 
ADMINISTRATOR 94.101.187.85 
ADMINISTRATOR 94.101.187.85 
ADMINISTRATOR 94.101.187.85 
ADMINISTRATOR 94.101.187.85 
ADMINISTRATOR 94.101.187.85 
ADMINISTRATOR 94.101.187.85 
ADMINISTRATOR 94.101.187.85 
ADMINISTRATOR 94.101.187.85 
ADMINISTRATOR 94.101.187.85 
EMIR 81.45.139.22 
ADMINISTRATOR 94.101.187.85 
ADMINISTRATOR 94.101.187.85 
ADMINISTRATOR 94.101.187.85 
ADMINISTRATOR 94.101.187.85 
ADMINISTRATOR 94.101.187.85 
ADMINISTRATOR 94.101.187.85 
ADMINISTRATOR 94.101.187.85 
ADMINISTRATOR 94.101.187.85 
ADMINISTRATOR 94.101.187.85 
ADMINISTRATOR 94.101.187.85 
ADMINISTRATOR 94.101.187.85 
ADMINISTRATOR 94.101.187.85 
ADMINISTRATOR 94.101.187.85 
ADMINISTRATOR 94.101.187.85 
ADMINISTRATOR 94.101.187.85 
ADMINISTRATOR 94.101.187.85 
ADMINISTRATOR 94.101.187.85 
ADMINISTRATOR 94.101.187.85 
ADMINISTRATOR 94.101.187.85 
ADMINISTRATOR 94.101.187.85 
ADMINISTRATOR 94.101.187.85 
ADMINISTRATOR 94.101.187.85 
ADMINISTRATOR 94.101.187.85 
ADMINISTRATOR 94.101.187.85 
ADMINISTRATOR 94.101.187.85 
ADMINISTRATOR 94.101.187.85 
ADMINISTRATOR 94.101.187.85 
ADMINISTRATOR 94.101.187.85 
ADMINISTRATOR 94.101.187.85 
ADMINISTRATOR 94.101.187.85 
ADMINISTRATOR 94.101.187.85 
ADMINISTRATOR 94.101.187.85 
ADMINISTRATOR 94.101.187.85 
ADMINISTRATOR 94.101.187.85 
ADMINISTRATOR 94.101.187.85 
ADMINISTRATOR 94.101.187.85 
ADMINISTRATOR 94.101.187.85 
ADMINISTRATOR 94.101.187.85 
ADMINISTRATOR 94.101.187.85 
ADMINISTRATOR 94.101.187.85 
ADMINISTRATOR 94.101.187.85 
ADMINISTRATOR 94.101.187.85 
ADMINISTRATOR 94.101.187.85 
EMKE 81.45.139.22 
ADMINISTRATOR 94.101.187.85 
ADMINISTRATOR 94.101.187.85 
ADMINISTRATOR 94.101.187.85 
ADMINISTRATOR 94.101.187.85 
ADMINISTRATOR 94.101.187.85 
ADMINISTRATOR 94.101.187.85 
ADMINISTRATOR 94.101.187.85 
ADMINISTRATOR 94.101.187.85 
ADMINISTRATOR 94.101.187.85 
ADMINISTRATOR 94.101.187.85 
ADMINISTRATOR 94.101.187.85 
ADMINISTRATOR 94.101.187.85 
ëéãéÇúÖÇ 51.159.103.25 
ADMINISTRATOR 94.101.187.85 
ADMINISTRATOR 94.101.187.85 
ADMINISTRATOR 94.101.187.85 
ADMINISTRATOR 94.101.187.85 
ADMINISTRATOR 94.101.187.85 
ADMINISTRATOR 94.101.187.85 
ADMINISTRATOR 94.101.187.85 
ADMINISTRATOR 94.101.187.85 
ADMINISTRATOR 94.101.187.85 
ADMINISTRATOR 94.101.187.85 
ADMINISTRATOR 94.101.187.85 
ADMINISTRATOR 94.101.187.85 
ADMINISTRATOR 94.101.187.85 
ADMINISTRATOR 94.101.187.85 
ADMINISTRATOR 94.101.187.85 
ADMINISTRATOR 94.101.187.85 
ADMINISTRATOR 94.101.187.85 
ADMINISTRATOR 94.101.187.85 
ADMINISTRATOR 94.101.187.85 
ADMINISTRATOR 94.101.187.85 
ADMINISTRATOR 94.101.187.85 
ADMINISTRATOR 94.101.187.85 
ADMINISTRATOR 94.101.187.85 
ADMINISTRATOR 94.101.187.85 
ADMINISTRATOR 94.101.187.85 
ADMINISTRATOR 94.101.187.85 
ADMINISTRATOR 94.101.187.85 
ADMINISTRATOR 94.101.187.85 
ADMINISTRATOR 94.101.187.85 
ADMINISTRATOR 94.101.187.85 
ADMINISTRATOR 94.101.187.85 
EMMA 81.45.139.22 
ADMINISTRATOR 94.101.187.85 
ADMINISTRATOR 94.101.187.85 
ADMINISTRATOR 94.101.187.85 
ADMINISTRATOR 94.101.187.85 
ADMINISTRATOR 94.101.187.85 
ADMINISTRATOR 94.101.187.85 
ADMINISTRATOR 94.101.187.85 
ADMINISTRATOR 94.101.187.85 
ADMINISTRATOR 94.101.187.85 
ADMINISTRATOR 94.101.187.85 
ADMINISTRATOR 94.101.187.85 
ADMINISTRATOR 94.101.187.85 
ADMINISTRATOR 94.101.187.85 
ADMINISTRATOR 94.101.187.85 
ADMINISTRATOR 94.101.187.85 
ADMINISTRATOR 94.101.187.85 
ADMINISTRATOR 94.101.187.85 
ADMINISTRATOR 94.101.187.85 
ADMINISTRATOR 94.101.187.85 
ADMINISTRATOR 94.101.187.85 
ADMINISTRATOR 94.101.187.85 
ADMINISTRATOR 94.101.187.85 
ADMINISTRATOR 94.101.187.85 
ADMINISTRATOR 94.101.187.85 
ADMINISTRATOR 94.101.187.85 
ADMINISTRATOR 94.101.187.85 
ADMINISTRATOR 94.101.187.85 
ADMINISTRATOR 94.101.187.85 
ADMINISTRATOR 94.101.187.85 
ADMINISTRATOR 94.101.187.85 
ADMINISTRATOR 94.101.187.85 
ADMINISTRATOR 94.101.187.85 
ADMINISTRATOR 94.101.187.85 
ADMINISTRATOR 94.101.187.85 
ADMINISTRATOR 94.101.187.85 
ADMINISTRATOR 94.101.187.85 
ADMINISTRATOR 94.101.187.85 
ADMINISTRATOR 94.101.187.85 
ADMINISTRATOR 94.101.187.85 
ADMINISTRATOR 94.101.187.85 
ADMINISTRATOR 94.101.187.85 
ADMINISTRATOR 94.101.187.85 
ADMINISTRATOR 94.101.187.85 
EMMANUEL 81.45.139.22 
ADMINISTRATOR 94.101.187.85 
ADMINISTRATOR 94.101.187.85 
ADMINISTRATOR 94.101.187.85 
ADMINISTRATOR 94.101.187.85 
ADMINISTRATOR 94.101.187.85 
ADMINISTRATOR 94.101.187.85 
ADMINISTRATOR 94.101.187.85 
ADMINISTRATOR 94.101.187.85 
ADMINISTRATOR 94.101.187.85 
ADMINISTRATOR 94.101.187.85 
ADMINISTRATOR 94.101.187.85 
ADMINISTRATOR 94.101.187.85 
ADMINISTRATOR 94.101.187.85 
ADMINISTRATOR 94.101.187.85 
ADMINISTRATOR 94.101.187.85 
ADMINISTRATOR 94.101.187.85 
ADMINISTRATOR 94.101.187.85 
ADMINISTRATOR 94.101.187.85 
ADMINISTRATOR 94.101.187.85 
ADMINISTRATOR 94.101.187.85 
ADMINISTRATOR 94.101.187.85 
ADMINISTRATOR 94.101.187.85 
ADMINISTRATOR 94.101.187.85 
ADMINISTRATOR 94.101.187.85 
ADMINISTRATOR 94.101.187.85 
ADMINISTRATOR 94.101.187.85 
ADMINISTRATOR 94.101.187.85 
ADMINISTRATOR 94.101.187.85 
ADMINISTRATOR 94.101.187.85 
ADMINISTRATOR 94.101.187.85 
ADMINISTRATOR 94.101.187.85 
ADMINISTRATOR 94.101.187.85 
ADMINISTRATOR 94.101.187.85 
ADMINISTRATOR 94.101.187.85 
ADMINISTRATOR 94.101.187.85 
ADMINISTRATOR 94.101.187.85 
ADMINISTRATOR 94.101.187.85 
ADMINISTRATOR 94.101.187.85 
ADMINISTRATOR 94.101.187.85 
ADMINISTRATOR 94.101.187.85 
ADMINISTRATOR 94.101.187.85 
ADMINISTRATOR 94.101.187.85 
ADMINISTRATOR 94.101.187.85 
EMMELIE 81.45.139.22 
ADMINISTRATOR 94.101.187.85 
ADMINISTRATOR 94.101.187.85 
ADMINISTRATOR 94.101.187.85 
ADMINISTRATOR 94.101.187.85 
ADMINISTRATOR 94.101.187.85 
ADMINISTRATOR 94.101.187.85 
ADMINISTRATOR 94.101.187.85 
ADMINISTRATOR 94.101.187.85 
ADMINISTRATOR 94.101.187.85 
ADMINISTRATOR 94.101.187.85 
ADMINISTRATOR 94.101.187.85 
ADMINISTRATOR 94.101.187.85 
ADMINISTRATOR 94.101.187.85 
ADMINISTRATOR 94.101.187.85 
ADMINISTRATOR 94.101.187.85 
ADMINISTRATOR 94.101.187.85 
ADMINISTRATOR 94.101.187.85 
ADMINISTRATOR 94.101.187.85 
ADMINISTRATOR 94.101.187.85 
ADMINISTRATOR 94.101.187.85 
ADMINISTRATOR 94.101.187.85 
ADMINISTRATOR 94.101.187.85 
ADMINISTRATOR 94.101.187.85 
ADMINISTRATOR 94.101.187.85 
ADMINISTRATOR 94.101.187.85 
ADMINISTRATOR 94.101.187.85 
ADMINISTRATOR 94.101.187.85 
ADMINISTRATOR 94.101.187.85 
ADMINISTRATOR 94.101.187.85 
ADMINISTRATOR 94.101.187.85 
ADMINISTRATOR 94.101.187.85 
ADMINISTRATOR 94.101.187.85 
ADMINISTRATOR 94.101.187.85 
ADMINISTRATOR 94.101.187.85 
ADMINISTRATOR 94.101.187.85 
ADMINISTRATOR 94.101.187.85 
ADMINISTRATOR 94.101.187.85 
ADMINISTRATOR 94.101.187.85 
ADMINISTRATOR 94.101.187.85 
ADMINISTRATOR 94.101.187.85 
ADMINISTRATOR 94.101.187.85 
ADMINISTRATOR 94.101.187.85 
ADMINISTRATOR 94.101.187.85 
ADMINISTRATOR 94.101.187.85 
EMMERIK 81.45.139.22 
ADMINISTRATOR 94.101.187.85 
ADMINISTRATOR 94.101.187.85 
ADMINISTRATOR 94.101.187.85 
ADMINISTRATOR 94.101.187.85 
ADMINISTRATOR 94.101.187.85 
ADMINISTRATOR 94.101.187.85 
ADMINISTRATOR 94.101.187.85 
ADMINISTRATOR 94.101.187.85 
ADMINISTRATOR 94.101.187.85 
ADMINISTRATOR 94.101.187.85 
ADMINISTRATOR 94.101.187.85 
ADMINISTRATOR 94.101.187.85 
ADMINISTRATOR 94.101.187.85 
ADMINISTRATOR 94.101.187.85 
ADMINISTRATOR 94.101.187.85 
ADMINISTRATOR 94.101.187.85 
ADMINISTRATOR 94.101.187.85 
ADMINISTRATOR 94.101.187.85 
ADMINISTRATOR 94.101.187.85 
ADMINISTRATOR 94.101.187.85 
ADMINISTRATOR 94.101.187.85 
ADMINISTRATOR 94.101.187.85 
ADMINISTRATOR 94.101.187.85 
ADMINISTRATOR 94.101.187.85 
ADMINISTRATOR 94.101.187.85 
ADMINISTRATOR 94.101.187.85 
ADMINISTRATOR 94.101.187.85 
ADMINISTRATOR 94.101.187.85 
ADMINISTRATOR 94.101.187.85 
ADMINISTRATOR 94.101.187.85 
ADMINISTRATOR 94.101.187.85 
ADMINISTRATOR 94.101.187.85 
ADMINISTRATOR 94.101.187.85 
ADMINISTRATOR 94.101.187.85 
ADMINISTRATOR 94.101.187.85 
ADMINISTRATOR 94.101.187.85 
ADMINISTRATOR 94.101.187.85 
VPN 51.159.103.25 
ADMINISTRATOR 94.101.187.85 
ADMINISTRATOR 94.101.187.85 
ADMINISTRATOR 94.101.187.85 
ADMINISTRATOR 94.101.187.85 
ADMINISTRATOR 94.101.187.85 
ADMINISTRATOR 94.101.187.85 
ADMINISTRATOR 94.101.187.85 
ADMINISTRATOR 94.101.187.85 
ADMINISTRATOR 94.101.187.85 
ADMINISTRATOR 94.101.187.85 
ADMINISTRATOR 94.101.187.85 
ADMINISTRATOR 94.101.187.85 
ADMINISTRATOR 94.101.187.85 
ADMINISTRATOR 94.101.187.85 
ADMINISTRATOR 94.101.187.85 
ADMINISTRATOR 94.101.187.85 
ADMINISTRATOR 94.101.187.85 
ADMINISTRATOR 94.101.187.85 
EMRE 81.45.139.22 
ADMINISTRATOR 94.101.187.85 
ADMINISTRATOR 94.101.187.85 
ADMINISTRATOR 94.101.187.85 
ADMINISTRATOR 94.101.187.85 
ADMINISTRATOR 94.101.187.85 
ADMINISTRATOR 94.101.187.85 
ADMINISTRATOR 94.101.187.85 
ADMINISTRATOR 94.101.187.85 
ADMINISTRATOR 94.101.187.85 
ADMINISTRATOR 94.101.187.85 
ADMINISTRATOR 94.101.187.85 
ADMINISTRATOR 94.101.187.85 
ADMINISTRATOR 94.101.187.85 
ADMINISTRATOR 94.101.187.85 
ADMINISTRATOR 94.101.187.85 
ADMINISTRATOR 94.101.187.85 
ADMINISTRATOR 94.101.187.85 
ADMINISTRATOR 94.101.187.85 
ADMINISTRATOR 94.101.187.85 
ADMINISTRATOR 94.101.187.85 
ADMINISTRATOR 94.101.187.85 
ADMINISTRATOR 94.101.187.85 
ADMINISTRATOR 94.101.187.85 
ADMINISTRATOR 94.101.187.85 
ADMINISTRATOR 94.101.187.85 
ADMINISTRATOR 94.101.187.85 
ADMINISTRATOR 94.101.187.85 
ADMINISTRATOR 94.101.187.85 
ADMINISTRATOR 94.101.187.85 
ADMINISTRATOR 94.101.187.85 
ADMINISTRATOR 94.101.187.85 
ADMINISTRATOR 94.101.187.85 
ADMINISTRATOR 94.101.187.85 
ADMINISTRATOR 94.101.187.85 
ADMINISTRATOR 94.101.187.85 
ADMINISTRATOR 94.101.187.85 
ADMINISTRATOR 94.101.187.85 
ADMINISTRATOR 94.101.187.85 
ADMINISTRATOR 94.101.187.85 
ADMINISTRATOR 94.101.187.85 
ADMINISTRATOR 94.101.187.85 
ADMINISTRATOR 94.101.187.85 
ADMINISTRATOR 94.101.187.85 
ENES 81.45.139.22 
ADMINISTRATOR 94.101.187.85 
ADMINISTRATOR 94.101.187.85 
ADMINISTRATOR 94.101.187.85 
ADMINISTRATOR 94.101.187.85 
ADMINISTRATOR 94.101.187.85 
ADMINISTRATOR 94.101.187.85 
ADMINISTRATOR 94.101.187.85 
ADMINISTRATOR 94.101.187.85 
ADMINISTRATOR 94.101.187.85 
ADMINISTRATOR 94.101.187.85 
ADMINISTRATOR 94.101.187.85 
ADMINISTRATOR 94.101.187.85 
ADMINISTRATOR 94.101.187.85 
ADMINISTRATOR 94.101.187.85 
ADMINISTRATOR 94.101.187.85 
ADMINISTRATOR 94.101.187.85 
ADMINISTRATOR 94.101.187.85 
ADMINISTRATOR 94.101.187.85 
ADMINISTRATOR 94.101.187.85 
ADMINISTRATOR 94.101.187.85 
ADMINISTRATOR 94.101.187.85 
ADMINISTRATOR 94.101.187.85 
ADMINISTRATOR 94.101.187.85 
ADMINISTRATOR 94.101.187.85 
ADMINISTRATOR 94.101.187.85 
ADMINISTRATOR 94.101.187.85 
ADMINISTRATOR 94.101.187.85 
ADMINISTRATOR 94.101.187.85 
ADMINISTRATOR 94.101.187.85 
ADMINISTRATOR 94.101.187.85 
ADMINISTRATOR 94.101.187.85 
ADMINISTRATOR 94.101.187.85 
ADMINISTRATOR 94.101.187.85 
ADMINISTRATOR 94.101.187.85 
ADMINISTRATOR 94.101.187.85 
ADMINISTRATOR 94.101.187.85 
ADMINISTRATOR 94.101.187.85 
ADMINISTRATOR 94.101.187.85 
ADMINISTRATOR 94.101.187.85 
ÉãÄÇÅìï 51.159.103.25 
ADMINISTRATOR 94.101.187.85 
ADMINISTRATOR 94.101.187.85 
ADMINISTRATOR 94.101.187.85 
ADMINISTRATOR 94.101.187.85 
ADMINISTRATOR 94.101.187.85 
ENGBERT 81.45.139.22 
ADMINISTRATOR 94.101.187.85 
ADMINISTRATOR 94.101.187.85 
ADMINISTRATOR 94.101.187.85 
ADMINISTRATOR 94.101.187.85 
ADMINISTRATOR 94.101.187.85 
ADMINISTRATOR 94.101.187.85 
ADMINISTRATOR 94.101.187.85 
ADMINISTRATOR 94.101.187.85 
ADMINISTRATOR 94.101.187.85 
ADMINISTRATOR 94.101.187.85 
ADMINISTRATOR 94.101.187.85 
ADMINISTRATOR 94.101.187.85 
ADMINISTRATOR 94.101.187.85 
ADMINISTRATOR 94.101.187.85 
ADMINISTRATOR 94.101.187.85 
ADMINISTRATOR 94.101.187.85 
ADMINISTRATOR 94.101.187.85 
ADMINISTRATOR 94.101.187.85 
ADMINISTRATOR 94.101.187.85 
ADMINISTRATOR 94.101.187.85 
ADMINISTRATOR 94.101.187.85 
ADMINISTRATOR 94.101.187.85 
ADMINISTRATOR 94.101.187.85 
ADMINISTRATOR 94.101.187.85 
ADMINISTRATOR 94.101.187.85 
ADMINISTRATOR 94.101.187.85 
ADMINISTRATOR 94.101.187.85 
ADMINISTRATOR 94.101.187.85 
ADMINISTRATOR 94.101.187.85 
ADMINISTRATOR 94.101.187.85 
ADMINISTRATOR 94.101.187.85 
ADMINISTRATOR 94.101.187.85 
ADMINISTRATOR 94.101.187.85 
ADMINISTRATOR 94.101.187.85 
ADMINISTRATOR 94.101.187.85 
ADMINISTRATOR 94.101.187.85 
ADMINISTRATOR 94.101.187.85 
ADMINISTRATOR 94.101.187.85 
ADMINISTRATOR 94.101.187.85 
ADMINISTRATOR 94.101.187.85 
ADMINISTRATOR 94.101.187.85 
ADMINISTRATOR 94.101.187.85 
ADMINISTRATOR 94.101.187.85 
ADMINISTRATOR 94.101.187.85 
ENGBERTA 81.45.139.22 
ADMINISTRATOR 94.101.187.85 
ADMINISTRATOR 94.101.187.85 
ADMINISTRATOR 94.101.187.85 
ADMINISTRATOR 94.101.187.85 
ADMINISTRATOR 94.101.187.85 
ADMINISTRATOR 94.101.187.85 
ADMINISTRATOR 94.101.187.85 
ADMINISTRATOR 94.101.187.85 
ADMINISTRATOR 94.101.187.85 
ADMINISTRATOR 94.101.187.85 
ADMINISTRATOR 94.101.187.85 
ADMINISTRATOR 94.101.187.85 
ADMINISTRATOR 94.101.187.85 
ADMINISTRATOR 94.101.187.85 
ADMINISTRATOR 94.101.187.85 
ADMINISTRATOR 94.101.187.85 
ADMINISTRATOR 94.101.187.85 
ADMINISTRATOR 94.101.187.85 
ADMINISTRATOR 94.101.187.85 
ADMINISTRATOR 94.101.187.85 
ADMINISTRATOR 94.101.187.85 
ADMINISTRATOR 94.101.187.85 
ADMINISTRATOR 94.101.187.85 
ADMINISTRATOR 94.101.187.85 
ADMINISTRATOR 94.101.187.85 
ADMINISTRATOR 94.101.187.85 
ADMINISTRATOR 94.101.187.85 
ADMINISTRATOR 94.101.187.85 
ADMINISTRATOR 94.101.187.85 
ADMINISTRATOR 94.101.187.85 
ADMINISTRATOR 94.101.187.85 
ADMINISTRATOR 94.101.187.85 
ADMINISTRATOR 94.101.187.85 
ADMINISTRATOR 94.101.187.85 
ADMINISTRATOR 94.101.187.85 
ADMINISTRATOR 94.101.187.85 
ADMINISTRATOR 94.101.187.85 
ADMINISTRATOR 94.101.187.85 
ADMINISTRATOR 94.101.187.85 
ADMINISTRATOR 94.101.187.85 
ADMINISTRATOR 94.101.187.85 
ADMINISTRATOR 94.101.187.85 
ADMINISTRATOR 94.101.187.85 
ADMINISTRATOR 94.101.187.85 
ADMINISTRATOR 94.101.187.85 
ADMINISTRATOR 94.101.187.85 
ADMINISTRATOR 94.101.187.85 
ADMINISTRATOR 94.101.187.85 
ADMINISTRATOR 94.101.187.85 
PAVEL 51.159.103.25 
ADMINISTRATOR 94.101.187.85 
ADMINISTRATOR 94.101.187.85 
ADMINISTRATOR 94.101.187.85 
ADMINISTRATOR 94.101.187.85 
ADMINISTRATOR 94.101.187.85 
ADMINISTRATOR 94.101.187.85 
ADMINISTRATOR 94.101.187.85 
ADMINISTRATOR 94.101.187.85 
ADMINISTRATOR 94.101.187.85 
ADMINISTRATOR 94.101.187.85 
ADMINISTRATOR 94.101.187.85 
ADMINISTRATOR 94.101.187.85 
ADMINISTRATOR 94.101.187.85 
ADMINISTRATOR 94.101.187.85 
ADMINISTRATOR 94.101.187.85 
ADMINISTRATOR 94.101.187.85 
ADMINISTRATOR 94.101.187.85 
ADMINISTRATOR 94.101.187.85 
ADMINISTRATOR 94.101.187.85 
ADMINISTRATOR 94.101.187.85 
ADMINISTRATOR 94.101.187.85 
ADMINISTRATOR 94.101.187.85 
ADMINISTRATOR 94.101.187.85 
ADMINISTRATOR 94.101.187.85 
ADMINISTRATOR 94.101.187.85 
ADMINISTRATOR 94.101.187.85 
ADMINISTRATOR 94.101.187.85 
ADMINISTRATOR 94.101.187.85 
ADMINISTRATOR 94.101.187.85 
ADMINISTRATOR 94.101.187.85 
ADMINISTRATOR 94.101.187.85 
ADMINISTRATOR 94.101.187.85 
ADMINISTRATOR 94.101.187.85 
ADMINISTRATOR 94.101.187.85 
ADMINISTRATOR 94.101.187.85 
ADMINISTRATOR 94.101.187.85 
ADMINISTRATOR 94.101.187.85 
ADMINISTRATOR 94.101.187.85 
ENGELBERTA 81.45.139.22 
ADMINISTRATOR 94.101.187.85 
ADMINISTRATOR 94.101.187.85 
ADMINISTRATOR 94.101.187.85 
ADMINISTRATOR 94.101.187.85 
ADMINISTRATOR 94.101.187.85 
ADMINISTRATOR 94.101.187.85 
ADMINISTRATOR 94.101.187.85 
ADMINISTRATOR 94.101.187.85 
ADMINISTRATOR 94.101.187.85 
ADMINISTRATOR 94.101.187.85 
ADMINISTRATOR 94.101.187.85 
ADMINISTRATOR 94.101.187.85 
ADMINISTRATOR 94.101.187.85 
ADMINISTRATOR 94.101.187.85 
ADMINISTRATOR 94.101.187.85 
ADMINISTRATOR 94.101.187.85 
ADMINISTRATOR 94.101.187.85 
ADMINISTRATOR 94.101.187.85 
ADMINISTRATOR 94.101.187.85 
ADMINISTRATOR 94.101.187.85 
ADMINISTRATOR 94.101.187.85 
ADMINISTRATOR 94.101.187.85 
ADMINISTRATOR 94.101.187.85 
ADMINISTRATOR 94.101.187.85 
ADMINISTRATOR 94.101.187.85 
ADMINISTRATOR 94.101.187.85 
ADMINISTRATOR 94.101.187.85 
ADMINISTRATOR 94.101.187.85 
ADMINISTRATOR 94.101.187.85 
ADMINISTRATOR 94.101.187.85 
ADMINISTRATOR 94.101.187.85 
ADMINISTRATOR 94.101.187.85 
ADMINISTRATOR 94.101.187.85 
ADMINISTRATOR 94.101.187.85 
ADMINISTRATOR 94.101.187.85 
ADMINISTRATOR 94.101.187.85 
ADMINISTRATOR 94.101.187.85 
ADMINISTRATOR 94.101.187.85 
ADMINISTRATOR 94.101.187.85 
ADMINISTRATOR 94.101.187.85 
ADMINISTRATOR 94.101.187.85 
ADMINISTRATOR 94.101.187.85 
ADMINISTRATOR 94.101.187.85 
ADMINISTRATOR 94.101.187.85 
ADMINISTRATOR 94.101.187.85 
ADMINISTRATOR 94.101.187.85 
ADMINISTRATOR 94.101.187.85 
ADMINISTRATOR 94.101.187.85 
ENGELBERTUS 81.45.139.22 
ADMINISTRATOR 94.101.187.85 
ADMINISTRATOR 94.101.187.85 
ADMINISTRATOR 94.101.187.85 
ADMINISTRATOR 94.101.187.85 
ADMINISTRATOR 94.101.187.85 
ADMINISTRATOR 94.101.187.85 
ADMINISTRATOR 94.101.187.85 
ADMINISTRATOR 94.101.187.85 
ADMINISTRATOR 94.101.187.85 
ADMINISTRATOR 94.101.187.85 
ADMINISTRATOR 94.101.187.85 
ADMINISTRATOR 94.101.187.85 
ADMINISTRATOR 94.101.187.85 
BUH5 51.159.103.25 
ADMINISTRATOR 94.101.187.85 
ADMINISTRATOR 94.101.187.85 
ADMINISTRATOR 94.101.187.85 
ADMINISTRATOR 94.101.187.85 
ADMINISTRATOR 94.101.187.85 
ADMINISTRATOR 94.101.187.85 
ADMINISTRATOR 94.101.187.85 
ADMINISTRATOR 94.101.187.85 
ADMINISTRATOR 94.101.187.85 
ADMINISTRATOR 94.101.187.85 
ADMINISTRATOR 94.101.187.85 
ADMINISTRATOR 94.101.187.85 
ADMINISTRATOR 94.101.187.85 
ADMINISTRATOR 94.101.187.85 
ADMINISTRATOR 94.101.187.85 
ADMINISTRATOR 94.101.187.85 
ADMINISTRATOR 94.101.187.85 
ADMINISTRATOR 94.101.187.85 
ADMINISTRATOR 94.101.187.85 
ADMINISTRATOR 94.101.187.85 
ADMINISTRATOR 94.101.187.85 
ADMINISTRATOR 94.101.187.85 
ADMINISTRATOR 94.101.187.85 
ADMINISTRATOR 94.101.187.85 
ADMINISTRATOR 94.101.187.85 
ADMINISTRATOR 94.101.187.85 
ADMINISTRATOR 94.101.187.85 
ADMINISTRATOR 94.101.187.85 
ADMINISTRATOR 94.101.187.85 
ADMINISTRATOR 94.101.187.85 
ENGELIEN 81.45.139.22 
ADMINISTRATOR 94.101.187.85 
ADMINISTRATOR 94.101.187.85 
ADMINISTRATOR 94.101.187.85 
ADMINISTRATOR 94.101.187.85 
ADMINISTRATOR 94.101.187.85 
ADMINISTRATOR 94.101.187.85 
ADMINISTRATOR 94.101.187.85 
ADMINISTRATOR 94.101.187.85 
ADMINISTRATOR 94.101.187.85 
ADMINISTRATOR 94.101.187.85 
ADMINISTRATOR 94.101.187.85 
ADMINISTRATOR 94.101.187.85 
ADMINISTRATOR 94.101.187.85 
ADMINISTRATOR 94.101.187.85 
ADMINISTRATOR 94.101.187.85 
ADMINISTRATOR 94.101.187.85 
ADMINISTRATOR 94.101.187.85 
ADMINISTRATOR 94.101.187.85 
ADMINISTRATOR 94.101.187.85 
ADMINISTRATOR 94.101.187.85 
ADMINISTRATOR 94.101.187.85 
ADMINISTRATOR 94.101.187.85 
ADMINISTRATOR 94.101.187.85 
ADMINISTRATOR 94.101.187.85 
ADMINISTRATOR 94.101.187.85 
ADMINISTRATOR 94.101.187.85 
ADMINISTRATOR 94.101.187.85 
ADMINISTRATOR 94.101.187.85 
ADMINISTRATOR 94.101.187.85 
ADMINISTRATOR 94.101.187.85 
ADMINISTRATOR 94.101.187.85 
ADMINISTRATOR 94.101.187.85 
ADMINISTRATOR 94.101.187.85 
ADMINISTRATOR 94.101.187.85 
ADMINISTRATOR 94.101.187.85 
ADMINISTRATOR 94.101.187.85 
ADMINISTRATOR 94.101.187.85 
ADMINISTRATOR 94.101.187.85 
ADMINISTRATOR 94.101.187.85 
ADMINISTRATOR 94.101.187.85 
ADMINISTRATOR 94.101.187.85 
ADMINISTRATOR 94.101.187.85 
ADMINISTRATOR 94.101.187.85 
ADMINISTRATOR 94.101.187.85 
ADMINISTRATOR 94.101.187.85 
ADMINISTRATOR 94.101.187.85 
ADMINISTRATOR 94.101.187.85 
ADMINISTRATOR 94.101.187.85 
ADMINISTRATOR 94.101.187.85 
ADMINISTRATOR 94.101.187.85 
ADMINISTRATOR 94.101.187.85 
ADMINISTRATOR 94.101.187.85 
ADMINISTRATOR 94.101.187.85 
ADMINISTRATOR 94.101.187.85 
ADMINISTRATOR 94.101.187.85 
ADMINISTRATOR 94.101.187.85 
ADMINISTRATOR 94.101.187.85 
ADMINISTRATOR 94.101.187.85 
ADMINISTRATOR 94.101.187.85 
ADMINISTRATOR 94.101.187.85 
ADMINISTRATOR 94.101.187.85 
ADMINISTRATOR 94.101.187.85 
ADMINISTRATOR 94.101.187.85 
ADMINISTRATOR 94.101.187.85 
ADMINISTRATOR 94.101.187.85 
ADMINISTRATOR 94.101.187.85 
ADMINISTRATOR 94.101.187.85 
ADMINISTRATOR 94.101.187.85 
ADMINISTRATOR 94.101.187.85 
ADMINISTRATOR 94.101.187.85 
ADMINISTRATOR 94.101.187.85 
ÄêíÖå 51.159.103.25 
ADMINISTRATOR 94.101.187.85 
ADMINISTRATOR 94.101.187.85 
ADMINISTRATOR 94.101.187.85 
ADMINISTRATOR 94.101.187.85 
ADMINISTRATOR 94.101.187.85 
ADMINISTRATOR 94.101.187.85 
ADMINISTRATOR 94.101.187.85 
ADMINISTRATOR 94.101.187.85 
ADMINISTRATOR 94.101.187.85 
ADMINISTRATOR 94.101.187.85 
ADMINISTRATOR 94.101.187.85 
ADMINISTRATOR 94.101.187.85 
ADMINISTRATOR 94.101.187.85 
ADMINISTRATOR 94.101.187.85 
ADMINISTRATOR 94.101.187.85 
ADMINISTRATOR 94.101.187.85 
ADMINISTRATOR 94.101.187.85 
ADMINISTRATOR 94.101.187.85 
ADMINISTRATOR 94.101.187.85 
ADMINISTRATOR 94.101.187.85 
ADMINISTRATOR 94.101.187.85 
ADMINISTRATOR 94.101.187.85 
ADMINISTRATOR 94.101.187.85 
ADMINISTRATOR 94.101.187.85 
ADMINISTRATOR 94.101.187.85 
ADMINISTRATOR 94.101.187.85 
ADMINISTRATOR 94.101.187.85 
ADMINISTRATOR 94.101.187.85 
ADMINISTRATOR 94.101.187.85 
ADMINISTRATOR 94.101.187.85 
ADMINISTRATOR 94.101.187.85 
ADMINISTRATOR 94.101.187.85 
ADMINISTRATOR 94.101.187.85 
ADMINISTRATOR 94.101.187.85 
ADMINISTRATOR 94.101.187.85 
ADMINISTRATOR 94.101.187.85 
ADMINISTRATOR 94.101.187.85 
ADMINISTRATOR 94.101.187.85 
ADMINISTRATOR 94.101.187.85 
ADMINISTRATOR 94.101.187.85 
ADMINISTRATOR 94.101.187.85 
ADMINISTRATOR 94.101.187.85 
ADMINISTRATOR 94.101.187.85 
ADMINISTRATOR 94.101.187.85 
ADMINISTRATOR 94.101.187.85 
ADMINISTRATOR 94.101.187.85 
ADMINISTRATOR 94.101.187.85 
ADMINISTRATOR 94.101.187.85 
ADMINISTRATOR 94.101.187.85 
ADMINISTRATOR 94.101.187.85 
ADMINISTRATOR 94.101.187.85 
ADMINISTRATOR 94.101.187.85 
ADMINISTRATOR 94.101.187.85 
ADMINISTRATOR 94.101.187.85 
ADMINISTRATOR 94.101.187.85 
ADMINISTRATOR 94.101.187.85 
ADMINISTRATOR 94.101.187.85 
ADMINISTRATOR 94.101.187.85 
ADMINISTRATOR 94.101.187.85 
ADMINISTRATOR 94.101.187.85 
ENGIN 81.45.139.22 
ADMINISTRATOR 94.101.187.85 
ADMINISTRATOR 94.101.187.85 
ADMINISTRATOR 94.101.187.85 
ADMINISTRATOR 94.101.187.85 
ADMINISTRATOR 94.101.187.85 
ADMINISTRATOR 94.101.187.85 
ADMINISTRATOR 94.101.187.85 
ADMINISTRATOR 94.101.187.85 
ADMINISTRATOR 94.101.187.85 
ADMINISTRATOR 94.101.187.85 
ADMINISTRATOR 94.101.187.85 
ADMINISTRATOR 94.101.187.85 
ADMINISTRATOR 94.101.187.85 
ADMINISTRATOR 94.101.187.85 
ADMINISTRATOR 94.101.187.85 
ADMINISTRATOR 94.101.187.85 
ADMINISTRATOR 94.101.187.85 
ADMINISTRATOR 94.101.187.85 
ADMINISTRATOR 94.101.187.85 
ADMINISTRATOR 94.101.187.85 
ADMINISTRATOR 94.101.187.85 
ADMINISTRATOR 94.101.187.85 
ADMINISTRATOR 94.101.187.85 
ADMINISTRATOR 94.101.187.85 
ADMINISTRATOR 94.101.187.85 
ADMINISTRATOR 94.101.187.85 
ADMINISTRATOR 94.101.187.85 
ADMINISTRATOR 94.101.187.85 
ADMINISTRATOR 94.101.187.85 
ADMINISTRATOR 94.101.187.85 
ADMINISTRATOR 94.101.187.85 
ADMINISTRATOR 94.101.187.85 
ADMINISTRATOR 94.101.187.85 
ADMINISTRATOR 94.101.187.85 
ADMINISTRATOR 94.101.187.85 
ADMINISTRATOR 94.101.187.85 
ADMINISTRATOR 94.101.187.85 
ADMINISTRATOR 94.101.187.85 
ADMINISTRATOR 94.101.187.85 
ADMINISTRATOR 94.101.187.85 
ANNA 51.159.103.25 
ADMINISTRATOR 94.101.187.85 
ADMINISTRATOR 94.101.187.85 
ADMINISTRATOR 94.101.187.85 
ADMINISTRATOR 94.101.187.85 
ADMINISTRATOR 94.101.187.85 
ADMINISTRATOR 94.101.187.85 
ADMINISTRATOR 94.101.187.85 
ADMINISTRATOR 94.101.187.85 
ADMINISTRATOR 94.101.187.85 
ADMINISTRATOR 94.101.187.85 
ADMINISTRATOR 94.101.187.85 
ADMINISTRATOR 94.101.187.85 
ADMINISTRATOR 94.101.187.85 
ADMINISTRATOR 94.101.187.85 
ADMINISTRATOR 94.101.187.85 
ADMINISTRATOR 94.101.187.85 
ADMINISTRATOR 94.101.187.85 
ADMINISTRATOR 94.101.187.85 
ADMINISTRATOR 94.101.187.85 
ADMINISTRATOR 94.101.187.85 
ADMINISTRATOR 94.101.187.85 
ADMINISTRATOR 94.101.187.85 
ADMINISTRATOR 94.101.187.85 
ADMINISTRATOR 94.101.187.85 
ADMINISTRATOR 94.101.187.85 
ADMINISTRATOR 94.101.187.85 
ADMINISTRATOR 94.101.187.85 
ADMINISTRATOR 94.101.187.85 
ADMINISTRATOR 94.101.187.85 
ADMINISTRATOR 94.101.187.85 
ADMINISTRATOR 94.101.187.85 
ADMINISTRATOR 94.101.187.85 
ADMINISTRATOR 94.101.187.85 
ADMINISTRATOR 94.101.187.85 
ADMINISTRATOR 94.101.187.85 
ADMINISTRATOR 94.101.187.85 
ADMINISTRATOR 94.101.187.85 
ADMINISTRATOR 94.101.187.85 
ADMINISTRATOR 94.101.187.85 
ADMINISTRATOR 94.101.187.85 
ADMINISTRATOR 94.101.187.85 
ADMINISTRATOR 94.101.187.85 
ADMINISTRATOR 94.101.187.85 
ADMINISTRATOR 94.101.187.85 
ADMINISTRATOR 94.101.187.85 
ADMINISTRATOR 94.101.187.85 
ENZO 81.45.139.22 
ADMINISTRATOR 94.101.187.85 
ADMINISTRATOR 94.101.187.85 
ADMINISTRATOR 94.101.187.85 
ADMINISTRATOR 94.101.187.85 
ADMINISTRATOR 94.101.187.85 
ADMINISTRATOR 94.101.187.85 
ADMINISTRATOR 94.101.187.85 
ADMINISTRATOR 94.101.187.85 
ADMINISTRATOR 94.101.187.85 
ADMINISTRATOR 94.101.187.85 
ADMINISTRATOR 94.101.187.85 
ADMINISTRATOR 94.101.187.85 
ADMINISTRATOR 94.101.187.85 
ADMINISTRATOR 94.101.187.85 
ADMINISTRATOR 94.101.187.85 
ADMINISTRATOR 94.101.187.85 
ADMINISTRATOR 94.101.187.85 
ADMINISTRATOR 94.101.187.85 
ADMINISTRATOR 94.101.187.85 
ADMINISTRATOR 94.101.187.85 
ADMINISTRATOR 94.101.187.85 
ADMINISTRATOR 94.101.187.85 
ADMINISTRATOR 94.101.187.85 
ADMINISTRATOR 94.101.187.85 
ADMINISTRATOR 94.101.187.85 
ADMINISTRATOR 94.101.187.85 
ADMINISTRATOR 94.101.187.85 
ADMINISTRATOR 94.101.187.85 
ADMINISTRATOR 94.101.187.85 
ADMINISTRATOR 94.101.187.85 
ADMINISTRATOR 94.101.187.85 
ADMINISTRATOR 94.101.187.85 
ADMINISTRATOR 94.101.187.85 
ADMINISTRATOR 94.101.187.85 
ADMINISTRATOR 94.101.187.85 
ADMINISTRATOR 94.101.187.85 
ADMINISTRATOR 94.101.187.85 
ADMINISTRATOR 94.101.187.85 
ADMINISTRATOR 94.101.187.85 
ADMINISTRATOR 94.101.187.85 
ADMINISTRATOR 94.101.187.85 
ADMINISTRATOR 94.101.187.85 
ADMINISTRATOR 94.101.187.85 
ERASMUS 81.45.139.22 
ADMINISTRATOR 94.101.187.85 
ADMINISTRATOR 94.101.187.85 
ADMINISTRATOR 94.101.187.85 
ADMINISTRATOR 94.101.187.85 
ADMINISTRATOR 94.101.187.85 
ADMINISTRATOR 94.101.187.85 
ADMINISTRATOR 94.101.187.85 
ADMINISTRATOR 94.101.187.85 
ADMINISTRATOR 94.101.187.85 
ADMINISTRATOR 94.101.187.85 
ADMINISTRATOR 94.101.187.85 
LILYA 51.159.103.25 
ADMINISTRATOR 94.101.187.85 
ADMINISTRATOR 94.101.187.85 
ADMINISTRATOR 94.101.187.85 
ADMINISTRATOR 94.101.187.85 
ADMINISTRATOR 94.101.187.85 
ADMINISTRATOR 94.101.187.85 
ADMINISTRATOR 94.101.187.85 
ADMINISTRATOR 94.101.187.85 
ADMINISTRATOR 94.101.187.85 
ADMINISTRATOR 94.101.187.85 
ADMINISTRATOR 94.101.187.85 
ADMINISTRATOR 94.101.187.85 
ADMINISTRATOR 94.101.187.85 
ADMINISTRATOR 94.101.187.85 
ADMINISTRATOR 94.101.187.85 
ADMINISTRATOR 94.101.187.85 
ADMINISTRATOR 94.101.187.85 
ADMINISTRATOR 94.101.187.85 
ADMINISTRATOR 94.101.187.85 
ADMINISTRATOR 94.101.187.85 
ADMINISTRATOR 94.101.187.85 
ADMINISTRATOR 94.101.187.85 
ADMINISTRATOR 94.101.187.85 
ADMINISTRATOR 94.101.187.85 
ADMINISTRATOR 94.101.187.85 
ADMINISTRATOR 94.101.187.85 
ADMINISTRATOR 94.101.187.85 
ADMINISTRATOR 94.101.187.85 
ADMINISTRATOR 94.101.187.85 
ADMINISTRATOR 94.101.187.85 
ADMINISTRATOR 94.101.187.85 
ADMINISTRATOR 94.101.187.85 
ADMINISTRATOR 94.101.187.85 
ERIC 81.45.139.22 
ADMINISTRATOR 94.101.187.85 
ADMINISTRATOR 94.101.187.85 
ADMINISTRATOR 94.101.187.85 
ADMINISTRATOR 94.101.187.85 
ADMINISTRATOR 94.101.187.85 
ADMINISTRATOR 94.101.187.85 
ADMINISTRATOR 94.101.187.85 
ADMINISTRATOR 94.101.187.85 
ADMINISTRATOR 94.101.187.85 
ADMINISTRATOR 94.101.187.85 
ADMINISTRATOR 94.101.187.85 
ADMINISTRATOR 94.101.187.85 
ADMINISTRATOR 94.101.187.85 
ADMINISTRATOR 94.101.187.85 
ADMINISTRATOR 94.101.187.85 
ADMINISTRATOR 94.101.187.85 
ADMINISTRATOR 94.101.187.85 
ADMINISTRATOR 94.101.187.85 
ADMINISTRATOR 94.101.187.85 
ADMINISTRATOR 94.101.187.85 
ADMINISTRATOR 94.101.187.85 
ADMINISTRATOR 94.101.187.85 
ADMINISTRATOR 94.101.187.85 
ADMINISTRATOR 94.101.187.85 
ADMINISTRATOR 94.101.187.85 
ADMINISTRATOR 94.101.187.85 
ADMINISTRATOR 94.101.187.85 
ADMINISTRATOR 94.101.187.85 
ADMINISTRATOR 94.101.187.85 
ADMINISTRATOR 94.101.187.85 
ADMINISTRATOR 94.101.187.85 
ADMINISTRATOR 94.101.187.85 
ADMINISTRATOR 94.101.187.85 
ADMINISTRATOR 94.101.187.85 
ADMINISTRATOR 94.101.187.85 
ADMINISTRATOR 94.101.187.85 
ADMINISTRATOR 94.101.187.85 
ADMINISTRATOR 94.101.187.85 
ADMINISTRATOR 94.101.187.85 
ADMINISTRATOR 94.101.187.85 
ADMINISTRATOR 94.101.187.85 
ADMINISTRATOR 94.101.187.85 
ADMINISTRATOR 94.101.187.85 
ERICA 81.45.139.22 
ADMINISTRATOR 94.101.187.85 
ADMINISTRATOR 94.101.187.85 
ADMINISTRATOR 94.101.187.85 
ADMINISTRATOR 94.101.187.85 
ADMINISTRATOR 94.101.187.85 
ADMINISTRATOR 94.101.187.85 
ADMINISTRATOR 94.101.187.85 
ADMINISTRATOR 94.101.187.85 
ADMINISTRATOR 94.101.187.85 
ADMINISTRATOR 94.101.187.85 
ADMINISTRATOR 94.101.187.85 
ADMINISTRATOR 94.101.187.85 
ADMINISTRATOR 94.101.187.85 
ADMINISTRATOR 94.101.187.85 
ADMINISTRATOR 94.101.187.85 
ADMINISTRATOR 94.101.187.85 
ADMINISTRATOR 94.101.187.85 
ADMINISTRATOR 94.101.187.85 
ADMINISTRATOR 94.101.187.85 
ADMINISTRATOR 94.101.187.85 
ADMINISTRATOR 94.101.187.85 
ADMINISTRATOR 94.101.187.85 
ADMINISTRATOR 94.101.187.85 
ADMINISTRATOR 94.101.187.85 
ADMINISTRATOR 94.101.187.85 
ADMINISTRATOR 94.101.187.85 
ADMINISTRATOR 94.101.187.85 
ADMINISTRATOR 94.101.187.85 
ADMINISTRATOR 94.101.187.85 
ADMINISTRATOR 94.101.187.85 
ADMINISTRATOR 94.101.187.85 
ADMINISTRATOR 94.101.187.85 
ADMINISTRATOR 94.101.187.85 
ADMINISTRATOR 94.101.187.85 
ADMINISTRATOR 94.101.187.85 
ADMINISTRATOR 94.101.187.85 
ADMINISTRATOR 94.101.187.85 
ADMINISTRATOR 94.101.187.85 
ADMINISTRATOR 94.101.187.85 
ADMINISTRATOR 94.101.187.85 
ADMINISTRATOR 94.101.187.85 
ADMINISTRATOR 94.101.187.85 
ADMINISTRATOR 94.101.187.85 
ERICO 81.45.139.22 
ADMINISTRATOR 94.101.187.85 
ADMINISTRATOR 94.101.187.85 
ADMINISTRATOR 94.101.187.85 
ADMINISTRATOR 94.101.187.85 
ADMINISTRATOR 94.101.187.85 
ADMINISTRATOR 94.101.187.85 
ADMINISTRATOR 94.101.187.85 
ADMINISTRATOR 94.101.187.85 
ADMINISTRATOR 94.101.187.85 
ADMINISTRATOR 94.101.187.85 
ADMINISTRATOR 94.101.187.85 
ADMINISTRATOR 94.101.187.85 
ADMINISTRATOR 94.101.187.85 
ADMINISTRATOR 94.101.187.85 
ADMINISTRATOR 94.101.187.85 
ADMINISTRATOR 94.101.187.85 
ADMINISTRATOR 94.101.187.85 
ADMINISTRATOR 94.101.187.85 
ADMINISTRATOR 94.101.187.85 
ADMINISTRATOR 94.101.187.85 
ADMINISTRATOR 94.101.187.85 
ADMINISTRATOR 94.101.187.85 
ADMINISTRATOR 94.101.187.85 
ADMINISTRATOR 94.101.187.85 
ADMINISTRATOR 94.101.187.85 
ADMINISTRATOR 94.101.187.85 
ADMINISTRATOR 94.101.187.85 
ADMINISTRATOR 94.101.187.85 
ADMINISTRATOR 94.101.187.85 
ADMINISTRATOR 94.101.187.85 
ADMINISTRATOR 94.101.187.85 
ADMINISTRATOR 94.101.187.85 
ADMINISTRATOR 94.101.187.85 
ADMINISTRATOR 94.101.187.85 
ADMINISTRATOR 94.101.187.85 
ADMINISTRATOR 94.101.187.85 
ADMINISTRATOR 94.101.187.85 
ADMINISTRATOR 94.101.187.85 
ADMINISTRATOR 94.101.187.85 
ADMINISTRATOR 94.101.187.85 
ADMINISTRATOR 94.101.187.85 
ADMINISTRATOR 94.101.187.85 
ADMINISTRATOR 94.101.187.85 
ADMINISTRATOR 94.101.187.85 
ERIK 81.45.139.22 
ADMINISTRATOR 94.101.187.85 
ADMINISTRATOR 94.101.187.85 
ADMINISTRATOR 94.101.187.85 
ADMINISTRATOR 94.101.187.85 
ADMINISTRATOR 94.101.187.85 
ADMINISTRATOR 94.101.187.85 
ADMINISTRATOR 94.101.187.85 
ADMINISTRATOR 94.101.187.85 
ADMINISTRATOR 94.101.187.85 
ADMINISTRATOR 94.101.187.85 
ADMINISTRATOR 94.101.187.85 
ADMINISTRATOR 94.101.187.85 
ADMINISTRATOR 94.101.187.85 
ADMINISTRATOR 94.101.187.85 
ADMINISTRATOR 94.101.187.85 
ADMINISTRATOR 94.101.187.85 
ADMINISTRATOR 94.101.187.85 
ADMINISTRATOR 94.101.187.85 
ADMINISTRATOR 94.101.187.85 
ADMINISTRATOR 94.101.187.85 
ADMINISTRATOR 94.101.187.85 
ADMINISTRATOR 94.101.187.85 
ADMINISTRATOR 94.101.187.85 
ADMINISTRATOR 94.101.187.85 
ADMINISTRATOR 94.101.187.85 
ADMINISTRATOR 94.101.187.85 
ADMINISTRATOR 94.101.187.85 
ADMINISTRATOR 94.101.187.85 
ADMINISTRATOR 94.101.187.85 
ADMINISTRATOR 94.101.187.85 
ADMINISTRATOR 94.101.187.85 
ADMINISTRATOR 94.101.187.85 
ADMINISTRATOR 94.101.187.85 
ADMINISTRATOR 94.101.187.85 
STAS 51.159.103.25 
ADMINISTRATOR 94.101.187.85 
ADMINISTRATOR 94.101.187.85 
ADMINISTRATOR 94.101.187.85 
ADMINISTRATOR 94.101.187.85 
ADMINISTRATOR 94.101.187.85 
ADMINISTRATOR 94.101.187.85 
ADMINISTRATOR 94.101.187.85 
ADMINISTRATOR 94.101.187.85 
ADMINISTRATOR 94.101.187.85 
ADMINISTRATOR 94.101.187.85 
ADMINISTRATOR 94.101.187.85 
ADMINISTRATOR 94.101.187.85 
ADMINISTRATOR 94.101.187.85 
ADMINISTRATOR 94.101.187.85 
ADMINISTRATOR 94.101.187.85 
ADMINISTRATOR 94.101.187.85 
ADMINISTRATOR 94.101.187.85 
ADMINISTRATOR 94.101.187.85 
ADMINISTRATOR 94.101.187.85 
ADMINISTRATOR 94.101.187.85 
ADMINISTRATOR 94.101.187.85 
ADMINISTRATOR 94.101.187.85 
ADMINISTRATOR 94.101.187.85 
ADMINISTRATOR 94.101.187.85 
ADMINISTRATOR 94.101.187.85 
ADMINISTRATOR 94.101.187.85 
ADMINISTRATOR 94.101.187.85 
ADMINISTRATOR 94.101.187.85 
ADMINISTRATOR 94.101.187.85 
ADMINISTRATOR 94.101.187.85 
ADMINISTRATOR 94.101.187.85 
ADMINISTRATOR 94.101.187.85 
ADMINISTRATOR 94.101.187.85 
ADMINISTRATOR 94.101.187.85 
ADMINISTRATOR 94.101.187.85 
ADMINISTRATOR 94.101.187.85 
ADMINISTRATOR 94.101.187.85 
ADMINISTRATOR 94.101.187.85 
ADMINISTRATOR 94.101.187.85 
ADMINISTRATOR 94.101.187.85 
ADMINISTRATOR 94.101.187.85 
ADMINISTRATOR 94.101.187.85 
ADMINISTRATOR 94.101.187.85 
ADMINISTRATOR 94.101.187.85 
ADMINISTRATOR 94.101.187.85 
ADMINISTRATOR 94.101.187.85 
ADMINISTRATOR 94.101.187.85 
ADMINISTRATOR 94.101.187.85 
ADMINISTRATOR 94.101.187.85 
ADMINISTRATOR 94.101.187.85 
ADMINISTRATOR 94.101.187.85 
ADMINISTRATOR 94.101.187.85 
ERIKPAM 81.45.139.22 
ADMINISTRATOR 94.101.187.85 
ADMINISTRATOR 94.101.187.85 
ADMINISTRATOR 94.101.187.85 
ADMINISTRATOR 94.101.187.85 
ADMINISTRATOR 94.101.187.85 
ADMINISTRATOR 94.101.187.85 
ADMINISTRATOR 94.101.187.85 
ADMINISTRATOR 94.101.187.85 
ADMINISTRATOR 94.101.187.85 
ADMINISTRATOR 94.101.187.85 
ADMINISTRATOR 94.101.187.85 
ADMINISTRATOR 94.101.187.85 
ADMINISTRATOR 94.101.187.85 
ADMINISTRATOR 94.101.187.85 
ADMINISTRATOR 94.101.187.85 
ADMINISTRATOR 94.101.187.85 
ADMINISTRATOR 94.101.187.85 
ADMINISTRATOR 94.101.187.85 
ADMINISTRATOR 94.101.187.85 
ADMINISTRATOR 94.101.187.85 
ADMINISTRATOR 94.101.187.85 
ADMINISTRATOR 94.101.187.85 
ADMINISTRATOR 94.101.187.85 
ADMINISTRATOR 94.101.187.85 
ADMINISTRATOR 94.101.187.85 
ADMINISTRATOR 94.101.187.85 
ADMINISTRATOR 94.101.187.85 
ADMINISTRATOR 94.101.187.85 
ADMINISTRATOR 94.101.187.85 
ADMINISTRATOR 94.101.187.85 
ADMINISTRATOR 94.101.187.85 
ADMINISTRATOR 94.101.187.85 
ADMINISTRATOR 94.101.187.85 
ADMINISTRATOR 94.101.187.85 
ADMINISTRATOR 94.101.187.85 
ADMINISTRATOR 94.101.187.85 
ADMINISTRATOR 94.101.187.85 
ADMINISTRATOR 94.101.187.85 
ADMINISTRATOR 94.101.187.85 
ADMINISTRATOR 94.101.187.85 
ADMINISTRATOR 94.101.187.85 
ADMINISTRATOR 94.101.187.85 
ADMINISTRATOR 94.101.187.85 
ERIKZ 81.45.139.22 
ADMINISTRATOR 94.101.187.85 
ADMINISTRATOR 94.101.187.85 
ADMINISTRATOR 94.101.187.85 
èêéÑÄÇÖñ 51.159.103.25 
ADMINISTRATOR 94.101.187.85 
ADMINISTRATOR 94.101.187.85 
ADMINISTRATOR 94.101.187.85 
ADMINISTRATOR 94.101.187.85 
ADMINISTRATOR 94.101.187.85 
ADMINISTRATOR 94.101.187.85 
ADMINISTRATOR 94.101.187.85 
ADMINISTRATOR 94.101.187.85 
ADMINISTRATOR 94.101.187.85 
ADMINISTRATOR 94.101.187.85 
ADMINISTRATOR 94.101.187.85 
ADMINISTRATOR 94.101.187.85 
ADMINISTRATOR 94.101.187.85 
ADMINISTRATOR 94.101.187.85 
ADMINISTRATOR 94.101.187.85 
ADMINISTRATOR 94.101.187.85 
ADMINISTRATOR 94.101.187.85 
ADMINISTRATOR 94.101.187.85 
ADMINISTRATOR 94.101.187.85 
ADMINISTRATOR 94.101.187.85 
ADMINISTRATOR 94.101.187.85 
ADMINISTRATOR 94.101.187.85 
ADMINISTRATOR 94.101.187.85 
ADMINISTRATOR 94.101.187.85 
ADMINISTRATOR 94.101.187.85 
ADMINISTRATOR 94.101.187.85 
ADMINISTRATOR 94.101.187.85 
ADMINISTRATOR 94.101.187.85 
ADMINISTRATOR 94.101.187.85 
ADMINISTRATOR 94.101.187.85 
ADMINISTRATOR 94.101.187.85 
ADMINISTRATOR 94.101.187.85 
ADMINISTRATOR 94.101.187.85 
ADMINISTRATOR 94.101.187.85 
ADMINISTRATOR 94.101.187.85 
ADMINISTRATOR 94.101.187.85 
ADMINISTRATOR 94.101.187.85 
ADMINISTRATOR 94.101.187.85 
ADMINISTRATOR 94.101.187.85 
ADMINISTRATOR 94.101.187.85 
ERJEN 81.45.139.22 
ADMINISTRATOR 94.101.187.85 
ADMINISTRATOR 94.101.187.85 
ADMINISTRATOR 94.101.187.85 
ADMINISTRATOR 94.101.187.85 
ADMINISTRATOR 94.101.187.85 
ADMINISTRATOR 94.101.187.85 
ADMINISTRATOR 94.101.187.85 
ADMINISTRATOR 94.101.187.85 
ADMINISTRATOR 94.101.187.85 
ADMINISTRATOR 94.101.187.85 
ADMINISTRATOR 94.101.187.85 
ADMINISTRATOR 94.101.187.85 
ADMINISTRATOR 94.101.187.85 
ADMINISTRATOR 94.101.187.85 
ADMINISTRATOR 94.101.187.85 
ADMINISTRATOR 94.101.187.85 
ADMINISTRATOR 94.101.187.85 
ADMINISTRATOR 94.101.187.85 
ADMINISTRATOR 94.101.187.85 
ADMINISTRATOR 94.101.187.85 
ADMINISTRATOR 94.101.187.85 
ADMINISTRATOR 94.101.187.85 
ADMINISTRATOR 94.101.187.85 
ADMINISTRATOR 94.101.187.85 
ADMINISTRATOR 94.101.187.85 
ADMINISTRATOR 94.101.187.85 
ADMINISTRATOR 94.101.187.85 
ADMINISTRATOR 94.101.187.85 
ADMINISTRATOR 94.101.187.85 
ADMINISTRATOR 94.101.187.85 
ADMINISTRATOR 94.101.187.85 
ADMINISTRATOR 94.101.187.85 
ADMINISTRATOR 94.101.187.85 
ADMINISTRATOR 94.101.187.85 
ADMINISTRATOR 94.101.187.85 
ADMINISTRATOR 94.101.187.85 
ADMINISTRATOR 94.101.187.85 
ADMINISTRATOR 94.101.187.85 
ADMINISTRATOR 94.101.187.85 
ADMINISTRATOR 94.101.187.85 
ADMINISTRATOR 94.101.187.85 
ADMINISTRATOR 94.101.187.85 
ADMINISTRATOR 94.101.187.85 
ADMINISTRATOR 94.101.187.85 
ADMINISTRATOR 94.101.187.85 
ADMINISTRATOR 94.101.187.85 
ADMINISTRATOR 94.101.187.85 
ADMINISTRATOR 94.101.187.85 
ADMINISTRATOR 94.101.187.85 
ADMINISTRATOR 94.101.187.85 
ADMINISTRATOR 94.101.187.85 
ADMINISTRATOR 94.101.187.85 
ADMINISTRATOR 94.101.187.85 
ADMINISTRATOR 94.101.187.85 
ADMINISTRATOR 94.101.187.85 
ADMINISTRATOR 94.101.187.85 
ADMINISTRATOR 94.101.187.85 
ADMINISTRATOR 94.101.187.85 
ADMINISTRATOR 94.101.187.85 
ÇãÄÑàåàê 51.159.103.25 
ADMINISTRATOR 94.101.187.85 
ADMINISTRATOR 94.101.187.85 
ADMINISTRATOR 94.101.187.85 
ADMINISTRATOR 94.101.187.85 
ADMINISTRATOR 94.101.187.85 
ADMINISTRATOR 94.101.187.85 
ADMINISTRATOR 94.101.187.85 
ADMINISTRATOR 94.101.187.85 
ADMINISTRATOR 94.101.187.85 
ADMINISTRATOR 94.101.187.85 
ADMINISTRATOR 94.101.187.85 
ADMINISTRATOR 94.101.187.85 
ADMINISTRATOR 94.101.187.85 
ADMINISTRATOR 94.101.187.85 
ADMINISTRATOR 94.101.187.85 
ADMINISTRATOR 94.101.187.85 
ADMINISTRATOR 94.101.187.85 
ADMINISTRATOR 94.101.187.85 
ADMINISTRATOR 94.101.187.85 
ADMINISTRATOR 94.101.187.85 
ADMINISTRATOR 94.101.187.85 
ADMINISTRATOR 94.101.187.85 
ADMINISTRATOR 94.101.187.85 
ADMINISTRATOR 94.101.187.85 
ADMINISTRATOR 94.101.187.85 
ADMINISTRATOR 94.101.187.85 
ERNEST 81.45.139.22 
ADMINISTRATOR 94.101.187.85 
ADMINISTRATOR 94.101.187.85 
ADMINISTRATOR 94.101.187.85 
ADMINISTRATOR 94.101.187.85 
ADMINISTRATOR 94.101.187.85 
ADMINISTRATOR 94.101.187.85 
ADMINISTRATOR 94.101.187.85 
ADMINISTRATOR 94.101.187.85 
ADMINISTRATOR 94.101.187.85 
ADMINISTRATOR 94.101.187.85 
ADMINISTRATOR 94.101.187.85 
ADMINISTRATOR 94.101.187.85 
ADMINISTRATOR 94.101.187.85 
ADMINISTRATOR 94.101.187.85 
ADMINISTRATOR 94.101.187.85 
ADMINISTRATOR 94.101.187.85 
ADMINISTRATOR 94.101.187.85 
ADMINISTRATOR 94.101.187.85 
ADMINISTRATOR 94.101.187.85 
ADMINISTRATOR 94.101.187.85 
ADMINISTRATOR 94.101.187.85 
ADMINISTRATOR 94.101.187.85 
ADMINISTRATOR 94.101.187.85 
ADMINISTRATOR 94.101.187.85 
ADMINISTRATOR 94.101.187.85 
ADMINISTRATOR 94.101.187.85 
ADMINISTRATOR 94.101.187.85 
ADMINISTRATOR 94.101.187.85 
ADMINISTRATOR 94.101.187.85 
ADMINISTRATOR 94.101.187.85 
ADMINISTRATOR 94.101.187.85 
ADMINISTRATOR 94.101.187.85 
ADMINISTRATOR 94.101.187.85 
ADMINISTRATOR 94.101.187.85 
ADMINISTRATOR 94.101.187.85 
ADMINISTRATOR 94.101.187.85 
ADMINISTRATOR 94.101.187.85 
ADMINISTRATOR 94.101.187.85 
ADMINISTRATOR 94.101.187.85 
ADMINISTRATOR 94.101.187.85 
ADMINISTRATOR 94.101.187.85 
ADMINISTRATOR 94.101.187.85 
ADMINISTRATOR 94.101.187.85 
ADMINISTRATOR 94.101.187.85 
ERNST 81.45.139.22 
ADMINISTRATOR 94.101.187.85 
ADMINISTRATOR 94.101.187.85 
ADMINISTRATOR 94.101.187.85 
ADMINISTRATOR 94.101.187.85 
ADMINISTRATOR 94.101.187.85 
ADMINISTRATOR 94.101.187.85 
ADMINISTRATOR 94.101.187.85 
ADMINISTRATOR 94.101.187.85 
ADMINISTRATOR 94.101.187.85 
ADMINISTRATOR 94.101.187.85 
ADMINISTRATOR 94.101.187.85 
ADMINISTRATOR 94.101.187.85 
ADMINISTRATOR 94.101.187.85 
ADMINISTRATOR 94.101.187.85 
ADMINISTRATOR 94.101.187.85 
ADMINISTRATOR 94.101.187.85 
ADMINISTRATOR 94.101.187.85 
ADMINISTRATOR 94.101.187.85 
ADMINISTRATOR 94.101.187.85 
ADMINISTRATOR 94.101.187.85 
ADMINISTRATOR 94.101.187.85 
ADMINISTRATOR 94.101.187.85 
ADMINISTRATOR 94.101.187.85 
ADMINISTRATOR 94.101.187.85 
ADMINISTRATOR 94.101.187.85 
ADMINISTRATOR 94.101.187.85 
ADMINISTRATOR 94.101.187.85 
ADMINISTRATOR 94.101.187.85 
ADMINISTRATOR 94.101.187.85 
ADMINISTRATOR 94.101.187.85 
ADMINISTRATOR 94.101.187.85 
ADMINISTRATOR 94.101.187.85 
ADMINISTRATOR 94.101.187.85 
ADMINISTRATOR 94.101.187.85 
ADMINISTRATOR 94.101.187.85 
ADMINISTRATOR 94.101.187.85 
ADMINISTRATOR 94.101.187.85 
ADMINISTRATOR 94.101.187.85 
ADMINISTRATOR 94.101.187.85 
ADMINISTRATOR 94.101.187.85 
ADMINISTRATOR 94.101.187.85 
ADMINISTRATOR 94.101.187.85 
ADMINISTRATOR 94.101.187.85 
ADMINISTRATOR 94.101.187.85 
ADMINISTRATOR 94.101.187.85 
ADMINISTRATOR 94.101.187.85 
ADMINISTRATOR 94.101.187.85 
ADMINISTRATOR 94.101.187.85 
ADMINISTRATOR 94.101.187.85 
ADMINISTRATOR 94.101.187.85 
ADMINISTRATOR 94.101.187.85 
ADMINISTRATOR 94.101.187.85 
ADMINISTRATOR 94.101.187.85 
ADMINISTRATOR 94.101.187.85 
ADMINISTRATOR 94.101.187.85 
ADMINISTRATOR 94.101.187.85 
ADMINISTRATOR 94.101.187.85 
ADMINISTRATOR 94.101.187.85 
ADMINISTRATOR 94.101.187.85 
ADMINISTRATOR 94.101.187.85 
ADMINISTRATOR 94.101.187.85 
ADMINISTRATOR 94.101.187.85 
ADMINISTRATOR 94.101.187.85 
ADMINISTRATOR 94.101.187.85 
ADMINISTRATOR 94.101.187.85 
ADMINISTRATOR 94.101.187.85 
ADMINISTRATOR 94.101.187.85 
ADMINISTRATOR 94.101.187.85 
ADMINISTRATOR 94.101.187.85 
ADMINISTRATOR 94.101.187.85 
ADMINISTRATOR 94.101.187.85 
ADMINISTRATOR 94.101.187.85 
ADMINISTRATOR 94.101.187.85 
ADMINISTRATOR 94.101.187.85 
ADMINISTRATOR 94.101.187.85 
ADMINISTRATOR 94.101.187.85 
ADMINISTRATOR 94.101.187.85 
ADMINISTRATOR 94.101.187.85 
ADMINISTRATOR 94.101.187.85 
ADMINISTRATOR 94.101.187.85 
ADMINISTRATOR 94.101.187.85 
ADMINISTRATOR 94.101.187.85 
ADMINISTRATOR 94.101.187.85 
ADMINISTRATOR 94.101.187.85 
ADMINISTRATOR 94.101.187.85 
ADMINISTRATOR 94.101.187.85 
ERVA 81.45.139.22 
ADMINISTRATOR 94.101.187.85 
ADMINISTRATOR 94.101.187.85 
ADMINISTRATOR 94.101.187.85 
ADMINISTRATOR 94.101.187.85 
ADMINISTRATOR 94.101.187.85 
ADMINISTRATOR 94.101.187.85 
ADMINISTRATOR 94.101.187.85 
ADMINISTRATOR 94.101.187.85 
ADMINISTRATOR 94.101.187.85 
ADMINISTRATOR 94.101.187.85 
ADMINISTRATOR 94.101.187.85 
ADMINISTRATOR 94.101.187.85 
ADMINISTRATOR 94.101.187.85 
ADMINISTRATOR 94.101.187.85 
ADMINISTRATOR 94.101.187.85 
ADMINISTRATOR 94.101.187.85 
ADMINISTRATOR 94.101.187.85 
ADMINISTRATOR 94.101.187.85 
ADMINISTRATOR 94.101.187.85 
ADMINISTRATOR 94.101.187.85 
ADMINISTRATOR 94.101.187.85 
ADMINISTRATOR 94.101.187.85 
ADMINISTRATOR 94.101.187.85 
ADMINISTRATOR 94.101.187.85 
ADMINISTRATOR 94.101.187.85 
ADMINISTRATOR 94.101.187.85 
ADMINISTRATOR 94.101.187.85 
ADMINISTRATOR 94.101.187.85 
ADMINISTRATOR 94.101.187.85 
ADMINISTRATOR 94.101.187.85 
ADMINISTRATOR 94.101.187.85 
ADMINISTRATOR 94.101.187.85 
ADMINISTRATOR 94.101.187.85 
ADMINISTRATOR 94.101.187.85 
ADMINISTRATOR 94.101.187.85 
ADMINISTRATOR 94.101.187.85 
ADMINISTRATOR 94.101.187.85 
ADMINISTRATOR 94.101.187.85 
ADMINISTRATOR 94.101.187.85 
ADMINISTRATOR 94.101.187.85 
ADMINISTRATOR 94.101.187.85 
ADMINISTRATOR 94.101.187.85 
ADMINISTRATOR 94.101.187.85 
ERWIN 81.45.139.22 
ADMINISTRATOR 94.101.187.85 
ADMINISTRATOR 94.101.187.85 
ADMINISTRATOR 94.101.187.85 
ADMINISTRATOR 94.101.187.85 
ADMINISTRATOR 94.101.187.85 
ADMINISTRATOR 94.101.187.85 
ADMINISTRATOR 94.101.187.85 
ADMINISTRATOR 94.101.187.85 
ADMINISTRATOR 94.101.187.85 
ADMINISTRATOR 94.101.187.85 
ADMINISTRATOR 94.101.187.85 
ADMINISTRATOR 94.101.187.85 
ADMINISTRATOR 94.101.187.85 
ADMINISTRATOR 94.101.187.85 
ADMINISTRATOR 94.101.187.85 
ADMINISTRATOR 94.101.187.85 
ADMINISTRATOR 94.101.187.85 
ADMINISTRATOR 94.101.187.85 
ADMINISTRATOR 94.101.187.85 
ADMINISTRATOR 94.101.187.85 
ADMINISTRATOR 94.101.187.85 
ADMINISTRATOR 94.101.187.85 
ADMINISTRATOR 94.101.187.85 
ADMINISTRATOR 94.101.187.85 
ADMINISTRATOR 94.101.187.85 
ADMINISTRATOR 94.101.187.85 
ADMINISTRATOR 94.101.187.85 
ADMINISTRATOR 94.101.187.85 
ADMINISTRATOR 94.101.187.85 
ADMINISTRATOR 94.101.187.85 
ADMINISTRATOR 94.101.187.85 
ADMINISTRATOR 94.101.187.85 
ADMINISTRATOR 94.101.187.85 
ADMINISTRATOR 94.101.187.85 
ADMINISTRATOR 94.101.187.85 
ADMINISTRATOR 94.101.187.85 
ADMINISTRATOR 94.101.187.85 
ADMINISTRATOR 94.101.187.85 
ADMINISTRATOR 94.101.187.85 
ADMINISTRATOR 94.101.187.85 
ADMINISTRATOR 94.101.187.85 
ADMINISTRATOR 94.101.187.85 
ADMINISTRATOR 94.101.187.85 
ESILA 81.45.139.22 
ADMINISTRATOR 94.101.187.85 
ADMINISTRATOR 94.101.187.85 
ADMINISTRATOR 94.101.187.85 
ADMINISTRATOR 94.101.187.85 
ADMINISTRATOR 94.101.187.85 
ADMINISTRATOR 94.101.187.85 
ADMINISTRATOR 94.101.187.85 
ADMINISTRATOR 94.101.187.85 
ADMINISTRATOR 94.101.187.85 
ADMINISTRATOR 94.101.187.85 
ADMINISTRATOR 94.101.187.85 
ADMINISTRATOR 94.101.187.85 
ADMINISTRATOR 94.101.187.85 
ADMINISTRATOR 94.101.187.85 
ADMINISTRATOR 94.101.187.85 
ADMINISTRATOR 94.101.187.85 
ADMINISTRATOR 94.101.187.85 
ADMINISTRATOR 94.101.187.85 
ADMINISTRATOR 94.101.187.85 
ADMINISTRATOR 94.101.187.85 
ADMINISTRATOR 94.101.187.85 
ADMINISTRATOR 94.101.187.85 
ADMINISTRATOR 94.101.187.85 
ADMINISTRATOR 94.101.187.85 
ADMINISTRATOR 94.101.187.85 
ADMINISTRATOR 94.101.187.85 
ADMINISTRATOR 94.101.187.85 
ADMINISTRATOR 94.101.187.85 
ADMINISTRATOR 94.101.187.85 
ADMINISTRATOR 94.101.187.85 
ADMINISTRATOR 94.101.187.85 
ADMINISTRATOR 94.101.187.85 
ADMINISTRATOR 94.101.187.85 
ADMINISTRATOR 94.101.187.85 
ADMINISTRATOR 94.101.187.85 
ADMINISTRATOR 94.101.187.85 
ADMINISTRATOR 94.101.187.85 
ADMINISTRATOR 94.101.187.85 
ADMINISTRATOR 94.101.187.85 
ADMINISTRATOR 94.101.187.85 
ADMINISTRATOR 94.101.187.85 
ADMINISTRATOR 94.101.187.85 
ADMINISTRATOR 94.101.187.85 
ADMINISTRATOR 94.101.187.85 
ADMINISTRATOR 94.101.187.85 
ADMINISTRATOR 94.101.187.85 
ADMINISTRATOR 94.101.187.85 
ADMINISTRATOR 94.101.187.85 
ADMINISTRATOR 94.101.187.85 
ADMINISTRATOR 94.101.187.85 
ADMINISTRATOR 94.101.187.85 
ADMINISTRATOR 94.101.187.85 
ADMINISTRATOR 94.101.187.85 
ADMINISTRATOR 94.101.187.85 
ADMINISTRATOR 94.101.187.85 
ADMINISTRATOR 94.101.187.85 
ADMINISTRATOR 94.101.187.85 
ADMINISTRATOR 94.101.187.85 
ADMINISTRATOR 94.101.187.85 
ADMINISTRATOR 94.101.187.85 
ADMINISTRATOR 94.101.187.85 
ADMINISTRATOR 94.101.187.85 
ADMINISTRATOR 94.101.187.85 
ADMINISTRATOR 94.101.187.85 
ADMINISTRATOR 94.101.187.85 
ADMINISTRATOR 94.101.187.85 
ADMINISTRATOR 94.101.187.85 
ADMINISTRATOR 94.101.187.85 
ADMINISTRATOR 94.101.187.85 
ADMINISTRATOR 94.101.187.85 
ADMINISTRATOR 94.101.187.85 
ADMINISTRATOR 94.101.187.85 
ADMINISTRATOR 94.101.187.85 
ADMINISTRATOR 94.101.187.85 
ADMINISTRATOR 94.101.187.85 
ADMINISTRATOR 94.101.187.85 
ADMINISTRATOR 94.101.187.85 
ADMINISTRATOR 94.101.187.85 
ADMINISTRATOR 94.101.187.85 
ADMINISTRATOR 94.101.187.85 
ADMINISTRATOR 94.101.187.85 
ADMINISTRATOR 94.101.187.85 
ADMINISTRATOR 94.101.187.85 
ADMINISTRATOR 94.101.187.85 
ADMINISTRATOR 94.101.187.85 
ESMA 81.45.139.22 
ADMINISTRATOR 94.101.187.85 
ADMINISTRATOR 94.101.187.85 
ADMINISTRATOR 94.101.187.85 
ADMINISTRATOR 94.101.187.85 
ADMINISTRATOR 94.101.187.85 
ADMINISTRATOR 94.101.187.85 
ADMINISTRATOR 94.101.187.85 
ADMINISTRATOR 94.101.187.85 
ADMINISTRATOR 94.101.187.85 
ADMINISTRATOR 94.101.187.85 
ADMINISTRATOR 94.101.187.85 
ADMINISTRATOR 94.101.187.85 
ADMINISTRATOR 94.101.187.85 
ADMINISTRATOR 94.101.187.85 
ADMINISTRATOR 94.101.187.85 
ADMINISTRATOR 94.101.187.85 
ADMINISTRATOR 94.101.187.85 
ADMINISTRATOR 94.101.187.85 
ADMINISTRATOR 94.101.187.85 
ADMINISTRATOR 94.101.187.85 
ADMINISTRATOR 94.101.187.85 
ADMINISTRATOR 94.101.187.85 
ADMINISTRATOR 94.101.187.85 
ADMINISTRATOR 94.101.187.85 
ADMINISTRATOR 94.101.187.85 
ADMINISTRATOR 94.101.187.85 
ADMINISTRATOR 94.101.187.85 
ADMINISTRATOR 94.101.187.85 
ADMINISTRATOR 94.101.187.85 
ADMINISTRATOR 94.101.187.85 
ADMINISTRATOR 94.101.187.85 
ADMINISTRATOR 94.101.187.85 
ADMINISTRATOR 94.101.187.85 
ADMINISTRATOR 94.101.187.85 
ADMINISTRATOR 94.101.187.85 
ADMINISTRATOR 94.101.187.85 
ADMINISTRATOR 94.101.187.85 
ADMINISTRATOR 94.101.187.85 
ADMINISTRATOR 94.101.187.85 
ADMINISTRATOR 94.101.187.85 
ADMINISTRATOR 94.101.187.85 
ADMINISTRATOR 94.101.187.85 
ADMINISTRATOR 94.101.187.85 
ESMAY 81.45.139.22 
ADMINISTRATOR 94.101.187.85 
ADMINISTRATOR 94.101.187.85 
ADMINISTRATOR 94.101.187.85 
ADMINISTRATOR 94.101.187.85 
ADMINISTRATOR 94.101.187.85 
ADMINISTRATOR 94.101.187.85 
ADMINISTRATOR 94.101.187.85 
ADMINISTRATOR 94.101.187.85 
ADMINISTRATOR 94.101.187.85 
ADMINISTRATOR 94.101.187.85 
ADMINISTRATOR 94.101.187.85 
ADMINISTRATOR 94.101.187.85 
ADMINISTRATOR 94.101.187.85 
ADMINISTRATOR 94.101.187.85 
ADMINISTRATOR 94.101.187.85 
ADMINISTRATOR 94.101.187.85 
ADMINISTRATOR 94.101.187.85 
ADMINISTRATOR 94.101.187.85 
ADMINISTRATOR 94.101.187.85 
ADMINISTRATOR 94.101.187.85 
ADMINISTRATOR 94.101.187.85 
ADMINISTRATOR 94.101.187.85 
ADMINISTRATOR 94.101.187.85 
ADMINISTRATOR 94.101.187.85 
ADMINISTRATOR 94.101.187.85 
ADMINISTRATOR 94.101.187.85 
ADMINISTRATOR 94.101.187.85 
ADMINISTRATOR 94.101.187.85 
ADMINISTRATOR 94.101.187.85 
ADMINISTRATOR 94.101.187.85 
USR2 51.159.103.25 
ADMINISTRATOR 94.101.187.85 
ADMINISTRATOR 94.101.187.85 
ADMINISTRATOR 94.101.187.85 
ADMINISTRATOR 94.101.187.85 
ADMINISTRATOR 94.101.187.85 
ADMINISTRATOR 94.101.187.85 
ADMINISTRATOR 94.101.187.85 
ADMINISTRATOR 94.101.187.85 
ADMINISTRATOR 94.101.187.85 
ADMINISTRATOR 94.101.187.85 
ADMINISTRATOR 94.101.187.85 
ADMINISTRATOR 94.101.187.85 
ADMINISTRATOR 94.101.187.85 
ESMEE 81.45.139.22 
ADMINISTRATOR 94.101.187.85 
ADMINISTRATOR 94.101.187.85 
ADMINISTRATOR 94.101.187.85 
ADMINISTRATOR 94.101.187.85 
ADMINISTRATOR 94.101.187.85 
ADMINISTRATOR 94.101.187.85 
ADMINISTRATOR 94.101.187.85 
ADMINISTRATOR 94.101.187.85 
ADMINISTRATOR 94.101.187.85 
ADMINISTRATOR 94.101.187.85 
ADMINISTRATOR 94.101.187.85 
ADMINISTRATOR 94.101.187.85 
ADMINISTRATOR 94.101.187.85 
ADMINISTRATOR 94.101.187.85 
ADMINISTRATOR 94.101.187.85 
ADMINISTRATOR 94.101.187.85 
ADMINISTRATOR 94.101.187.85 
ADMINISTRATOR 94.101.187.85 
ADMINISTRATOR 94.101.187.85 
ADMINISTRATOR 94.101.187.85 
ADMINISTRATOR 94.101.187.85 
ADMINISTRATOR 94.101.187.85 
ADMINISTRATOR 94.101.187.85 
ADMINISTRATOR 94.101.187.85 
ADMINISTRATOR 94.101.187.85 
ADMINISTRATOR 94.101.187.85 
ADMINISTRATOR 94.101.187.85 
ADMINISTRATOR 94.101.187.85 
ADMINISTRATOR 94.101.187.85 
ADMINISTRATOR 94.101.187.85 
ADMINISTRATOR 94.101.187.85 
ADMINISTRATOR 94.101.187.85 
ADMINISTRATOR 94.101.187.85 
ADMINISTRATOR 94.101.187.85 
ADMINISTRATOR 94.101.187.85 
ADMINISTRATOR 94.101.187.85 
ADMINISTRATOR 94.101.187.85 
ADMINISTRATOR 94.101.187.85 
ADMINISTRATOR 94.101.187.85 
ADMINISTRATOR 94.101.187.85 
ADMINISTRATOR 94.101.187.85 
ADMINISTRATOR 94.101.187.85 
ADMINISTRATOR 94.101.187.85 
ADMINISTRATOR 94.101.187.85 
ADMINISTRATOR 94.101.187.85 
ADMINISTRATOR 94.101.187.85 
ADMINISTRATOR 94.101.187.85 
ADMINISTRATOR 94.101.187.85 
ADMINISTRATOR 94.101.187.85 
ADMINISTRATOR 94.101.187.85 
ADMINISTRATOR 94.101.187.85 
ADMINISTRATOR 94.101.187.85 
ADMINISTRATOR 94.101.187.85 
ADMINISTRATOR 94.101.187.85 
ADMINISTRATOR 94.101.187.85 
ADMINISTRATOR 94.101.187.85 
ADMINISTRATOR 94.101.187.85 
ADMINISTRATOR 94.101.187.85 
ADMINISTRATOR 94.101.187.85 
ADMINISTRATOR 94.101.187.85 
ADMINISTRATOR 94.101.187.85 
ADMINISTRATOR 94.101.187.85 
ADMINISTRATOR 94.101.187.85 
ADMINISTRATOR 94.101.187.85 
ADMINISTRATOR 94.101.187.85 
ADMINISTRATOR 94.101.187.85 
ADMINISTRATOR 94.101.187.85 
ADMINISTRATOR 94.101.187.85 
ADMINISTRATOR 94.101.187.85 
ADMINISTRATOR 94.101.187.85 
ADMINISTRATOR 94.101.187.85 
ADMINISTRATOR 94.101.187.85 
ADMINISTRATOR 94.101.187.85 
ADMINISTRATOR 94.101.187.85 
ADMINISTRATOR 94.101.187.85 
ADMINISTRATOR 94.101.187.85 
ADMINISTRATOR 94.101.187.85 
ADMINISTRATOR 94.101.187.85 
ADMINISTRATOR 94.101.187.85 
ADMINISTRATOR 94.101.187.85 
ADMINISTRATOR 94.101.187.85 
ADMINISTRATOR 94.101.187.85 
ADMINISTRATOR 94.101.187.85 
ADMINISTRATOR 94.101.187.85 
ADMINISTRATOR 94.101.187.85 
ADMINISTRATOR 94.101.187.85 
ESRA 81.45.139.22 
ADMINISTRATOR 94.101.187.85 
ADMINISTRATOR 94.101.187.85 
POSTMASTER 51.159.103.25 
ADMINISTRATOR 94.101.187.85 
ADMINISTRATOR 94.101.187.85 
ADMINISTRATOR 94.101.187.85 
ADMINISTRATOR 94.101.187.85 
ADMINISTRATOR 94.101.187.85 
ADMINISTRATOR 94.101.187.85 
ADMINISTRATOR 94.101.187.85 
ADMINISTRATOR 94.101.187.85 
ADMINISTRATOR 94.101.187.85 
ADMINISTRATOR 94.101.187.85 
ADMINISTRATOR 94.101.187.85 
ADMINISTRATOR 94.101.187.85 
ADMINISTRATOR 94.101.187.85 
ADMINISTRATOR 94.101.187.85 
ADMINISTRATOR 94.101.187.85 
ADMINISTRATOR 94.101.187.85 
ADMINISTRATOR 94.101.187.85 
ADMINISTRATOR 94.101.187.85 
ADMINISTRATOR 94.101.187.85 
ADMINISTRATOR 94.101.187.85 
ADMINISTRATOR 94.101.187.85 
ADMINISTRATOR 94.101.187.85 
ADMINISTRATOR 94.101.187.85 
ADMINISTRATOR 94.101.187.85 
ADMINISTRATOR 94.101.187.85 
ADMINISTRATOR 94.101.187.85 
ADMINISTRATOR 94.101.187.85 
ADMINISTRATOR 94.101.187.85 
ADMINISTRATOR 94.101.187.85 
ADMINISTRATOR 94.101.187.85 
ADMINISTRATOR 94.101.187.85 
ADMINISTRATOR 94.101.187.85 
ADMINISTRATOR 94.101.187.85 
ADMINISTRATOR 94.101.187.85 
ADMINISTRATOR 94.101.187.85 
ADMINISTRATOR 94.101.187.85 
ADMINISTRATOR 94.101.187.85 
ADMINISTRATOR 94.101.187.85 
ADMINISTRATOR 94.101.187.85 
ADMINISTRATOR 94.101.187.85 
ADMINISTRATOR 94.101.187.85 
ADMINISTRATOR 94.101.187.85 
ADMINISTRATOR 94.101.187.85 
ADMINISTRATOR 94.101.187.85 
ADMINISTRATOR 94.101.187.85 
ADMINISTRATOR 94.101.187.85 
ADMINISTRATOR 94.101.187.85 
ADMINISTRATOR 94.101.187.85 
ADMINISTRATOR 94.101.187.85 
ADMINISTRATOR 94.101.187.85 
ADMINISTRATOR 94.101.187.85 
ADMINISTRATOR 94.101.187.85 
ADMINISTRATOR 94.101.187.85 
ADMINISTRATOR 94.101.187.85 
ADMINISTRATOR 94.101.187.85 
ADMINISTRATOR 94.101.187.85 
ADMINISTRATOR 94.101.187.85 
ADMINISTRATOR 94.101.187.85 
ADMINISTRATOR 94.101.187.85 
ADMINISTRATOR 94.101.187.85 
ADMINISTRATOR 94.101.187.85 
ADMINISTRATOR 94.101.187.85 
ADMINISTRATOR 94.101.187.85 
ADMINISTRATOR 94.101.187.85 
ADMINISTRATOR 94.101.187.85 
ADMINISTRATOR 94.101.187.85 
ADMINISTRATOR 94.101.187.85 
ADMINISTRATOR 94.101.187.85 
ADMINISTRATOR 94.101.187.85 
ADMINISTRATOR 94.101.187.85 
ADMINISTRATOR 94.101.187.85 
ADMINISTRATOR 94.101.187.85 
ADMINISTRATOR 94.101.187.85 
ADMINISTRATOR 94.101.187.85 
ADMINISTRATOR 94.101.187.85 
ADMINISTRATOR 94.101.187.85 
ADMINISTRATOR 94.101.187.85 
ADMINISTRATOR 94.101.187.85 
ADMINISTRATOR 94.101.187.85 
ADMINISTRATOR 94.101.187.85 
ADMINISTRATOR 94.101.187.85 
ADMINISTRATOR 94.101.187.85 
ADMINISTRATOR 94.101.187.85 
ESTHER 81.45.139.22 
ADMINISTRATOR 94.101.187.85 
ADMINISTRATOR 94.101.187.85 
ADMINISTRATOR 94.101.187.85 
ADMINISTRATOR 94.101.187.85 
ADMINISTRATOR 94.101.187.85 
ADMINISTRATOR 94.101.187.85 
ADMINISTRATOR 94.101.187.85 
ADMINISTRATOR 94.101.187.85 
ADMINISTRATOR 94.101.187.85 
ADMINISTRATOR 94.101.187.85 
ADMINISTRATOR 94.101.187.85 
ADMINISTRATOR 94.101.187.85 
ADMINISTRATOR 94.101.187.85 
ADMINISTRATOR 94.101.187.85 
ADMINISTRATOR 94.101.187.85 
ADMINISTRATOR 94.101.187.85 
ADMINISTRATOR 94.101.187.85 
ADMINISTRATOR 94.101.187.85 
ADMINISTRATOR 94.101.187.85 
EKONOMIST 51.159.103.25 
ADMINISTRATOR 94.101.187.85 
ADMINISTRATOR 94.101.187.85 
ADMINISTRATOR 94.101.187.85 
ADMINISTRATOR 94.101.187.85 
ADMINISTRATOR 94.101.187.85 
ADMINISTRATOR 94.101.187.85 
ADMINISTRATOR 94.101.187.85 
ADMINISTRATOR 94.101.187.85 
ADMINISTRATOR 94.101.187.85 
ADMINISTRATOR 94.101.187.85 
ADMINISTRATOR 94.101.187.85 
ADMINISTRATOR 94.101.187.85 
ADMINISTRATOR 94.101.187.85 
ADMINISTRATOR 94.101.187.85 
ADMINISTRATOR 94.101.187.85 
ADMINISTRATOR 94.101.187.85 
ADMINISTRATOR 94.101.187.85 
ADMINISTRATOR 94.101.187.85 
ADMINISTRATOR 94.101.187.85 
ADMINISTRATOR 94.101.187.85 
ADMINISTRATOR 94.101.187.85 
ADMINISTRATOR 94.101.187.85 
ADMINISTRATOR 94.101.187.85 
ETALAGE 81.45.139.22 
ADMINISTRATOR 94.101.187.85 
ADMINISTRATOR 94.101.187.85 
ADMINISTRATOR 94.101.187.85 
ADMINISTRATOR 94.101.187.85 
ADMINISTRATOR 94.101.187.85 
ADMINISTRATOR 94.101.187.85 
ADMINISTRATOR 94.101.187.85 
ADMINISTRATOR 94.101.187.85 
ADMINISTRATOR 94.101.187.85 
ADMINISTRATOR 94.101.187.85 
ADMINISTRATOR 94.101.187.85 
ADMINISTRATOR 94.101.187.85 
ADMINISTRATOR 94.101.187.85 
ADMINISTRATOR 94.101.187.85 
ADMINISTRATOR 94.101.187.85 
ADMINISTRATOR 94.101.187.85 
ADMINISTRATOR 94.101.187.85 
ADMINISTRATOR 94.101.187.85 
ADMINISTRATOR 94.101.187.85 
ADMINISTRATOR 94.101.187.85 
ADMINISTRATOR 94.101.187.85 
ADMINISTRATOR 94.101.187.85 
ADMINISTRATOR 94.101.187.85 
ADMINISTRATOR 94.101.187.85 
ADMINISTRATOR 94.101.187.85 
ADMINISTRATOR 94.101.187.85 
ADMINISTRATOR 94.101.187.85 
ADMINISTRATOR 94.101.187.85 
ADMINISTRATOR 94.101.187.85 
ADMINISTRATOR 94.101.187.85 
ADMINISTRATOR 94.101.187.85 
ADMINISTRATOR 94.101.187.85 
ADMINISTRATOR 94.101.187.85 
ADMINISTRATOR 94.101.187.85 
ADMINISTRATOR 94.101.187.85 
ADMINISTRATOR 94.101.187.85 
ADMINISTRATOR 94.101.187.85 
ADMINISTRATOR 94.101.187.85 
ADMINISTRATOR 94.101.187.85 
ADMINISTRATOR 94.101.187.85 
ADMINISTRATOR 94.101.187.85 
ADMINISTRATOR 94.101.187.85 
ADMINISTRATOR 94.101.187.85 
ETHAN 81.45.139.22 
ADMINISTRATOR 94.101.187.85 
ADMINISTRATOR 94.101.187.85 
ADMINISTRATOR 94.101.187.85 
ADMINISTRATOR 94.101.187.85 
ADMINISTRATOR 94.101.187.85 
ADMINISTRATOR 94.101.187.85 
ADMINISTRATOR 94.101.187.85 
ADMINISTRATOR 94.101.187.85 
ADMINISTRATOR 94.101.187.85 
ADMINISTRATOR 94.101.187.85 
ADMINISTRATOR 94.101.187.85 
ADMINISTRATOR 94.101.187.85 
ADMINISTRATOR 94.101.187.85 
ADMINISTRATOR 94.101.187.85 
ADMINISTRATOR 94.101.187.85 
ADMINISTRATOR 94.101.187.85 
ADMINISTRATOR 94.101.187.85 
ADMINISTRATOR 94.101.187.85 
ADMINISTRATOR 94.101.187.85 
ADMINISTRATOR 94.101.187.85 
ADMINISTRATOR 94.101.187.85 
ADMINISTRATOR 94.101.187.85 
ADMINISTRATOR 94.101.187.85 
ADMINISTRATOR 94.101.187.85 
ADMINISTRATOR 94.101.187.85 
ADMINISTRATOR 94.101.187.85 
ADMINISTRATOR 94.101.187.85 
ADMINISTRATOR 94.101.187.85 
ADMINISTRATOR 94.101.187.85 
ADMINISTRATOR 94.101.187.85 
ADMINISTRATOR 94.101.187.85 
ADMINISTRATOR 94.101.187.85 
ADMINISTRATOR 94.101.187.85 
ADMINISTRATOR 94.101.187.85 
ADMINISTRATOR 94.101.187.85 
ADMINISTRATOR 94.101.187.85 
ADMINISTRATOR 94.101.187.85 
ADMINISTRATOR 94.101.187.85 
ADMINISTRATOR 94.101.187.85 
ADMINISTRATOR 94.101.187.85 
ADMINISTRATOR 94.101.187.85 
ADMINISTRATOR 94.101.187.85 
ADMINISTRATOR 94.101.187.85 
ADMINISTRATOR 94.101.187.85 
ADMINISTRATOR 94.101.187.85 
ADMINISTRATOR 94.101.187.85 
ADMINISTRATOR 94.101.187.85 
ADMINISTRATOR 94.101.187.85 
ADMINISTRATOR 94.101.187.85 
ADMINISTRATOR 94.101.187.85 
ADMINISTRATOR 94.101.187.85 
ADMINISTRATOR 94.101.187.85 
ADMINISTRATOR 94.101.187.85 
ADMINISTRATOR 94.101.187.85 
ADMINISTRATOR 94.101.187.85 
ADMINISTRATOR 94.101.187.85 
ADMINISTRATOR 94.101.187.85 
ADMINISTRATOR 94.101.187.85 
ADMINISTRATOR 94.101.187.85 
ADMINISTRATOR 94.101.187.85 
ADMINISTRATOR 94.101.187.85 
ADMINISTRATOR 94.101.187.85 
ADMINISTRATOR 94.101.187.85 
ADMINISTRATOR 94.101.187.85 
ADMINISTRATOR 94.101.187.85 
ADMINISTRATOR 94.101.187.85 
ADMINISTRATOR 94.101.187.85 
ADMINISTRATOR 94.101.187.85 
ADMINISTRATOR 94.101.187.85 
ADMINISTRATOR 94.101.187.85 
ADMINISTRATOR 94.101.187.85 
ADMINISTRATOR 94.101.187.85 
ADMINISTRATOR 94.101.187.85 
ADMINISTRATOR 94.101.187.85 
ADMINISTRATOR 94.101.187.85 
ADMINISTRATOR 94.101.187.85 
ADMINISTRATOR 94.101.187.85 
ADMINISTRATOR 94.101.187.85 
ADMINISTRATOR 94.101.187.85 
ADMINISTRATOR 94.101.187.85 
ADMINISTRATOR 94.101.187.85 
ADMINISTRATOR 94.101.187.85 
ADMINISTRATOR 94.101.187.85 
ADMINISTRATOR 94.101.187.85 
ADMINISTRATOR 94.101.187.85 
ADMINISTRATOR 94.101.187.85 
EUGENIUS 81.45.139.22 
ADMINISTRATOR 94.101.187.85 
ADMINISTRATOR 94.101.187.85 
ADMINISTRATOR 94.101.187.85 
ADMINISTRATOR 94.101.187.85 
ADMINISTRATOR 94.101.187.85 
ADMINISTRATOR 94.101.187.85 
ADMINISTRATOR 94.101.187.85 
ADMINISTRATOR 94.101.187.85 
ADMINISTRATOR 94.101.187.85 
ADMINISTRATOR 94.101.187.85 
ADMINISTRATOR 94.101.187.85 
ADMINISTRATOR 94.101.187.85 
ADMINISTRATOR 94.101.187.85 
ADMINISTRATOR 94.101.187.85 
ADMINISTRATOR 94.101.187.85 
ADMINISTRATOR 94.101.187.85 
ADMINISTRATOR 94.101.187.85 
ADMINISTRATOR 94.101.187.85 
ADMINISTRATOR 94.101.187.85 
ADMINISTRATOR 94.101.187.85 
ADMINISTRATOR 94.101.187.85 
ADMINISTRATOR 94.101.187.85 
ADMINISTRATOR 94.101.187.85 
ADMINISTRATOR 94.101.187.85 
ADMINISTRATOR 94.101.187.85 
ADMINISTRATOR 94.101.187.85 
ADMINISTRATOR 94.101.187.85 
ADMINISTRATOR 94.101.187.85 
ADMINISTRATOR 94.101.187.85 
ADMINISTRATOR 94.101.187.85 
ADMINISTRATOR 94.101.187.85 
ADMINISTRATOR 94.101.187.85 
ADMINISTRATOR 94.101.187.85 
ADMINISTRATOR 94.101.187.85 
ADMINISTRATOR 94.101.187.85 
ADMINISTRATOR 94.101.187.85 
ADMINISTRATOR 94.101.187.85 
ADMINISTRATOR 94.101.187.85 
ADMINISTRATOR 94.101.187.85 
ADMINISTRATOR 94.101.187.85 
ADMINISTRATOR 94.101.187.85 
ADMINISTRATOR 94.101.187.85 
ADMINISTRATOR 94.101.187.85 
ADMINISTRATOR 94.101.187.85 
ADMINISTRATOR 94.101.187.85 
ADMINISTRATOR 94.101.187.85 
ADMINISTRATOR 94.101.187.85 
ADMINISTRATOR 94.101.187.85 
ADMINISTRATOR 94.101.187.85 
USER-2 51.159.103.25 
ADMINISTRATOR 94.101.187.85 
ADMINISTRATOR 94.101.187.85 
ADMINISTRATOR 94.101.187.85 
ADMINISTRATOR 94.101.187.85 
ADMINISTRATOR 94.101.187.85 
ADMINISTRATOR 94.101.187.85 
ADMINISTRATOR 94.101.187.85 
ADMINISTRATOR 94.101.187.85 
ADMINISTRATOR 94.101.187.85 
ADMINISTRATOR 94.101.187.85 
ADMINISTRATOR 94.101.187.85 
ADMINISTRATOR 94.101.187.85 
ADMINISTRATOR 94.101.187.85 
ADMINISTRATOR 94.101.187.85 
ADMINISTRATOR 94.101.187.85 
ADMINISTRATOR 94.101.187.85 
ADMINISTRATOR 94.101.187.85 
ADMINISTRATOR 94.101.187.85 
ADMINISTRATOR 94.101.187.85 
ADMINISTRATOR 94.101.187.85 
ADMINISTRATOR 94.101.187.85 
ADMINISTRATOR 94.101.187.85 
ADMINISTRATOR 94.101.187.85 
ADMINISTRATOR 94.101.187.85 
ADMINISTRATOR 94.101.187.85 
ADMINISTRATOR 94.101.187.85 
ADMINISTRATOR 94.101.187.85 
ADMINISTRATOR 94.101.187.85 
ADMINISTRATOR 94.101.187.85 
ADMINISTRATOR 94.101.187.85 
ADMINISTRATOR 94.101.187.85 
ADMINISTRATOR 94.101.187.85 
ADMINISTRATOR 94.101.187.85 
ADMINISTRATOR 94.101.187.85 
ADMINISTRATOR 94.101.187.85 
ADMINISTRATOR 94.101.187.85 
ADMINISTRATOR 94.101.187.85 
ADMINISTRATOR 94.101.187.85 
ADMINISTRATOR 94.101.187.85 
ADMINISTRATOR 94.101.187.85 
ADMINISTRATOR 94.101.187.85 
ADMINISTRATOR 94.101.187.85 
ADMINISTRATOR 94.101.187.85 
ADMINISTRATOR 94.101.187.85 
ADMINISTRATOR 94.101.187.85 
ADMINISTRATOR 94.101.187.85 
ADMINISTRATOR 94.101.187.85 
EUREST 81.45.139.22 
ADMINISTRATOR 94.101.187.85 
ADMINISTRATOR 94.101.187.85 
ADMINISTRATOR 94.101.187.85 
ADMINISTRATOR 94.101.187.85 
ADMINISTRATOR 94.101.187.85 
ADMINISTRATOR 94.101.187.85 
ADMINISTRATOR 94.101.187.85 
ADMINISTRATOR 94.101.187.85 
ADMINISTRATOR 94.101.187.85 
ADMINISTRATOR 94.101.187.85 
ADMINISTRATOR 94.101.187.85 
ADMINISTRATOR 94.101.187.85 
ADMINISTRATOR 94.101.187.85 
ADMINISTRATOR 94.101.187.85 
ADMINISTRATOR 94.101.187.85 
ADMINISTRATOR 94.101.187.85 
ADMINISTRATOR 94.101.187.85 
ADMINISTRATOR 94.101.187.85 
ADMINISTRATOR 94.101.187.85 
ADMINISTRATOR 94.101.187.85 
ADMINISTRATOR 94.101.187.85 
ADMINISTRATOR 94.101.187.85 
ADMINISTRATOR 94.101.187.85 
ADMINISTRATOR 94.101.187.85 
ADMINISTRATOR 94.101.187.85 
ADMINISTRATOR 94.101.187.85 
ADMINISTRATOR 94.101.187.85 
ADMINISTRATOR 94.101.187.85 
ADMINISTRATOR 94.101.187.85 
ADMINISTRATOR 94.101.187.85 
ADMINISTRATOR 94.101.187.85 
ADMINISTRATOR 94.101.187.85 
ADMINISTRATOR 94.101.187.85 
ADMINISTRATOR 94.101.187.85 
ADMINISTRATOR 94.101.187.85 
ADMINISTRATOR 94.101.187.85 
ADMINISTRATOR 94.101.187.85 
ADMINISTRATOR 94.101.187.85 
ADMINISTRATOR 94.101.187.85 
ADMINISTRATOR 94.101.187.85 
ADMINISTRATOR 94.101.187.85 
ADMINISTRATOR 94.101.187.85 
ADMINISTRATOR 94.101.187.85 
EVA 81.45.139.22 
ADMINISTRATOR 94.101.187.85 
ADMINISTRATOR 94.101.187.85 
ADMINISTRATOR 94.101.187.85 
ADMINISTRATOR 94.101.187.85 
ADMINISTRATOR 94.101.187.85 
ADMINISTRATOR 94.101.187.85 
ADMINISTRATOR 94.101.187.85 
ADMINISTRATOR 94.101.187.85 
ADMINISTRATOR 94.101.187.85 
ADMINISTRATOR 94.101.187.85 
ADMINISTRATOR 94.101.187.85 
RUSTAM 51.159.103.25 
ADMINISTRATOR 94.101.187.85 
ADMINISTRATOR 94.101.187.85 
ADMINISTRATOR 94.101.187.85 
ADMINISTRATOR 94.101.187.85 
ADMINISTRATOR 94.101.187.85 
ADMINISTRATOR 94.101.187.85 
ADMINISTRATOR 94.101.187.85 
ADMINISTRATOR 94.101.187.85 
ADMINISTRATOR 94.101.187.85 
ADMINISTRATOR 94.101.187.85 
ADMINISTRATOR 94.101.187.85 
ADMINISTRATOR 94.101.187.85 
ADMINISTRATOR 94.101.187.85 
ADMINISTRATOR 94.101.187.85 
ADMINISTRATOR 94.101.187.85 
ADMINISTRATOR 94.101.187.85 
ADMINISTRATOR 94.101.187.85 
ADMINISTRATOR 94.101.187.85 
ADMINISTRATOR 94.101.187.85 
ADMINISTRATOR 94.101.187.85 
ADMINISTRATOR 94.101.187.85 
ADMINISTRATOR 94.101.187.85 
ADMINISTRATOR 94.101.187.85 
ADMINISTRATOR 94.101.187.85 
ADMINISTRATOR 94.101.187.85 
ADMINISTRATOR 94.101.187.85 
ADMINISTRATOR 94.101.187.85 
ADMINISTRATOR 94.101.187.85 
ADMINISTRATOR 94.101.187.85 
ADMINISTRATOR 94.101.187.85 
ADMINISTRATOR 94.101.187.85 
ADMINISTRATOR 94.101.187.85 
ADMINISTRATOR 94.101.187.85 
ADMINISTRATOR 94.101.187.85 
ADMINISTRATOR 94.101.187.85 
ADMINISTRATOR 94.101.187.85 
ADMINISTRATOR 94.101.187.85 
ADMINISTRATOR 94.101.187.85 
ADMINISTRATOR 94.101.187.85 
ADMINISTRATOR 94.101.187.85 
ADMINISTRATOR 94.101.187.85 
ADMINISTRATOR 94.101.187.85 
ADMINISTRATOR 94.101.187.85 
ADMINISTRATOR 94.101.187.85 
ADMINISTRATOR 94.101.187.85 
ADMINISTRATOR 94.101.187.85 
ADMINISTRATOR 94.101.187.85 
ADMINISTRATOR 94.101.187.85 
ADMINISTRATOR 94.101.187.85 
ADMINISTRATOR 94.101.187.85 
ADMINISTRATOR 94.101.187.85 
ADMINISTRATOR 94.101.187.85 
ADMINISTRATOR 94.101.187.85 
ADMINISTRATOR 94.101.187.85 
ADMINISTRATOR 94.101.187.85 
ADMINISTRATOR 94.101.187.85 
ADMINISTRATOR 94.101.187.85 
ADMINISTRATOR 94.101.187.85 
ADMINISTRATOR 94.101.187.85 
ADMINISTRATOR 94.101.187.85 
ADMINISTRATOR 94.101.187.85 
ADMINISTRATOR 94.101.187.85 
ADMINISTRATOR 94.101.187.85 
ADMINISTRATOR 94.101.187.85 
ADMINISTRATOR 94.101.187.85 
ADMINISTRATOR 94.101.187.85 
ADMINISTRATOR 94.101.187.85 
ADMINISTRATOR 94.101.187.85 
ADMINISTRATOR 94.101.187.85 
ADMINISTRATOR 94.101.187.85 
ADMINISTRATOR 94.101.187.85 
ADMINISTRATOR 94.101.187.85 
ADMINISTRATOR 94.101.187.85 
ADMINISTRATOR 94.101.187.85 
ADMINISTRATOR 94.101.187.85 
EVANHONSCHOTEN 81.45.139.22 
ADMINISTRATOR 94.101.187.85 
ADMINISTRATOR 94.101.187.85 
ADMINISTRATOR 94.101.187.85 
ADMINISTRATOR 94.101.187.85 
ADMINISTRATOR 94.101.187.85 
ADMINISTRATOR 94.101.187.85 
ADMINISTRATOR 94.101.187.85 
ADMINISTRATOR 94.101.187.85 
ADMINISTRATOR 94.101.187.85 
ADMINISTRATOR 94.101.187.85 
ADMINISTRATOR 94.101.187.85 
ADMINISTRATOR 94.101.187.85 
ADMINISTRATOR 94.101.187.85 
ADMINISTRATOR 94.101.187.85 
ADMINISTRATOR 94.101.187.85 
ADMINISTRATOR 94.101.187.85 
ADMINISTRATOR 94.101.187.85 
ADMINISTRATOR 94.101.187.85 
ADMINISTRATOR 94.101.187.85 
ADMINISTRATOR 94.101.187.85 
ADMINISTRATOR 94.101.187.85 
ADMINISTRATOR 94.101.187.85 
ADMINISTRATOR 94.101.187.85 
HOME 51.159.103.25 
ADMINISTRATOR 94.101.187.85 
ADMINISTRATOR 94.101.187.85 
ADMINISTRATOR 94.101.187.85 
ADMINISTRATOR 94.101.187.85 
ADMINISTRATOR 94.101.187.85 
ADMINISTRATOR 94.101.187.85 
ADMINISTRATOR 94.101.187.85 
ADMINISTRATOR 94.101.187.85 
ADMINISTRATOR 94.101.187.85 
ADMINISTRATOR 94.101.187.85 
ADMINISTRATOR 94.101.187.85 
ADMINISTRATOR 94.101.187.85 
ADMINISTRATOR 94.101.187.85 
ADMINISTRATOR 94.101.187.85 
ADMINISTRATOR 94.101.187.85 
ADMINISTRATOR 94.101.187.85 
ADMINISTRATOR 94.101.187.85 
ADMINISTRATOR 94.101.187.85 
ADMINISTRATOR 94.101.187.85 
EVANPUTTEN 81.45.139.22 
ADMINISTRATOR 94.101.187.85 
ADMINISTRATOR 94.101.187.85 
ADMINISTRATOR 94.101.187.85 
ADMINISTRATOR 94.101.187.85 
ADMINISTRATOR 94.101.187.85 
ADMINISTRATOR 94.101.187.85 
ADMINISTRATOR 94.101.187.85 
ADMINISTRATOR 94.101.187.85 
ADMINISTRATOR 94.101.187.85 
ADMINISTRATOR 94.101.187.85 
ADMINISTRATOR 94.101.187.85 
ADMINISTRATOR 94.101.187.85 
ADMINISTRATOR 94.101.187.85 
ADMINISTRATOR 94.101.187.85 
ADMINISTRATOR 94.101.187.85 
ADMINISTRATOR 94.101.187.85 
ADMINISTRATOR 94.101.187.85 
ADMINISTRATOR 94.101.187.85 
ADMINISTRATOR 94.101.187.85 
ADMINISTRATOR 94.101.187.85 
ADMINISTRATOR 94.101.187.85 
ADMINISTRATOR 94.101.187.85 
ADMINISTRATOR 94.101.187.85 
ADMINISTRATOR 94.101.187.85 
ADMINISTRATOR 94.101.187.85 
ADMINISTRATOR 94.101.187.85 
ADMINISTRATOR 94.101.187.85 
ADMINISTRATOR 94.101.187.85 
ADMINISTRATOR 94.101.187.85 
ADMINISTRATOR 94.101.187.85 
ADMINISTRATOR 94.101.187.85 
ADMINISTRATOR 94.101.187.85 
ADMINISTRATOR 94.101.187.85 
ADMINISTRATOR 94.101.187.85 
ADMINISTRATOR 94.101.187.85 
ADMINISTRATOR 94.101.187.85 
ADMINISTRATOR 94.101.187.85 
ADMINISTRATOR 94.101.187.85 
ADMINISTRATOR 94.101.187.85 
ADMINISTRATOR 94.101.187.85 
ADMINISTRATOR 94.101.187.85 
ADMINISTRATOR 94.101.187.85 
ADMINISTRATOR 94.101.187.85 
EVBUL 81.45.139.22 
ADMINISTRATOR 94.101.187.85 
ADMINISTRATOR 94.101.187.85 
ADMINISTRATOR 94.101.187.85 
ADMINISTRATOR 94.101.187.85 
ADMINISTRATOR 94.101.187.85 
ADMINISTRATOR 94.101.187.85 
ADMINISTRATOR 94.101.187.85 
ADMINISTRATOR 94.101.187.85 
ADMINISTRATOR 94.101.187.85 
ADMINISTRATOR 94.101.187.85 
ADMINISTRATOR 94.101.187.85 
ADMINISTRATOR 94.101.187.85 
ADMINISTRATOR 94.101.187.85 
ADMINISTRATOR 94.101.187.85 
ADMINISTRATOR 94.101.187.85 
ADMINISTRATOR 94.101.187.85 
ADMINISTRATOR 94.101.187.85 
ADMINISTRATOR 94.101.187.85 
ADMINISTRATOR 94.101.187.85 
ADMINISTRATOR 94.101.187.85 
ADMINISTRATOR 94.101.187.85 
ADMINISTRATOR 94.101.187.85 
ADMINISTRATOR 94.101.187.85 
ADMINISTRATOR 94.101.187.85 
ADMINISTRATOR 94.101.187.85 
ADMINISTRATOR 94.101.187.85 
ADMINISTRATOR 94.101.187.85 
ADMINISTRATOR 94.101.187.85 
ADMINISTRATOR 94.101.187.85 
ADMINISTRATOR 94.101.187.85 
ADMINISTRATOR 94.101.187.85 
ADMINISTRATOR 94.101.187.85 
ADMINISTRATOR 94.101.187.85 
ADMINISTRATOR 94.101.187.85 
ADMINISTRATOR 94.101.187.85 
ADMINISTRATOR 94.101.187.85 
ADMINISTRATOR 94.101.187.85 
ADMINISTRATOR 94.101.187.85 
ADMINISTRATOR 94.101.187.85 
ÄìÑàíéê 51.159.103.25 
ADMINISTRATOR 94.101.187.85 
ADMINISTRATOR 94.101.187.85 
ADMINISTRATOR 94.101.187.85 
EVELIEN 81.45.139.22 
ADMINISTRATOR 94.101.187.85 
ADMINISTRATOR 94.101.187.85 
ADMINISTRATOR 94.101.187.85 
ADMINISTRATOR 94.101.187.85 
ADMINISTRATOR 94.101.187.85 
ADMINISTRATOR 94.101.187.85 
ADMINISTRATOR 94.101.187.85 
ADMINISTRATOR 94.101.187.85 
ADMINISTRATOR 94.101.187.85 
ADMINISTRATOR 94.101.187.85 
ADMINISTRATOR 94.101.187.85 
ADMINISTRATOR 94.101.187.85 
ADMINISTRATOR 94.101.187.85 
ADMINISTRATOR 94.101.187.85 
ADMINISTRATOR 94.101.187.85 
ADMINISTRATOR 94.101.187.85 
ADMINISTRATOR 94.101.187.85 
ADMINISTRATOR 94.101.187.85 
ADMINISTRATOR 94.101.187.85 
ADMINISTRATOR 94.101.187.85 
ADMINISTRATOR 94.101.187.85 
ADMINISTRATOR 94.101.187.85 
ADMINISTRATOR 94.101.187.85 
ADMINISTRATOR 94.101.187.85 
ADMINISTRATOR 94.101.187.85 
ADMINISTRATOR 94.101.187.85 
ADMINISTRATOR 94.101.187.85 
ADMINISTRATOR 94.101.187.85 
ADMINISTRATOR 94.101.187.85 
ADMINISTRATOR 94.101.187.85 
ADMINISTRATOR 94.101.187.85 
ADMINISTRATOR 94.101.187.85 
ADMINISTRATOR 94.101.187.85 
ADMINISTRATOR 94.101.187.85 
ADMINISTRATOR 94.101.187.85 
ADMINISTRATOR 94.101.187.85 
ADMINISTRATOR 94.101.187.85 
ADMINISTRATOR 94.101.187.85 
ADMINISTRATOR 94.101.187.85 
ADMINISTRATOR 94.101.187.85 
ADMINISTRATOR 94.101.187.85 
ADMINISTRATOR 94.101.187.85 
ADMINISTRATOR 94.101.187.85 
ADMINISTRATOR 94.101.187.85 
ADMINISTRATOR 94.101.187.85 
ADMINISTRATOR 94.101.187.85 
ADMINISTRATOR 94.101.187.85 
ADMINISTRATOR 94.101.187.85 
ADMINISTRATOR 94.101.187.85 
ADMINISTRATOR 94.101.187.85 
ADMINISTRATOR 94.101.187.85 
ADMINISTRATOR 94.101.187.85 
ADMINISTRATOR 94.101.187.85 
ADMINISTRATOR 94.101.187.85 
ADMINISTRATOR 94.101.187.85 
ADMINISTRATOR 94.101.187.85 
ADMINISTRATOR 94.101.187.85 
ADMINISTRATOR 94.101.187.85 
ADMINISTRATOR 94.101.187.85 
ADMINISTRATOR 94.101.187.85 
ADMINISTRATOR 94.101.187.85 
ADMINISTRATOR 94.101.187.85 
ADMINISTRATOR 94.101.187.85 
ADMINISTRATOR 94.101.187.85 
ADMINISTRATOR 94.101.187.85 
ADMINISTRATOR 94.101.187.85 
ADMINISTRATOR 94.101.187.85 
ADMINISTRATOR 94.101.187.85 
ADMINISTRATOR 94.101.187.85 
ADMINISTRATOR 94.101.187.85 
ADMINISTRATOR 94.101.187.85 
ADMINISTRATOR 94.101.187.85 
ADMINISTRATOR 94.101.187.85 
ADMINISTRATOR 94.101.187.85 
ADMINISTRATOR 94.101.187.85 
ADMINISTRATOR 94.101.187.85 
ADMINISTRATOR 94.101.187.85 
ADMINISTRATOR 94.101.187.85 
ADMINISTRATOR 94.101.187.85 
ADMINISTRATOR 94.101.187.85 
ADMINISTRATOR 94.101.187.85 
ADMINISTRATOR 94.101.187.85 
ADMINISTRATOR 94.101.187.85 
ADMINISTRATOR 94.101.187.85 
ADMINISTRATOR 94.101.187.85 
ADMINISTRATOR 94.101.187.85 
EVELINE 81.45.139.22 
ADMINISTRATOR 94.101.187.85 
ADMINISTRATOR 94.101.187.85 
ADMINISTRATOR 94.101.187.85 
ADMINISTRATOR 94.101.187.85 
ADMINISTRATOR 94.101.187.85 
ADMINISTRATOR 94.101.187.85 
ADMINISTRATOR 94.101.187.85 
ADMINISTRATOR 94.101.187.85 
ADMINISTRATOR 94.101.187.85 
ADMINISTRATOR 94.101.187.85 
äêàëíàçÄ 51.159.103.25 
ADMINISTRATOR 94.101.187.85 
ADMINISTRATOR 94.101.187.85 
ADMINISTRATOR 94.101.187.85 
ADMINISTRATOR 94.101.187.85 
ADMINISTRATOR 94.101.187.85 
ADMINISTRATOR 94.101.187.85 
ADMINISTRATOR 94.101.187.85 
ADMINISTRATOR 94.101.187.85 
ADMINISTRATOR 94.101.187.85 
ADMINISTRATOR 94.101.187.85 
ADMINISTRATOR 94.101.187.85 
ADMINISTRATOR 94.101.187.85 
ADMINISTRATOR 94.101.187.85 
ADMINISTRATOR 94.101.187.85 
ADMINISTRATOR 94.101.187.85 
ADMINISTRATOR 94.101.187.85 
ADMINISTRATOR 94.101.187.85 
ADMINISTRATOR 94.101.187.85 
ADMINISTRATOR 94.101.187.85 
ADMINISTRATOR 94.101.187.85 
ADMINISTRATOR 94.101.187.85 
ADMINISTRATOR 94.101.187.85 
ADMINISTRATOR 94.101.187.85 
ADMINISTRATOR 94.101.187.85 
ADMINISTRATOR 94.101.187.85 
ADMINISTRATOR 94.101.187.85 
ADMINISTRATOR 94.101.187.85 
ADMINISTRATOR 94.101.187.85 
ADMINISTRATOR 94.101.187.85 
ADMINISTRATOR 94.101.187.85 
ADMINISTRATOR 94.101.187.85 
ADMINISTRATOR 94.101.187.85 
EVELYNE 81.45.139.22 
ADMINISTRATOR 94.101.187.85 
ADMINISTRATOR 94.101.187.85 
ADMINISTRATOR 94.101.187.85 
ADMINISTRATOR 94.101.187.85 
ADMINISTRATOR 94.101.187.85 
ADMINISTRATOR 94.101.187.85 
ADMINISTRATOR 94.101.187.85 
ADMINISTRATOR 94.101.187.85 
ADMINISTRATOR 94.101.187.85 
ADMINISTRATOR 94.101.187.85 
ADMINISTRATOR 94.101.187.85 
ADMINISTRATOR 94.101.187.85 
ADMINISTRATOR 94.101.187.85 
ADMINISTRATOR 94.101.187.85 
ADMINISTRATOR 94.101.187.85 
ADMINISTRATOR 94.101.187.85 
ADMINISTRATOR 94.101.187.85 
ADMINISTRATOR 94.101.187.85 
ADMINISTRATOR 94.101.187.85 
ADMINISTRATOR 94.101.187.85 
ADMINISTRATOR 94.101.187.85 
ADMINISTRATOR 94.101.187.85 
ADMINISTRATOR 94.101.187.85 
ADMINISTRATOR 94.101.187.85 
ADMINISTRATOR 94.101.187.85 
ADMINISTRATOR 94.101.187.85 
ADMINISTRATOR 94.101.187.85 
ADMINISTRATOR 94.101.187.85 
ADMINISTRATOR 94.101.187.85 
ADMINISTRATOR 94.101.187.85 
ADMINISTRATOR 94.101.187.85 
ADMINISTRATOR 94.101.187.85 
ADMINISTRATOR 94.101.187.85 
ADMINISTRATOR 94.101.187.85 
ADMINISTRATOR 94.101.187.85 
ADMINISTRATOR 94.101.187.85 
ADMINISTRATOR 94.101.187.85 
ADMINISTRATOR 94.101.187.85 
ADMINISTRATOR 94.101.187.85 
ADMINISTRATOR 94.101.187.85 
ADMINISTRATOR 94.101.187.85 
ADMINISTRATOR 94.101.187.85 
ADMINISTRATOR 94.101.187.85 
ADMINISTRATOR 94.101.187.85 
ADMINISTRATOR 94.101.187.85 
ADMINISTRATOR 94.101.187.85 
ADMINISTRATOR 94.101.187.85 
ADMINISTRATOR 94.101.187.85 
ADMINISTRATOR 94.101.187.85 
ADMINISTRATOR 94.101.187.85 
ADMINISTRATOR 94.101.187.85 
ADMINISTRATOR 94.101.187.85 
ADMINISTRATOR 94.101.187.85 
ADMINISTRATOR 94.101.187.85 
ADMINISTRATOR 94.101.187.85 
ADMINISTRATOR 94.101.187.85 
ADMINISTRATOR 94.101.187.85 
ADMINISTRATOR 94.101.187.85 
ADMINISTRATOR 94.101.187.85 
ADMINISTRATOR 94.101.187.85 
ADMINISTRATOR 94.101.187.85 
ADMINISTRATOR 94.101.187.85 
ADMINISTRATOR 94.101.187.85 
ADMINISTRATOR 94.101.187.85 
ADMINISTRATOR 94.101.187.85 
ADMINISTRATOR 94.101.187.85 
ADMINISTRATOR 94.101.187.85 
ADMINISTRATOR 94.101.187.85 
ADMINISTRATOR 94.101.187.85 
ADMINISTRATOR 94.101.187.85 
ADMINISTRATOR 94.101.187.85 
ADMINISTRATOR 94.101.187.85 
ADMINISTRATOR 94.101.187.85 
ADMINISTRATOR 94.101.187.85 
ADMINISTRATOR 94.101.187.85 
ADMINISTRATOR 94.101.187.85 
ADMINISTRATOR 94.101.187.85 
ADMINISTRATOR 94.101.187.85 
ADMINISTRATOR 94.101.187.85 
ADMINISTRATOR 94.101.187.85 
ADMINISTRATOR 94.101.187.85 
ADMINISTRATOR 94.101.187.85 
ADMINISTRATOR 94.101.187.85 
ADMINISTRATOR 94.101.187.85 
ADMINISTRATOR 94.101.187.85 
ADMINISTRATOR 94.101.187.85 
EVERARDA 81.45.139.22 
ADMINISTRATOR 94.101.187.85 
ADMINISTRATOR 94.101.187.85 
ADMINISTRATOR 94.101.187.85 
ADMINISTRATOR 94.101.187.85 
ADMINISTRATOR 94.101.187.85 
ADMINISTRATOR 94.101.187.85 
ADMINISTRATOR 94.101.187.85 
ADMINISTRATOR 94.101.187.85 
ADMINISTRATOR 94.101.187.85 
ADMINISTRATOR 94.101.187.85 
ADMINISTRATOR 94.101.187.85 
ADMINISTRATOR 94.101.187.85 
ADMINISTRATOR 94.101.187.85 
ADMINISTRATOR 94.101.187.85 
ADMINISTRATOR 94.101.187.85 
ADMINISTRATOR 94.101.187.85 
ADMINISTRATOR 94.101.187.85 
ADMINISTRATOR 94.101.187.85 
ADMINISTRATOR 94.101.187.85 
ADMINISTRATOR 94.101.187.85 
ADMINISTRATOR 94.101.187.85 
ADMINISTRATOR 94.101.187.85 
ADMINISTRATOR 94.101.187.85 
ADMINISTRATOR 94.101.187.85 
ADMINISTRATOR 94.101.187.85 
ADMINISTRATOR 94.101.187.85 
ADMINISTRATOR 94.101.187.85 
ADMINISTRATOR 94.101.187.85 
ADMINISTRATOR 94.101.187.85 
ADMINISTRATOR 94.101.187.85 
ADMINISTRATOR 94.101.187.85 
ADMINISTRATOR 94.101.187.85 
ADMINISTRATOR 94.101.187.85 
ADMINISTRATOR 94.101.187.85 
ADMINISTRATOR 94.101.187.85 
ADMINISTRATOR 94.101.187.85 
ADMINISTRATOR 94.101.187.85 
ADMINISTRATOR 94.101.187.85 
ADMINISTRATOR 94.101.187.85 
ADMINISTRATOR 94.101.187.85 
ADMINISTRATOR 94.101.187.85 
ADMINISTRATOR 94.101.187.85 
ADMINISTRATOR 94.101.187.85 
ADMINISTRATOR 94.101.187.85 
EVERARDUS 81.45.139.22 
ADMINISTRATOR 94.101.187.85 
ADMINISTRATOR 94.101.187.85 
ADMINISTRATOR 94.101.187.85 
ADMINISTRATOR 94.101.187.85 
ADMINISTRATOR 94.101.187.85 
ADMINISTRATOR 94.101.187.85 
ADMINISTRATOR 94.101.187.85 
ADMINISTRATOR 94.101.187.85 
ADMINISTRATOR 94.101.187.85 
ADMINISTRATOR 94.101.187.85 
ADMINISTRATOR 94.101.187.85 
ADMINISTRATOR 94.101.187.85 
ADMINISTRATOR 94.101.187.85 
ADMINISTRATOR 94.101.187.85 
ADMINISTRATOR 94.101.187.85 
ADMINISTRATOR 94.101.187.85 
ADMINISTRATOR 94.101.187.85 
ADMINISTRATOR 94.101.187.85 
ADMINISTRATOR 94.101.187.85 
ADMINISTRATOR 94.101.187.85 
ADMINISTRATOR 94.101.187.85 
ADMINISTRATOR 94.101.187.85 
ADMINISTRATOR 94.101.187.85 
ADMINISTRATOR 94.101.187.85 
ADMINISTRATOR 94.101.187.85 
ADMINISTRATOR 94.101.187.85 
ADMINISTRATOR 94.101.187.85 
ADMINISTRATOR 94.101.187.85 
ADMINISTRATOR 94.101.187.85 
ADMINISTRATOR 94.101.187.85 
ADMINISTRATOR 94.101.187.85 
ADMINISTRATOR 94.101.187.85 
ADMINISTRATOR 94.101.187.85 
ADMINISTRATOR 94.101.187.85 
ADMINISTRATOR 94.101.187.85 
ADMINISTRATOR 94.101.187.85 
ADMINISTRATOR 94.101.187.85 
ADMINISTRATOR 94.101.187.85 
ADMINISTRATOR 94.101.187.85 
ADMINISTRATOR 94.101.187.85 
åÖçÖÑÜÖê9 51.159.103.25 
ADMINISTRATOR 94.101.187.85 
ADMINISTRATOR 94.101.187.85 
ADMINISTRATOR 94.101.187.85 
ADMINISTRATOR 94.101.187.85 
ADMINISTRATOR 94.101.187.85 
ADMINISTRATOR 94.101.187.85 
ADMINISTRATOR 94.101.187.85 
ADMINISTRATOR 94.101.187.85 
ADMINISTRATOR 94.101.187.85 
ADMINISTRATOR 94.101.187.85 
ADMINISTRATOR 94.101.187.85 
ADMINISTRATOR 94.101.187.85 
ADMINISTRATOR 94.101.187.85 
ADMINISTRATOR 94.101.187.85 
ADMINISTRATOR 94.101.187.85 
ADMINISTRATOR 94.101.187.85 
ADMINISTRATOR 94.101.187.85 
ADMINISTRATOR 94.101.187.85 
ADMINISTRATOR 94.101.187.85 
ADMINISTRATOR 94.101.187.85 
ADMINISTRATOR 94.101.187.85 
ADMINISTRATOR 94.101.187.85 
ADMINISTRATOR 94.101.187.85 
ADMINISTRATOR 94.101.187.85 
ADMINISTRATOR 94.101.187.85 
ADMINISTRATOR 94.101.187.85 
ADMINISTRATOR 94.101.187.85 
ADMINISTRATOR 94.101.187.85 
ADMINISTRATOR 94.101.187.85 
ADMINISTRATOR 94.101.187.85 
ADMINISTRATOR 94.101.187.85 
ADMINISTRATOR 94.101.187.85 
ADMINISTRATOR 94.101.187.85 
ADMINISTRATOR 94.101.187.85 
ADMINISTRATOR 94.101.187.85 
ADMINISTRATOR 94.101.187.85 
ADMINISTRATOR 94.101.187.85 
ADMINISTRATOR 94.101.187.85 
ADMINISTRATOR 94.101.187.85 
ADMINISTRATOR 94.101.187.85 
ADMINISTRATOR 94.101.187.85 
ADMINISTRATOR 94.101.187.85 
ADMINISTRATOR 94.101.187.85 
ADMINISTRATOR 94.101.187.85 
ADMINISTRATOR 94.101.187.85 
ADMINISTRATOR 94.101.187.85 
ADMINISTRATOR 94.101.187.85 
ADMINISTRATOR 94.101.187.85 
ADMINISTRATOR 94.101.187.85 
EVERDIEN 81.45.139.22 
ADMINISTRATOR 94.101.187.85 
ADMINISTRATOR 94.101.187.85 
ADMINISTRATOR 94.101.187.85 
ADMINISTRATOR 94.101.187.85 
ADMINISTRATOR 94.101.187.85 
ADMINISTRATOR 94.101.187.85 
ADMINISTRATOR 94.101.187.85 
ADMINISTRATOR 94.101.187.85 
ADMINISTRATOR 94.101.187.85 
ADMINISTRATOR 94.101.187.85 
ADMINISTRATOR 94.101.187.85 
ADMINISTRATOR 94.101.187.85 
ADMINISTRATOR 94.101.187.85 
ADMINISTRATOR 94.101.187.85 
ADMINISTRATOR 94.101.187.85 
ADMINISTRATOR 94.101.187.85 
ADMINISTRATOR 94.101.187.85 
ADMINISTRATOR 94.101.187.85 
ADMINISTRATOR 94.101.187.85 
ADMINISTRATOR 94.101.187.85 
ADMINISTRATOR 94.101.187.85 
ADMINISTRATOR 94.101.187.85 
ADMINISTRATOR 94.101.187.85 
ADMINISTRATOR 94.101.187.85 
ADMINISTRATOR 94.101.187.85 
ADMINISTRATOR 94.101.187.85 
ADMINISTRATOR 94.101.187.85 
ADMINISTRATOR 94.101.187.85 
ADMINISTRATOR 94.101.187.85 
ADMINISTRATOR 94.101.187.85 
ADMINISTRATOR 94.101.187.85 
ADMINISTRATOR 94.101.187.85 
ADMINISTRATOR 94.101.187.85 
ADMINISTRATOR 94.101.187.85 
ADMINISTRATOR 94.101.187.85 
ADMINISTRATOR 94.101.187.85 
ADMINISTRATOR 94.101.187.85 
ADMINISTRATOR 94.101.187.85 
ADMINISTRATOR 94.101.187.85 
ADMINISTRATOR 94.101.187.85 
ADMINISTRATOR 94.101.187.85 
ADMINISTRATOR 94.101.187.85 
ADMINISTRATOR 94.101.187.85 
ADMINISTRATOR 94.101.187.85 
ADMINISTRATOR 94.101.187.85 
ADMINISTRATOR 94.101.187.85 
ADMINISTRATOR 94.101.187.85 
ADMINISTRATOR 94.101.187.85 
ADMINISTRATOR 94.101.187.85 
ADMINISTRATOR 94.101.187.85 
ADMINISTRATOR 94.101.187.85 
ADMINISTRATOR 94.101.187.85 
ADMINISTRATOR 94.101.187.85 
ADMINISTRATOR 94.101.187.85 
ADMINISTRATOR 94.101.187.85 
ADMINISTRATOR 94.101.187.85 
ADMINISTRATOR 94.101.187.85 
ADMINISTRATOR 94.101.187.85 
ADMINISTRATOR 94.101.187.85 
ADMINISTRATOR 94.101.187.85 
ADMINISTRATOR 94.101.187.85 
ADMINISTRATOR 94.101.187.85 
ADMINISTRATOR 94.101.187.85 
ADMINISTRATOR 94.101.187.85 
ADMINISTRATOR 94.101.187.85 
ADMINISTRATOR 94.101.187.85 
ADMINISTRATOR 94.101.187.85 
ADMINISTRATOR 94.101.187.85 
ADMINISTRATOR 94.101.187.85 
ADMINISTRATOR 94.101.187.85 
ADMINISTRATOR 94.101.187.85 
ADMINISTRATOR 94.101.187.85 
ADMINISTRATOR 94.101.187.85 
ADMINISTRATOR 94.101.187.85 
ADMINISTRATOR 94.101.187.85 
ADMINISTRATOR 94.101.187.85 
ADMINISTRATOR 94.101.187.85 
ADMINISTRATOR 94.101.187.85 
ADMINISTRATOR 94.101.187.85 
ADMINISTRATOR 94.101.187.85 
ADMINISTRATOR 94.101.187.85 
ADMINISTRATOR 94.101.187.85 
ADMINISTRATOR 94.101.187.85 
ADMINISTRATOR 94.101.187.85 
ADMINISTRATOR 94.101.187.85 
EVERDINA 81.45.139.22 
ADMINISTRATOR 94.101.187.85 
ADMINISTRATOR 94.101.187.85 
ADMINISTRATOR 94.101.187.85 
ADMINISTRATOR 94.101.187.85 
ADMINISTRATOR 94.101.187.85 
ADMINISTRATOR 94.101.187.85 
ADMINISTRATOR 94.101.187.85 
ADMINISTRATOR 94.101.187.85 
ADMINISTRATOR 94.101.187.85 
ADMINISTRATOR 94.101.187.85 
ADMINISTRATOR 94.101.187.85 
ADMINISTRATOR 94.101.187.85 
ADMINISTRATOR 94.101.187.85 
ADMINISTRATOR 94.101.187.85 
ADMINISTRATOR 94.101.187.85 
ADMINISTRATOR 94.101.187.85 
ADMINISTRATOR 94.101.187.85 
ADMINISTRATOR 94.101.187.85 
ADMINISTRATOR 94.101.187.85 
ADMINISTRATOR 94.101.187.85 
ADMINISTRATOR 94.101.187.85 
ADMINISTRATOR 94.101.187.85 
ADMINISTRATOR 94.101.187.85 
ADMINISTRATOR 94.101.187.85 
ADMINISTRATOR 94.101.187.85 
ADMINISTRATOR 94.101.187.85 
ADMINISTRATOR 94.101.187.85 
ADMINISTRATOR 94.101.187.85 
ADMINISTRATOR 94.101.187.85 
ADMINISTRATOR 94.101.187.85 
ADMINISTRATOR 94.101.187.85 
ADMINISTRATOR 94.101.187.85 
ADMINISTRATOR 94.101.187.85 
ADMINISTRATOR 94.101.187.85 
ADMINISTRATOR 94.101.187.85 
ADMINISTRATOR 94.101.187.85 
ADMINISTRATOR 94.101.187.85 
ADMINISTRATOR 94.101.187.85 
ADMINISTRATOR 94.101.187.85 
ADMINISTRATOR 94.101.187.85 
ADMINISTRATOR 94.101.187.85 
ADMINISTRATOR 94.101.187.85 
EVERDINE 81.45.139.22 
ADMINISTRATOR 94.101.187.85 
ADMINISTRATOR 94.101.187.85 
ADMINISTRATOR 94.101.187.85 
ADMINISTRATOR 94.101.187.85 
ADMINISTRATOR 94.101.187.85 
ADMINISTRATOR 94.101.187.85 
ADMINISTRATOR 94.101.187.85 
ADMINISTRATOR 94.101.187.85 
ADMINISTRATOR 94.101.187.85 
ADMINISTRATOR 94.101.187.85 
ADMINISTRATOR 94.101.187.85 
ADMINISTRATOR 94.101.187.85 
ADMINISTRATOR 94.101.187.85 
ADMINISTRATOR 94.101.187.85 
ADMINISTRATOR 94.101.187.85 
ADMINISTRATOR 94.101.187.85 
ADMINISTRATOR 94.101.187.85 
ADMINISTRATOR 94.101.187.85 
ADMINISTRATOR 94.101.187.85 
ADMINISTRATOR 94.101.187.85 
ADMINISTRATOR 94.101.187.85 
ADMINISTRATOR 94.101.187.85 
ROZA 51.159.103.25 
ADMINISTRATOR 94.101.187.85 
ADMINISTRATOR 94.101.187.85 
ADMINISTRATOR 94.101.187.85 
ADMINISTRATOR 94.101.187.85 
ADMINISTRATOR 94.101.187.85 
ADMINISTRATOR 94.101.187.85 
ADMINISTRATOR 94.101.187.85 
ADMINISTRATOR 94.101.187.85 
ADMINISTRATOR 94.101.187.85 
ADMINISTRATOR 94.101.187.85 
ADMINISTRATOR 94.101.187.85 
ADMINISTRATOR 94.101.187.85 
ADMINISTRATOR 94.101.187.85 
ADMINISTRATOR 94.101.187.85 
ADMINISTRATOR 94.101.187.85 
ADMINISTRATOR 94.101.187.85 
ADMINISTRATOR 94.101.187.85 
ADMINISTRATOR 94.101.187.85 
ADMINISTRATOR 94.101.187.85 
ADMINISTRATOR 94.101.187.85 
ADMINISTRATOR 94.101.187.85 
ADMINISTRATOR 94.101.187.85 
ADMINISTRATOR 94.101.187.85 
ADMINISTRATOR 94.101.187.85 
ADMINISTRATOR 94.101.187.85 
ADMINISTRATOR 94.101.187.85 
ADMINISTRATOR 94.101.187.85 
ADMINISTRATOR 94.101.187.85 
ADMINISTRATOR 94.101.187.85 
ADMINISTRATOR 94.101.187.85 
ADMINISTRATOR 94.101.187.85 
ADMINISTRATOR 94.101.187.85 
ADMINISTRATOR 94.101.187.85 
ADMINISTRATOR 94.101.187.85 
ADMINISTRATOR 94.101.187.85 
ADMINISTRATOR 94.101.187.85 
ADMINISTRATOR 94.101.187.85 
ADMINISTRATOR 94.101.187.85 
ADMINISTRATOR 94.101.187.85 
ADMINISTRATOR 94.101.187.85 
ADMINISTRATOR 94.101.187.85 
ADMINISTRATOR 94.101.187.85 
ADMINISTRATOR 94.101.187.85 
ADMINISTRATOR 94.101.187.85 
ADMINISTRATOR 94.101.187.85 
ADMINISTRATOR 94.101.187.85 
ADMINISTRATOR 94.101.187.85 
ADMINISTRATOR 94.101.187.85 
ADMINISTRATOR 94.101.187.85 
ADMINISTRATOR 94.101.187.85 
ADMINISTRATOR 94.101.187.85 
ADMINISTRATOR 94.101.187.85 
ADMINISTRATOR 94.101.187.85 
ADMINISTRATOR 94.101.187.85 
ADMINISTRATOR 94.101.187.85 
ADMINISTRATOR 94.101.187.85 
ADMINISTRATOR 94.101.187.85 
ADMINISTRATOR 94.101.187.85 
ADMINISTRATOR 94.101.187.85 
ADMINISTRATOR 94.101.187.85 
ADMINISTRATOR 94.101.187.85 
ADMINISTRATOR 94.101.187.85 
ADMINISTRATOR 94.101.187.85 
ADMINISTRATOR 94.101.187.85 
ADMINISTRATOR 94.101.187.85 
ADMINISTRATOR 94.101.187.85 
ADMINISTRATOR 94.101.187.85 
ADMINISTRATOR 94.101.187.85 
ADMINISTRATOR 94.101.187.85 
ADMINISTRATOR 94.101.187.85 
ADMINISTRATOR 94.101.187.85 
ADMINISTRATOR 94.101.187.85 
ADMINISTRATOR 94.101.187.85 
ADMINISTRATOR 94.101.187.85 
ADMINISTRATOR 94.101.187.85 
ADMINISTRATOR 94.101.187.85 
ADMINISTRATOR 94.101.187.85 
ADMINISTRATOR 94.101.187.85 
ADMINISTRATOR 94.101.187.85 
ADMINISTRATOR 94.101.187.85 
ADMINISTRATOR 94.101.187.85 
ADMINISTRATOR 94.101.187.85 
ADMINISTRATOR 94.101.187.85 
ADMINISTRATOR 94.101.187.85 
ADMINISTRATOR 94.101.187.85 
ADMINISTRATOR 94.101.187.85 
ADMINISTRATOR 94.101.187.85 
ADMINISTRATOR 94.101.187.85 
ADMINISTRATOR 94.101.187.85 
ADMINISTRATOR 94.101.187.85 
ADMINISTRATOR 94.101.187.85 
ADMINISTRATOR 94.101.187.85 
ADMINISTRATOR 94.101.187.85 
ADMINISTRATOR 94.101.187.85 
ADMINISTRATOR 94.101.187.85 
ADMINISTRATOR 94.101.187.85 
ADMINISTRATOR 94.101.187.85 
ADMINISTRATOR 94.101.187.85 
ADMINISTRATOR 94.101.187.85 
ADMINISTRATOR 94.101.187.85 
ADMINISTRATOR 94.101.187.85 
LARISA 51.159.103.25 
ADMINISTRATOR 94.101.187.85 
ADMINISTRATOR 94.101.187.85 
ADMINISTRATOR 94.101.187.85 
ADMINISTRATOR 94.101.187.85 
ADMINISTRATOR 94.101.187.85 
EVERHARDUS 81.45.139.22 
ADMINISTRATOR 94.101.187.85 
ADMINISTRATOR 94.101.187.85 
ADMINISTRATOR 94.101.187.85 
ADMINISTRATOR 94.101.187.85 
ADMINISTRATOR 94.101.187.85 
ADMINISTRATOR 94.101.187.85 
ADMINISTRATOR 94.101.187.85 
ADMINISTRATOR 94.101.187.85 
ADMINISTRATOR 94.101.187.85 
ADMINISTRATOR 94.101.187.85 
ADMINISTRATOR 94.101.187.85 
ADMINISTRATOR 94.101.187.85 
ADMINISTRATOR 94.101.187.85 
ADMINISTRATOR 94.101.187.85 
ADMINISTRATOR 94.101.187.85 
ADMINISTRATOR 94.101.187.85 
ADMINISTRATOR 94.101.187.85 
ADMINISTRATOR 94.101.187.85 
ADMINISTRATOR 94.101.187.85 
ADMINISTRATOR 94.101.187.85 
ADMINISTRATOR 94.101.187.85 
ADMINISTRATOR 94.101.187.85 
ADMINISTRATOR 94.101.187.85 
ADMINISTRATOR 94.101.187.85 
ADMINISTRATOR 94.101.187.85 
ADMINISTRATOR 94.101.187.85 
ADMINISTRATOR 94.101.187.85 
ADMINISTRATOR 94.101.187.85 
ADMINISTRATOR 94.101.187.85 
ADMINISTRATOR 94.101.187.85 
ADMINISTRATOR 94.101.187.85 
ADMINISTRATOR 94.101.187.85 
ADMINISTRATOR 94.101.187.85 
ADMINISTRATOR 94.101.187.85 
ADMINISTRATOR 94.101.187.85 
ADMINISTRATOR 94.101.187.85 
ADMINISTRATOR 94.101.187.85 
ADMINISTRATOR 94.101.187.85 
ADMINISTRATOR 94.101.187.85 
ADMINISTRATOR 94.101.187.85 
ADMINISTRATOR 94.101.187.85 
ADMINISTRATOR 94.101.187.85 
ADMINISTRATOR 94.101.187.85 
EVERT 81.45.139.22 
ADMINISTRATOR 94.101.187.85 
ADMINISTRATOR 94.101.187.85 
ADMINISTRATOR 94.101.187.85 
ADMINISTRATOR 94.101.187.85 
ADMINISTRATOR 94.101.187.85 
ADMINISTRATOR 94.101.187.85 
ADMINISTRATOR 94.101.187.85 
ADMINISTRATOR 94.101.187.85 
ADMINISTRATOR 94.101.187.85 
ADMINISTRATOR 94.101.187.85 
ADMINISTRATOR 94.101.187.85 
ADMINISTRATOR 94.101.187.85 
ADMINISTRATOR 94.101.187.85 
ADMINISTRATOR 94.101.187.85 
ADMINISTRATOR 94.101.187.85 
ADMINISTRATOR 94.101.187.85 
ADMINISTRATOR 94.101.187.85 
ADMINISTRATOR 94.101.187.85 
ADMINISTRATOR 94.101.187.85 
ADMINISTRATOR 94.101.187.85 
ADMINISTRATOR 94.101.187.85 
ADMINISTRATOR 94.101.187.85 
ADMINISTRATOR 94.101.187.85 
ADMINISTRATOR 94.101.187.85 
ADMINISTRATOR 94.101.187.85 
ADMINISTRATOR 94.101.187.85 
ADMINISTRATOR 94.101.187.85 
ADMINISTRATOR 94.101.187.85 
ADMINISTRATOR 94.101.187.85 
ADMINISTRATOR 94.101.187.85 
ADMINISTRATOR 94.101.187.85 
ADMINISTRATOR 94.101.187.85 
ADMINISTRATOR 94.101.187.85 
ADMINISTRATOR 94.101.187.85 
ADMINISTRATOR 94.101.187.85 
ADMINISTRATOR 94.101.187.85 
ADMINISTRATOR 94.101.187.85 
ADMINISTRATOR 94.101.187.85 
ADMINISTRATOR 94.101.187.85 
ADMINISTRATOR 94.101.187.85 
ADMINISTRATOR 94.101.187.85 
ADMINISTRATOR 94.101.187.85 
ADMINISTRATOR 94.101.187.85 
ADMINISTRATOR 94.101.187.85 
ADMINISTRATOR 94.101.187.85 
ADMINISTRATOR 94.101.187.85 
ADMINISTRATOR 94.101.187.85 
ADMINISTRATOR 94.101.187.85 
ADMINISTRATOR 94.101.187.85 
ADMINISTRATOR 94.101.187.85 
ADMINISTRATOR 94.101.187.85 
ÄèíÖäÄ 51.159.103.25 
ADMINISTRATOR 94.101.187.85 
ADMINISTRATOR 94.101.187.85 
ADMINISTRATOR 94.101.187.85 
ADMINISTRATOR 94.101.187.85 
ADMINISTRATOR 94.101.187.85 
ADMINISTRATOR 94.101.187.85 
ADMINISTRATOR 94.101.187.85 
ADMINISTRATOR 94.101.187.85 
ADMINISTRATOR 94.101.187.85 
ADMINISTRATOR 94.101.187.85 
ADMINISTRATOR 94.101.187.85 
ADMINISTRATOR 94.101.187.85 
ADMINISTRATOR 94.101.187.85 
ADMINISTRATOR 94.101.187.85 
ADMINISTRATOR 94.101.187.85 
ADMINISTRATOR 94.101.187.85 
ADMINISTRATOR 94.101.187.85 
ADMINISTRATOR 94.101.187.85 
ADMINISTRATOR 94.101.187.85 
ADMINISTRATOR 94.101.187.85 
ADMINISTRATOR 94.101.187.85 
ADMINISTRATOR 94.101.187.85 
ADMINISTRATOR 94.101.187.85 
ADMINISTRATOR 94.101.187.85 
ADMINISTRATOR 94.101.187.85 
ADMINISTRATOR 94.101.187.85 
ADMINISTRATOR 94.101.187.85 
ADMINISTRATOR 94.101.187.85 
ADMINISTRATOR 94.101.187.85 
ADMINISTRATOR 94.101.187.85 
ADMINISTRATOR 94.101.187.85 
ADMINISTRATOR 94.101.187.85 
ADMINISTRATOR 94.101.187.85 
ADMINISTRATOR 94.101.187.85 
ADMINISTRATOR 94.101.187.85 
ADMINISTRATOR 94.101.187.85 
ADMINISTRATOR 94.101.187.85 
ADMINISTRATOR 94.101.187.85 
ADMINISTRATOR 94.101.187.85 
ADMINISTRATOR 94.101.187.85 
ADMINISTRATOR 94.101.187.85 
ADMINISTRATOR 94.101.187.85 
ADMINISTRATOR 94.101.187.85 
ADMINISTRATOR 94.101.187.85 
ADMINISTRATOR 94.101.187.85 
ADMINISTRATOR 94.101.187.85 
ADMINISTRATOR 94.101.187.85 
ADMINISTRATOR 94.101.187.85 
ADMINISTRATOR 94.101.187.85 
ADMINISTRATOR 94.101.187.85 
ADMINISTRATOR 94.101.187.85 
ADMINISTRATOR 94.101.187.85 
ADMINISTRATOR 94.101.187.85 
ADMINISTRATOR 94.101.187.85 
ADMINISTRATOR 94.101.187.85 
ADMINISTRATOR 94.101.187.85 
ADMINISTRATOR 94.101.187.85 
ADMINISTRATOR 94.101.187.85 
ADMINISTRATOR 94.101.187.85 
ADMINISTRATOR 94.101.187.85 
ADMINISTRATOR 94.101.187.85 
ADMINISTRATOR 94.101.187.85 
ADMINISTRATOR 94.101.187.85 
ADMINISTRATOR 94.101.187.85 
ADMINISTRATOR 94.101.187.85 
ADMINISTRATOR 94.101.187.85 
ADMINISTRATOR 94.101.187.85 
ADMINISTRATOR 94.101.187.85 
ADMINISTRATOR 94.101.187.85 
ADMINISTRATOR 94.101.187.85 
ADMINISTRATOR 94.101.187.85 
ADMINISTRATOR 94.101.187.85 
ADMINISTRATOR 94.101.187.85 
ADMINISTRATOR 94.101.187.85 
ADMINISTRATOR 94.101.187.85 
ADMINISTRATOR 94.101.187.85 
ADMINISTRATOR 94.101.187.85 
ADMINISTRATOR 94.101.187.85 
ADMINISTRATOR 94.101.187.85 
ADMINISTRATOR 94.101.187.85 
ADMINISTRATOR 94.101.187.85 
ADMINISTRATOR 94.101.187.85 
ADMINISTRATOR 94.101.187.85 
ADMINISTRATOR 94.101.187.85 
ADMINISTRATOR 94.101.187.85 
ADMINISTRATOR 94.101.187.85 
ADMINISTRATOR 94.101.187.85 
ADMINISTRATOR 94.101.187.85 
ADMINISTRATOR 94.101.187.85 
ADMINISTRATOR 94.101.187.85 
ADMINISTRATOR 94.101.187.85 
ADMINISTRATOR 94.101.187.85 
ADMINISTRATOR 94.101.187.85 
ADMINISTRATOR 94.101.187.85 
ADMINISTRATOR 94.101.187.85 
ADMINISTRATOR 94.101.187.85 
ADMINISTRATOR 94.101.187.85 
ADMINISTRATOR 94.101.187.85 
ADMINISTRATOR 94.101.187.85 
ADMINISTRATOR 94.101.187.85 
ADMINISTRATOR 94.101.187.85 
ADMINISTRATOR 94.101.187.85 
ADMINISTRATOR 94.101.187.85 
ADMINISTRATOR 94.101.187.85 
ADMINISTRATOR 94.101.187.85 
ADMINISTRATOR 94.101.187.85 
ADMINISTRATOR 94.101.187.85 
ADMINISTRATOR 94.101.187.85 
ADMINISTRATOR 94.101.187.85 
ADMINISTRATOR 94.101.187.85 
ADMINISTRATOR 94.101.187.85 
ADMINISTRATOR 94.101.187.85 
ADMINISTRATOR 94.101.187.85 
ADMINISTRATOR 94.101.187.85 
ADMINISTRATOR 94.101.187.85 
ADMINISTRATOR 94.101.187.85 
ADMINISTRATOR 94.101.187.85 
ADMINISTRATOR 94.101.187.85 
ADMINISTRATOR 94.101.187.85 
ADMINISTRATOR 94.101.187.85 
ADMINISTRATOR 94.101.187.85 
EVIE 81.45.139.22 
ADMINISTRATOR 94.101.187.85 
ADMINISTRATOR 94.101.187.85 
ADMINISTRATOR 94.101.187.85 
ADMINISTRATOR 94.101.187.85 
ADMINISTRATOR 94.101.187.85 
ADMINISTRATOR 94.101.187.85 
ADMINISTRATOR 94.101.187.85 
ADMINISTRATOR 94.101.187.85 
ADMINISTRATOR 94.101.187.85 
ADMINISTRATOR 94.101.187.85 
ADMINISTRATOR 94.101.187.85 
ADMINISTRATOR 94.101.187.85 
ADMINISTRATOR 94.101.187.85 
ADMINISTRATOR 94.101.187.85 
ADMINISTRATOR 94.101.187.85 
ADMINISTRATOR 94.101.187.85 
ADMINISTRATOR 94.101.187.85 
ADMINISTRATOR 94.101.187.85 
ADMINISTRATOR 94.101.187.85 
ADMINISTRATOR 94.101.187.85 
ADMINISTRATOR 94.101.187.85 
ADMINISTRATOR 94.101.187.85 
ADMINISTRATOR 94.101.187.85 
ADMINISTRATOR 94.101.187.85 
ADMINISTRATOR 94.101.187.85 
ADMINISTRATOR 94.101.187.85 
ADMINISTRATOR 94.101.187.85 
ADMINISTRATOR 94.101.187.85 
ADMINISTRATOR 94.101.187.85 
ADMINISTRATOR 94.101.187.85 
ADMINISTRATOR 94.101.187.85 
ADMINISTRATOR 94.101.187.85 
ADMINISTRATOR 94.101.187.85 
ADMINISTRATOR 94.101.187.85 
ADMINISTRATOR 94.101.187.85 
ADMINISTRATOR 94.101.187.85 
ADMINISTRATOR 94.101.187.85 
ADMINISTRATOR 94.101.187.85 
ADMINISTRATOR 94.101.187.85 
ADMINISTRATOR 94.101.187.85 
ADMINISTRATOR 94.101.187.85 
ADMINISTRATOR 94.101.187.85 
EVOUCHER 81.45.139.22 
ADMINISTRATOR 94.101.187.85 
ADMINISTRATOR 94.101.187.85 
ADMINISTRATOR 94.101.187.85 
ADMINISTRATOR 94.101.187.85 
ADMINISTRATOR 94.101.187.85 
ADMINISTRATOR 94.101.187.85 
ADMINISTRATOR 94.101.187.85 
ADMINISTRATOR 94.101.187.85 
ADMINISTRATOR 94.101.187.85 
ADMINISTRATOR 94.101.187.85 
ADMINISTRATOR 94.101.187.85 
ADMINISTRATOR 94.101.187.85 
ADMINISTRATOR 94.101.187.85 
ADMINISTRATOR 94.101.187.85 
ADMINISTRATOR 94.101.187.85 
ADMINISTRATOR 94.101.187.85 
ADMINISTRATOR 94.101.187.85 
ADMINISTRATOR 94.101.187.85 
ADMINISTRATOR 94.101.187.85 
ADMINISTRATOR 94.101.187.85 
ADMINISTRATOR 94.101.187.85 
ADMINISTRATOR 94.101.187.85 
ADMINISTRATOR 94.101.187.85 
ADMINISTRATOR 94.101.187.85 
ADMINISTRATOR 94.101.187.85 
ADMINISTRATOR 94.101.187.85 
ADMINISTRATOR 94.101.187.85 
ADMINISTRATOR 94.101.187.85 
ADMINISTRATOR 94.101.187.85 
ADMINISTRATOR 94.101.187.85 
ADMINISTRATOR 94.101.187.85 
ADMINISTRATOR 94.101.187.85 
ADMINISTRATOR 94.101.187.85 
ADMINISTRATOR 94.101.187.85 
ADMINISTRATOR 94.101.187.85 
TEST3 51.159.103.25 
ADMINISTRATOR 94.101.187.85 
ADMINISTRATOR 94.101.187.85 
ADMINISTRATOR 94.101.187.85 
ADMINISTRATOR 94.101.187.85 
ADMINISTRATOR 94.101.187.85 
ADMINISTRATOR 94.101.187.85 
ADMINISTRATOR 94.101.187.85 
ADMINISTRATOR 94.101.187.85 
ADMINISTRATOR 94.101.187.85 
ADMINISTRATOR 94.101.187.85 
ADMINISTRATOR 94.101.187.85 
ADMINISTRATOR 94.101.187.85 
ADMINISTRATOR 94.101.187.85 
ADMINISTRATOR 94.101.187.85 
ADMINISTRATOR 94.101.187.85 
ADMINISTRATOR 94.101.187.85 
ADMINISTRATOR 94.101.187.85 
ADMINISTRATOR 94.101.187.85 
ADMINISTRATOR 94.101.187.85 
ADMINISTRATOR 94.101.187.85 
ADMINISTRATOR 94.101.187.85 
ADMINISTRATOR 94.101.187.85 
ADMINISTRATOR 94.101.187.85 
ADMINISTRATOR 94.101.187.85 
ADMINISTRATOR 94.101.187.85 
ADMINISTRATOR 94.101.187.85 
ADMINISTRATOR 94.101.187.85 
ADMINISTRATOR 94.101.187.85 
ADMINISTRATOR 94.101.187.85 
ADMINISTRATOR 94.101.187.85 
ADMINISTRATOR 94.101.187.85 
ADMINISTRATOR 94.101.187.85 
ADMINISTRATOR 94.101.187.85 
ADMINISTRATOR 94.101.187.85 
ADMINISTRATOR 94.101.187.85 
ADMINISTRATOR 94.101.187.85 
ADMINISTRATOR 94.101.187.85 
ADMINISTRATOR 94.101.187.85 
ADMINISTRATOR 94.101.187.85 
ADMINISTRATOR 94.101.187.85 
ADMINISTRATOR 94.101.187.85 
ADMINISTRATOR 94.101.187.85 
ADMINISTRATOR 94.101.187.85 
ADMINISTRATOR 94.101.187.85 
ADMINISTRATOR 94.101.187.85 
ADMINISTRATOR 94.101.187.85 
ADMINISTRATOR 94.101.187.85 
ADMINISTRATOR 94.101.187.85 
ADMINISTRATOR 94.101.187.85 
ADMINISTRATOR 94.101.187.85 
ADMINISTRATOR 94.101.187.85 
ADMINISTRATOR 94.101.187.85 
ADMINISTRATOR 94.101.187.85 
EWALDUS 81.45.139.22 
ADMINISTRATOR 94.101.187.85 
ADMINISTRATOR 94.101.187.85 
ADMINISTRATOR 94.101.187.85 
ADMINISTRATOR 94.101.187.85 
ADMINISTRATOR 94.101.187.85 
ADMINISTRATOR 94.101.187.85 
ADMINISTRATOR 94.101.187.85 
ADMINISTRATOR 94.101.187.85 
ADMINISTRATOR 94.101.187.85 
ADMINISTRATOR 94.101.187.85 
ADMINISTRATOR 94.101.187.85 
ADMINISTRATOR 94.101.187.85 
ADMINISTRATOR 94.101.187.85 
ADMINISTRATOR 94.101.187.85 
ADMINISTRATOR 94.101.187.85 
ADMINISTRATOR 94.101.187.85 
ADMINISTRATOR 94.101.187.85 
ADMINISTRATOR 94.101.187.85 
ADMINISTRATOR 94.101.187.85 
ADMINISTRATOR 94.101.187.85 
ADMINISTRATOR 94.101.187.85 
ADMINISTRATOR 94.101.187.85 
ADMINISTRATOR 94.101.187.85 
ADMINISTRATOR 94.101.187.85 
ADMINISTRATOR 94.101.187.85 
ADMINISTRATOR 94.101.187.85 
ADMINISTRATOR 94.101.187.85 
ADMINISTRATOR 94.101.187.85 
ADMINISTRATOR 94.101.187.85 
ADMINISTRATOR 94.101.187.85 
ADMINISTRATOR 94.101.187.85 
ADMINISTRATOR 94.101.187.85 
ADMINISTRATOR 94.101.187.85 
ADMINISTRATOR 94.101.187.85 
ADMINISTRATOR 94.101.187.85 
ADMINISTRATOR 94.101.187.85 
ADMINISTRATOR 94.101.187.85 
ADMINISTRATOR 94.101.187.85 
ADMINISTRATOR 94.101.187.85 
ADMINISTRATOR 94.101.187.85 
ADMINISTRATOR 94.101.187.85 
ADMINISTRATOR 94.101.187.85 
ADMINISTRATOR 94.101.187.85 
ADMINISTRATOR 94.101.187.85 
ADMINISTRATOR 94.101.187.85 
EWOUD 81.45.139.22 
ADMINISTRATOR 94.101.187.85 
ACCOUNT 51.159.103.25 
ADMINISTRATOR 94.101.187.85 
ADMINISTRATOR 94.101.187.85 
ADMINISTRATOR 94.101.187.85 
ADMINISTRATOR 94.101.187.85 
ADMINISTRATOR 94.101.187.85 
ADMINISTRATOR 94.101.187.85 
ADMINISTRATOR 94.101.187.85 
ADMINISTRATOR 94.101.187.85 
ADMINISTRATOR 94.101.187.85 
ADMINISTRATOR 94.101.187.85 
ADMINISTRATOR 94.101.187.85 
ADMINISTRATOR 94.101.187.85 
ADMINISTRATOR 94.101.187.85 
ADMINISTRATOR 94.101.187.85 
ADMINISTRATOR 94.101.187.85 
ADMINISTRATOR 94.101.187.85 
ADMINISTRATOR 94.101.187.85 
ADMINISTRATOR 94.101.187.85 
ADMINISTRATOR 94.101.187.85 
ADMINISTRATOR 94.101.187.85 
ADMINISTRATOR 94.101.187.85 
ADMINISTRATOR 94.101.187.85 
ADMINISTRATOR 94.101.187.85 
ADMINISTRATOR 94.101.187.85 
ADMINISTRATOR 94.101.187.85 
ADMINISTRATOR 94.101.187.85 
ADMINISTRATOR 94.101.187.85 
ADMINISTRATOR 94.101.187.85 
ADMINISTRATOR 94.101.187.85 
ADMINISTRATOR 94.101.187.85 
ADMINISTRATOR 94.101.187.85 
ADMINISTRATOR 94.101.187.85 
ADMINISTRATOR 94.101.187.85 
ADMINISTRATOR 94.101.187.85 
ADMINISTRATOR 94.101.187.85 
ADMINISTRATOR 94.101.187.85 
ADMINISTRATOR 94.101.187.85 
ADMINISTRATOR 94.101.187.85 
ADMINISTRATOR 94.101.187.85 
ADMINISTRATOR 94.101.187.85 
ADMINISTRATOR 94.101.187.85 
ADMINISTRATOR 94.101.187.85 
ADMINISTRATOR 94.101.187.85 
ADMINISTRATOR 94.101.187.85 
ADMINISTRATOR 94.101.187.85 
ADMINISTRATOR 94.101.187.85 
ADMINISTRATOR 94.101.187.85 
ADMINISTRATOR 94.101.187.85 
ADMINISTRATOR 94.101.187.85 
ADMINISTRATOR 94.101.187.85 
ADMINISTRATOR 94.101.187.85 
ADMINISTRATOR 94.101.187.85 
ADMINISTRATOR 94.101.187.85 
ADMINISTRATOR 94.101.187.85 
ADMINISTRATOR 94.101.187.85 
ADMINISTRATOR 94.101.187.85 
ADMINISTRATOR 94.101.187.85 
ADMINISTRATOR 94.101.187.85 
ADMINISTRATOR 94.101.187.85 
ADMINISTRATOR 94.101.187.85 
ADMINISTRATOR 94.101.187.85 
ADMINISTRATOR 94.101.187.85 
ADMINISTRATOR 94.101.187.85 
ADMINISTRATOR 94.101.187.85 
ADMINISTRATOR 94.101.187.85 
ADMINISTRATOR 94.101.187.85 
ADMINISTRATOR 94.101.187.85 
ADMINISTRATOR 94.101.187.85 
ADMINISTRATOR 94.101.187.85 
ADMINISTRATOR 94.101.187.85 
ADMINISTRATOR 94.101.187.85 
ADMINISTRATOR 94.101.187.85 
ADMINISTRATOR 94.101.187.85 
ADMINISTRATOR 94.101.187.85 
ADMINISTRATOR 94.101.187.85 
ADMINISTRATOR 94.101.187.85 
ADMINISTRATOR 94.101.187.85 
ADMINISTRATOR 94.101.187.85 
ADMINISTRATOR 94.101.187.85 
ADMINISTRATOR 94.101.187.85 
ADMINISTRATOR 94.101.187.85 
ADMINISTRATOR 94.101.187.85 
ADMINISTRATOR 94.101.187.85 
ADMINISTRATOR 94.101.187.85 
ADMINISTRATOR 94.101.187.85 
EXACT 81.45.139.22 
ADMINISTRATOR 94.101.187.85 
ADMINISTRATOR 94.101.187.85 
ADMINISTRATOR 94.101.187.85 
ADMINISTRATOR 94.101.187.85 
ADMINISTRATOR 94.101.187.85 
ADMINISTRATOR 94.101.187.85 
ADMINISTRATOR 94.101.187.85 
ADMINISTRATOR 94.101.187.85 
ADMINISTRATOR 94.101.187.85 
ADMINISTRATOR 94.101.187.85 
ADMINISTRATOR 94.101.187.85 
ADMINISTRATOR 94.101.187.85 
ADMINISTRATOR 94.101.187.85 
ADMINISTRATOR 94.101.187.85 
ADMINISTRATOR 94.101.187.85 
ADMINISTRATOR 94.101.187.85 
ADMINISTRATOR 94.101.187.85 
PROG2 51.159.103.25 
ADMINISTRATOR 94.101.187.85 
ADMINISTRATOR 94.101.187.85 
ADMINISTRATOR 94.101.187.85 
ADMINISTRATOR 94.101.187.85 
ADMINISTRATOR 94.101.187.85 
ADMINISTRATOR 94.101.187.85 
ADMINISTRATOR 94.101.187.85 
ADMINISTRATOR 94.101.187.85 
ADMINISTRATOR 94.101.187.85 
ADMINISTRATOR 94.101.187.85 
ADMINISTRATOR 94.101.187.85 
ADMINISTRATOR 94.101.187.85 
ADMINISTRATOR 94.101.187.85 
ADMINISTRATOR 94.101.187.85 
ADMINISTRATOR 94.101.187.85 
ADMINISTRATOR 94.101.187.85 
ADMINISTRATOR 94.101.187.85 
ADMINISTRATOR 94.101.187.85 
ADMINISTRATOR 94.101.187.85 
ADMINISTRATOR 94.101.187.85 
ADMINISTRATOR 94.101.187.85 
ADMINISTRATOR 94.101.187.85 
ADMINISTRATOR 94.101.187.85 
ADMINISTRATOR 94.101.187.85 
ADMINISTRATOR 94.101.187.85 
ADMINISTRATOR 94.101.187.85 
EXCH-ADMIN 81.45.139.22 
ADMINISTRATOR 94.101.187.85 
ADMINISTRATOR 94.101.187.85 
ADMINISTRATOR 94.101.187.85 
ADMINISTRATOR 94.101.187.85 
ADMINISTRATOR 94.101.187.85 
ADMINISTRATOR 94.101.187.85 
ADMINISTRATOR 94.101.187.85 
ADMINISTRATOR 94.101.187.85 
ADMINISTRATOR 94.101.187.85 
ADMINISTRATOR 94.101.187.85 
ADMINISTRATOR 94.101.187.85 
ADMINISTRATOR 94.101.187.85 
ADMINISTRATOR 94.101.187.85 
ADMINISTRATOR 94.101.187.85 
ADMINISTRATOR 94.101.187.85 
ADMINISTRATOR 94.101.187.85 
ADMINISTRATOR 94.101.187.85 
ADMINISTRATOR 94.101.187.85 
ADMINISTRATOR 94.101.187.85 
ADMINISTRATOR 94.101.187.85 
ADMINISTRATOR 94.101.187.85 
ADMINISTRATOR 94.101.187.85 
ADMINISTRATOR 94.101.187.85 
ADMINISTRATOR 94.101.187.85 
ADMINISTRATOR 94.101.187.85 
ADMINISTRATOR 94.101.187.85 
ADMINISTRATOR 94.101.187.85 
ADMINISTRATOR 94.101.187.85 
ADMINISTRATOR 94.101.187.85 
ADMINISTRATOR 94.101.187.85 
ADMINISTRATOR 94.101.187.85 
ADMINISTRATOR 94.101.187.85 
ADMINISTRATOR 94.101.187.85 
ADMINISTRATOR 94.101.187.85 
ADMINISTRATOR 94.101.187.85 
ADMINISTRATOR 94.101.187.85 
ADMINISTRATOR 94.101.187.85 
ADMINISTRATOR 94.101.187.85 
ADMINISTRATOR 94.101.187.85 
ADMINISTRATOR 94.101.187.85 
ADMINISTRATOR 94.101.187.85 
ADMINISTRATOR 94.101.187.85 
ADMINISTRATOR 94.101.187.85 
ADMINISTRATOR 94.101.187.85 
ADMINISTRATOR 94.101.187.85 
ADMINISTRATOR 94.101.187.85 
EXPORT 81.45.139.22 
ADMINISTRATOR 94.101.187.85 
ADMINISTRATOR 94.101.187.85 
ADMINISTRATOR 94.101.187.85 
ADMINISTRATOR 94.101.187.85 
ADMINISTRATOR 94.101.187.85 
ADMINISTRATOR 94.101.187.85 
ADMINISTRATOR 94.101.187.85 
ADMINISTRATOR 94.101.187.85 
ADMINISTRATOR 94.101.187.85 
ADMINISTRATOR 94.101.187.85 
ADMINISTRATOR 94.101.187.85 
ADMINISTRATOR 94.101.187.85 
ADMINISTRATOR 94.101.187.85 
ADMINISTRATOR 94.101.187.85 
ADMINISTRATOR 94.101.187.85 
ADMINISTRATOR 94.101.187.85 
ADMINISTRATOR 94.101.187.85 
ADMINISTRATOR 94.101.187.85 
ADMINISTRATOR 94.101.187.85 
ADMINISTRATOR 94.101.187.85 
ADMINISTRATOR 94.101.187.85 
ADMINISTRATOR 94.101.187.85 
ADMINISTRATOR 94.101.187.85 
ADMINISTRATOR 94.101.187.85 
ADMINISTRATOR 94.101.187.85 
ADMINISTRATOR 94.101.187.85 
ADMINISTRATOR 94.101.187.85 
ADMINISTRATOR 94.101.187.85 
çÄÑÖÜÑÄ 51.159.103.25 
ADMINISTRATOR 94.101.187.85 
ADMINISTRATOR 94.101.187.85 
ADMINISTRATOR 94.101.187.85 
ADMINISTRATOR 94.101.187.85 
ADMINISTRATOR 94.101.187.85 
ADMINISTRATOR 94.101.187.85 
ADMINISTRATOR 94.101.187.85 
ADMINISTRATOR 94.101.187.85 
ADMINISTRATOR 94.101.187.85 
ADMINISTRATOR 94.101.187.85 
ADMINISTRATOR 94.101.187.85 
ADMINISTRATOR 94.101.187.85 
ADMINISTRATOR 94.101.187.85 
ADMINISTRATOR 94.101.187.85 
ADMINISTRATOR 94.101.187.85 
EXPORT2 81.45.139.22 
ADMINISTRATOR 94.101.187.85 
ADMINISTRATOR 94.101.187.85 
ADMINISTRATOR 94.101.187.85 
ADMINISTRATOR 94.101.187.85 
ADMINISTRATOR 94.101.187.85 
ADMINISTRATOR 94.101.187.85 
ADMINISTRATOR 94.101.187.85 
ADMINISTRATOR 94.101.187.85 
ADMINISTRATOR 94.101.187.85 
ADMINISTRATOR 94.101.187.85 
ADMINISTRATOR 94.101.187.85 
ADMINISTRATOR 94.101.187.85 
ADMINISTRATOR 94.101.187.85 
ADMINISTRATOR 94.101.187.85 
ADMINISTRATOR 94.101.187.85 
ADMINISTRATOR 94.101.187.85 
ADMINISTRATOR 94.101.187.85 
ADMINISTRATOR 94.101.187.85 
ADMINISTRATOR 94.101.187.85 
ADMINISTRATOR 94.101.187.85 
ADMINISTRATOR 94.101.187.85 
ADMINISTRATOR 94.101.187.85 
ADMINISTRATOR 94.101.187.85 
ADMINISTRATOR 94.101.187.85 
ADMINISTRATOR 94.101.187.85 
ADMINISTRATOR 94.101.187.85 
ADMINISTRATOR 94.101.187.85 
ADMINISTRATOR 94.101.187.85 
ADMINISTRATOR 94.101.187.85 
ADMINISTRATOR 94.101.187.85 
ADMINISTRATOR 94.101.187.85 
ADMINISTRATOR 94.101.187.85 
ADMINISTRATOR 94.101.187.85 
ADMINISTRATOR 94.101.187.85 
ADMINISTRATOR 94.101.187.85 
ADMINISTRATOR 94.101.187.85 
ADMINISTRATOR 94.101.187.85 
ADMINISTRATOR 94.101.187.85 
ADMINISTRATOR 94.101.187.85 
ADMINISTRATOR 94.101.187.85 
ADMINISTRATOR 94.101.187.85 
ADMINISTRATOR 94.101.187.85 
ADMINISTRATOR 94.101.187.85 
EXTRA 81.45.139.22 
ADMINISTRATOR 94.101.187.85 
ADMINISTRATOR 94.101.187.85 
ADMINISTRATOR 94.101.187.85 
ADMINISTRATOR 94.101.187.85 
ADMINISTRATOR 94.101.187.85 
ADMINISTRATOR 94.101.187.85 
ADMINISTRATOR 94.101.187.85 
ADMINISTRATOR 94.101.187.85 
ADMINISTRATOR 94.101.187.85 
ADMINISTRATOR 94.101.187.85 
ADMINISTRATOR 94.101.187.85 
ADMINISTRATOR 94.101.187.85 
ADMINISTRATOR 94.101.187.85 
ADMINISTRATOR 94.101.187.85 
ADMINISTRATOR 94.101.187.85 
ADMINISTRATOR 94.101.187.85 
ADMINISTRATOR 94.101.187.85 
ADMINISTRATOR 94.101.187.85 
ADMINISTRATOR 94.101.187.85 
ADMINISTRATOR 94.101.187.85 
ADMINISTRATOR 94.101.187.85 
ADMINISTRATOR 94.101.187.85 
ADMINISTRATOR 94.101.187.85 
ADMINISTRATOR 94.101.187.85 
ADMINISTRATOR 94.101.187.85 
ADMINISTRATOR 94.101.187.85 
ADMINISTRATOR 94.101.187.85 
ADMINISTRATOR 94.101.187.85 
ADMINISTRATOR 94.101.187.85 
ADMINISTRATOR 94.101.187.85 
ADMINISTRATOR 94.101.187.85 
ADMINISTRATOR 94.101.187.85 
ADMINISTRATOR 94.101.187.85 
ADMINISTRATOR 94.101.187.85 
ADMINISTRATOR 94.101.187.85 
ADMINISTRATOR 94.101.187.85 
ADMINISTRATOR 94.101.187.85 
ADMINISTRATOR 94.101.187.85 
ADMINISTRATOR 94.101.187.85 
ADMINISTRATOR 94.101.187.85 
ADMINISTRATOR 94.101.187.85 
ADMINISTRATOR 94.101.187.85 
ADMINISTRATOR 94.101.187.85 
ADMINISTRATOR 94.101.187.85 
ADMINISTRATOR 94.101.187.85 
ADMINISTRATOR 94.101.187.85 
ADMINISTRATOR 94.101.187.85 
ADMINISTRATOR 94.101.187.85 
ADMINISTRATOR 94.101.187.85 
ADMINISTRATOR 94.101.187.85 
ADMINISTRATOR 94.101.187.85 
ADMINISTRATOR 94.101.187.85 
ADMINISTRATOR 94.101.187.85 
ADMINISTRATOR 94.101.187.85 
ADMINISTRATOR 94.101.187.85 
ADMINISTRATOR 94.101.187.85 
ADMINISTRATOR 94.101.187.85 
ADMINISTRATOR 94.101.187.85 
ADMINISTRATOR 94.101.187.85 
ADMINISTRATOR 94.101.187.85 
ADMINISTRATOR 94.101.187.85 
ADMINISTRATOR 94.101.187.85 
ADMINISTRATOR 94.101.187.85 
ADMINISTRATOR 94.101.187.85 
ADMINISTRATOR 94.101.187.85 
ADMINISTRATOR 94.101.187.85 
ADMINISTRATOR 94.101.187.85 
ADMINISTRATOR 94.101.187.85 
ADMINISTRATOR 94.101.187.85 
ADMINISTRATOR 94.101.187.85 
ADMINISTRATOR 94.101.187.85 
ADMINISTRATOR 94.101.187.85 
ADMINISTRATOR 94.101.187.85 
ADMINISTRATOR 94.101.187.85 
ADMINISTRATOR 94.101.187.85 
ADMINISTRATOR 94.101.187.85 
ADMINISTRATOR 94.101.187.85 
ADMINISTRATOR 94.101.187.85 
ADMINISTRATOR 94.101.187.85 
ADMINISTRATOR 94.101.187.85 
ADMINISTRATOR 94.101.187.85 
ADMINISTRATOR 94.101.187.85 
ADMINISTRATOR 94.101.187.85 
ADMINISTRATOR 94.101.187.85 
ADMINISTRATOR 94.101.187.85 
ADMINISTRATOR 94.101.187.85 
ADMINISTRATOR 94.101.187.85 
EZRA 81.45.139.22 
ADMINISTRATOR 94.101.187.85 
ADMINISTRATOR 94.101.187.85 
ADMINISTRATOR 94.101.187.85 
ADMINISTRATOR 94.101.187.85 
ADMINISTRATOR 94.101.187.85 
ADMINISTRATOR 94.101.187.85 
ADMINISTRATOR 94.101.187.85 
ADMINISTRATOR 94.101.187.85 
ADMINISTRATOR 94.101.187.85 
ADMINISTRATOR 94.101.187.85 
ADMINISTRATOR 94.101.187.85 
ADMINISTRATOR 94.101.187.85 
ADMINISTRATOR 94.101.187.85 
ADMINISTRATOR 94.101.187.85 
ADMINISTRATOR 94.101.187.85 
ADMINISTRATOR 94.101.187.85 
ADMINISTRATOR 94.101.187.85 
ADMINISTRATOR 94.101.187.85 
ADMINISTRATOR 94.101.187.85 
ADMINISTRATOR 94.101.187.85 
ADMINISTRATOR 94.101.187.85 
ADMINISTRATOR 94.101.187.85 
ADMINISTRATOR 94.101.187.85 
ADMINISTRATOR 94.101.187.85 
ADMINISTRATOR 94.101.187.85 
ADMINISTRATOR 94.101.187.85 
ADMINISTRATOR 94.101.187.85 
ADMINISTRATOR 94.101.187.85 
ADMINISTRATOR 94.101.187.85 
ADMINISTRATOR 94.101.187.85 
ADMINISTRATOR 94.101.187.85 
ADMINISTRATOR 94.101.187.85 
ADMINISTRATOR 94.101.187.85 
ADMINISTRATOR 94.101.187.85 
ADMINISTRATOR 94.101.187.85 
ADMINISTRATOR 94.101.187.85 
ADMINISTRATOR 94.101.187.85 
ADMINISTRATOR 94.101.187.85 
ADMINISTRATOR 94.101.187.85 
ADMINISTRATOR 94.101.187.85 
ADMINISTRATOR 94.101.187.85 
ADMINISTRATOR 94.101.187.85 
ADMINISTRATOR 94.101.187.85 
ADMINISTRATOR 94.101.187.85 
ADMINISTRATOR 94.101.187.85 
ADMINISTRATOR 94.101.187.85 
ADMINISTRATOR 94.101.187.85 
ADMINISTRATOR 94.101.187.85 
ADMINISTRATOR 94.101.187.85 
ADMINISTRATOR 94.101.187.85 
ADMINISTRATOR 94.101.187.85 
ADMINISTRATOR 94.101.187.85 
ADMINISTRATOR 94.101.187.85 
ADMINISTRATOR 94.101.187.85 
ADMINISTRATOR 94.101.187.85 
ADMINISTRATOR 94.101.187.85 
ADMINISTRATOR 94.101.187.85 
ADMINISTRATOR 94.101.187.85 
ADMINISTRATOR 94.101.187.85 
ADMINISTRATOR 94.101.187.85 
ADMINISTRATOR 94.101.187.85 
ADMINISTRATOR 94.101.187.85 
ADMINISTRATOR 94.101.187.85 
ADMINISTRATOR 94.101.187.85 
ADMINISTRATOR 94.101.187.85 
ADMINISTRATOR 94.101.187.85 
ADMINISTRATOR 94.101.187.85 
ADMINISTRATOR 94.101.187.85 
ADMINISTRATOR 94.101.187.85 
ADMINISTRATOR 94.101.187.85 
ADMINISTRATOR 94.101.187.85 
ADMINISTRATOR 94.101.187.85 
ADMINISTRATOR 94.101.187.85 
ADMINISTRATOR 94.101.187.85 
ADMINISTRATOR 94.101.187.85 
ADMINISTRATOR 94.101.187.85 
ADMINISTRATOR 94.101.187.85 
ADMINISTRATOR 94.101.187.85 
ADMINISTRATOR 94.101.187.85 
ADMINISTRATOR 94.101.187.85 
ADMINISTRATOR 94.101.187.85 
ADMINISTRATOR 94.101.187.85 
ADMINISTRATOR 94.101.187.85 
ADMINISTRATOR 94.101.187.85 
ADMINISTRATOR 94.101.187.85 
ADMINISTRATOR 94.101.187.85 
ADMINISTRATOR 94.101.187.85 
ADMINISTRATOR 94.101.187.85 
ADMINISTRATOR 94.101.187.85 
ADMINISTRATOR 94.101.187.85 
ADMINISTRATOR 94.101.187.85 
ADMINISTRATOR 94.101.187.85 
ADMINISTRATOR 94.101.187.85 
ADMINISTRATOR 94.101.187.85 
ADMINISTRATOR 94.101.187.85 
ADMINISTRATOR 94.101.187.85 
ADMINISTRATOR 94.101.187.85 
ADMINISTRATOR 94.101.187.85 
ADMINISTRATOR 94.101.187.85 
ADMINISTRATOR 94.101.187.85 
ADMINISTRATOR 94.101.187.85 
ADMINISTRATOR 94.101.187.85 
ADMINISTRATOR 94.101.187.85 
ADMINISTRATOR 94.101.187.85 
ADMINISTRATOR 94.101.187.85 
ADMINISTRATOR 94.101.187.85 
ADMINISTRATOR 94.101.187.85 
ADMINISTRATOR 94.101.187.85 
ADMINISTRATOR 94.101.187.85 
ADMINISTRATOR 94.101.187.85 
ADMINISTRATOR 94.101.187.85 
ADMINISTRATOR 94.101.187.85 
ADMINISTRATOR 94.101.187.85 
ADMINISTRATOR 94.101.187.85 
ADMINISTRATOR 94.101.187.85 
ADMINISTRATOR 94.101.187.85 
ADMINISTRATOR 94.101.187.85 
ADMINISTRATOR 94.101.187.85 
ADMINISTRATOR 94.101.187.85 
ADMINISTRATOR 94.101.187.85 
ADMINISTRATOR 94.101.187.85 
ADMINISTRATOR 94.101.187.85 
ADMINISTRATOR 94.101.187.85 
ADMINISTRATOR 94.101.187.85 
ADMINISTRATOR 94.101.187.85 
ADMINISTRATOR 94.101.187.85 
ADMINISTRATOR 94.101.187.85 
ADMINISTRATOR 94.101.187.85 
ADMINISTRATOR 94.101.187.85 
ADMINISTRATOR 94.101.187.85 
ADMINISTRATOR 94.101.187.85 
FABIENNE 81.45.139.22 
ADMINISTRATOR 94.101.187.85 
ADMINISTRATOR 94.101.187.85 
ADMINISTRATOR 94.101.187.85 
ADMINISTRATOR 94.101.187.85 
ADMINISTRATOR 94.101.187.85 
ADMINISTRATOR 94.101.187.85 
ADMINISTRATOR 94.101.187.85 
ADMINISTRATOR 94.101.187.85 
ADMINISTRATOR 94.101.187.85 
ADMINISTRATOR 94.101.187.85 
ADMINISTRATOR 94.101.187.85 
ADMINISTRATOR 94.101.187.85 
ADMINISTRATOR 94.101.187.85 
ADMINISTRATOR 94.101.187.85 
ADMINISTRATOR 94.101.187.85 
ADMINISTRATOR 94.101.187.85 
ADMINISTRATOR 94.101.187.85 
ADMINISTRATOR 94.101.187.85 
ADMINISTRATOR 94.101.187.85 
ADMINISTRATOR 94.101.187.85 
ADMINISTRATOR 94.101.187.85 
ADMINISTRATOR 94.101.187.85 
ADMINISTRATOR 94.101.187.85 
ADMINISTRATOR 94.101.187.85 
ADMINISTRATOR 94.101.187.85 
ADMINISTRATOR 94.101.187.85 
ADMINISTRATOR 94.101.187.85 
ADMINISTRATOR 94.101.187.85 
DISP 51.159.103.25 
ADMINISTRATOR 94.101.187.85 
ADMINISTRATOR 94.101.187.85 
ADMINISTRATOR 94.101.187.85 
ADMINISTRATOR 94.101.187.85 
ADMINISTRATOR 94.101.187.85 
ADMINISTRATOR 94.101.187.85 
ADMINISTRATOR 94.101.187.85 
ADMINISTRATOR 94.101.187.85 
ADMINISTRATOR 94.101.187.85 
ADMINISTRATOR 94.101.187.85 
ADMINISTRATOR 94.101.187.85 
ADMINISTRATOR 94.101.187.85 
ADMINISTRATOR 94.101.187.85 
ADMINISTRATOR 94.101.187.85 
ADMINISTRATOR 94.101.187.85 
ADMINISTRATOR 94.101.187.85 
ADMINISTRATOR 94.101.187.85 
ADMINISTRATOR 94.101.187.85 
ADMINISTRATOR 94.101.187.85 
ADMINISTRATOR 94.101.187.85 
ADMINISTRATOR 94.101.187.85 
ADMINISTRATOR 94.101.187.85 
ADMINISTRATOR 94.101.187.85 
ADMINISTRATOR 94.101.187.85 
ADMINISTRATOR 94.101.187.85 
ADMINISTRATOR 94.101.187.85 
ADMINISTRATOR 94.101.187.85 
ADMINISTRATOR 94.101.187.85 
ADMINISTRATOR 94.101.187.85 
ADMINISTRATOR 94.101.187.85 
ADMINISTRATOR 94.101.187.85 
ADMINISTRATOR 94.101.187.85 
ADMINISTRATOR 94.101.187.85 
ADMINISTRATOR 94.101.187.85 
ADMINISTRATOR 94.101.187.85 
ADMINISTRATOR 94.101.187.85 
ADMINISTRATOR 94.101.187.85 
ADMINISTRATOR 94.101.187.85 
ADMINISTRATOR 94.101.187.85 
ADMINISTRATOR 94.101.187.85 
ADMINISTRATOR 94.101.187.85 
ADMINISTRATOR 94.101.187.85 
ADMINISTRATOR 94.101.187.85 
ADMINISTRATOR 94.101.187.85 
ADMINISTRATOR 94.101.187.85 
ADMINISTRATOR 94.101.187.85 
ADMINISTRATOR 94.101.187.85 
ADMINISTRATOR 94.101.187.85 
ADMINISTRATOR 94.101.187.85 
ADMINISTRATOR 94.101.187.85 
ADMINISTRATOR 94.101.187.85 
ADMINISTRATOR 94.101.187.85 
ADMINISTRATOR 94.101.187.85 
ADMINISTRATOR 94.101.187.85 
ADMINISTRATOR 94.101.187.85 
ADMINISTRATOR 94.101.187.85 
ADMINISTRATOR 94.101.187.85 
ADMINISTRATOR 94.101.187.85 
FACTURATIE 81.45.139.22 
ADMINISTRATOR 94.101.187.85 
ADMINISTRATOR 94.101.187.85 
ADMINISTRATOR 94.101.187.85 
ADMINISTRATOR 94.101.187.85 
ADMINISTRATOR 94.101.187.85 
ADMINISTRATOR 94.101.187.85 
ADMINISTRATOR 94.101.187.85 
ADMINISTRATOR 94.101.187.85 
ADMINISTRATOR 94.101.187.85 
ADMINISTRATOR 94.101.187.85 
ADMINISTRATOR 94.101.187.85 
ADMINISTRATOR 94.101.187.85 
ADMINISTRATOR 94.101.187.85 
ADMINISTRATOR 94.101.187.85 
ADMINISTRATOR 94.101.187.85 
ADMINISTRATOR 94.101.187.85 
ADMINISTRATOR 94.101.187.85 
ADMINISTRATOR 94.101.187.85 
ADMINISTRATOR 94.101.187.85 
ADMINISTRATOR 94.101.187.85 
ADMINISTRATOR 94.101.187.85 
ADMINISTRATOR 94.101.187.85 
ADMINISTRATOR 94.101.187.85 
ADMINISTRATOR 94.101.187.85 
ADMINISTRATOR 94.101.187.85 
ADMINISTRATOR 94.101.187.85 
ADMINISTRATOR 94.101.187.85 
ADMINISTRATOR 94.101.187.85 
ADMINISTRATOR 94.101.187.85 
ADMINISTRATOR 94.101.187.85 
ADMINISTRATOR 94.101.187.85 
ADMINISTRATOR 94.101.187.85 
ADMINISTRATOR 94.101.187.85 
ADMINISTRATOR 94.101.187.85 
ADMINISTRATOR 94.101.187.85 
ADMINISTRATOR 94.101.187.85 
ADMINISTRATOR 94.101.187.85 
ADMINISTRATOR 94.101.187.85 
ADMINISTRATOR 94.101.187.85 
ADMINISTRATOR 94.101.187.85 
ADMINISTRATOR 94.101.187.85 
ADMINISTRATOR 94.101.187.85 
ADMINISTRATOR 94.101.187.85 
ADMINISTRATOR 94.101.187.85 
ADMINISTRATOR 94.101.187.85 
ADMINISTRATOR 94.101.187.85 
ADMINISTRATOR 94.101.187.85 
ADMINISTRATOR 94.101.187.85 
ADMINISTRATOR 94.101.187.85 
ADMINISTRATOR 94.101.187.85 
ADMINISTRATOR 94.101.187.85 
ADMINISTRATOR 94.101.187.85 
ADMINISTRATOR 94.101.187.85 
ADMINISTRATOR 94.101.187.85 
ADMINISTRATOR 94.101.187.85 
ADMINISTRATOR 94.101.187.85 
ADMINISTRATOR 94.101.187.85 
ADMINISTRATOR 94.101.187.85 
ADMINISTRATOR 94.101.187.85 
ADMINISTRATOR 94.101.187.85 
ADMINISTRATOR 94.101.187.85 
ADMINISTRATOR 94.101.187.85 
ADMINISTRATOR 94.101.187.85 
ADMINISTRATOR 94.101.187.85 
ADMINISTRATOR 94.101.187.85 
ADMINISTRATOR 94.101.187.85 
ADMINISTRATOR 94.101.187.85 
ADMINISTRATOR 94.101.187.85 
ADMINISTRATOR 94.101.187.85 
ADMINISTRATOR 94.101.187.85 
ADMINISTRATOR 94.101.187.85 
ADMINISTRATOR 94.101.187.85 
ADMINISTRATOR 94.101.187.85 
ADMINISTRATOR 94.101.187.85 
ADMINISTRATOR 94.101.187.85 
ADMINISTRATOR 94.101.187.85 
ADMINISTRATOR 94.101.187.85 
ADMINISTRATOR 94.101.187.85 
ADMINISTRATOR 94.101.187.85 
ADMINISTRATOR 94.101.187.85 
ADMINISTRATOR 94.101.187.85 
ADMINISTRATOR 94.101.187.85 
ADMINISTRATOR 94.101.187.85 
ADMINISTRATOR 94.101.187.85 
ADMINISTRATOR 94.101.187.85 
ADMINISTRATOR 94.101.187.85 
ADMINISTRATOR 94.101.187.85 
FACTUUR 81.45.139.22 
ADMINISTRATOR 94.101.187.85 
ADMINISTRATOR 94.101.187.85 
ADMINISTRATOR 94.101.187.85 
ADMINISTRATOR 94.101.187.85 
ADMINISTRATOR 94.101.187.85 
ADMINISTRATOR 94.101.187.85 
ADMINISTRATOR 94.101.187.85 
ADMINISTRATOR 94.101.187.85 
ADMINISTRATOR 94.101.187.85 
ADMINISTRATOR 94.101.187.85 
ADMINISTRATOR 94.101.187.85 
ADMINISTRATOR 94.101.187.85 
ADMINISTRATOR 94.101.187.85 
ADMINISTRATOR 94.101.187.85 
ADMINISTRATOR 94.101.187.85 
ADMINISTRATOR 94.101.187.85 
ADMINISTRATOR 94.101.187.85 
ADMINISTRATOR 94.101.187.85 
ADMINISTRATOR 94.101.187.85 
ADMINISTRATOR 94.101.187.85 
ADMINISTRATOR 94.101.187.85 
ADMINISTRATOR 94.101.187.85 
ADMINISTRATOR 94.101.187.85 
ADMINISTRATOR 94.101.187.85 
ADMINISTRATOR 94.101.187.85 
ADMINISTRATOR 94.101.187.85 
ADMINISTRATOR 94.101.187.85 
ADMINISTRATOR 94.101.187.85 
ADMINISTRATOR 94.101.187.85 
ADMINISTRATOR 94.101.187.85 
ADMINISTRATOR 94.101.187.85 
ADMINISTRATOR 94.101.187.85 
ADMINISTRATOR 94.101.187.85 
ADMINISTRATOR 94.101.187.85 
ADMINISTRATOR 94.101.187.85 
ADMINISTRATOR 94.101.187.85 
ADMINISTRATOR 94.101.187.85 
ADMINISTRATOR 94.101.187.85 
ADMINISTRATOR 94.101.187.85 
ADMINISTRATOR 94.101.187.85 
ADMINISTRATOR 94.101.187.85 
ADMINISTRATOR 94.101.187.85 
ADMINISTRATOR 94.101.187.85 
FAITH 81.45.139.22 
ADMINISTRATOR 94.101.187.85 
ADMINISTRATOR 94.101.187.85 
ADMINISTRATOR 94.101.187.85 
ADMINISTRATOR 94.101.187.85 
ADMINISTRATOR 94.101.187.85 
ADMINISTRATOR 94.101.187.85 
ADMINISTRATOR 94.101.187.85 
ADMINISTRATOR 94.101.187.85 
ADMINISTRATOR 94.101.187.85 
ADMINISTRATOR 94.101.187.85 
ADMINISTRATOR 94.101.187.85 
ADMINISTRATOR 94.101.187.85 
ADMINISTRATOR 94.101.187.85 
ADMINISTRATOR 94.101.187.85 
ADMINISTRATOR 94.101.187.85 
ADMINISTRATOR 94.101.187.85 
ADMINISTRATOR 94.101.187.85 
YURIY 51.159.103.25 
ADMINISTRATOR 94.101.187.85 
ADMINISTRATOR 94.101.187.85 
ADMINISTRATOR 94.101.187.85 
ADMINISTRATOR 94.101.187.85 
ADMINISTRATOR 94.101.187.85 
ADMINISTRATOR 94.101.187.85 
ADMINISTRATOR 94.101.187.85 
ADMINISTRATOR 94.101.187.85 
ADMINISTRATOR 94.101.187.85 
ADMINISTRATOR 94.101.187.85 
ADMINISTRATOR 94.101.187.85 
ADMINISTRATOR 94.101.187.85 
ADMINISTRATOR 94.101.187.85 
ADMINISTRATOR 94.101.187.85 
ADMINISTRATOR 94.101.187.85 
ADMINISTRATOR 94.101.187.85 
ADMINISTRATOR 94.101.187.85 
ADMINISTRATOR 94.101.187.85 
ADMINISTRATOR 94.101.187.85 
ADMINISTRATOR 94.101.187.85 
ADMINISTRATOR 94.101.187.85 
ADMINISTRATOR 94.101.187.85 
ADMINISTRATOR 94.101.187.85 
ADMINISTRATOR 94.101.187.85 
FAJAH 81.45.139.22 
ADMINISTRATOR 94.101.187.85 
ADMINISTRATOR 94.101.187.85 
ADMINISTRATOR 94.101.187.85 
ADMINISTRATOR 94.101.187.85 
ADMINISTRATOR 94.101.187.85 
ADMINISTRATOR 94.101.187.85 
ADMINISTRATOR 94.101.187.85 
ADMINISTRATOR 94.101.187.85 
ADMINISTRATOR 94.101.187.85 
ADMINISTRATOR 94.101.187.85 
ADMINISTRATOR 94.101.187.85 
ADMINISTRATOR 94.101.187.85 
ADMINISTRATOR 94.101.187.85 
ADMINISTRATOR 94.101.187.85 
ADMINISTRATOR 94.101.187.85 
ADMINISTRATOR 94.101.187.85 
ADMINISTRATOR 94.101.187.85 
ADMINISTRATOR 94.101.187.85 
ADMINISTRATOR 94.101.187.85 
ADMINISTRATOR 94.101.187.85 
ADMINISTRATOR 94.101.187.85 
ADMINISTRATOR 94.101.187.85 
ADMINISTRATOR 94.101.187.85 
ADMINISTRATOR 94.101.187.85 
ADMINISTRATOR 94.101.187.85 
ADMINISTRATOR 94.101.187.85 
ADMINISTRATOR 94.101.187.85 
ADMINISTRATOR 94.101.187.85 
ADMINISTRATOR 94.101.187.85 
ADMINISTRATOR 94.101.187.85 
ADMINISTRATOR 94.101.187.85 
ADMINISTRATOR 94.101.187.85 
ADMINISTRATOR 94.101.187.85 
ADMINISTRATOR 94.101.187.85 
ADMINISTRATOR 94.101.187.85 
ADMINISTRATOR 94.101.187.85 
ADMINISTRATOR 94.101.187.85 
ADMINISTRATOR 94.101.187.85 
ADMINISTRATOR 94.101.187.85 
ADMINISTRATOR 94.101.187.85 
ADMINISTRATOR 94.101.187.85 
FAKTA 81.45.139.22 
ADMINISTRATOR 94.101.187.85 
ADMINISTRATOR 94.101.187.85 
ADMINISTRATOR 94.101.187.85 
ADMINISTRATOR 94.101.187.85 
ADMINISTRATOR 94.101.187.85 
ADMINISTRATOR 94.101.187.85 
ADMINISTRATOR 94.101.187.85 
ADMINISTRATOR 94.101.187.85 
ADMINISTRATOR 94.101.187.85 
ADMINISTRATOR 94.101.187.85 
ADMINISTRATOR 94.101.187.85 
ADMINISTRATOR 94.101.187.85 
ADMINISTRATOR 94.101.187.85 
ADMINISTRATOR 94.101.187.85 
ADMINISTRATOR 94.101.187.85 
ADMINISTRATOR 94.101.187.85 
ADMINISTRATOR 94.101.187.85 
ADMINISTRATOR 94.101.187.85 
ADMINISTRATOR 94.101.187.85 
ADMINISTRATOR 94.101.187.85 
ADMINISTRATOR 94.101.187.85 
ADMINISTRATOR 94.101.187.85 
ADMINISTRATOR 94.101.187.85 
ADMINISTRATOR 94.101.187.85 
ADMINISTRATOR 94.101.187.85 
ADMINISTRATOR 94.101.187.85 
ADMINISTRATOR 94.101.187.85 
ADMINISTRATOR 94.101.187.85 
ADMINISTRATOR 94.101.187.85 
ADMINISTRATOR 94.101.187.85 
ADMINISTRATOR 94.101.187.85 
ADMINISTRATOR 94.101.187.85 
4 51.159.103.25 
ADMINISTRATOR 94.101.187.85 
ADMINISTRATOR 94.101.187.85 
ADMINISTRATOR 94.101.187.85 
ADMINISTRATOR 94.101.187.85 
ADMINISTRATOR 94.101.187.85 
ADMINISTRATOR 94.101.187.85 
ADMINISTRATOR 94.101.187.85 
ADMINISTRATOR 94.101.187.85 
ADMINISTRATOR 94.101.187.85 
ADMINISTRATOR 94.101.187.85 
ADMINISTRATOR 94.101.187.85 
ADMINISTRATOR 94.101.187.85 
ADMINISTRATOR 94.101.187.85 
ADMINISTRATOR 94.101.187.85 
ADMINISTRATOR 94.101.187.85 
ADMINISTRATOR 94.101.187.85 
ADMINISTRATOR 94.101.187.85 
ADMINISTRATOR 94.101.187.85 
ADMINISTRATOR 94.101.187.85 
ADMINISTRATOR 94.101.187.85 
ADMINISTRATOR 94.101.187.85 
ADMINISTRATOR 94.101.187.85 
ADMINISTRATOR 94.101.187.85 
ADMINISTRATOR 94.101.187.85 
ADMINISTRATOR 94.101.187.85 
ADMINISTRATOR 94.101.187.85 
ADMINISTRATOR 94.101.187.85 
ADMINISTRATOR 94.101.187.85 
ADMINISTRATOR 94.101.187.85 
ADMINISTRATOR 94.101.187.85 
ADMINISTRATOR 94.101.187.85 
ADMINISTRATOR 94.101.187.85 
ADMINISTRATOR 94.101.187.85 
ADMINISTRATOR 94.101.187.85 
ADMINISTRATOR 94.101.187.85 
ADMINISTRATOR 94.101.187.85 
ADMINISTRATOR 94.101.187.85 
ADMINISTRATOR 94.101.187.85 
ADMINISTRATOR 94.101.187.85 
ADMINISTRATOR 94.101.187.85 
ADMINISTRATOR 94.101.187.85 
ADMINISTRATOR 94.101.187.85 
ADMINISTRATOR 94.101.187.85 
ADMINISTRATOR 94.101.187.85 
ADMINISTRATOR 94.101.187.85 
ADMINISTRATOR 94.101.187.85 
ADMINISTRATOR 94.101.187.85 
ADMINISTRATOR 94.101.187.85 
ADMINISTRATOR 94.101.187.85 
ADMINISTRATOR 94.101.187.85 
ADMINISTRATOR 94.101.187.85 
ADMINISTRATOR 94.101.187.85 
ADMINISTRATOR 94.101.187.85 
ADMINISTRATOR 94.101.187.85 
ADMINISTRATOR 94.101.187.85 
ADMINISTRATOR 94.101.187.85 
ADMINISTRATOR 94.101.187.85 
ADMINISTRATOR 94.101.187.85 
ADMINISTRATOR 94.101.187.85 
ADMINISTRATOR 94.101.187.85 
ADMINISTRATOR 94.101.187.85 
ADMINISTRATOR 94.101.187.85 
ADMINISTRATOR 94.101.187.85 
ADMINISTRATOR 94.101.187.85 
ADMINISTRATOR 94.101.187.85 
ADMINISTRATOR 94.101.187.85 
ADMINISTRATOR 94.101.187.85 
ADMINISTRATOR 94.101.187.85 
ADMINISTRATOR 94.101.187.85 
ADMINISTRATOR 94.101.187.85 
ADMINISTRATOR 94.101.187.85 
ADMINISTRATOR 94.101.187.85 
ADMINISTRATOR 94.101.187.85 
ADMINISTRATOR 94.101.187.85 
ADMINISTRATOR 94.101.187.85 
ADMINISTRATOR 94.101.187.85 
ADMINISTRATOR 94.101.187.85 
ADMINISTRATOR 94.101.187.85 
ADMINISTRATOR 94.101.187.85 
ADMINISTRATOR 94.101.187.85 
ADMINISTRATOR 94.101.187.85 
ADMINISTRATOR 94.101.187.85 
ADMINISTRATOR 94.101.187.85 
ADMINISTRATOR 94.101.187.85 
ADMINISTRATOR 94.101.187.85 
ADMINISTRATOR 94.101.187.85 
ADMINISTRATOR 94.101.187.85 
ADMINISTRATOR 94.101.187.85 
ADMINISTRATOR 94.101.187.85 
ADMINISTRATOR 94.101.187.85 
ADMINISTRATOR 94.101.187.85 
ADMINISTRATOR 94.101.187.85 
ADMINISTRATOR 94.101.187.85 
ADMINISTRATOR 94.101.187.85 
ADMINISTRATOR 94.101.187.85 
ADMINISTRATOR 94.101.187.85 
ADMINISTRATOR 94.101.187.85 
ADMINISTRATOR 94.101.187.85 
ADMINISTRATOR 94.101.187.85 
ADMINISTRATOR 94.101.187.85 
ADMINISTRATOR 94.101.187.85 
EXCHANGEADM 51.159.103.25 
ADMINISTRATOR 94.101.187.85 
ADMINISTRATOR 94.101.187.85 
ADMINISTRATOR 94.101.187.85 
ADMINISTRATOR 94.101.187.85 
ADMINISTRATOR 94.101.187.85 
ADMINISTRATOR 94.101.187.85 
ADMINISTRATOR 94.101.187.85 
ADMINISTRATOR 94.101.187.85 
ADMINISTRATOR 94.101.187.85 
ADMINISTRATOR 94.101.187.85 
ADMINISTRATOR 94.101.187.85 
ADMINISTRATOR 94.101.187.85 
ADMINISTRATOR 94.101.187.85 
ADMINISTRATOR 94.101.187.85 
ADMINISTRATOR 94.101.187.85 
ADMINISTRATOR 94.101.187.85 
ADMINISTRATOR 94.101.187.85 
ADMINISTRATOR 94.101.187.85 
ADMINISTRATOR 94.101.187.85 
ADMINISTRATOR 94.101.187.85 
ADMINISTRATOR 94.101.187.85 
ADMINISTRATOR 94.101.187.85 
ADMINISTRATOR 94.101.187.85 
ADMINISTRATOR 94.101.187.85 
ADMINISTRATOR 94.101.187.85 
ADMINISTRATOR 94.101.187.85 
ADMINISTRATOR 94.101.187.85 
ADMINISTRATOR 94.101.187.85 
ADMINISTRATOR 94.101.187.85 
ADMINISTRATOR 94.101.187.85 
ADMINISTRATOR 94.101.187.85 
ADMINISTRATOR 94.101.187.85 
ADMINISTRATOR 94.101.187.85 
ADMINISTRATOR 94.101.187.85 
ADMINISTRATOR 94.101.187.85 
ADMINISTRATOR 94.101.187.85 
ADMINISTRATOR 94.101.187.85 
FANLIGHT 81.45.139.22 
ADMINISTRATOR 94.101.187.85 
ADMINISTRATOR 94.101.187.85 
ADMINISTRATOR 94.101.187.85 
ADMINISTRATOR 94.101.187.85 
ADMINISTRATOR 94.101.187.85 
ADMINISTRATOR 94.101.187.85 
ADMINISTRATOR 94.101.187.85 
ADMINISTRATOR 94.101.187.85 
ADMINISTRATOR 94.101.187.85 
ADMINISTRATOR 94.101.187.85 
ADMINISTRATOR 94.101.187.85 
ADMINISTRATOR 94.101.187.85 
ADMINISTRATOR 94.101.187.85 
ADMINISTRATOR 94.101.187.85 
ADMINISTRATOR 94.101.187.85 
ADMINISTRATOR 94.101.187.85 
ADMINISTRATOR 94.101.187.85 
ADMINISTRATOR 94.101.187.85 
ADMINISTRATOR 94.101.187.85 
ADMINISTRATOR 94.101.187.85 
ADMINISTRATOR 94.101.187.85 
ADMINISTRATOR 94.101.187.85 
ADMINISTRATOR 94.101.187.85 
ADMINISTRATOR 94.101.187.85 
ADMINISTRATOR 94.101.187.85 
ADMINISTRATOR 94.101.187.85 
ADMINISTRATOR 94.101.187.85 
ADMINISTRATOR 94.101.187.85 
ADMINISTRATOR 94.101.187.85 
ADMINISTRATOR 94.101.187.85 
ADMINISTRATOR 94.101.187.85 
ADMINISTRATOR 94.101.187.85 
ADMINISTRATOR 94.101.187.85 
ADMINISTRATOR 94.101.187.85 
ADMINISTRATOR 94.101.187.85 
ADMINISTRATOR 94.101.187.85 
ADMINISTRATOR 94.101.187.85 
ADMINISTRATOR 94.101.187.85 
ADMINISTRATOR 94.101.187.85 
ADMINISTRATOR 94.101.187.85 
ADMINISTRATOR 94.101.187.85 
ADMINISTRATOR 94.101.187.85 
FANLIGHT1 81.45.139.22 
ADMINISTRATOR 94.101.187.85 
ADMINISTRATOR 94.101.187.85 
ADMINISTRATOR 94.101.187.85 
ADMINISTRATOR 94.101.187.85 
ADMINISTRATOR 94.101.187.85 
ADMINISTRATOR 94.101.187.85 
ADMINISTRATOR 94.101.187.85 
ADMINISTRATOR 94.101.187.85 
ADMINISTRATOR 94.101.187.85 
ADMINISTRATOR 94.101.187.85 
ADMINISTRATOR 94.101.187.85 
ADMINISTRATOR 94.101.187.85 
ADMINISTRATOR 94.101.187.85 
ADMINISTRATOR 94.101.187.85 
ADMINISTRATOR 94.101.187.85 
ADMINISTRATOR 94.101.187.85 
ADMINISTRATOR 94.101.187.85 
ADMINISTRATOR 94.101.187.85 
ADMINISTRATOR 94.101.187.85 
ADMINISTRATOR 94.101.187.85 
ADMINISTRATOR 94.101.187.85 
ADMINISTRATOR 94.101.187.85 
ADMINISTRATOR 94.101.187.85 
ADMINISTRATOR 94.101.187.85 
ADMINISTRATOR 94.101.187.85 
ADMINISTRATOR 94.101.187.85 
ADMINISTRATOR 94.101.187.85 
ADMINISTRATOR 94.101.187.85 
ADMINISTRATOR 94.101.187.85 
ADMINISTRATOR 94.101.187.85 
ADMINISTRATOR 94.101.187.85 
ADMINISTRATOR 94.101.187.85 
ADMINISTRATOR 94.101.187.85 
ADMINISTRATOR 94.101.187.85 
ADMINISTRATOR 94.101.187.85 
ADMINISTRATOR 94.101.187.85 
ADMINISTRATOR 94.101.187.85 
ADMINISTRATOR 94.101.187.85 
ADMINISTRATOR 94.101.187.85 
ADMINISTRATOR 94.101.187.85 
ADMINISTRATOR 94.101.187.85 
ADMINISTRATOR 94.101.187.85 
ADMINISTRATOR 94.101.187.85 
FARAH 81.45.139.22 
ADMINISTRATOR 94.101.187.85 
ADMINISTRATOR 94.101.187.85 
ADMINISTRATOR 94.101.187.85 
ADMINISTRATOR 94.101.187.85 
ADMINISTRATOR 94.101.187.85 
ADMINISTRATOR 94.101.187.85 
ADMINISTRATOR 94.101.187.85 
ADMINISTRATOR 94.101.187.85 
ADMINISTRATOR 94.101.187.85 
ADMINISTRATOR 94.101.187.85 
ADMINISTRATOR 94.101.187.85 
ADMINISTRATOR 94.101.187.85 
ADMINISTRATOR 94.101.187.85 
ADMINISTRATOR 94.101.187.85 
ADMINISTRATOR 94.101.187.85 
ADMINISTRATOR 94.101.187.85 
ADMINISTRATOR 94.101.187.85 
ADMINISTRATOR 94.101.187.85 
ADMINISTRATOR 94.101.187.85 
ADMINISTRATOR 94.101.187.85 
ADMINISTRATOR 94.101.187.85 
ADMINISTRATOR 94.101.187.85 
ADMINISTRATOR 94.101.187.85 
ADMINISTRATOR 94.101.187.85 
ADMINISTRATOR 94.101.187.85 
ADMINISTRATOR 94.101.187.85 
ADMINISTRATOR 94.101.187.85 
ADMINISTRATOR 94.101.187.85 
ADMINISTRATOR 94.101.187.85 
ADMINISTRATOR 94.101.187.85 
ADMINISTRATOR 94.101.187.85 
ADMINISTRATOR 94.101.187.85 
ADMINISTRATOR 94.101.187.85 
ADMINISTRATOR 94.101.187.85 
ADMINISTRATOR 94.101.187.85 
ADMINISTRATOR 94.101.187.85 
ADMINISTRATOR 94.101.187.85 
ADMINISTRATOR 94.101.187.85 
ADMINISTRATOR 94.101.187.85 
ADMINISTRATOR 94.101.187.85 
ADMINISTRATOR 94.101.187.85 
ADMINISTRATOR 94.101.187.85 
FATIMA 81.45.139.22 
ADMINISTRATOR 94.101.187.85 
ADMINISTRATOR 94.101.187.85 
ADMINISTRATOR 94.101.187.85 
ADMINISTRATOR 94.101.187.85 
ADMINISTRATOR 94.101.187.85 
ADMINISTRATOR 94.101.187.85 
ADMINISTRATOR 94.101.187.85 
ADMINISTRATOR 94.101.187.85 
ADMINISTRATOR 94.101.187.85 
ADMINISTRATOR 94.101.187.85 
ADMINISTRATOR 94.101.187.85 
ADMINISTRATOR 94.101.187.85 
ADMINISTRATOR 94.101.187.85 
ADMINISTRATOR 94.101.187.85 
ADMINISTRATOR 94.101.187.85 
ADMINISTRATOR 94.101.187.85 
ADMINISTRATOR 94.101.187.85 
ADMINISTRATOR 94.101.187.85 
ADMINISTRATOR 94.101.187.85 
ADMINISTRATOR 94.101.187.85 
ADMINISTRATOR 94.101.187.85 
ADMINISTRATOR 94.101.187.85 
ADMINISTRATOR 94.101.187.85 
ADMINISTRATOR 94.101.187.85 
ADMINISTRATOR 94.101.187.85 
ADMINISTRATOR 94.101.187.85 
ADMINISTRATOR 94.101.187.85 
ADMINISTRATOR 94.101.187.85 
ADMINISTRATOR 94.101.187.85 
ADMINISTRATOR 94.101.187.85 
ADMINISTRATOR 94.101.187.85 
ADMINISTRATOR 94.101.187.85 
ADMINISTRATOR 94.101.187.85 
ADMINISTRATOR 94.101.187.85 
ADMINISTRATOR 94.101.187.85 
ADMINISTRATOR 94.101.187.85 
ADMINISTRATOR 94.101.187.85 
ADMINISTRATOR 94.101.187.85 
ADMINISTRATOR 94.101.187.85 
ADMINISTRATOR 94.101.187.85 
ADMINISTRATOR 94.101.187.85 
ADMINISTRATOR 94.101.187.85 
FAY 81.45.139.22 
ADMINISTRATOR 94.101.187.85 
ADMINISTRATOR 94.101.187.85 
ADMINISTRATOR 94.101.187.85 
ADMINISTRATOR 94.101.187.85 
ADMINISTRATOR 94.101.187.85 
ADMINISTRATOR 94.101.187.85 
ADMINISTRATOR 94.101.187.85 
ADMINISTRATOR 94.101.187.85 
ADMINISTRATOR 94.101.187.85 
ADMINISTRATOR 94.101.187.85 
ADMINISTRATOR 94.101.187.85 
ADMINISTRATOR 94.101.187.85 
ADMINISTRATOR 94.101.187.85 
ADMINISTRATOR 94.101.187.85 
ADMINISTRATOR 94.101.187.85 
ADMINISTRATOR 94.101.187.85 
ADMINISTRATOR 94.101.187.85 
ADMINISTRATOR 94.101.187.85 
ADMINISTRATOR 94.101.187.85 
ADMINISTRATOR 94.101.187.85 
ADMINISTRATOR 94.101.187.85 
ADMINISTRATOR 94.101.187.85 
ADMINISTRATOR 94.101.187.85 
ADMINISTRATOR 94.101.187.85 
ADMINISTRATOR 94.101.187.85 
ADMINISTRATOR 94.101.187.85 
ADMINISTRATOR 94.101.187.85 
ADMINISTRATOR 94.101.187.85 
ADMINISTRATOR 94.101.187.85 
ADMINISTRATOR 94.101.187.85 
ADMINISTRATOR 94.101.187.85 
ADMINISTRATOR 94.101.187.85 
ADMINISTRATOR 94.101.187.85 
ADMINISTRATOR 94.101.187.85 
ADMINISTRATOR 94.101.187.85 
ADMINISTRATOR 94.101.187.85 
ADMINISTRATOR 94.101.187.85 
ADMINISTRATOR 94.101.187.85 
ADMINISTRATOR 94.101.187.85 
ADMINISTRATOR 94.101.187.85 
ADMINISTRATOR 94.101.187.85 
ADMINISTRATOR 94.101.187.85 
FAYA 81.45.139.22 
ADMINISTRATOR 94.101.187.85 
ADMINISTRATOR 94.101.187.85 
ADMINISTRATOR 94.101.187.85 
ADMINISTRATOR 94.101.187.85 
ADMINISTRATOR 94.101.187.85 
ADMINISTRATOR 94.101.187.85 
ADMINISTRATOR 94.101.187.85 
ADMINISTRATOR 94.101.187.85 
ADMINISTRATOR 94.101.187.85 
ADMINISTRATOR 94.101.187.85 
ADMINISTRATOR 94.101.187.85 
ADMINISTRATOR 94.101.187.85 
ADMINISTRATOR 94.101.187.85 
ADMINISTRATOR 94.101.187.85 
ADMINISTRATOR 94.101.187.85 
ADMINISTRATOR 94.101.187.85 
ADMINISTRATOR 94.101.187.85 
ADMINISTRATOR 94.101.187.85 
ADMINISTRATOR 94.101.187.85 
ADMINISTRATOR 94.101.187.85 
ADMINISTRATOR 94.101.187.85 
ADMINISTRATOR 94.101.187.85 
ADMINISTRATOR 94.101.187.85 
ADMINISTRATOR 94.101.187.85 
ADMINISTRATOR 94.101.187.85 
ADMINISTRATOR 94.101.187.85 
ADMINISTRATOR 94.101.187.85 
ADMINISTRATOR 94.101.187.85 
ADMINISTRATOR 94.101.187.85 
ADMINISTRATOR 94.101.187.85 
ADMINISTRATOR 94.101.187.85 
ADMINISTRATOR 94.101.187.85 
ADMINISTRATOR 94.101.187.85 
ADMINISTRATOR 94.101.187.85 
ADMINISTRATOR 94.101.187.85 
ADMINISTRATOR 94.101.187.85 
ADMINISTRATOR 94.101.187.85 
ADMINISTRATOR 94.101.187.85 
ADMINISTRATOR 94.101.187.85 
ADMINISTRATOR 94.101.187.85 
ADMINISTRATOR 94.101.187.85 
ADMINISTRATOR 94.101.187.85 
FAYE 81.45.139.22 
ADMINISTRATOR 94.101.187.85 
ADMINISTRATOR 94.101.187.85 
ADMINISTRATOR 94.101.187.85 
ADMINISTRATOR 94.101.187.85 
ADMINISTRATOR 94.101.187.85 
ADMINISTRATOR 94.101.187.85 
ADMINISTRATOR 94.101.187.85 
ADMINISTRATOR 94.101.187.85 
ADMINISTRATOR 94.101.187.85 
ADMINISTRATOR 94.101.187.85 
ADMINISTRATOR 94.101.187.85 
USER7 51.159.103.25 
ADMINISTRATOR 94.101.187.85 
ADMINISTRATOR 94.101.187.85 
ADMINISTRATOR 94.101.187.85 
ADMINISTRATOR 94.101.187.85 
ADMINISTRATOR 94.101.187.85 
ADMINISTRATOR 94.101.187.85 
ADMINISTRATOR 94.101.187.85 
ADMINISTRATOR 94.101.187.85 
ADMINISTRATOR 94.101.187.85 
ADMINISTRATOR 94.101.187.85 
ADMINISTRATOR 94.101.187.85 
ADMINISTRATOR 94.101.187.85 
ADMINISTRATOR 94.101.187.85 
ADMINISTRATOR 94.101.187.85 
ADMINISTRATOR 94.101.187.85 
ADMINISTRATOR 94.101.187.85 
ADMINISTRATOR 94.101.187.85 
ADMINISTRATOR 94.101.187.85 
ADMINISTRATOR 94.101.187.85 
ADMINISTRATOR 94.101.187.85 
ADMINISTRATOR 94.101.187.85 
ADMINISTRATOR 94.101.187.85 
ADMINISTRATOR 94.101.187.85 
ADMINISTRATOR 94.101.187.85 
ADMINISTRATOR 94.101.187.85 
ADMINISTRATOR 94.101.187.85 
ADMINISTRATOR 94.101.187.85 
ADMINISTRATOR 94.101.187.85 
ADMINISTRATOR 94.101.187.85 
ADMINISTRATOR 94.101.187.85 
ADMINISTRATOR 94.101.187.85 
FAYEN 81.45.139.22 
ADMINISTRATOR 94.101.187.85 
ADMINISTRATOR 94.101.187.85 
ADMINISTRATOR 94.101.187.85 
ADMINISTRATOR 94.101.187.85 
ADMINISTRATOR 94.101.187.85 
ADMINISTRATOR 94.101.187.85 
ADMINISTRATOR 94.101.187.85 
ADMINISTRATOR 94.101.187.85 
ADMINISTRATOR 94.101.187.85 
ADMINISTRATOR 94.101.187.85 
ADMINISTRATOR 94.101.187.85 
ADMINISTRATOR 94.101.187.85 
ADMINISTRATOR 94.101.187.85 
ADMINISTRATOR 94.101.187.85 
ADMINISTRATOR 94.101.187.85 
ADMINISTRATOR 94.101.187.85 
ADMINISTRATOR 94.101.187.85 
ADMINISTRATOR 94.101.187.85 
ADMINISTRATOR 94.101.187.85 
ADMINISTRATOR 94.101.187.85 
ADMINISTRATOR 94.101.187.85 
ADMINISTRATOR 94.101.187.85 
ADMINISTRATOR 94.101.187.85 
ADMINISTRATOR 94.101.187.85 
ADMINISTRATOR 94.101.187.85 
ADMINISTRATOR 94.101.187.85 
ADMINISTRATOR 94.101.187.85 
ADMINISTRATOR 94.101.187.85 
ADMINISTRATOR 94.101.187.85 
ADMINISTRATOR 94.101.187.85 
ADMINISTRATOR 94.101.187.85 
ADMINISTRATOR 94.101.187.85 
ADMINISTRATOR 94.101.187.85 
ADMINISTRATOR 94.101.187.85 
ADMINISTRATOR 94.101.187.85 
ADMINISTRATOR 94.101.187.85 
ADMINISTRATOR 94.101.187.85 
ADMINISTRATOR 94.101.187.85 
ADMINISTRATOR 94.101.187.85 
ADMINISTRATOR 94.101.187.85 
ADMINISTRATOR 94.101.187.85 
ADMINISTRATOR 94.101.187.85 
ADMINISTRATOR 94.101.187.85 
ADMINISTRATOR 94.101.187.85 
ADMINISTRATOR 94.101.187.85 
ADMINISTRATOR 94.101.187.85 
ADMINISTRATOR 94.101.187.85 
ADMINISTRATOR 94.101.187.85 
ADMINISTRATOR 94.101.187.85 
ADMINISTRATOR 94.101.187.85 
ADMINISTRATOR 94.101.187.85 
ADMINISTRATOR 94.101.187.85 
ADMINISTRATOR 94.101.187.85 
ADMINISTRATOR 94.101.187.85 
ADMINISTRATOR 94.101.187.85 
ADMINISTRATOR 94.101.187.85 
ADMINISTRATOR 94.101.187.85 
ADMINISTRATOR 94.101.187.85 
ADMINISTRATOR 94.101.187.85 
ADMINISTRATOR 94.101.187.85 
ADMINISTRATOR 94.101.187.85 
ADMINISTRATOR 94.101.187.85 
ADMINISTRATOR 94.101.187.85 
ADMINISTRATOR 94.101.187.85 
ADMINISTRATOR 94.101.187.85 
ADMINISTRATOR 94.101.187.85 
ADMINISTRATOR 94.101.187.85 
ADMINISTRATOR 94.101.187.85 
ADMINISTRATOR 94.101.187.85 
ADMINISTRATOR 94.101.187.85 
ADMINISTRATOR 94.101.187.85 
ADMINISTRATOR 94.101.187.85 
ADMINISTRATOR 94.101.187.85 
ADMINISTRATOR 94.101.187.85 
ADMINISTRATOR 94.101.187.85 
ADMINISTRATOR 94.101.187.85 
ADMINISTRATOR 94.101.187.85 
ADMINISTRATOR 94.101.187.85 
ADMINISTRATOR 94.101.187.85 
ADMINISTRATOR 94.101.187.85 
ADMINISTRATOR 94.101.187.85 
ADMINISTRATOR 94.101.187.85 
ADMINISTRATOR 94.101.187.85 
ADMINISTRATOR 94.101.187.85 
ADMINISTRATOR 94.101.187.85 
ADMINISTRATOR 94.101.187.85 
ADMINISTRATOR 94.101.187.85 
ADMINISTRATOR 94.101.187.85 
ADMINISTRATOR 94.101.187.85 
ADMINISTRATOR 94.101.187.85 
ADMINISTRATOR 94.101.187.85 
ADMINISTRATOR 94.101.187.85 
ADMINISTRATOR 94.101.187.85 
ADMINISTRATOR 94.101.187.85 
ADMINISTRATOR 94.101.187.85 
ADMINISTRATOR 94.101.187.85 
ADMINISTRATOR 94.101.187.85 
ADMINISTRATOR 94.101.187.85 
ADMINISTRATOR 94.101.187.85 
ADMINISTRATOR 94.101.187.85 
ADMINISTRATOR 94.101.187.85 
ADMINISTRATOR 94.101.187.85 
ADMINISTRATOR 94.101.187.85 
ADMINISTRATOR 94.101.187.85 
ADMINISTRATOR 94.101.187.85 
ADMINISTRATOR 94.101.187.85 
ADMINISTRATOR 94.101.187.85 
ADMINISTRATOR 94.101.187.85 
ADMINISTRATOR 94.101.187.85 
ADMINISTRATOR 94.101.187.85 
ADMINISTRATOR 94.101.187.85 
ADMINISTRATOR 94.101.187.85 
ADMINISTRATOR 94.101.187.85 
ADMINISTRATOR 94.101.187.85 
ADMINISTRATOR 94.101.187.85 
ADMINISTRATOR 94.101.187.85 
ADMINISTRATOR 94.101.187.85 
ADMINISTRATOR 94.101.187.85 
ADMINISTRATOR 94.101.187.85 
ADMINISTRATOR 94.101.187.85 
ADMINISTRATOR 94.101.187.85 
ADMINISTRATOR 94.101.187.85 
ADMINISTRATOR 94.101.187.85 
ADMINISTRATOR 94.101.187.85 
ADMINISTRATOR 94.101.187.85 
ADMINISTRATOR 94.101.187.85 
ADMINISTRATOR 94.101.187.85 
ADMINISTRATOR 94.101.187.85 
ADMINISTRATOR 94.101.187.85 
ADMINISTRATOR 94.101.187.85 
ADMINISTRATOR 94.101.187.85 
ADMINISTRATOR 94.101.187.85 
ADMINISTRATOR 94.101.187.85 
ADMINISTRATOR 94.101.187.85 
ADMINISTRATOR 94.101.187.85 
ADMINISTRATOR 94.101.187.85 
ADMINISTRATOR 94.101.187.85 
ADMINISTRATOR 94.101.187.85 
ADMINISTRATOR 94.101.187.85 
ADMINISTRATOR 94.101.187.85 
ADMINISTRATOR 94.101.187.85 
ADMINISTRATOR 94.101.187.85 
ADMINISTRATOR 94.101.187.85 
ADMINISTRATOR 94.101.187.85 
ADMINISTRATOR 94.101.187.85 
ADMINISTRATOR 94.101.187.85 
ADMINISTRATOR 94.101.187.85 
ADMINISTRATOR 94.101.187.85 
ADMINISTRATOR 94.101.187.85 
ADMINISTRATOR 94.101.187.85 
ADMINISTRATOR 94.101.187.85 
ADMINISTRATOR 94.101.187.85 
ADMINISTRATOR 94.101.187.85 
ADMINISTRATOR 94.101.187.85 
ADMINISTRATOR 94.101.187.85 
ADMINISTRATOR 94.101.187.85 
ADMINISTRATOR 94.101.187.85 
ADMINISTRATOR 94.101.187.85 
ADMINISTRATOR 94.101.187.85 
ADMINISTRATOR 94.101.187.85 
ADMINISTRATOR 94.101.187.85 
ADMINISTRATOR 94.101.187.85 
ADMINISTRATOR 94.101.187.85 
ADMINISTRATOR 94.101.187.85 
ADMINISTRATOR 94.101.187.85 
ADMINISTRATOR 94.101.187.85 
ADMINISTRATOR 94.101.187.85 
ADMINISTRATOR 94.101.187.85 
ADMINISTRATOR 94.101.187.85 
ADMINISTRATOR 94.101.187.85 
ADMINISTRATOR 94.101.187.85 
MEDOC 51.159.103.25 
ADMINISTRATOR 94.101.187.85 
ADMINISTRATOR 94.101.187.85 
ADMINISTRATOR 94.101.187.85 
ADMINISTRATOR 94.101.187.85 
ADMINISTRATOR 94.101.187.85 
ADMINISTRATOR 94.101.187.85 
ADMINISTRATOR 94.101.187.85 
ADMINISTRATOR 94.101.187.85 
ADMINISTRATOR 94.101.187.85 
ADMINISTRATOR 94.101.187.85 
ADMINISTRATOR 94.101.187.85 
ADMINISTRATOR 94.101.187.85 
ADMINISTRATOR 94.101.187.85 
ADMINISTRATOR 94.101.187.85 
ADMINISTRATOR 94.101.187.85 
ADMINISTRATOR 94.101.187.85 
ADMINISTRATOR 94.101.187.85 
ADMINISTRATOR 94.101.187.85 
ADMINISTRATOR 94.101.187.85 
ADMINISTRATOR 94.101.187.85 
ADMINISTRATOR 94.101.187.85 
ADMINISTRATOR 94.101.187.85 
ADMINISTRATOR 94.101.187.85 
ADMINISTRATOR 94.101.187.85 
ADMINISTRATOR 94.101.187.85 
ADMINISTRATOR 94.101.187.85 
ADMINISTRATOR 94.101.187.85 
ADMINISTRATOR 94.101.187.85 
ADMINISTRATOR 94.101.187.85 
ADMINISTRATOR 94.101.187.85 
ADMINISTRATOR 94.101.187.85 
ADMINISTRATOR 94.101.187.85 
ADMINISTRATOR 94.101.187.85 
ADMINISTRATOR 94.101.187.85 
ADMINISTRATOR 94.101.187.85 
ADMINISTRATOR 94.101.187.85 
ADMINISTRATOR 94.101.187.85 
ADMINISTRATOR 94.101.187.85 
ADMINISTRATOR 94.101.187.85 
ADMINISTRATOR 94.101.187.85 
ADMINISTRATOR 94.101.187.85 
ADMINISTRATOR 94.101.187.85 
ADMINISTRATOR 94.101.187.85 
ADMINISTRATOR 94.101.187.85 
ADMINISTRATOR 94.101.187.85 
ADMINISTRATOR 94.101.187.85 
ADMINISTRATOR 94.101.187.85 
ADMINISTRATOR 94.101.187.85 
ADMINISTRATOR 94.101.187.85 
ADMINISTRATOR 94.101.187.85 
ADMINISTRATOR 94.101.187.85 
ADMINISTRATOR 94.101.187.85 
ADMINISTRATOR 94.101.187.85 
ADMINISTRATOR 94.101.187.85 
ADMINISTRATOR 94.101.187.85 
ADMINISTRATOR 94.101.187.85 
ADMINISTRATOR 94.101.187.85 
ADMINISTRATOR 94.101.187.85 
ADMINISTRATOR 94.101.187.85 
ADMINISTRATOR 94.101.187.85 
ADMINISTRATOR 94.101.187.85 
ADMINISTRATOR 94.101.187.85 
ADMINISTRATOR 94.101.187.85 
ADMINISTRATOR 94.101.187.85 
ADMINISTRATOR 94.101.187.85 
ADMINISTRATOR 94.101.187.85 
ADMINISTRATOR 94.101.187.85 
ADMINISTRATOR 94.101.187.85 
ADMINISTRATOR 94.101.187.85 
ADMINISTRATOR 94.101.187.85 
ADMINISTRATOR 94.101.187.85 
ADMINISTRATOR 94.101.187.85 
ADMINISTRATOR 94.101.187.85 
ADMINISTRATOR 94.101.187.85 
ADMINISTRATOR 94.101.187.85 
ADMINISTRATOR 94.101.187.85 
ADMINISTRATOR 94.101.187.85 
ADMINISTRATOR 94.101.187.85 
ADMINISTRATOR 94.101.187.85 
ADMINISTRATOR 94.101.187.85 
ADMINISTRATOR 94.101.187.85 
ADMINISTRATOR 94.101.187.85 
ADMINISTRATOR 94.101.187.85 
ADMINISTRATOR 94.101.187.85 
ADMINISTRATOR 94.101.187.85 
FEDRIK 81.45.139.22 
ADMINISTRATOR 94.101.187.85 
ADMINISTRATOR 94.101.187.85 
ADMINISTRATOR 94.101.187.85 
ADMINISTRATOR 94.101.187.85 
ADMINISTRATOR 94.101.187.85 
ADMINISTRATOR 94.101.187.85 
ADMINISTRATOR 94.101.187.85 
ADMINISTRATOR 94.101.187.85 
ADMINISTRATOR 94.101.187.85 
ADMINISTRATOR 94.101.187.85 
ADMINISTRATOR 94.101.187.85 
ADMINISTRATOR 94.101.187.85 
ADMINISTRATOR 94.101.187.85 
ADMINISTRATOR 94.101.187.85 
ADMINISTRATOR 94.101.187.85 
JENYA 51.159.103.25 
ADMINISTRATOR 94.101.187.85 
ADMINISTRATOR 94.101.187.85 
ADMINISTRATOR 94.101.187.85 
ADMINISTRATOR 94.101.187.85 
ADMINISTRATOR 94.101.187.85 
ADMINISTRATOR 94.101.187.85 
ADMINISTRATOR 94.101.187.85 
ADMINISTRATOR 94.101.187.85 
ADMINISTRATOR 94.101.187.85 
ADMINISTRATOR 94.101.187.85 
ADMINISTRATOR 94.101.187.85 
ADMINISTRATOR 94.101.187.85 
ADMINISTRATOR 94.101.187.85 
ADMINISTRATOR 94.101.187.85 
ADMINISTRATOR 94.101.187.85 
ADMINISTRATOR 94.101.187.85 
ADMINISTRATOR 94.101.187.85 
ADMINISTRATOR 94.101.187.85 
ADMINISTRATOR 94.101.187.85 
ADMINISTRATOR 94.101.187.85 
ADMINISTRATOR 94.101.187.85 
ADMINISTRATOR 94.101.187.85 
ADMINISTRATOR 94.101.187.85 
ADMINISTRATOR 94.101.187.85 
ADMINISTRATOR 94.101.187.85 
ADMINISTRATOR 94.101.187.85 
ADMINISTRATOR 94.101.187.85 
FEE 81.45.139.22 
ADMINISTRATOR 94.101.187.85 
ADMINISTRATOR 94.101.187.85 
ADMINISTRATOR 94.101.187.85 
ADMINISTRATOR 94.101.187.85 
ADMINISTRATOR 94.101.187.85 
ADMINISTRATOR 94.101.187.85 
ADMINISTRATOR 94.101.187.85 
ADMINISTRATOR 94.101.187.85 
ADMINISTRATOR 94.101.187.85 
ADMINISTRATOR 94.101.187.85 
ADMINISTRATOR 94.101.187.85 
ADMINISTRATOR 94.101.187.85 
ADMINISTRATOR 94.101.187.85 
ADMINISTRATOR 94.101.187.85 
ADMINISTRATOR 94.101.187.85 
ADMINISTRATOR 94.101.187.85 
ADMINISTRATOR 94.101.187.85 
ADMINISTRATOR 94.101.187.85 
ADMINISTRATOR 94.101.187.85 
ADMINISTRATOR 94.101.187.85 
ADMINISTRATOR 94.101.187.85 
ADMINISTRATOR 94.101.187.85 
ADMINISTRATOR 94.101.187.85 
ADMINISTRATOR 94.101.187.85 
ADMINISTRATOR 94.101.187.85 
ADMINISTRATOR 94.101.187.85 
ADMINISTRATOR 94.101.187.85 
ADMINISTRATOR 94.101.187.85 
ADMINISTRATOR 94.101.187.85 
ADMINISTRATOR 94.101.187.85 
ADMINISTRATOR 94.101.187.85 
ADMINISTRATOR 94.101.187.85 
ADMINISTRATOR 94.101.187.85 
ADMINISTRATOR 94.101.187.85 
ADMINISTRATOR 94.101.187.85 
ADMINISTRATOR 94.101.187.85 
ADMINISTRATOR 94.101.187.85 
ADMINISTRATOR 94.101.187.85 
ADMINISTRATOR 94.101.187.85 
ADMINISTRATOR 94.101.187.85 
ADMINISTRATOR 94.101.187.85 
ADMINISTRATOR 94.101.187.85 
ADMINISTRATOR 94.101.187.85 
ADMINISTRATOR 94.101.187.85 
ADMINISTRATOR 94.101.187.85 
ADMINISTRATOR 94.101.187.85 
ADMINISTRATOR 94.101.187.85 
ADMINISTRATOR 94.101.187.85 
ADMINISTRATOR 94.101.187.85 
ADMINISTRATOR 94.101.187.85 
ADMINISTRATOR 94.101.187.85 
ADMINISTRATOR 94.101.187.85 
ADMINISTRATOR 94.101.187.85 
ADMINISTRATOR 94.101.187.85 
ADMINISTRATOR 94.101.187.85 
ADMINISTRATOR 94.101.187.85 
ADMINISTRATOR 94.101.187.85 
ADMINISTRATOR 94.101.187.85 
ADMINISTRATOR 94.101.187.85 
ADMINISTRATOR 94.101.187.85 
ADMINISTRATOR 94.101.187.85 
ADMINISTRATOR 94.101.187.85 
ADMINISTRATOR 94.101.187.85 
ADMINISTRATOR 94.101.187.85 
ADMINISTRATOR 94.101.187.85 
ADMINISTRATOR 94.101.187.85 
ADMINISTRATOR 94.101.187.85 
ADMINISTRATOR 94.101.187.85 
ADMINISTRATOR 94.101.187.85 
ADMINISTRATOR 94.101.187.85 
ADMINISTRATOR 94.101.187.85 
ADMINISTRATOR 94.101.187.85 
ADMINISTRATOR 94.101.187.85 
BUH7 51.159.103.25 
ADMINISTRATOR 94.101.187.85 
ADMINISTRATOR 94.101.187.85 
ADMINISTRATOR 94.101.187.85 
ADMINISTRATOR 94.101.187.85 
ADMINISTRATOR 94.101.187.85 
ADMINISTRATOR 94.101.187.85 
ADMINISTRATOR 94.101.187.85 
ADMINISTRATOR 94.101.187.85 
ADMINISTRATOR 94.101.187.85 
ADMINISTRATOR 94.101.187.85 
ADMINISTRATOR 94.101.187.85 
ADMINISTRATOR 94.101.187.85 
ADMINISTRATOR 94.101.187.85 
ADMINISTRATOR 94.101.187.85 
ADMINISTRATOR 94.101.187.85 
ADMINISTRATOR 94.101.187.85 
ADMINISTRATOR 94.101.187.85 
ADMINISTRATOR 94.101.187.85 
ADMINISTRATOR 94.101.187.85 
ADMINISTRATOR 94.101.187.85 
ADMINISTRATOR 94.101.187.85 
ADMINISTRATOR 94.101.187.85 
ADMINISTRATOR 94.101.187.85 
ADMINISTRATOR 94.101.187.85 
ADMINISTRATOR 94.101.187.85 
ADMINISTRATOR 94.101.187.85 
ADMINISTRATOR 94.101.187.85 
ADMINISTRATOR 94.101.187.85 
ADMINISTRATOR 94.101.187.85 
ADMINISTRATOR 94.101.187.85 
ADMINISTRATOR 94.101.187.85 
ADMINISTRATOR 94.101.187.85 
ADMINISTRATOR 94.101.187.85 
ADMINISTRATOR 94.101.187.85 
ADMINISTRATOR 94.101.187.85 
ADMINISTRATOR 94.101.187.85 
ADMINISTRATOR 94.101.187.85 
ADMINISTRATOR 94.101.187.85 
ADMINISTRATOR 94.101.187.85 
ADMINISTRATOR 94.101.187.85 
ADMINISTRATOR 94.101.187.85 
ADMINISTRATOR 94.101.187.85 
ADMINISTRATOR 94.101.187.85 
ADMINISTRATOR 94.101.187.85 
ADMINISTRATOR 94.101.187.85 
ADMINISTRATOR 94.101.187.85 
ADMINISTRATOR 94.101.187.85 
ADMINISTRATOR 94.101.187.85 
ADMINISTRATOR 94.101.187.85 
ADMINISTRATOR 94.101.187.85 
ADMINISTRATOR 94.101.187.85 
ADMINISTRATOR 94.101.187.85 
FELIEN 81.45.139.22 
ADMINISTRATOR 94.101.187.85 
ADMINISTRATOR 94.101.187.85 
ADMINISTRATOR 94.101.187.85 
ADMINISTRATOR 94.101.187.85 
ADMINISTRATOR 94.101.187.85 
ADMINISTRATOR 94.101.187.85 
ADMINISTRATOR 94.101.187.85 
ADMINISTRATOR 94.101.187.85 
ADMINISTRATOR 94.101.187.85 
ADMINISTRATOR 94.101.187.85 
ADMINISTRATOR 94.101.187.85 
ADMINISTRATOR 94.101.187.85 
ADMINISTRATOR 94.101.187.85 
ADMINISTRATOR 94.101.187.85 
ADMINISTRATOR 94.101.187.85 
ADMINISTRATOR 94.101.187.85 
ADMINISTRATOR 94.101.187.85 
ADMINISTRATOR 94.101.187.85 
ADMINISTRATOR 94.101.187.85 
ADMINISTRATOR 94.101.187.85 
ADMINISTRATOR 94.101.187.85 
ADMINISTRATOR 94.101.187.85 
ADMINISTRATOR 94.101.187.85 
ADMINISTRATOR 94.101.187.85 
ADMINISTRATOR 94.101.187.85 
ADMINISTRATOR 94.101.187.85 
ADMINISTRATOR 94.101.187.85 
ADMINISTRATOR 94.101.187.85 
ADMINISTRATOR 94.101.187.85 
ADMINISTRATOR 94.101.187.85 
ADMINISTRATOR 94.101.187.85 
ADMINISTRATOR 94.101.187.85 
ADMINISTRATOR 94.101.187.85 
ADMINISTRATOR 94.101.187.85 
ADMINISTRATOR 94.101.187.85 
ADMINISTRATOR 94.101.187.85 
ADMINISTRATOR 94.101.187.85 
ADMINISTRATOR 94.101.187.85 
ADMINISTRATOR 94.101.187.85 
ADMINISTRATOR 94.101.187.85 
ADMINISTRATOR 94.101.187.85 
WORKER 51.159.103.25 
ADMINISTRATOR 94.101.187.85 
ADMINISTRATOR 94.101.187.85 
ADMINISTRATOR 94.101.187.85 
ADMINISTRATOR 94.101.187.85 
ADMINISTRATOR 94.101.187.85 
ADMINISTRATOR 94.101.187.85 
ADMINISTRATOR 94.101.187.85 
ADMINISTRATOR 94.101.187.85 
ADMINISTRATOR 94.101.187.85 
ADMINISTRATOR 94.101.187.85 
ADMINISTRATOR 94.101.187.85 
ADMINISTRATOR 94.101.187.85 
ADMINISTRATOR 94.101.187.85 
ADMINISTRATOR 94.101.187.85 
ADMINISTRATOR 94.101.187.85 
ADMINISTRATOR 94.101.187.85 
ADMINISTRATOR 94.101.187.85 
ADMINISTRATOR 94.101.187.85 
ADMINISTRATOR 94.101.187.85 
ADMINISTRATOR 94.101.187.85 
ADMINISTRATOR 94.101.187.85 
ADMINISTRATOR 94.101.187.85 
ADMINISTRATOR 94.101.187.85 
ADMINISTRATOR 94.101.187.85 
ADMINISTRATOR 94.101.187.85 
ADMINISTRATOR 94.101.187.85 
ADMINISTRATOR 94.101.187.85 
ADMINISTRATOR 94.101.187.85 
ADMINISTRATOR 94.101.187.85 
ADMINISTRATOR 94.101.187.85 
ADMINISTRATOR 94.101.187.85 
ADMINISTRATOR 94.101.187.85 
ADMINISTRATOR 94.101.187.85 
ADMINISTRATOR 94.101.187.85 
ADMINISTRATOR 94.101.187.85 
ADMINISTRATOR 94.101.187.85 
ADMINISTRATOR 94.101.187.85 
ADMINISTRATOR 94.101.187.85 
ADMINISTRATOR 94.101.187.85 
ADMINISTRATOR 94.101.187.85 
ADMINISTRATOR 94.101.187.85 
ADMINISTRATOR 94.101.187.85 
ADMINISTRATOR 94.101.187.85 
ADMINISTRATOR 94.101.187.85 
ADMINISTRATOR 94.101.187.85 
ADMINISTRATOR 94.101.187.85 
ADMINISTRATOR 94.101.187.85 
ADMINISTRATOR 94.101.187.85 
ADMINISTRATOR 94.101.187.85 
ADMINISTRATOR 94.101.187.85 
ADMINISTRATOR 94.101.187.85 
ADMINISTRATOR 94.101.187.85 
ADMINISTRATOR 94.101.187.85 
ADMINISTRATOR 94.101.187.85 
ADMINISTRATOR 94.101.187.85 
ADMINISTRATOR 94.101.187.85 
ADMINISTRATOR 94.101.187.85 
ADMINISTRATOR 94.101.187.85 
ADMINISTRATOR 94.101.187.85 
ADMINISTRATOR 94.101.187.85 
ADMINISTRATOR 94.101.187.85 
ADMINISTRATOR 94.101.187.85 
ADMINISTRATOR 94.101.187.85 
ADMINISTRATOR 94.101.187.85 
ADMINISTRATOR 94.101.187.85 
ADMINISTRATOR 94.101.187.85 
ADMINISTRATOR 94.101.187.85 
ADMINISTRATOR 94.101.187.85 
ADMINISTRATOR 94.101.187.85 
ADMINISTRATOR 94.101.187.85 
ADMINISTRATOR 94.101.187.85 
ADMINISTRATOR 94.101.187.85 
ADMINISTRATOR 94.101.187.85 
ADMINISTRATOR 94.101.187.85 
ADMINISTRATOR 94.101.187.85 
ADMINISTRATOR 94.101.187.85 
ADMINISTRATOR 94.101.187.85 
ADMINISTRATOR 94.101.187.85 
ADMINISTRATOR 94.101.187.85 
ADMINISTRATOR 94.101.187.85 
ADMINISTRATOR 94.101.187.85 
FEM 81.45.139.22 
ADMINISTRATOR 94.101.187.85 
ADMINISTRATOR 94.101.187.85 
ADMINISTRATOR 94.101.187.85 
ADMINISTRATOR 94.101.187.85 
ADMINISTRATOR 94.101.187.85 
ADMINISTRATOR 94.101.187.85 
ADMINISTRATOR 94.101.187.85 
ADMINISTRATOR 94.101.187.85 
ADMINISTRATOR 94.101.187.85 
ADMINISTRATOR 94.101.187.85 
ADMINISTRATOR 94.101.187.85 
ADMINISTRATOR 94.101.187.85 
ADMINISTRATOR 94.101.187.85 
ADMINISTRATOR 94.101.187.85 
ADMINISTRATOR 94.101.187.85 
ALEX 51.159.103.25 
ADMINISTRATOR 94.101.187.85 
ADMINISTRATOR 94.101.187.85 
ADMINISTRATOR 94.101.187.85 
ADMINISTRATOR 94.101.187.85 
ADMINISTRATOR 94.101.187.85 
ADMINISTRATOR 94.101.187.85 
ADMINISTRATOR 94.101.187.85 
ADMINISTRATOR 94.101.187.85 
ADMINISTRATOR 94.101.187.85 
ADMINISTRATOR 94.101.187.85 
ADMINISTRATOR 94.101.187.85 
ADMINISTRATOR 94.101.187.85 
ADMINISTRATOR 94.101.187.85 
ADMINISTRATOR 94.101.187.85 
ADMINISTRATOR 94.101.187.85 
ADMINISTRATOR 94.101.187.85 
ADMINISTRATOR 94.101.187.85 
ADMINISTRATOR 94.101.187.85 
ADMINISTRATOR 94.101.187.85 
ADMINISTRATOR 94.101.187.85 
ADMINISTRATOR 94.101.187.85 
ADMINISTRATOR 94.101.187.85 
ADMINISTRATOR 94.101.187.85 
ADMINISTRATOR 94.101.187.85 
ADMINISTRATOR 94.101.187.85 
ADMINISTRATOR 94.101.187.85 
ADMINISTRATOR 94.101.187.85 
ADMINISTRATOR 94.101.187.85 
ADMINISTRATOR 94.101.187.85 
ADMINISTRATOR 94.101.187.85 
ADMINISTRATOR 94.101.187.85 
ADMINISTRATOR 94.101.187.85 
ADMINISTRATOR 94.101.187.85 
ADMINISTRATOR 94.101.187.85 
ADMINISTRATOR 94.101.187.85 
ADMINISTRATOR 94.101.187.85 
ADMINISTRATOR 94.101.187.85 
ADMINISTRATOR 94.101.187.85 
ADMINISTRATOR 94.101.187.85 
ADMINISTRATOR 94.101.187.85 
ADMINISTRATOR 94.101.187.85 
ADMINISTRATOR 94.101.187.85 
ADMINISTRATOR 94.101.187.85 
ADMINISTRATOR 94.101.187.85 
ADMINISTRATOR 94.101.187.85 
ADMINISTRATOR 94.101.187.85 
ADMINISTRATOR 94.101.187.85 
ADMINISTRATOR 94.101.187.85 
ADMINISTRATOR 94.101.187.85 
ADMINISTRATOR 94.101.187.85 
ADMINISTRATOR 94.101.187.85 
ADMINISTRATOR 94.101.187.85 
ADMINISTRATOR 94.101.187.85 
ADMINISTRATOR 94.101.187.85 
ADMINISTRATOR 94.101.187.85 
ADMINISTRATOR 94.101.187.85 
ADMINISTRATOR 94.101.187.85 
ADMINISTRATOR 94.101.187.85 
ADMINISTRATOR 94.101.187.85 
ADMINISTRATOR 94.101.187.85 
ADMINISTRATOR 94.101.187.85 
ADMINISTRATOR 94.101.187.85 
ADMINISTRATOR 94.101.187.85 
ADMINISTRATOR 94.101.187.85 
ADMINISTRATOR 94.101.187.85 
ADMINISTRATOR 94.101.187.85 
ADMINISTRATOR 94.101.187.85 
ADMINISTRATOR 94.101.187.85 
ADMINISTRATOR 94.101.187.85 
ADMINISTRATOR 94.101.187.85 
ADMINISTRATOR 94.101.187.85 
ADMINISTRATOR 94.101.187.85 
ADMINISTRATOR 94.101.187.85 
ADMINISTRATOR 94.101.187.85 
ADMINISTRATOR 94.101.187.85 
ADMINISTRATOR 94.101.187.85 
ADMINISTRATOR 94.101.187.85 
ADMINISTRATOR 94.101.187.85 
ADMINISTRATOR 94.101.187.85 
ADMINISTRATOR 94.101.187.85 
ADMINISTRATOR 94.101.187.85 
ADMINISTRATOR 94.101.187.85 
ADMINISTRATOR 94.101.187.85 
ADMINISTRATOR 94.101.187.85 
ADMINISTRATOR 94.101.187.85 
ADMINISTRATOR 94.101.187.85 
ADMINISTRATOR 94.101.187.85 
ADMINISTRATOR 94.101.187.85 
ADMINISTRATOR 94.101.187.85 
ADMINISTRATOR 94.101.187.85 
ADMINISTRATOR 94.101.187.85 
ADMINISTRATOR 94.101.187.85 
ADMINISTRATOR 94.101.187.85 
ADMINISTRATOR 94.101.187.85 
ADMINISTRATOR 94.101.187.85 
ADMINISTRATOR 94.101.187.85 
ADMINISTRATOR 94.101.187.85 
ADMINISTRATOR 94.101.187.85 
ADMINISTRATOR 94.101.187.85 
TMP 51.159.103.25 
ADMINISTRATOR 94.101.187.85 
ADMINISTRATOR 94.101.187.85 
ADMINISTRATOR 94.101.187.85 
ADMINISTRATOR 94.101.187.85 
ADMINISTRATOR 94.101.187.85 
ADMINISTRATOR 94.101.187.85 
ADMINISTRATOR 94.101.187.85 
ADMINISTRATOR 94.101.187.85 
ADMINISTRATOR 94.101.187.85 
ADMINISTRATOR 94.101.187.85 
ADMINISTRATOR 94.101.187.85 
ADMINISTRATOR 94.101.187.85 
ADMINISTRATOR 94.101.187.85 
ADMINISTRATOR 94.101.187.85 
ADMINISTRATOR 94.101.187.85 
ADMINISTRATOR 94.101.187.85 
ADMINISTRATOR 94.101.187.85 
ADMINISTRATOR 94.101.187.85 
ADMINISTRATOR 94.101.187.85 
ADMINISTRATOR 94.101.187.85 
ADMINISTRATOR 94.101.187.85 
ADMINISTRATOR 94.101.187.85 
ADMINISTRATOR 94.101.187.85 
ADMINISTRATOR 94.101.187.85 
ADMINISTRATOR 94.101.187.85 
ADMINISTRATOR 94.101.187.85 
ADMINISTRATOR 94.101.187.85 
ADMINISTRATOR 94.101.187.85 
ADMINISTRATOR 94.101.187.85 
ADMINISTRATOR 94.101.187.85 
ADMINISTRATOR 94.101.187.85 
ADMINISTRATOR 94.101.187.85 
ADMINISTRATOR 94.101.187.85 
ADMINISTRATOR 94.101.187.85 
ADMINISTRATOR 94.101.187.85 
ADMINISTRATOR 94.101.187.85 
ADMINISTRATOR 94.101.187.85 
ADMINISTRATOR 94.101.187.85 
ADMINISTRATOR 94.101.187.85 
ADMINISTRATOR 94.101.187.85 
ADMINISTRATOR 94.101.187.85 
ADMINISTRATOR 94.101.187.85 
ADMINISTRATOR 94.101.187.85 
ADMINISTRATOR 94.101.187.85 
ADMINISTRATOR 94.101.187.85 
ADMINISTRATOR 94.101.187.85 
ADMINISTRATOR 94.101.187.85 
ADMINISTRATOR 94.101.187.85 
ADMINISTRATOR 94.101.187.85 
ADMINISTRATOR 94.101.187.85 
ADMINISTRATOR 94.101.187.85 
ADMINISTRATOR 94.101.187.85 
ADMINISTRATOR 94.101.187.85 
ADMINISTRATOR 94.101.187.85 
FENDER 81.45.139.22 
ADMINISTRATOR 94.101.187.85 
ADMINISTRATOR 94.101.187.85 
ADMINISTRATOR 94.101.187.85 
ADMINISTRATOR 94.101.187.85 
ADMINISTRATOR 94.101.187.85 
ADMINISTRATOR 94.101.187.85 
ADMINISTRATOR 94.101.187.85 
ADMINISTRATOR 94.101.187.85 
ADMINISTRATOR 94.101.187.85 
ADMINISTRATOR 94.101.187.85 
ADMINISTRATOR 94.101.187.85 
ADMINISTRATOR 94.101.187.85 
ADMINISTRATOR 94.101.187.85 
ADMINISTRATOR 94.101.187.85 
ADMINISTRATOR 94.101.187.85 
ADMINISTRATOR 94.101.187.85 
ADMINISTRATOR 94.101.187.85 
ADMINISTRATOR 94.101.187.85 
ADMINISTRATOR 94.101.187.85 
ADMINISTRATOR 94.101.187.85 
ADMINISTRATOR 94.101.187.85 
ADMINISTRATOR 94.101.187.85 
ADMINISTRATOR 94.101.187.85 
ADMINISTRATOR 94.101.187.85 
ADMINISTRATOR 94.101.187.85 
ADMINISTRATOR 94.101.187.85 
ADMINISTRATOR 94.101.187.85 
ADMINISTRATOR 94.101.187.85 
ADMINISTRATOR 94.101.187.85 
ADMINISTRATOR 94.101.187.85 
ADMINISTRATOR 94.101.187.85 
ADMINISTRATOR 94.101.187.85 
ADMINISTRATOR 94.101.187.85 
ADMINISTRATOR 94.101.187.85 
ADMINISTRATOR 94.101.187.85 
ADMINISTRATOR 94.101.187.85 
ADMINISTRATOR 94.101.187.85 
ADMINISTRATOR 94.101.187.85 
ADMINISTRATOR 94.101.187.85 
ADMINISTRATOR 94.101.187.85 
ADMINISTRATOR 94.101.187.85 
ADMINISTRATOR 94.101.187.85 
ADMINISTRATOR 94.101.187.85 
FENNA 81.45.139.22 
ADMINISTRATOR 94.101.187.85 
ADMINISTRATOR 94.101.187.85 
ADMINISTRATOR 94.101.187.85 
MARIA 51.159.103.25 
ADMINISTRATOR 94.101.187.85 
ADMINISTRATOR 94.101.187.85 
ADMINISTRATOR 94.101.187.85 
ADMINISTRATOR 94.101.187.85 
ADMINISTRATOR 94.101.187.85 
ADMINISTRATOR 94.101.187.85 
ADMINISTRATOR 94.101.187.85 
ADMINISTRATOR 94.101.187.85 
ADMINISTRATOR 94.101.187.85 
ADMINISTRATOR 94.101.187.85 
ADMINISTRATOR 94.101.187.85 
ADMINISTRATOR 94.101.187.85 
ADMINISTRATOR 94.101.187.85 
ADMINISTRATOR 94.101.187.85 
ADMINISTRATOR 94.101.187.85 
ADMINISTRATOR 94.101.187.85 
ADMINISTRATOR 94.101.187.85 
ADMINISTRATOR 94.101.187.85 
ADMINISTRATOR 94.101.187.85 
ADMINISTRATOR 94.101.187.85 
ADMINISTRATOR 94.101.187.85 
ADMINISTRATOR 94.101.187.85 
ADMINISTRATOR 94.101.187.85 
ADMINISTRATOR 94.101.187.85 
ADMINISTRATOR 94.101.187.85 
ADMINISTRATOR 94.101.187.85 
ADMINISTRATOR 94.101.187.85 
ADMINISTRATOR 94.101.187.85 
ADMINISTRATOR 94.101.187.85 
ADMINISTRATOR 94.101.187.85 
ADMINISTRATOR 94.101.187.85 
ADMINISTRATOR 94.101.187.85 
ADMINISTRATOR 94.101.187.85 
ADMINISTRATOR 94.101.187.85 
ADMINISTRATOR 94.101.187.85 
ADMINISTRATOR 94.101.187.85 
ADMINISTRATOR 94.101.187.85 
ADMINISTRATOR 94.101.187.85 
ADMINISTRATOR 94.101.187.85 
ADMINISTRATOR 94.101.187.85 
ADMINISTRATOR 94.101.187.85 
ADMINISTRATOR 94.101.187.85 
ADMINISTRATOR 94.101.187.85 
ADMINISTRATOR 94.101.187.85 
ADMINISTRATOR 94.101.187.85 
ADMINISTRATOR 94.101.187.85 
ADMINISTRATOR 94.101.187.85 
ADMINISTRATOR 94.101.187.85 
ADMINISTRATOR 94.101.187.85 
ADMINISTRATOR 94.101.187.85 
ADMINISTRATOR 94.101.187.85 
ADMINISTRATOR 94.101.187.85 
ADMINISTRATOR 94.101.187.85 
ADMINISTRATOR 94.101.187.85 
ADMINISTRATOR 94.101.187.85 
ADMINISTRATOR 94.101.187.85 
ADMINISTRATOR 94.101.187.85 
ADMINISTRATOR 94.101.187.85 
ADMINISTRATOR 94.101.187.85 
ADMINISTRATOR 94.101.187.85 
ADMINISTRATOR 94.101.187.85 
ADMINISTRATOR 94.101.187.85 
ADMINISTRATOR 94.101.187.85 
ADMINISTRATOR 94.101.187.85 
ADMINISTRATOR 94.101.187.85 
ADMINISTRATOR 94.101.187.85 
ADMINISTRATOR 94.101.187.85 
ADMINISTRATOR 94.101.187.85 
ADMINISTRATOR 94.101.187.85 
ADMINISTRATOR 94.101.187.85 
ADMINISTRATOR 94.101.187.85 
ADMINISTRATOR 94.101.187.85 
ADMINISTRATOR 94.101.187.85 
ADMINISTRATOR 94.101.187.85 
ADMINISTRATOR 94.101.187.85 
ADMINISTRATOR 94.101.187.85 
ADMINISTRATOR 94.101.187.85 
ADMINISTRATOR 94.101.187.85 
ADMINISTRATOR 94.101.187.85 
ADMINISTRATOR 94.101.187.85 
ADMINISTRATOR 94.101.187.85 
ADMINISTRATOR 94.101.187.85 
FERDINAND 81.45.139.22 
ADMINISTRATOR 94.101.187.85 
ADMINISTRATOR 94.101.187.85 
ADMINISTRATOR 94.101.187.85 
ADMINISTRATOR 94.101.187.85 
ADMINISTRATOR 94.101.187.85 
ADMINISTRATOR 94.101.187.85 
ADMINISTRATOR 94.101.187.85 
ADMINISTRATOR 94.101.187.85 
ADMINISTRATOR 94.101.187.85 
ADMINISTRATOR 94.101.187.85 
ADMINISTRATOR 94.101.187.85 
ADMINISTRATOR 94.101.187.85 
ADMINISTRATOR 94.101.187.85 
ADMINISTRATOR 94.101.187.85 
ADMINISTRATOR 94.101.187.85 
ADMINISTRATOR 94.101.187.85 
ADMINISTRATOR 94.101.187.85 
ADMINISTRATOR 94.101.187.85 
åÄÉÄáàç 51.159.103.25 
ADMINISTRATOR 94.101.187.85 
ADMINISTRATOR 94.101.187.85 
ADMINISTRATOR 94.101.187.85 
ADMINISTRATOR 94.101.187.85 
ADMINISTRATOR 94.101.187.85 
ADMINISTRATOR 94.101.187.85 
ADMINISTRATOR 94.101.187.85 
ADMINISTRATOR 94.101.187.85 
ADMINISTRATOR 94.101.187.85 
ADMINISTRATOR 94.101.187.85 
ADMINISTRATOR 94.101.187.85 
ADMINISTRATOR 94.101.187.85 
ADMINISTRATOR 94.101.187.85 
ADMINISTRATOR 94.101.187.85 
ADMINISTRATOR 94.101.187.85 
ADMINISTRATOR 94.101.187.85 
ADMINISTRATOR 94.101.187.85 
ADMINISTRATOR 94.101.187.85 
ADMINISTRATOR 94.101.187.85 
ADMINISTRATOR 94.101.187.85 
ADMINISTRATOR 94.101.187.85 
ADMINISTRATOR 94.101.187.85 
ADMINISTRATOR 94.101.187.85 
FERDINANDUS 81.45.139.22 
ADMINISTRATOR 94.101.187.85 
ADMINISTRATOR 94.101.187.85 
ADMINISTRATOR 94.101.187.85 
ADMINISTRATOR 94.101.187.85 
ADMINISTRATOR 94.101.187.85 
ADMINISTRATOR 94.101.187.85 
ADMINISTRATOR 94.101.187.85 
ADMINISTRATOR 94.101.187.85 
ADMINISTRATOR 94.101.187.85 
ADMINISTRATOR 94.101.187.85 
ADMINISTRATOR 94.101.187.85 
ADMINISTRATOR 94.101.187.85 
ADMINISTRATOR 94.101.187.85 
ADMINISTRATOR 94.101.187.85 
ADMINISTRATOR 94.101.187.85 
ADMINISTRATOR 94.101.187.85 
ADMINISTRATOR 94.101.187.85 
ADMINISTRATOR 94.101.187.85 
ADMINISTRATOR 94.101.187.85 
ADMINISTRATOR 94.101.187.85 
ADMINISTRATOR 94.101.187.85 
ADMINISTRATOR 94.101.187.85 
ADMINISTRATOR 94.101.187.85 
ADMINISTRATOR 94.101.187.85 
ADMINISTRATOR 94.101.187.85 
ADMINISTRATOR 94.101.187.85 
ADMINISTRATOR 94.101.187.85 
ADMINISTRATOR 94.101.187.85 
ADMINISTRATOR 94.101.187.85 
ADMINISTRATOR 94.101.187.85 
ADMINISTRATOR 94.101.187.85 
ADMINISTRATOR 94.101.187.85 
ADMINISTRATOR 94.101.187.85 
ADMINISTRATOR 94.101.187.85 
ADMINISTRATOR 94.101.187.85 
ADMINISTRATOR 94.101.187.85 
ADMINISTRATOR 94.101.187.85 
ADMINISTRATOR 94.101.187.85 
ADMINISTRATOR 94.101.187.85 
ADMINISTRATOR 94.101.187.85 
ADMINISTRATOR 94.101.187.85 
ADMINISTRATOR 94.101.187.85 
FERRE 81.45.139.22 
ADMINISTRATOR 94.101.187.85 
ADMINISTRATOR 94.101.187.85 
ADMINISTRATOR 94.101.187.85 
ADMINISTRATOR 94.101.187.85 
ADMINISTRATOR 94.101.187.85 
ADMINISTRATOR 94.101.187.85 
ADMINISTRATOR 94.101.187.85 
ADMINISTRATOR 94.101.187.85 
ADMINISTRATOR 94.101.187.85 
ADMINISTRATOR 94.101.187.85 
ADMINISTRATOR 94.101.187.85 
ADMINISTRATOR 94.101.187.85 
ADMINISTRATOR 94.101.187.85 
ADMINISTRATOR 94.101.187.85 
ADMINISTRATOR 94.101.187.85 
ADMINISTRATOR 94.101.187.85 
ADMINISTRATOR 94.101.187.85 
ADMINISTRATOR 94.101.187.85 
ADMINISTRATOR 94.101.187.85 
ADMINISTRATOR 94.101.187.85 
ADMINISTRATOR 94.101.187.85 
ADMINISTRATOR 94.101.187.85 
ADMINISTRATOR 94.101.187.85 
ADMINISTRATOR 94.101.187.85 
ADMINISTRATOR 94.101.187.85 
ADMINISTRATOR 94.101.187.85 
ADMINISTRATOR 94.101.187.85 
ADMINISTRATOR 94.101.187.85 
ADMINISTRATOR 94.101.187.85 
ADMINISTRATOR 94.101.187.85 
ADMINISTRATOR 94.101.187.85 
ADMINISTRATOR 94.101.187.85 
ADMINISTRATOR 94.101.187.85 
ADMINISTRATOR 94.101.187.85 
ADMINISTRATOR 94.101.187.85 
ADMINISTRATOR 94.101.187.85 
ADMINISTRATOR 94.101.187.85 
ADMINISTRATOR 94.101.187.85 
ADMINISTRATOR 94.101.187.85 
ADMINISTRATOR 94.101.187.85 
ADMINISTRATOR 94.101.187.85 
ADMINISTRATOR 94.101.187.85 
FERRY 81.45.139.22 
ADMINISTRATOR 94.101.187.85 
ADMINISTRATOR 94.101.187.85 
ADMINISTRATOR 94.101.187.85 
ADMINISTRATOR 94.101.187.85 
ADMINISTRATOR 94.101.187.85 
ADMINISTRATOR 94.101.187.85 
ADMINISTRATOR 94.101.187.85 
ADMINISTRATOR 94.101.187.85 
ADMINISTRATOR 94.101.187.85 
ADMINISTRATOR 94.101.187.85 
ADMINISTRATOR 94.101.187.85 
ADMINISTRATOR 94.101.187.85 
ADMINISTRATOR 94.101.187.85 
ADMINISTRATOR 94.101.187.85 
ADMINISTRATOR 94.101.187.85 
ADMINISTRATOR 94.101.187.85 
ADMINISTRATOR 94.101.187.85 
ADMINISTRATOR 94.101.187.85 
ADMINISTRATOR 94.101.187.85 
ADMINISTRATOR 94.101.187.85 
ADMINISTRATOR 94.101.187.85 
ADMINISTRATOR 94.101.187.85 
ADMINISTRATOR 94.101.187.85 
ADMINISTRATOR 94.101.187.85 
ADMINISTRATOR 94.101.187.85 
ADMINISTRATOR 94.101.187.85 
ADMINISTRATOR 94.101.187.85 
ADMINISTRATOR 94.101.187.85 
ADMINISTRATOR 94.101.187.85 
ADMINISTRATOR 94.101.187.85 
ADMINISTRATOR 94.101.187.85 
ADMINISTRATOR 94.101.187.85 
ADMINISTRATOR 94.101.187.85 
ADMINISTRATOR 94.101.187.85 
ADMINISTRATOR 94.101.187.85 
ADMINISTRATOR 94.101.187.85 
ADMINISTRATOR 94.101.187.85 
ADMINISTRATOR 94.101.187.85 
ADMINISTRATOR 94.101.187.85 
ADMINISTRATOR 94.101.187.85 
ADMINISTRATOR 94.101.187.85 
ADMINISTRATOR 94.101.187.85 
FEYZA 81.45.139.22 
ADMINISTRATOR 94.101.187.85 
ADMINISTRATOR 94.101.187.85 
ADMINISTRATOR 94.101.187.85 
ADMINISTRATOR 94.101.187.85 
ADMINISTRATOR 94.101.187.85 
ADMINISTRATOR 94.101.187.85 
ADMINISTRATOR 94.101.187.85 
ADMINISTRATOR 94.101.187.85 
ADMINISTRATOR 94.101.187.85 
ADMINISTRATOR 94.101.187.85 
ADMINISTRATOR 94.101.187.85 
ADMINISTRATOR 94.101.187.85 
ADMINISTRATOR 94.101.187.85 
ADMINISTRATOR 94.101.187.85 
ADMINISTRATOR 94.101.187.85 
ADMINISTRATOR 94.101.187.85 
ADMINISTRATOR 94.101.187.85 
ADMINISTRATOR 94.101.187.85 
ADMINISTRATOR 94.101.187.85 
ADMINISTRATOR 94.101.187.85 
ADMINISTRATOR 94.101.187.85 
ADMINISTRATOR 94.101.187.85 
ADMINISTRATOR 94.101.187.85 
ADMINISTRATOR 94.101.187.85 
ADMINISTRATOR 94.101.187.85 
ADMINISTRATOR 94.101.187.85 
ADMINISTRATOR 94.101.187.85 
ADMINISTRATOR 94.101.187.85 
ADMINISTRATOR 94.101.187.85 
ADMINISTRATOR 94.101.187.85 
ADMINISTRATOR 94.101.187.85 
ADMINISTRATOR 94.101.187.85 
ADMINISTRATOR 94.101.187.85 
ADMINISTRATOR 94.101.187.85 
ADMINISTRATOR 94.101.187.85 
ADMINISTRATOR 94.101.187.85 
ADMINISTRATOR 94.101.187.85 
ADMINISTRATOR 94.101.187.85 
ADMINISTRATOR 94.101.187.85 
ADMINISTRATOR 94.101.187.85 
ADMINISTRATOR 94.101.187.85 
ADMINISTRATOR 94.101.187.85 
FIEKE 81.45.139.22 
ADMINISTRATOR 94.101.187.85 
ADMINISTRATOR 94.101.187.85 
ADMINISTRATOR 94.101.187.85 
ADMINISTRATOR 94.101.187.85 
ADMINISTRATOR 94.101.187.85 
ADMINISTRATOR 94.101.187.85 
ADMINISTRATOR 94.101.187.85 
ADMINISTRATOR 94.101.187.85 
ADMINISTRATOR 94.101.187.85 
ADMINISTRATOR 94.101.187.85 
ADMINISTRATOR 94.101.187.85 
ADMINISTRATOR 94.101.187.85 
ADMINISTRATOR 94.101.187.85 
ADMINISTRATOR 94.101.187.85 
ADMINISTRATOR 94.101.187.85 
ADMINISTRATOR 94.101.187.85 
ADMINISTRATOR 94.101.187.85 
ADMINISTRATOR 94.101.187.85 
ADMINISTRATOR 94.101.187.85 
ADMINISTRATOR 94.101.187.85 
ADMINISTRATOR 94.101.187.85 
ADMINISTRATOR 94.101.187.85 
ADMINISTRATOR 94.101.187.85 
ADMINISTRATOR 94.101.187.85 
ADMINISTRATOR 94.101.187.85 
ADMINISTRATOR 94.101.187.85 
ADMINISTRATOR 94.101.187.85 
ADMINISTRATOR 94.101.187.85 
ADMINISTRATOR 94.101.187.85 
ADMINISTRATOR 94.101.187.85 
ADMINISTRATOR 94.101.187.85 
ADMINISTRATOR 94.101.187.85 
ADMINISTRATOR 94.101.187.85 
ADMINISTRATOR 94.101.187.85 
ADMINISTRATOR 94.101.187.85 
ADMINISTRATOR 94.101.187.85 
ADMINISTRATOR 94.101.187.85 
ADMINISTRATOR 94.101.187.85 
ADMINISTRATOR 94.101.187.85 
ADMINISTRATOR 94.101.187.85 
ADMINISTRATOR 94.101.187.85 
ADMINISTRATOR 94.101.187.85 
ADMINISTRATOR 94.101.187.85 
ADMINISTRATOR 94.101.187.85 
ADMINISTRATOR 94.101.187.85 
ADMINISTRATOR 94.101.187.85 
ADMINISTRATOR 94.101.187.85 
ADMINISTRATOR 94.101.187.85 
ADMINISTRATOR 94.101.187.85 
ADMINISTRATOR 94.101.187.85 
ADMINISTRATOR 94.101.187.85 
ADMINISTRATOR 94.101.187.85 
ADMINISTRATOR 94.101.187.85 
ADMINISTRATOR 94.101.187.85 
ADMINISTRATOR 94.101.187.85 
ADMINISTRATOR 94.101.187.85 
ADMINISTRATOR 94.101.187.85 
ADMINISTRATOR 94.101.187.85 
ADMINISTRATOR 94.101.187.85 
ADMINISTRATOR 94.101.187.85 
ADMINISTRATOR 94.101.187.85 
ADMINISTRATOR 94.101.187.85 
ADMINISTRATOR 94.101.187.85 
ADMINISTRATOR 94.101.187.85 
ADMINISTRATOR 94.101.187.85 
ADMINISTRATOR 94.101.187.85 
ADMINISTRATOR 94.101.187.85 
ADMINISTRATOR 94.101.187.85 
ADMINISTRATOR 94.101.187.85 
ADMINISTRATOR 94.101.187.85 
ADMINISTRATOR 94.101.187.85 
ADMINISTRATOR 94.101.187.85 
ADMINISTRATOR 94.101.187.85 
ADMINISTRATOR 94.101.187.85 
ADMINISTRATOR 94.101.187.85 
ADMINISTRATOR 94.101.187.85 
ADMINISTRATOR 94.101.187.85 
ADMINISTRATOR 94.101.187.85 
ADMINISTRATOR 94.101.187.85 
ADMINISTRATOR 94.101.187.85 
ADMINISTRATOR 94.101.187.85 
ADMINISTRATOR 94.101.187.85 
ADMINISTRATOR 94.101.187.85 
ADMINISTRATOR 94.101.187.85 
FIENE 81.45.139.22 
ADMINISTRATOR 94.101.187.85 
ADMINISTRATOR 94.101.187.85 
ADMINISTRATOR 94.101.187.85 
ADMINISTRATOR 94.101.187.85 
ADMINISTRATOR 94.101.187.85 
ADMINISTRATOR 94.101.187.85 
ADMINISTRATOR 94.101.187.85 
ADMINISTRATOR 94.101.187.85 
ADMINISTRATOR 94.101.187.85 
ADMINISTRATOR 94.101.187.85 
ADMINISTRATOR 94.101.187.85 
ADMINISTRATOR 94.101.187.85 
ADMINISTRATOR 94.101.187.85 
ADMINISTRATOR 94.101.187.85 
ADMINISTRATOR 94.101.187.85 
ADMINISTRATOR 94.101.187.85 
ADMINISTRATOR 94.101.187.85 
OLYA 51.159.103.25 
ADMINISTRATOR 94.101.187.85 
ADMINISTRATOR 94.101.187.85 
ADMINISTRATOR 94.101.187.85 
ADMINISTRATOR 94.101.187.85 
ADMINISTRATOR 94.101.187.85 
ADMINISTRATOR 94.101.187.85 
ADMINISTRATOR 94.101.187.85 
ADMINISTRATOR 94.101.187.85 
ADMINISTRATOR 94.101.187.85 
ADMINISTRATOR 94.101.187.85 
ADMINISTRATOR 94.101.187.85 
ADMINISTRATOR 94.101.187.85 
ADMINISTRATOR 94.101.187.85 
ADMINISTRATOR 94.101.187.85 
ADMINISTRATOR 94.101.187.85 
ADMINISTRATOR 94.101.187.85 
ADMINISTRATOR 94.101.187.85 
ADMINISTRATOR 94.101.187.85 
ADMINISTRATOR 94.101.187.85 
ADMINISTRATOR 94.101.187.85 
ADMINISTRATOR 94.101.187.85 
ADMINISTRATOR 94.101.187.85 
FILESHARING 81.45.139.22 
ADMINISTRATOR 94.101.187.85 
ADMINISTRATOR 94.101.187.85 
ADMINISTRATOR 94.101.187.85 
ADMINISTRATOR 94.101.187.85 
ADMINISTRATOR 94.101.187.85 
ADMINISTRATOR 94.101.187.85 
ADMINISTRATOR 94.101.187.85 
ADMINISTRATOR 94.101.187.85 
ADMINISTRATOR 94.101.187.85 
ADMINISTRATOR 94.101.187.85 
ADMINISTRATOR 94.101.187.85 
ADMINISTRATOR 94.101.187.85 
ADMINISTRATOR 94.101.187.85 
ADMINISTRATOR 94.101.187.85 
ADMINISTRATOR 94.101.187.85 
ADMINISTRATOR 94.101.187.85 
ADMINISTRATOR 94.101.187.85 
ADMINISTRATOR 94.101.187.85 
ADMINISTRATOR 94.101.187.85 
ADMINISTRATOR 94.101.187.85 
ADMINISTRATOR 94.101.187.85 
ADMINISTRATOR 94.101.187.85 
ADMINISTRATOR 94.101.187.85 
ADMINISTRATOR 94.101.187.85 
ADMINISTRATOR 94.101.187.85 
ADMINISTRATOR 94.101.187.85 
ADMINISTRATOR 94.101.187.85 
ADMINISTRATOR 94.101.187.85 
ADMINISTRATOR 94.101.187.85 
ADMINISTRATOR 94.101.187.85 
ADMINISTRATOR 94.101.187.85 
ADMINISTRATOR 94.101.187.85 
ADMINISTRATOR 94.101.187.85 
ADMINISTRATOR 94.101.187.85 
ADMINISTRATOR 94.101.187.85 
ADMINISTRATOR 94.101.187.85 
ADMINISTRATOR 94.101.187.85 
ADMINISTRATOR 94.101.187.85 
ADMINISTRATOR 94.101.187.85 
ADMINISTRATOR 94.101.187.85 
ADMINISTRATOR 94.101.187.85 
ADMINISTRATOR 94.101.187.85 
FILETRANSFER 81.45.139.22 
ADMINISTRATOR 94.101.187.85 
ADMINISTRATOR 94.101.187.85 
ADMINISTRATOR 94.101.187.85 
ADMINISTRATOR 94.101.187.85 
ADMINISTRATOR 94.101.187.85 
ADMINISTRATOR 94.101.187.85 
ADMINISTRATOR 94.101.187.85 
ADMINISTRATOR 94.101.187.85 
ADMINISTRATOR 94.101.187.85 
ADMINISTRATOR 94.101.187.85 
ADMINISTRATOR 94.101.187.85 
ADMINISTRATOR 94.101.187.85 
ADMINISTRATOR 94.101.187.85 
ADMINISTRATOR 94.101.187.85 
ADMINISTRATOR 94.101.187.85 
ADMINISTRATOR 94.101.187.85 
ADMINISTRATOR 94.101.187.85 
ADMINISTRATOR 94.101.187.85 
ADMINISTRATOR 94.101.187.85 
ADMINISTRATOR 94.101.187.85 
ADMINISTRATOR 94.101.187.85 
ADMINISTRATOR 94.101.187.85 
ADMINISTRATOR 94.101.187.85 
ADMINISTRATOR 94.101.187.85 
ADMINISTRATOR 94.101.187.85 
ADMINISTRATOR 94.101.187.85 
ADMINISTRATOR 94.101.187.85 
ADMINISTRATOR 94.101.187.85 
ADMINISTRATOR 94.101.187.85 
ADMINISTRATOR 94.101.187.85 
ADMINISTRATOR 94.101.187.85 
ADMINISTRATOR 94.101.187.85 
ADMINISTRATOR 94.101.187.85 
DENIS 51.159.103.25 
ADMINISTRATOR 94.101.187.85 
ADMINISTRATOR 94.101.187.85 
ADMINISTRATOR 94.101.187.85 
ADMINISTRATOR 94.101.187.85 
ADMINISTRATOR 94.101.187.85 
ADMINISTRATOR 94.101.187.85 
ADMINISTRATOR 94.101.187.85 
ADMINISTRATOR 94.101.187.85 
ADMINISTRATOR 94.101.187.85 
ADMINISTRATOR 94.101.187.85 
ADMINISTRATOR 94.101.187.85 
ADMINISTRATOR 94.101.187.85 
ADMINISTRATOR 94.101.187.85 
ADMINISTRATOR 94.101.187.85 
ADMINISTRATOR 94.101.187.85 
ADMINISTRATOR 94.101.187.85 
ADMINISTRATOR 94.101.187.85 
ADMINISTRATOR 94.101.187.85 
ADMINISTRATOR 94.101.187.85 
ADMINISTRATOR 94.101.187.85 
ADMINISTRATOR 94.101.187.85 
ADMINISTRATOR 94.101.187.85 
ADMINISTRATOR 94.101.187.85 
ADMINISTRATOR 94.101.187.85 
ADMINISTRATOR 94.101.187.85 
ADMINISTRATOR 94.101.187.85 
ADMINISTRATOR 94.101.187.85 
ADMINISTRATOR 94.101.187.85 
ADMINISTRATOR 94.101.187.85 
ADMINISTRATOR 94.101.187.85 
ADMINISTRATOR 94.101.187.85 
ADMINISTRATOR 94.101.187.85 
ADMINISTRATOR 94.101.187.85 
ADMINISTRATOR 94.101.187.85 
ADMINISTRATOR 94.101.187.85 
ADMINISTRATOR 94.101.187.85 
ADMINISTRATOR 94.101.187.85 
ADMINISTRATOR 94.101.187.85 
ADMINISTRATOR 94.101.187.85 
ADMINISTRATOR 94.101.187.85 
ADMINISTRATOR 94.101.187.85 
ADMINISTRATOR 94.101.187.85 
ADMINISTRATOR 94.101.187.85 
ADMINISTRATOR 94.101.187.85 
ADMINISTRATOR 94.101.187.85 
ADMINISTRATOR 94.101.187.85 
ADMINISTRATOR 94.101.187.85 
ADMINISTRATOR 94.101.187.85 
ADMINISTRATOR 94.101.187.85 
ADMINISTRATOR 94.101.187.85 
ADMINISTRATOR 94.101.187.85 
ADMINISTRATOR 94.101.187.85 
ADMINISTRATOR 94.101.187.85 
FILIP 81.45.139.22 
ADMINISTRATOR 94.101.187.85 
ADMINISTRATOR 94.101.187.85 
ADMINISTRATOR 94.101.187.85 
ADMINISTRATOR 94.101.187.85 
ADMINISTRATOR 94.101.187.85 
ADMINISTRATOR 94.101.187.85 
ADMINISTRATOR 94.101.187.85 
ADMINISTRATOR 94.101.187.85 
ADMINISTRATOR 94.101.187.85 
ADMINISTRATOR 94.101.187.85 
ADMINISTRATOR 94.101.187.85 
ADMINISTRATOR 94.101.187.85 
ADMINISTRATOR 94.101.187.85 
ADMINISTRATOR 94.101.187.85 
ADMINISTRATOR 94.101.187.85 
ADMINISTRATOR 94.101.187.85 
ADMINISTRATOR 94.101.187.85 
ADMINISTRATOR 94.101.187.85 
ADMINISTRATOR 94.101.187.85 
ADMINISTRATOR 94.101.187.85 
ADMINISTRATOR 94.101.187.85 
ADMINISTRATOR 94.101.187.85 
ADMINISTRATOR 94.101.187.85 
ADMINISTRATOR 94.101.187.85 
ADMINISTRATOR 94.101.187.85 
ADMINISTRATOR 94.101.187.85 
ADMINISTRATOR 94.101.187.85 
ADMINISTRATOR 94.101.187.85 
ADMINISTRATOR 94.101.187.85 
ADMINISTRATOR 94.101.187.85 
ADMINISTRATOR 94.101.187.85 
ADMINISTRATOR 94.101.187.85 
ADMINISTRATOR 94.101.187.85 
ADMINISTRATOR 94.101.187.85 
ADMINISTRATOR 94.101.187.85 
ADMINISTRATOR 94.101.187.85 
ADMINISTRATOR 94.101.187.85 
ADMINISTRATOR 94.101.187.85 
ADMINISTRATOR 94.101.187.85 
ADMINISTRATOR 94.101.187.85 
ADMINISTRATOR 94.101.187.85 
ADMINISTRATOR 94.101.187.85 
ADMINISTRATOR 94.101.187.85 
ADMINISTRATOR 94.101.187.85 
ADMINISTRATOR 94.101.187.85 
ADMINISTRATOR 94.101.187.85 
ROMA 51.159.103.25 
ADMINISTRATOR 94.101.187.85 
ADMINISTRATOR 94.101.187.85 
ADMINISTRATOR 94.101.187.85 
ADMINISTRATOR 94.101.187.85 
ADMINISTRATOR 94.101.187.85 
ADMINISTRATOR 94.101.187.85 
ADMINISTRATOR 94.101.187.85 
ADMINISTRATOR 94.101.187.85 
ADMINISTRATOR 94.101.187.85 
ADMINISTRATOR 94.101.187.85 
ADMINISTRATOR 94.101.187.85 
ADMINISTRATOR 94.101.187.85 
ADMINISTRATOR 94.101.187.85 
ADMINISTRATOR 94.101.187.85 
ADMINISTRATOR 94.101.187.85 
ADMINISTRATOR 94.101.187.85 
ADMINISTRATOR 94.101.187.85 
ADMINISTRATOR 94.101.187.85 
ADMINISTRATOR 94.101.187.85 
ADMINISTRATOR 94.101.187.85 
ADMINISTRATOR 94.101.187.85 
ADMINISTRATOR 94.101.187.85 
ADMINISTRATOR 94.101.187.85 
ADMINISTRATOR 94.101.187.85 
ADMINISTRATOR 94.101.187.85 
ADMINISTRATOR 94.101.187.85 
ADMINISTRATOR 94.101.187.85 
ADMINISTRATOR 94.101.187.85 
ADMINISTRATOR 94.101.187.85 
ADMINISTRATOR 94.101.187.85 
ADMINISTRATOR 94.101.187.85 
ADMINISTRATOR 94.101.187.85 
ADMINISTRATOR 94.101.187.85 
ADMINISTRATOR 94.101.187.85 
ADMINISTRATOR 94.101.187.85 
ADMINISTRATOR 94.101.187.85 
ADMINISTRATOR 94.101.187.85 
ADMINISTRATOR 94.101.187.85 
ADMINISTRATOR 94.101.187.85 
FILIPPA 81.45.139.22 
ADMINISTRATOR 94.101.187.85 
ADMINISTRATOR 94.101.187.85 
ADMINISTRATOR 94.101.187.85 
ADMINISTRATOR 94.101.187.85 
ADMINISTRATOR 94.101.187.85 
ADMINISTRATOR 94.101.187.85 
ADMINISTRATOR 94.101.187.85 
ADMINISTRATOR 94.101.187.85 
ADMINISTRATOR 94.101.187.85 
ADMINISTRATOR 94.101.187.85 
ADMINISTRATOR 94.101.187.85 
ADMINISTRATOR 94.101.187.85 
ADMINISTRATOR 94.101.187.85 
ADMINISTRATOR 94.101.187.85 
ADMINISTRATOR 94.101.187.85 
ADMINISTRATOR 94.101.187.85 
ADMINISTRATOR 94.101.187.85 
ADMINISTRATOR 94.101.187.85 
ADMINISTRATOR 94.101.187.85 
ADMINISTRATOR 94.101.187.85 
FILIPPUS 81.45.139.22 
ADMINISTRATOR 94.101.187.85 
ADMIN 94.101.187.85 
TEST 94.101.187.85 
GUEST 94.101.187.85 
USER 94.101.187.85 
SCANNER 94.101.187.85 
TESTUSER 94.101.187.85 
SCAN 94.101.187.85 
USER1 94.101.187.85 
USER2 94.101.187.85 
ADMINISTRADOR 94.101.187.85 
1 94.101.187.85 
BACKUP 94.101.187.85 
JOHN 94.101.187.85 
TEST1 94.101.187.85 
STUDENT 94.101.187.85 
RECEPTION 94.101.187.85 
GAST 94.101.187.85 
REMOTE 94.101.187.85 
IVAN 51.159.103.25 
SUPPORT 94.101.187.85 
USER3 94.101.187.85 
TEMP 94.101.187.85 
SALES 94.101.187.85 
A 94.101.187.85 
PRINTER 94.101.187.85 
USER01 94.101.187.85 
TESTE 94.101.187.85 
SERVER 94.101.187.85 
PRINT 94.101.187.85 
SCANS 94.101.187.85 
TEST2 94.101.187.85 
SQLADMIN 94.101.187.85 
TRAINING 94.101.187.85 
INFO 94.101.187.85 
USUARIO 94.101.187.85 
TESTTEST 94.101.187.85 
XEROX 94.101.187.85 
DEMO 94.101.187.85 
OFFICE 94.101.187.85 
DB2ADMIN 94.101.187.85 
ADMINISTRATEUR 94.101.187.85 
HELPDESK 94.101.187.85 
DEFAULT 94.101.187.85 
MIKE 94.101.187.85 
PC 94.101.187.85 
POS 94.101.187.85 
RICOH 94.101.187.85 
USER4 94.101.187.85 
ACCOUNTS 94.101.187.85 
USER02 94.101.187.85 
DELL 94.101.187.85 
OWNER 94.101.187.85 
INSTALL 94.101.187.85 
DAVID 94.101.187.85 
HR 94.101.187.85 
WAREHOUSE 94.101.187.85 
VPN 94.101.187.85 
CHRIS 94.101.187.85 
ADMIN2 94.101.187.85 
OPERADOR 94.101.187.85 
TEMPADMIN 94.101.187.85 
POSTMASTER 94.101.187.85 
CANON 94.101.187.85 
LAURA 94.101.187.85 
ADMIN1 94.101.187.85 
LAPTOP 94.101.187.85 
CYG_SERVER 94.101.187.85 
TRAINING1 94.101.187.85 
JESSICA 94.101.187.85 
POSTGRES 94.101.187.85 
INFODBA 94.101.187.85 
PRUEBA 94.101.187.85 
STAGIAIRE 94.101.187.85 
STAFF 94.101.187.85 
USER5 94.101.187.85 
TUSER2 94.101.187.85 
IT 94.101.187.85 
REMOTO 94.101.187.85 
FTPUSER 94.101.187.85 
MARKETING 94.101.187.85 
MARIA 94.101.187.85 
MANAGER 94.101.187.85 
LOGMEINREMOTEUSER 94.101.187.85 
DANIEL 94.101.187.85 
COPIER 94.101.187.85 
123 94.101.187.85 
RECEPCION 94.101.187.85 
SHOP 94.101.187.85 
TECH 94.101.187.85 
ACCUEIL 94.101.187.85 
SOPORTE 94.101.187.85 
AUDIT 94.101.187.85 
BACKUPEXEC 94.101.187.85 
SHIPPING 94.101.187.85 
MICHELLE 94.101.187.85 
SHARE 94.101.187.85 
FAX 94.101.187.85 
ANDREA 94.101.187.85 
SQLSERVICE 94.101.187.85 
TEST3 94.101.187.85 
TESTER 94.101.187.85 
CONFERENCE 94.101.187.85 
ALEX 94.101.187.85 
LAB 94.101.187.85 
TESTUSER1 94.101.187.85 
CONTABILIDAD 94.101.187.85 
SHYANNE 94.101.187.85 
AUDITOR 94.101.187.85 
KASSA 94.101.187.85 
OFFICE2 94.101.187.85 
FRONTDESK 94.101.187.85 
BOARDROOM 94.101.187.85 
2 94.101.187.85 
USUARIO1 94.101.187.85 
KEVIN 94.101.187.85 
ORACLE 94.101.187.85 
MEDIA 94.101.187.85 
OPERATOR 94.101.187.85 
HP 94.101.187.85 
ANGELA 94.101.187.85 
ROOT 94.101.187.85 
ACCOUNTING 94.101.187.85 
MARK 94.101.187.85 
SMART 94.101.187.85 
SCANUSER 94.101.187.85 
FINANCE 94.101.187.85 
NOMAN 94.101.187.85 
MEETING 94.101.187.85 
TONY 94.101.187.85 
FILOMENA 81.45.139.22 
MICHAEL 94.101.187.85 
SYSADMIN 94.101.187.85 
BACKUPADMIN 94.101.187.85 
TUSER 94.101.187.85 
LABORATORIO 94.101.187.85 
USER6 94.101.187.85 
PAYROLL 94.101.187.85 
INTERN 94.101.187.85 
SARA 94.101.187.85 
FTP 94.101.187.85 
STORES 94.101.187.85 
PAUL 94.101.187.85 
ACRONIS 94.101.187.85 
GUEST1 94.101.187.85 
CARLOS 94.101.187.85 
SECURITY 94.101.187.85 
PRODUCTION 94.101.187.85 
USER03 94.101.187.85 
C 94.101.187.85 
PETER 94.101.187.85 
VISITOR 94.101.187.85 
USER10 94.101.187.85 
T1 94.101.187.85 
LIBRARY 94.101.187.85 
DIRECCION 94.101.187.85 
CITRIX 94.101.187.85 
SHOWROOM 94.101.187.85 
KIOSK 94.101.187.85 
USUARIO2 94.101.187.85 
ANDRE 94.101.187.85 
JSMITH 94.101.187.85 
ANA 94.101.187.85 
INTERNET 94.101.187.85 
GUARD 94.101.187.85 
PRAXIS 94.101.187.85 
TEST01 94.101.187.85 
ALMACEN 94.101.187.85 
SQL 94.101.187.85 
TEST123 94.101.187.85 
TESTING 94.101.187.85 
UTENTE 94.101.187.85 
ITADMIN 94.101.187.85 
CAMERAS 94.101.187.85 
PONTO 94.101.187.85 
SANDRA 94.101.187.85 
VIDEO 94.101.187.85 
LOCALADMIN 94.101.187.85 
PC1 94.101.187.85 
TUSER1 94.101.187.85 
PRAKTIKANT 94.101.187.85 
BILLING 94.101.187.85 
CAP 94.101.187.85 
MAINTENANCE 94.101.187.85 
SQLUSER 94.101.187.85 
BESADMIN 94.101.187.85 
PATRICIA 94.101.187.85 
VOICEMAIL 94.101.187.85 
3 94.101.187.85 
KAREN 94.101.187.85 
MCAFEE 94.101.187.85 
TESTUSER 94.101.187.85 
KASSE 94.101.187.85 
MASTER 94.101.187.85 
RAFAEL 94.101.187.85 
SAM 94.101.187.85 
MARIO 94.101.187.85 
PAULA 94.101.187.85 
SUPORTE 94.101.187.85 
ESCANER 94.101.187.85 
SPADMIN 94.101.187.85 
ANDREW 94.101.187.85 
BROTHER 94.101.187.85 
JENNY 94.101.187.85 
USER7 94.101.187.85 
JENNIFER 94.101.187.85 
SETUP 94.101.187.85 
OFFICEON 94.101.187.85 
KONICA 94.101.187.85 
JAMES 94.101.187.85 
JASON 94.101.187.85 
USER8 94.101.187.85 
Test 193.142.146.231 
STEVE 94.101.187.85 
IVAN 94.101.187.85 
DIRECTION 94.101.187.85 
ITSUPPORT 94.101.187.85 
FINLEY 81.45.139.22 
ACCOUNT 94.101.187.85 
LINDA 94.101.187.85 
REMOTE1 94.101.187.85 
PASHA 51.159.103.25 
BRIAN 94.101.187.85 
TERMINAL1 94.101.187.85 
JEFF 94.101.187.85 
PAULO 94.101.187.85 
SERVIDOR 94.101.187.85 
WORKSHOP 94.101.187.85 
SHAREPOINT 94.101.187.85 
EXCHADMIN 94.101.187.85 
CONTABILIDADE 94.101.187.85 
DISPATCH 94.101.187.85 
COMPTA 94.101.187.85 
EXCHANGE 94.101.187.85 
ADM 94.101.187.85 
RUSSELL 94.101.187.85 
VANESSA 94.101.187.85 
OPERATIONS 94.101.187.85 
GARY 94.101.187.85 
CARLA 94.101.187.85 
TRAINING2 94.101.187.85 
USER04 94.101.187.85 
ACCOUNTS2 94.101.187.85 
STORE 94.101.187.85 
SQLSERVER 94.101.187.85 
TEMPUSER 94.101.187.85 
ARODRIGUEZ 94.101.187.85 
SHARP 94.101.187.85 
VOLUNTEER 94.101.187.85 
RECEPTIONIST 94.101.187.85 
LISA 94.101.187.85 
INSTALLER 94.101.187.85 
WEBUSER 94.101.187.85 
TIMECLOCK 94.101.187.85 
CAROL 94.101.187.85 
TESTADMIN 94.101.187.85 
RICHARD 94.101.187.85 
ROBERT 94.101.187.85 
VAGRANT 94.101.187.85 
ECOPY 94.101.187.85 
SA 94.101.187.85 
FINN 81.45.139.22 
TS1 94.101.187.85 
PLEX 94.101.187.85 
HOME 94.101.187.85 
FAMILY 94.101.187.85 
KRAFT 94.101.187.85 
OMAR 94.101.187.85 
SUPERVISOR 94.101.187.85 
NANCY 94.101.187.85 
COMPRAS 94.101.187.85 
PATRICK 94.101.187.85 
TABLET 94.101.187.85 
SISTEMAS 94.101.187.85 
RICARDO 94.101.187.85 
CACHE 94.101.187.85 
USER11 94.101.187.85 
TERMINAL 94.101.187.85 
VERITAS 94.101.187.85 
WEBMASTER 94.101.187.85 
MONITOR 94.101.187.85 
TRAINER 94.101.187.85 
ROSE 94.101.187.85 
DIEGO 94.101.187.85 
SERVICEDESK 94.101.187.85 
MAILROOM 94.101.187.85 
VISITANTE 94.101.187.85 
SHARON 94.101.187.85 
GRACE 94.101.187.85 
CONFERENCEROOM 94.101.187.85 
KODI 94.101.187.85 
STUDENT1 94.101.187.85 
TECHNIQUE 94.101.187.85 
111 94.101.187.85 
PURCHASING 94.101.187.85 
ADMIN01 94.101.187.85 
MSTEST 94.101.187.85 
ATELIER 94.101.187.85 
JUAN 94.101.187.85 
MATT 94.101.187.85 
TIM 94.101.187.85 
ERIC 94.101.187.85 
STOCK 94.101.187.85 
CNC 94.101.187.85 
NICK 94.101.187.85 
FIONA 81.45.139.22 
RDP 94.101.187.85 
ANDY 94.101.187.85 
TESTUSER2 94.101.187.85 
ERICA 94.101.187.85 
POS1 94.101.187.85 
TEACHER 94.101.187.85 
MARCO 94.101.187.85 
PUBLIC 94.101.187.85 
LABEL 94.101.187.85 
SQLSVC 94.101.187.85 
BOB 94.101.187.85 
SALES1 94.101.187.85 
PC2 94.101.187.85 
REPORTS 94.101.187.85 
CCTV 94.101.187.85 
FRED 94.101.187.85 
AUDITOR1 94.101.187.85 
CAMERA 94.101.187.85 
JEAN 94.101.187.85 
DAVE 94.101.187.85 
TEMP1 94.101.187.85 
RYAN 94.101.187.85 
AMANDA 94.101.187.85 
JOBS 94.101.187.85 
GREG 94.101.187.85 
MARIANA 94.101.187.85 
MARIE 94.101.187.85 
USER9 94.101.187.85 
IMRAN 94.101.187.85 
MARTIN 94.101.187.85 
REMOTO2 94.101.187.85 
JRODRIGUEZ 94.101.187.85 
TERMINAL2 94.101.187.85 
CONTACT 94.101.187.85 
QUALITY 94.101.187.85 
JULIE 94.101.187.85 
SIMON 94.101.187.85 
BILL 94.101.187.85 
TOM 94.101.187.85 
DENTAL 94.101.187.85 
AGNES 94.101.187.85 
MAC 94.101.187.85 
FLAIRE 81.45.139.22 
MONICA 94.101.187.85 
CLIENT 94.101.187.85 
TOSHIBA 94.101.187.85 
RDPTEST 94.101.187.85 
I 94.101.187.85 
TRAINING3 94.101.187.85 
SERGIO 94.101.187.85 
EVA 94.101.187.85 
NICOLE 94.101.187.85 
DELTEKVISION 94.101.187.85 
MA 94.101.187.85 
RECEIVING 94.101.187.85 
Q 94.101.187.85 
DEV 94.101.187.85 
MARY 94.101.187.85 
ADAM 94.101.187.85 
ORDERS 94.101.187.85 
KL 94.101.187.85 
BRUNO 94.101.187.85 
WENDY 94.101.187.85 
STUDENT2 94.101.187.85 
SEAN 94.101.187.85 
DEVELOPER 94.101.187.85 
JOE 94.101.187.85 
LASER 94.101.187.85 
SUSAN 94.101.187.85 
4 94.101.187.85 
USER05 94.101.187.85 
SARAH 94.101.187.85 
IMPRESSORA 94.101.187.85 
MHERNANDEZ 94.101.187.85 
CAIXA 94.101.187.85 
HELP 94.101.187.85 
EVENTS 94.101.187.85 
SAGE 94.101.187.85 
BACKUPUSER 94.101.187.85 
IRIS 94.101.187.85 
USER12 94.101.187.85 
CLAUDIA 94.101.187.85 
BIBLIOTECA 94.101.187.85 
LAGER 94.101.187.85 
DGARCIA 94.101.187.85 
FLASHCOM 81.45.139.22 
INFORMIX 94.101.187.85 
SPARE 94.101.187.85 
WKRADAR 94.101.187.85 
VISION 94.101.187.85 
BLOOMBERG 94.101.187.85 
PHARMACY 94.101.187.85 
TEMP2 94.101.187.85 
VPNUSER 94.101.187.85 
USER13 94.101.187.85 
NOREPLY 94.101.187.85 
COPIEUR 94.101.187.85 
PLOTTER 94.101.187.85 
MELISSA 94.101.187.85 
FRANK 94.101.187.85 
DANIELA 94.101.187.85 
1234 94.101.187.85 
TERRY 94.101.187.85 
POS2 94.101.187.85 
JLOPEZ 94.101.187.85 
ANTHONY 94.101.187.85 
TECNICO 94.101.187.85 
ANITA 94.101.187.85 
ALAN 94.101.187.85 
RODRIGO 94.101.187.85 
LUIS 94.101.187.85 
WERKSTATT 94.101.187.85 
JUSTIN 94.101.187.85 
CHARLES 94.101.187.85 
TRAIN 94.101.187.85 
JMARTINEZ 94.101.187.85 
FINANCEIRO 94.101.187.85 
COUNTER 94.101.187.85 
NURSE 94.101.187.85 
INNA 51.159.103.25 
SPICEWORKS 94.101.187.85 
PATCH 94.101.187.85 
REMOTE2 94.101.187.85 
CONSULTA 94.101.187.85 
ASHLEY 94.101.187.85 
INVITE 94.101.187.85 
ACCOUNTANT 94.101.187.85 
JONATHAN 94.101.187.85 
ADMINISTRATOR 94.101.187.85 
ROB 94.101.187.85 
FLEER 81.45.139.22 
STEPHANIE 94.101.187.85 
OFFICE1 94.101.187.85 
CATHY 94.101.187.85 
ALI 94.101.187.85 
JOEL 94.101.187.85 
ANNA 94.101.187.85 
ARCSERVE 94.101.187.85 
SCANNING 94.101.187.85 
MC 94.101.187.85 
JTAYLOR 94.101.187.85 
USER08 94.101.187.85 
KYOCERA 94.101.187.85 
VENTAS2 94.101.187.85 
KRONOS 94.101.187.85 
BEN 94.101.187.85 
SALES2 94.101.187.85 
KELLY 94.101.187.85 
HARRY 94.101.187.85 
SYMANTEC 94.101.187.85 
FERNANDO 94.101.187.85 
COMPTA2 94.101.187.85 
WEB 94.101.187.85 
ENGINEER 94.101.187.85 
FORMATION 94.101.187.85 
IPAD 94.101.187.85 
ST 94.101.187.85 
NMARTINEZ 94.101.187.85 
TEMPLATE 94.101.187.85 
PDA1 94.101.187.85 
VENTAS 94.101.187.85 
ALICE 94.101.187.85 
SKYPE 94.101.187.85 
DEMO1 94.101.187.85 
VENTAS1 94.101.187.85 
CAM 94.101.187.85 
SCANNER2 94.101.187.85 
CHRISTINE 94.101.187.85 
REUNION 94.101.187.85 
GERENCIA 94.101.187.85 
VM 94.101.187.85 
JACK 94.101.187.85 
MGONZALEZ 94.101.187.85 
KEN 94.101.187.85 
FLEUR 81.45.139.22 
WASADMIN 94.101.187.85 
CWILLIAMS 94.101.187.85 
PRESS 94.101.187.85 
DWILLIAMS 94.101.187.85 
JIM 94.101.187.85 
MARINA 94.101.187.85 
JR 94.101.187.85 
PARTS 94.101.187.85 
JORGE 94.101.187.85 
VEEAM 94.101.187.85 
AHMED 94.101.187.85 
TEST12 94.101.187.85 
BRENDA 94.101.187.85 
X 94.101.187.85 
VPNTEST 94.101.187.85 
DEBBIE 94.101.187.85 
GUEST2 94.101.187.85 
CONTA2 94.101.187.85 
VIRGINIE 94.101.187.85 
TEST4 94.101.187.85 
VMWARE 94.101.187.85 
TREINAMENTO 94.101.187.85 
MLOPEZ 94.101.187.85 
LAB1 94.101.187.85 
VICTOR 94.101.187.85 
GEORGE 94.101.187.85 
VENTAS3 94.101.187.85 
PYOUNG 94.101.187.85 
SOFTLINE 94.101.187.85 
EDUCATION 94.101.187.85 
MJACKSON 94.101.187.85 
HELEN 94.101.187.85 
POSUSER 94.101.187.85 
PEDRO 94.101.187.85 
JPEREZ 94.101.187.85 
MRODRIGUEZ 94.101.187.85 
SCHULUNG 94.101.187.85 
DANNY 94.101.187.85 
ESTOQUE 94.101.187.85 
JULIA 94.101.187.85 
STEVEN 94.101.187.85 
DIANA 94.101.187.85 
QUICKBOOKS 94.101.187.85 
LEE 94.101.187.85 
OFICINA 94.101.187.85 
PACS 94.101.187.85 
RA 94.101.187.85 
VICTORIA 94.101.187.85 
LDAP 94.101.187.85 
ELVIRA 51.159.103.25 
HTPC 94.101.187.85 
GENERAL 94.101.187.85 
THOMAS 94.101.187.85 
SALES3 94.101.187.85 
M1 94.101.187.85 
GUESTUSER 94.101.187.85 
DOCTOR 94.101.187.85 
JBROWN 94.101.187.85 
SCADMIN 94.101.187.85 
SABRINA 94.101.187.85 
ELOPEZ 94.101.187.85 
CLAUDIO 94.101.187.85 
CLAZAR 94.101.187.85 
123456 94.101.187.85 
AJOHNSON 94.101.187.85 
RHERNANDEZ 94.101.187.85 
CASHIER 94.101.187.85 
JJOHNSON 94.101.187.85 
DAN 94.101.187.85 
CONTROL 94.101.187.85 
CONNECT 94.101.187.85 
IMPRESORA 94.101.187.85 
GIGI 94.101.187.85 
JHERNANDEZ 94.101.187.85 
SIGNATURE 94.101.187.85 
CESAR 94.101.187.85 
ASPNET 94.101.187.85 
SCVMMADMIN 94.101.187.85 
ABC 94.101.187.85 
SHABBIR 94.101.187.85 
CR 94.101.187.85 
ROGER 94.101.187.85 
INTERVIEW 94.101.187.85 
KATHY 94.101.187.85 
R1 94.101.187.85 
SPAM 94.101.187.85 
FLOOR 81.45.139.22 
EMILLER 94.101.187.85 
AP 94.101.187.85 
CUSTOMERSERVICE 94.101.187.85 
OMEGA 94.101.187.85 
ELIZABETH 94.101.187.85 
RESPALDO 94.101.187.85 
XEROXSCAN 94.101.187.85 
MD 94.101.187.85 
USECRIT 94.101.187.85 
BARBARA 94.101.187.85 
MMARTINEZ 94.101.187.85 
MOBILE 94.101.187.85 
SERVICES 94.101.187.85 
MEDREC 94.101.187.85 
PLAYER 94.101.187.85 
JOSH 94.101.187.85 
KITCHEN 94.101.187.85 
EMMA 94.101.187.85 
CHECKIN 94.101.187.85 
PRINTUSER 94.101.187.85 
ERP 94.101.187.85 
INGRES 94.101.187.85 
SQLEXEC 94.101.187.85 
ADMINISTRACION 94.101.187.85 
RECEPTION2 94.101.187.85 
LOCALUSER 94.101.187.85 
UTENTE1 94.101.187.85 
SHIP 94.101.187.85 
STUDIO 94.101.187.85 
CINDY 94.101.187.85 
CROBERTSON 94.101.187.85 
RITA 94.101.187.85 
GESTION 94.101.187.85 
BRAD 94.101.187.85 
SQLAGENT 94.101.187.85 
PRTG 94.101.187.85 
MICROS 94.101.187.85 
LUCAS 94.101.187.85 
SBROWN 94.101.187.85 
EDI 94.101.187.85 
CONFROOM 94.101.187.85 
SAP 94.101.187.85 
FLOORTJE 81.45.139.22 
DFLORES 94.101.187.85 
QA 94.101.187.85 
TV 94.101.187.85 
VINCENT 94.101.187.85 
LEONARDO 94.101.187.85 
PRESENTATION 94.101.187.85 
ROBIN 94.101.187.85 
FABIO 94.101.187.85 
CSIMMONS 94.101.187.85 
CLAIRE 94.101.187.85 
CRISTINA 94.101.187.85 
INVENTORY 94.101.187.85 
BKADMIN 94.101.187.85 
TS2 94.101.187.85 
TRAIN2 94.101.187.85 
DENNIS 94.101.187.85 
COMERCIAL 94.101.187.85 
CRAIG 94.101.187.85 
RX1 94.101.187.85 
NTHOMAS 94.101.187.85 
VALERIE 94.101.187.85 
FRONT 94.101.187.85 
MASHA 51.159.103.25 
K2 94.101.187.85 
MSANCHEZ 94.101.187.85 
EXADMIN 94.101.187.85 
NAS 94.101.187.85 
INTERN1 94.101.187.85 
ALOPEZ 94.101.187.85 
SANDY 94.101.187.85 
SONIA 94.101.187.85 
SAFETY 94.101.187.85 
REBECCA 94.101.187.85 
WILLIAM 94.101.187.85 
RECEPCAO 94.101.187.85 
CONF 94.101.187.85 
BARCODE 94.101.187.85 
WORK 94.101.187.85 
SNELSON 94.101.187.85 
UTILISATEUR 94.101.187.85 
LOGISTICA 94.101.187.85 
RICK 94.101.187.85 
GUEST01 94.101.187.85 
BEST 94.101.187.85 
FLORA 81.45.139.22 
LMILLER 94.101.187.85 
UPDATE 94.101.187.85 
JULIO 94.101.187.85 
RADIO 94.101.187.85 
RACHEL 94.101.187.85 
CALLCENTER 94.101.187.85 
JMILLER 94.101.187.85 
ALUMNO 94.101.187.85 
TWALKER 94.101.187.85 
VENDAS 94.101.187.85 
INTERN2 94.101.187.85 
FACTURACION 94.101.187.85 
CONTADOR 94.101.187.85 
MARCOS 94.101.187.85 
FHARRIS 94.101.187.85 
CS 94.101.187.85 
NICOLAS 94.101.187.85 
EXAM 94.101.187.85 
FREEMAN 94.101.187.85 
1111 94.101.187.85 
DTHOMPSON 94.101.187.85 
R2 94.101.187.85 
GERBER 94.101.187.85 
SERVICE 94.101.187.85 
JSANCHEZ 94.101.187.85 
FEDEX 94.101.187.85 
BARRA 94.101.187.85 
COMMERCIAL 94.101.187.85 
SILVIA 94.101.187.85 
RTCSERVICE 94.101.187.85 
TS01 94.101.187.85 
AGENT 94.101.187.85 
ALICIA 94.101.187.85 
DENISE 94.101.187.85 
TALLER 94.101.187.85 
APEREZ 94.101.187.85 
SKING 94.101.187.85 
NET 94.101.187.85 
JACKIE 94.101.187.85 
TEST5 94.101.187.85 
BMS 94.101.187.85 
KENNY 94.101.187.85 
FLORE 81.45.139.22 
BRANDON 94.101.187.85 
WAYNE 94.101.187.85 
DYOUNG 94.101.187.85 
PROJECTOR 94.101.187.85 
ANGEL 94.101.187.85 
PCUSER 94.101.187.85 
PRUEBAS 94.101.187.85 
DDIXON 94.101.187.85 
CJONES 94.101.187.85 
JAY 94.101.187.85 
GDAVIS 94.101.187.85 
HVAC 94.101.187.85 
SUPER 94.101.187.85 
CAD 94.101.187.85 
LCOX 94.101.187.85 
KIM 94.101.187.85 
CMARTINEZ 94.101.187.85 
MSMITH 94.101.187.85 
PRODUCCION 94.101.187.85 
TS 94.101.187.85 
XPMUSER 94.101.187.85 
PROD 94.101.187.85 
ROBERTO 94.101.187.85 
SERVICE1 94.101.187.85 
JANET 94.101.187.85 
CISCO 94.101.187.85 
SSMITH 94.101.187.85 
CHARLIE 94.101.187.85 
JOURNAL 94.101.187.85 
ANWENDER 94.101.187.85 
COORDINACION 94.101.187.85 
EMARTINEZ 94.101.187.85 
AMS 94.101.187.85 
CLUSTER 94.101.187.85 
PURCHASE 94.101.187.85 
MIGUEL 94.101.187.85 
KWARD 94.101.187.85 
EGOR 51.159.103.25 
CHOWARD 94.101.187.85 
NATALIA 94.101.187.85 
PEGGY 94.101.187.85 
VROBERTS 94.101.187.85 
CMATTHEWS 94.101.187.85 
BB 94.101.187.85 
PC4 94.101.187.85 
JAVIER 94.101.187.85 
FARMACIA 94.101.187.85 
STUDENT4 94.101.187.85 
ISABEL 94.101.187.85 
IAN 94.101.187.85 
TABLET1 94.101.187.85 
AGARCIA 94.101.187.85 
TWILLIAMS 94.101.187.85 
NOC 94.101.187.85 
MUSIC 94.101.187.85 
SWILLIAMS 94.101.187.85 
MAINT 94.101.187.85 
JON 94.101.187.85 
SD 94.101.187.85 
SCANNER1 94.101.187.85 
CAISSE 94.101.187.85 
AMY 94.101.187.85 
XAVIER 94.101.187.85 
SIEMENS 94.101.187.85 
STEPHEN 94.101.187.85 
PORTABLE 94.101.187.85 
RAQUEL 94.101.187.85 
ROSA 94.101.187.85 
MEDICOS 94.101.187.85 
JGARCIA 94.101.187.85 
CT 94.101.187.85 
MGOLDMAN 94.101.187.85 
SPFARM 94.101.187.85 
CAREERS 94.101.187.85 
DOUG 94.101.187.85 
OSCAR 94.101.187.85 
LAUREN 94.101.187.85 
MKT 94.101.187.85 
REMOTE3 94.101.187.85 
CGARCIA 94.101.187.85 
PHIL 94.101.187.85 
ANTONIO 94.101.187.85 
TINA 94.101.187.85 
SWEEPUPD 94.101.187.85 
DSSERVICEUSER 94.101.187.85 
JJONES 94.101.187.85 
ARCHIVE 94.101.187.85 
FLORENTIA 81.45.139.22 
WSSADMIN 94.101.187.85 
JFLORES 94.101.187.85 
DATA 94.101.187.85 
JRAMIREZ 94.101.187.85 
AARON 94.101.187.85 
OWNCLOUD 94.101.187.85 
BACKOFFICE 94.101.187.85 
SPEREZ 94.101.187.85 
STAGE 94.101.187.85 
KARLA 94.101.187.85 
FELIPE 94.101.187.85 
LILY 94.101.187.85 
TRACY 94.101.187.85 
BUCHHALTUNG 94.101.187.85 
U1 94.101.187.85 
MARTA 94.101.187.85 
LUPDATE 94.101.187.85 
TESTACCOUNT 94.101.187.85 
DWEST 94.101.187.85 
ENQUIRIES 94.101.187.85 
LEO 94.101.187.85 
KATIE 94.101.187.85 
13 94.101.187.85 
MRAMIREZ 94.101.187.85 
SEC 94.101.187.85 
CHRISTIAN 94.101.187.85 
SCAN2 94.101.187.85 
SCHEDULER 94.101.187.85 
DOC 94.101.187.85 
RBROWN 94.101.187.85 
SHIRLEY 94.101.187.85 
SYS 94.101.187.85 
CLOPEZ 94.101.187.85 
ARAMIREZ 94.101.187.85 
TRICHARDSON 94.101.187.85 
CAFE 94.101.187.85 
MPHILLIPS 94.101.187.85 
MAIL 94.101.187.85 
PAM 94.101.187.85 
SCOTT 94.101.187.85 
AWHITE 94.101.187.85 
SB 94.101.187.85 
FLORENTIJN 81.45.139.22 
CALENDAR 94.101.187.85 
AMARTINEZ 94.101.187.85 
HENRY 94.101.187.85 
RENE 94.101.187.85 
JAN 94.101.187.85 
LABUSER 94.101.187.85 
EDUARDO 94.101.187.85 
B 94.101.187.85 
EXTRA 94.101.187.85 
AUDIT1 94.101.187.85 
SCCMADMIN 94.101.187.85 
GLPI 94.101.187.85 
CSMITH 94.101.187.85 
STANDARD 94.101.187.85 
KOLB 94.101.187.85 
USER14 94.101.187.85 
JACOB 94.101.187.85 
MPEREZ 94.101.187.85 
RECEPTION1 94.101.187.85 
USER 94.101.187.85 
VCENTER 94.101.187.85 
DUMMY 94.101.187.85 
JANDERSON 94.101.187.85 
RUBEN 94.101.187.85 
PASTEL 94.101.187.85 
DBAGENT 94.101.187.85 
LABO 94.101.187.85 
PORTARIA 94.101.187.85 
RALPH 94.101.187.85 
TJOHNSON 94.101.187.85 
ZEIT 94.101.187.85 
E1DBUSER 94.101.187.85 
5 94.101.187.85 
NICO 94.101.187.85 
ADRIANA 94.101.187.85 
MEETINGROOM 94.101.187.85 
STAN 94.101.187.85 
TEMPO 94.101.187.85 
BRYAN 94.101.187.85 
CAJA2 94.101.187.85 
MAS 94.101.187.85 
ALESSANDRA 94.101.187.85 
DJ 94.101.187.85 
FLORENTINA 81.45.139.22 
ASMITH 94.101.187.85 
PHONE 94.101.187.85 
ERIKA 94.101.187.85 
CARBONITEUSER 94.101.187.85 
NOTEBOOK 94.101.187.85 
TADMIN 94.101.187.85 
DISPLAY 94.101.187.85 
SCANER 94.101.187.85 
MS 94.101.187.85 
NEWSLETTER 94.101.187.85 
MOBILE2 94.101.187.85 
STUDENT3 94.101.187.85 
PROJECT 94.101.187.85 
LEON 94.101.187.85 
LSANCHEZ 94.101.187.85 
MICHEL 94.101.187.85 
MARC 94.101.187.85 
LRODRIGUEZ 94.101.187.85 
SAMANTHA 94.101.187.85 
CRYSTAL 94.101.187.85 
ASISTENTE 94.101.187.85 
STEFAN 94.101.187.85 
D 94.101.187.85 
COLETOR 94.101.187.85 
INVOICES 94.101.187.85 
JDOE 94.101.187.85 
SURVEY 94.101.187.85 
WINDOWS 94.101.187.85 
MINECRAFT 94.101.187.85 
DENIS 94.101.187.85 
CHERYL 94.101.187.85 
DEPLOY 94.101.187.85 
GUSTAVO 94.101.187.85 
TS3 94.101.187.85 
WIN7 94.101.187.85 
MJONES 94.101.187.85 
SHOP1 94.101.187.85 
DEMO2 94.101.187.85 
WEBADMIN 94.101.187.85 
SADMIN 94.101.187.85 
MOVIL 94.101.187.85 
MIGRATION 94.101.187.85 
COMPASS 94.101.187.85 
FLORENTINUS 81.45.139.22 
MARCIA 94.101.187.85 
SHANNON 94.101.187.85 
SJOHNSON 94.101.187.85 
TRAINEE 94.101.187.85 
KAMAL 94.101.187.85 
RESUME 94.101.187.85 
MARCELO 94.101.187.85 
RDPUSER 94.101.187.85 
XRAY 94.101.187.85 
SECRETARIAT 94.101.187.85 
GAMROOT 94.101.187.85 
STEFFEN 94.101.187.85 
PROFIT 94.101.187.85 
JJACKSON 94.101.187.85 
NAMED 94.101.187.85 
CW 94.101.187.85 
JANE 94.101.187.85 
FAXSERVER 94.101.187.85 
IMS 94.101.187.85 
ERGO 94.101.187.85 
LENOVO 94.101.187.85 
CUSTOMER 94.101.187.85 
KASSA 51.159.103.25 
ADMINTEMP 94.101.187.85 
SECRETARIA 94.101.187.85 
REMOTE01 94.101.187.85 
FERNANDA 94.101.187.85 
MOHAMED 94.101.187.85 
DEFAULTACCOUNT 94.101.187.85 
JGOMEZ 94.101.187.85 
ELENA 94.101.187.85 
PRIMAVERA 94.101.187.85 
TSMITH 94.101.187.85 
CAROOT 94.101.187.85 
EMILY 94.101.187.85 
ANNE 94.101.187.85 
JMARTIN 94.101.187.85 
VIRUS 94.101.187.85 
IMAGING 94.101.187.85 
ALPHA 94.101.187.85 
RCLARK 94.101.187.85 
FGARCIA 94.101.187.85 
MAGAZZINO 94.101.187.85 
FLORENTIUS 81.45.139.22 
GARAGE 94.101.187.85 
SUPPLY 94.101.187.85 
SJACKSON 94.101.187.85 
ONLINE 94.101.187.85 
ASANCHEZ 94.101.187.85 
BIZHUB 94.101.187.85 
AR 94.101.187.85 
PLASMA 94.101.187.85 
TFSSERVICE 94.101.187.85 
DARREN 94.101.187.85 
MEGAN 94.101.187.85 
VIVIAN 94.101.187.85 
TERM1 94.101.187.85 
SOCIAL 94.101.187.85 
OSMC 94.101.187.85 
CONTA 94.101.187.85 
LYNN 94.101.187.85 
U2 94.101.187.85 
STAR 94.101.187.85 
GHOST 94.101.187.85 
JOSEPH 94.101.187.85 
AMILLER 94.101.187.85 
TRANSPORT 94.101.187.85 
PAT 94.101.187.85 
EXAM1 94.101.187.85 
EMPFANG 94.101.187.85 
JMORALES 94.101.187.85 
SHAHID 94.101.187.85 
NORMAN 94.101.187.85 
SCANSIONI 94.101.187.85 
RECOVERY 94.101.187.85 
CC 94.101.187.85 
PLOPEZ 94.101.187.85 
TRIAL 94.101.187.85 
ACCESS 94.101.187.85 
IMC 94.101.187.85 
SEGURIDAD 94.101.187.85 
LOJA 94.101.187.85 
CS1 94.101.187.85 
PATROL 94.101.187.85 
VICKY 94.101.187.85 
CAJA 94.101.187.85 
MECHANIC 94.101.187.85 
LWALKER 94.101.187.85 
KM 94.101.187.85 
JDIAZ 94.101.187.85 
VIGILANCIA 94.101.187.85 
MAX 94.101.187.85 
DOMAIN 94.101.187.85 
RAJESH 94.101.187.85 
JO 94.101.187.85 
FIN 94.101.187.85 
DEAN 94.101.187.85 
ERODRIGUEZ 94.101.187.85 
CCC 94.101.187.85 
SALES4 94.101.187.85 
PUESTO051 94.101.187.85 
EXMERGE 94.101.187.85 
APACHE 94.101.187.85 
MBROWN 94.101.187.85 
EMPLOYMENT 94.101.187.85 
PRUEFER 94.101.187.85 
PALOMA 94.101.187.85 
REPORT 94.101.187.85 
DORA 94.101.187.85 
MICHAELA 94.101.187.85 
COMPRAS2 94.101.187.85 
KUECHE 94.101.187.85 
SICHERUNG 94.101.187.85 
PIERRE 94.101.187.85 
RCS 94.101.187.85 
JGONZALEZ 94.101.187.85 
CARMEN 94.101.187.85 
ESANCHEZ 94.101.187.85 
RESEARCH 94.101.187.85 
SHUTDOWN 94.101.187.85 
ALBERT 94.101.187.85 
LANIER 94.101.187.85 
THORSTEN 94.101.187.85 
AUDIO 94.101.187.85 
CMILLER 94.101.187.85 
FLORIST 94.101.187.85 
NATHAN 94.101.187.85 
TECH1 94.101.187.85 
SGARCIA 94.101.187.85 
CLUADMIN 94.101.187.85 
NEW 94.101.187.85 
POSTO 94.101.187.85 
10 94.101.187.85 
XX 94.101.187.85 
DEPOSITO 94.101.187.85 
KEITH 94.101.187.85 
TUSER4 94.101.187.85 
ACC 94.101.187.85 
SUE 94.101.187.85 
AHERNANDEZ 94.101.187.85 
IMPORT 94.101.187.85 
AMD 94.101.187.85 
GM 94.101.187.85 
MINOLTA 94.101.187.85 
ROOM3 94.101.187.85 
SOFTWARE 94.101.187.85 
BORIS 94.101.187.85 
GABRIEL 94.101.187.85 
MWILLIAMS 94.101.187.85 
OPUS 94.101.187.85 
STAGIAIRE1 94.101.187.85 
PRAVEEN 94.101.187.85 
METRO 94.101.187.85 
DIGITAL 94.101.187.85 
GUEST4 94.101.187.85 
FATURAMENTO 94.101.187.85 
ACC2 94.101.187.85 
MARINE 94.101.187.85 
TED 94.101.187.85 
PAULINA 94.101.187.85 
DMILLER 94.101.187.85 
MAIN 94.101.187.85 
STUART 94.101.187.85 
KINGDEE 94.101.187.85 
CATHERINE 94.101.187.85 
REMOTO3 94.101.187.85 
JERRY 94.101.187.85 
CCOLEMAN 94.101.187.85 
K1 94.101.187.85 
FLORIANUS 81.45.139.22 
TECHNICAL 94.101.187.85 
DVR 94.101.187.85 
INTRANET 94.101.187.85 
GERENTE 94.101.187.85 
AA 94.101.187.85 
CBROWN 94.101.187.85 
BEADMIN 94.101.187.85 
JTORRES 94.101.187.85 
MICHELE 94.101.187.85 
KWILLIAMS 94.101.187.85 
REMOTO01 94.101.187.85 
CPEREZ 94.101.187.85 
SAMUEL 94.101.187.85 
PRODUKTION 94.101.187.85 
AD 94.101.187.85 
RETAIL 94.101.187.85 
CALIDAD 94.101.187.85 
TICKET 94.101.187.85 
TASK 94.101.187.85 
MARCIO 94.101.187.85 
TESTVPN 94.101.187.85 
BEA 94.101.187.85 
CANDERSON 94.101.187.85 
DELIVERY 94.101.187.85 
ALLEN 94.101.187.85 
EMPLOYEE 94.101.187.85 
TERESA 94.101.187.85 
AMBER 94.101.187.85 
MGARCIA 94.101.187.85 
BSMITH 94.101.187.85 
SHAREPOINTADMIN 94.101.187.85 
COOK 94.101.187.85 
LAPTOP1 94.101.187.85 
EGONZALEZ 94.101.187.85 
HEATHER 94.101.187.85 
EXPERT 94.101.187.85 
RGARCIA 94.101.187.85 
QAUSER 94.101.187.85 
WORKSTATION 94.101.187.85 
CRMADMIN 94.101.187.85 
RDP1 94.101.187.85 
FLORIEN 81.45.139.22 
ACC1 94.101.187.85 
DBADMIN 94.101.187.85 
RENATA 94.101.187.85 
MM 94.101.187.85 
CONSULTANT 94.101.187.85 
OSPITE 94.101.187.85 
Z 94.101.187.85 
íÄíúüçÄ 51.159.103.25 
JGREEN 94.101.187.85 
RAUL 94.101.187.85 
CMOORE 94.101.187.85 
MONIQUE 94.101.187.85 
12 94.101.187.85 
RDS 94.101.187.85 
LARRY 94.101.187.85 
ADMINUSER 94.101.187.85 
PABLO 94.101.187.85 
RAVI 94.101.187.85 
DOCTORS 94.101.187.85 
SOS 94.101.187.85 
ANTIVIRUS 94.101.187.85 
CYNTHIA 94.101.187.85 
K 94.101.187.85 
AUSHILFE 94.101.187.85 
COMMUNITY 94.101.187.85 
WESLEY 94.101.187.85 
DIRECTOR 94.101.187.85 
CJOHNSON 94.101.187.85 
MEDIFOX 94.101.187.85 
JDAVIS 94.101.187.85 
CSANCHEZ 94.101.187.85 
TROBERTS 94.101.187.85 
FAXUSER 94.101.187.85 
GUEST3 94.101.187.85 
SYSTEM1 94.101.187.85 
BACKUPS 94.101.187.85 
DESIGN 94.101.187.85 
FORUM 94.101.187.85 
REMOTO5 94.101.187.85 
AUDIT2 94.101.187.85 
MAFIS 94.101.187.85 
PC01 94.101.187.85 
MKING 94.101.187.85 
FLORINA 81.45.139.22 
OFICINA2 94.101.187.85 
AMAZON 94.101.187.85 
REMOTO4 94.101.187.85 
TRAINING4 94.101.187.85 
PLCMSPIP 94.101.187.85 
SC 94.101.187.85 
JMOORE 94.101.187.85 
TALLY 94.101.187.85 
MDS 94.101.187.85 
MFP 94.101.187.85 
TEST10 94.101.187.85 
ADMINS 94.101.187.85 
MAGASIN 94.101.187.85 
PRESENTER 94.101.187.85 
BMILLER 94.101.187.85 
LOUIS 94.101.187.85 
JIMMY 94.101.187.85 
AUXILIAR 94.101.187.85 
AIRPRINT 94.101.187.85 
REMOTE4 94.101.187.85 
HANS 94.101.187.85 
SERVER1 94.101.187.85 
JWHITE 94.101.187.85 
BKUPEXEC 94.101.187.85 
MPA 94.101.187.85 
JCRUZ 94.101.187.85 
AWILLIAMS 94.101.187.85 
DANIELLE 94.101.187.85 
RPEREZ 94.101.187.85 
PFSENSE 94.101.187.85 
CONNIE 94.101.187.85 
DEMOUSER 94.101.187.85 
SDAVIS 94.101.187.85 
MAILTEST 94.101.187.85 
JOANA 94.101.187.85 
CHELSEA 94.101.187.85 
LLOPEZ 94.101.187.85 
JHALL 94.101.187.85 
NATALIE 94.101.187.85 
ELISA 94.101.187.85 
CELINE 94.101.187.85 
RM 94.101.187.85 
FLORINE 81.45.139.22 
FRANCO 94.101.187.85 
ALBERTO 94.101.187.85 
RJOHNSON 94.101.187.85 
ANNETTE 94.101.187.85 
DELTEKSERVICEACCOUNT 94.101.187.85 
EXAM3 94.101.187.85 
LIZ 94.101.187.85 
KAI 94.101.187.85 
RD1 94.101.187.85 
SS 94.101.187.85 
TOTO 94.101.187.85 
SHORTCUTS 94.101.187.85 
SHEILA 94.101.187.85 
TERMINAL4 94.101.187.85 
JALVAREZ 94.101.187.85 
TSUSER 94.101.187.85 
SHUGHES 94.101.187.85 
RAHUL 94.101.187.85 
USER06 94.101.187.85 
GENERIC 94.101.187.85 
STAGIAIRE2 94.101.187.85 
TEST8 94.101.187.85 
NOBODY 94.101.187.85 
STATION1 94.101.187.85 
BADMIN 94.101.187.85 
VISOR 94.101.187.85 
WILL 94.101.187.85 
MHALL 94.101.187.85 
SAMPLE 94.101.187.85 
DESPATCH 94.101.187.85 
FATIMA 94.101.187.85 
ANNIE 94.101.187.85 
RMARTINEZ 94.101.187.85 
RIGHTFAXUSER 94.101.187.85 
REPORTING 94.101.187.85 
CALDERA 94.101.187.85 
JWILSON 94.101.187.85 
11 94.101.187.85 
CONSULTOR 94.101.187.85 
SHARED 94.101.187.85 
MG 94.101.187.85 
MK 94.101.187.85 
SONICWALL 94.101.187.85 
FLORINET 81.45.139.22 
JACKY 94.101.187.85 
XXX 94.101.187.85 
TECHSUPPORT 94.101.187.85 
TEST11 94.101.187.85 
ALINE 94.101.187.85 
ESTUDIO 94.101.187.85 
ENGINEERING 94.101.187.85 
EXAM13 94.101.187.85 
WS1 94.101.187.85 
RENDER 94.101.187.85 
FEDERICO 94.101.187.85 
KBROWN 94.101.187.85 
ADMISSIONS 94.101.187.85 
MPARKER 94.101.187.85 
ABID 94.101.187.85 
NEWUSER 94.101.187.85 
DOCSEND 94.101.187.85 
SEAGATE 94.101.187.85 
AGONZALEZ 94.101.187.85 
ACC01 94.101.187.85 
HUMANRESOURCES 94.101.187.85 
ANDI 94.101.187.85 
INDEXER 94.101.187.85 
MILESTONE 94.101.187.85 
BARA 94.101.187.85 
GPEREZ 94.101.187.85 
SPSEARCH 94.101.187.85 
ROSS 94.101.187.85 
IPAD1 94.101.187.85 
ADMIN 94.101.187.85 
MTURNER 94.101.187.85 
ALEE 94.101.187.85 
CWOOD 94.101.187.85 
DMADMIN 94.101.187.85 
ADMISION 94.101.187.85 
MANOJ 94.101.187.85 
CA 94.101.187.85 
SUP890 94.101.187.85 
JGUTIERREZ 94.101.187.85 
WARRANTY 94.101.187.85 
CHRISTINA 94.101.187.85 
TIME 94.101.187.85 
JUDY 94.101.187.85 
NIKKI 94.101.187.85 
MELANIE 94.101.187.85 
3333 94.101.187.85 
ALFRED 94.101.187.85 
CAMILA 94.101.187.85 
ECONNECT 94.101.187.85 
RDIAZ 94.101.187.85 
DHILL 94.101.187.85 
SCANNER3 94.101.187.85 
KANDERSON 94.101.187.85 
AJONES 94.101.187.85 
TRAININGROOM 94.101.187.85 
TRAINING5 94.101.187.85 
S 94.101.187.85 
EMAIL 94.101.187.85 
MNGR 94.101.187.85 
SP_ADMIN 94.101.187.85 
LUCY 94.101.187.85 
AUTOCAD 94.101.187.85 
JROGERS 94.101.187.85 
LGONZALEZ 94.101.187.85 
ACCOUNTS1 94.101.187.85 
USER21 94.101.187.85 
JOYCE 94.101.187.85 
WS11 94.101.187.85 
BOSS 94.101.187.85 
AXADMIN 94.101.187.85 
ELIAS 94.101.187.85 
CGONZALEZ 94.101.187.85 
ED 94.101.187.85 
RANDY 94.101.187.85 
9 94.101.187.85 
DGONZALEZ 94.101.187.85 
CHUCK 94.101.187.85 
SYNC 94.101.187.85 
MIKEM 94.101.187.85 
ACCOUNTANT 51.159.103.25 
NADIA 94.101.187.85 
MORGAN 94.101.187.85 
KK 94.101.187.85 
WS 94.101.187.85 
APPLE 94.101.187.85 
CHS 94.101.187.85 
FLORISOFT 81.45.139.22 
ASSEMBLY 94.101.187.85 
ART 94.101.187.85 
DJONES 94.101.187.85 
ELEE 94.101.187.85 
LGARCIA 94.101.187.85 
SRODRIGUEZ 94.101.187.85 
MWSERVICE 94.101.187.85 
ADMIN3 94.101.187.85 
RS 94.101.187.85 
JEREMY 94.101.187.85 
MDIAZ 94.101.187.85 
CMITCHELL 94.101.187.85 
UTENTE2 94.101.187.85 
SHORETEL 94.101.187.85 
DANI 94.101.187.85 
EXAM2 94.101.187.85 
TANDERSON 94.101.187.85 
FM 94.101.187.85 
SQLSERVICES 94.101.187.85 
T2 94.101.187.85 
APPUSER 94.101.187.85 
GLOBAL 94.101.187.85 
PLANT 94.101.187.85 
DRIVERS 94.101.187.85 
ELAINE 94.101.187.85 
REMOTO6 94.101.187.85 
REMOTO7 94.101.187.85 
NEWS 94.101.187.85 
VOLUNTEERS 94.101.187.85 
PARTAGE 94.101.187.85 
PC04 94.101.187.85 
REMOTE02 94.101.187.85 
NETADMIN 94.101.187.85 
TOMER 94.101.187.85 
KORISNIK 94.101.187.85 
DDIAZ 94.101.187.85 
ARIVERA 94.101.187.85 
MTHOMAS 94.101.187.85 
AZUBI 94.101.187.85 
ANN 94.101.187.85 
HASSAN 94.101.187.85 
SHAWN 94.101.187.85 
PASSWORD 94.101.187.85 
FLYNN 81.45.139.22 
TA 94.101.187.85 
EFLORES 94.101.187.85 
EPEREZ 94.101.187.85 
REN 94.101.187.85 
MAP 94.101.187.85 
TABLET2 94.101.187.85 
PIETER 94.101.187.85 
LINK 94.101.187.85 
ATELIER1 94.101.187.85 
KSMITH 94.101.187.85 
PENNY 94.101.187.85 
SONIC 94.101.187.85 
DESARROLLO 94.101.187.85 
MARGARITA 94.101.187.85 
SWHITE 94.101.187.85 
STATION7 94.101.187.85 
COMM 94.101.187.85 
AAA 94.101.187.85 
LBROWN 94.101.187.85 
PAMELA 94.101.187.85 
BUREAU 94.101.187.85 
BARRACUDA 94.101.187.85 
SECRETARY 94.101.187.85 
DESKTOP 94.101.187.85 
CSUSER 94.101.187.85 
WAREHOUSE1 94.101.187.85 
HANNAH 94.101.187.85 
DEEPAK 94.101.187.85 
WINTHOR 94.101.187.85 
L2 94.101.187.85 
DK 94.101.187.85 
WERKPLAATS 94.101.187.85 
EDGAR 94.101.187.85 
LAUREL 94.101.187.85 
TOTA 94.101.187.85 
SHANE 94.101.187.85 
POSTE1 94.101.187.85 
MWILSON 94.101.187.85 
BJONES 94.101.187.85 
RUTH 94.101.187.85 
TSTEST 94.101.187.85 
PHOTOCOPIER 94.101.187.85 
LORRAINE 94.101.187.85 
EMILIA 94.101.187.85 
ZM 94.101.187.85 
TIENDA 94.101.187.85 
ADRIAN 94.101.187.85 
BACKUPASSIST 94.101.187.85 
JMASON 94.101.187.85 
FOUNDATION 94.101.187.85 
ÖÇÉÖçàü 51.159.103.25 
ROOM4 94.101.187.85 
INTEL 94.101.187.85 
DLOPEZ 94.101.187.85 
RADIO1 94.101.187.85 
SCHEDULE 94.101.187.85 
RICH 94.101.187.85 
MANUEL 94.101.187.85 
COLIN 94.101.187.85 
PP 94.101.187.85 
SLEE 94.101.187.85 
OPENVPMS 94.101.187.85 
ARCGIS 94.101.187.85 
ROOM1 94.101.187.85 
ISAM 94.101.187.85 
MMILLER 94.101.187.85 
MUSTAFA 94.101.187.85 
PRUEBA1 94.101.187.85 
COMMUNICATIONS 94.101.187.85 
OLGA 94.101.187.85 
MLEWIS 94.101.187.85 
DTURNER 94.101.187.85 
DBROWN 94.101.187.85 
JWRIGHT 94.101.187.85 
EGARCIA 94.101.187.85 
ASSISTANT 94.101.187.85 
SSANCHEZ 94.101.187.85 
SCALE 94.101.187.85 
DONNA 94.101.187.85 
SALLY 94.101.187.85 
AMUNOZ 94.101.187.85 
MITARBEITER 94.101.187.85 
BANK 94.101.187.85 
SCAN1 94.101.187.85 
SURESH 94.101.187.85 
JKELLY 94.101.187.85 
HHERNANDEZ 94.101.187.85 
FOLKERT 81.45.139.22 
PRACTICAS 94.101.187.85 
ERIK 94.101.187.85 
LMARTINEZ 94.101.187.85 
NVR 94.101.187.85 
B1 94.101.187.85 
MTORRES 94.101.187.85 
JTHOMPSON 94.101.187.85 
RAY 94.101.187.85 
BAS 94.101.187.85 
MEMBER 94.101.187.85 
DWRIGHT 94.101.187.85 
USER16 94.101.187.85 
JEFFREY 94.101.187.85 
GUILLERMO 94.101.187.85 
NIDEK 94.101.187.85 
MAURO 94.101.187.85 
STUDENTS 94.101.187.85 
VENDAS2 94.101.187.85 
SECRETAIRE 94.101.187.85 
ZENTRALE 94.101.187.85 
KIDS 94.101.187.85 
RLEE 94.101.187.85 
RH 94.101.187.85 
SHIPPING1 94.101.187.85 
MARLENE 94.101.187.85 
THIAGO 94.101.187.85 
BODEGA 94.101.187.85 
PKELLY 94.101.187.85 
THEATRE 94.101.187.85 
LRIVERA 94.101.187.85 
MAGDA 94.101.187.85 
AVAYA 94.101.187.85 
HPSCANNER 94.101.187.85 
HUGO 94.101.187.85 
POSTE4 94.101.187.85 
SPRICE 94.101.187.85 
TAB1 94.101.187.85 
ATORRES 94.101.187.85 
TFSREPORTS 94.101.187.85 
KATE 94.101.187.85 
SHOP2 94.101.187.85 
BALCAO4 94.101.187.85 
CAJA1 94.101.187.85 
ARIF 94.101.187.85 
MARCEL 94.101.187.85 
PR 94.101.187.85 
GIOVANNI 94.101.187.85 
JC 94.101.187.85 
DC 94.101.187.85 
MAYA 94.101.187.85 
CMARTIN 94.101.187.85 
PRTGADMIN 94.101.187.85 
REMOTO8 94.101.187.85 
AUDIT3 94.101.187.85 
AUTOCOUNT 94.101.187.85 
TRAFFIC 94.101.187.85 
SANDEEP 94.101.187.85 
JSTEWART 94.101.187.85 
JCOOPER 94.101.187.85 
FLORENCE 94.101.187.85 
DGS 94.101.187.85 
SQL2008 94.101.187.85 
SCHEDULING 94.101.187.85 
LUCIANO 94.101.187.85 
KANTOOR 94.101.187.85 
OPS 94.101.187.85 
SAMIR 94.101.187.85 
NATA 51.159.103.25 
KCAMPBELL 94.101.187.85 
SERVEUR 94.101.187.85 
VERONICA 94.101.187.85 
CLIENTE 94.101.187.85 
PETE 94.101.187.85 
TEST9 94.101.187.85 
SWADMIN 94.101.187.85 
SUNNY 94.101.187.85 
UTENTE3 94.101.187.85 
AKIRA 94.101.187.85 
SHAUN 94.101.187.85 
LEANDRO 94.101.187.85 
QWERTY 94.101.187.85 
TMP 94.101.187.85 
SMSADMIN 94.101.187.85 
ANKE 94.101.187.85 
ASUS 94.101.187.85 
ARI 94.101.187.85 
JLEE 94.101.187.85 
FORTIGATE 81.45.139.22 
ME 94.101.187.85 
FDIAZ 94.101.187.85 
ISABELLE 94.101.187.85 
GSM 94.101.187.85 
MIS 94.101.187.85 
FACEBOOK 94.101.187.85 
MCE 94.101.187.85 
NADINE 94.101.187.85 
TRANSFER 94.101.187.85 
RTHOMPSON 94.101.187.85 
OLOPEZ 94.101.187.85 
LOGIN 94.101.187.85 
SW 94.101.187.85 
GPTEST 94.101.187.85 
RTEST 94.101.187.85 
TALLEN 94.101.187.85 
SMURPHY 94.101.187.85 
T 94.101.187.85 
HTADMIN 94.101.187.85 
TJACKSON 94.101.187.85 
WEBCAM 94.101.187.85 
STHOMAS 94.101.187.85 
JTHOMAS 94.101.187.85 
RD2 94.101.187.85 
PC3 94.101.187.85 
LAURENT 94.101.187.85 
COPY 94.101.187.85 
LS 94.101.187.85 
MMC 94.101.187.85 
JFISHER 94.101.187.85 
SCADA 94.101.187.85 
TAREK 94.101.187.85 
ALEXANDRE 94.101.187.85 
FISCAL 94.101.187.85 
JOHNR 94.101.187.85 
ACHAVEZ 94.101.187.85 
JOAO 94.101.187.85 
CTHOMPSON 94.101.187.85 
CROBERTS 94.101.187.85 
RECRUITMENT 94.101.187.85 
JBLACK 94.101.187.85 
FARHAN 94.101.187.85 
COMMVAULT 94.101.187.85 
JEROME 94.101.187.85 
ETORRES 94.101.187.85 
RESTORE 94.101.187.85 
PERLA 94.101.187.85 
CHEF 94.101.187.85 
TITO 94.101.187.85 
PHILIP 94.101.187.85 
VJ 94.101.187.85 
FOTO 81.45.139.22 
SOPHIE 94.101.187.85 
MATHEUS 94.101.187.85 
SALON 94.101.187.85 
LABELS 94.101.187.85 
SPORT 94.101.187.85 
SAPADMIN 94.101.187.85 
PROVA 94.101.187.85 
KASPERSKY 94.101.187.85 
DMS 94.101.187.85 
CONTABIL 94.101.187.85 
EVADMIN 94.101.187.85 
TOMCAT 94.101.187.85 
DCARTER 94.101.187.85 
HOWARD 94.101.187.85 
INFORMATICA 94.101.187.85 
STREAMING 94.101.187.85 
EADMIN 94.101.187.85 
VENTAS4 94.101.187.85 
MANUTENCAO 94.101.187.85 
HAROLD 94.101.187.85 
UCI 94.101.187.85 
SYSTEMADMIN 94.101.187.85 
COLIBRI 94.101.187.85 
TERMINAL01 94.101.187.85 
BUILD 94.101.187.85 
CECILIA 94.101.187.85 
IISUSER 94.101.187.85 
LCUSER 94.101.187.85 
HR1 94.101.187.85 
SCRIPTADMIN 94.101.187.85 
SERVICE 51.159.103.25 
LOGISTICS 94.101.187.85 
MAHMOUD 94.101.187.85 
ALAIN 94.101.187.85 
POWERSCHOOL 94.101.187.85 
JEN 94.101.187.85 
JAMIE 94.101.187.85 
ERA 94.101.187.85 
AK 94.101.187.85 
TEST001 94.101.187.85 
STAGIAIR 94.101.187.85 
JULIANA 94.101.187.85 
ADEL 94.101.187.85 
FRANCIEN 81.45.139.22 
PARK 94.101.187.85 
ADMINTEST 94.101.187.85 
REZA 94.101.187.85 
ADMINN 94.101.187.85 
ROUP 94.101.187.85 
SYOUNG 94.101.187.85 
PROCESS 94.101.187.85 
FB 94.101.187.85 
JLEWIS 94.101.187.85 
SISTEMA 94.101.187.85 
LINUX 94.101.187.85 
MJOHNSON 94.101.187.85 
JMURRAY 94.101.187.85 
ADMINISTRATOR 94.101.187.85 
ADMIN 94.101.187.85 
TEST 94.101.187.85 
GUEST 94.101.187.85 
FRANCINA 81.45.139.22 
SCANNER 94.101.187.85 
TESTUSER 94.101.187.85 
SCAN 94.101.187.85 
USER1 94.101.187.85 
USER2 94.101.187.85 
ADMINISTRADOR 94.101.187.85 
1 94.101.187.85 
BACKUP 94.101.187.85 
JOHN 94.101.187.85 
TEST1 94.101.187.85 
STUDENT 94.101.187.85 
RECEPTION 94.101.187.85 
GAST 94.101.187.85 
REMOTE 94.101.187.85 
SUPPORT 94.101.187.85 
USER3 94.101.187.85 
TEMP 94.101.187.85 
SALES 94.101.187.85 
A 94.101.187.85 
PRINTER 94.101.187.85 
USER01 94.101.187.85 
TESTE 94.101.187.85 
SERVER 94.101.187.85 
PRINT 94.101.187.85 
SCANS 94.101.187.85 
TEST2 94.101.187.85 
SQLADMIN 94.101.187.85 
TRAINING 94.101.187.85 
INFO 94.101.187.85 
USUARIO 94.101.187.85 
TESTTEST 94.101.187.85 
XEROX 94.101.187.85 
DEMO 94.101.187.85 
OFFICE 94.101.187.85 
DB2ADMIN 94.101.187.85 
ADMINISTRATEUR 94.101.187.85 
HELPDESK 94.101.187.85 
DEFAULT 94.101.187.85 
MIKE 94.101.187.85 
PC 94.101.187.85 
POS 94.101.187.85 
RICOH 94.101.187.85 
FRANCISCA 81.45.139.22 
USER4 94.101.187.85 
ACCOUNTS 94.101.187.85 
ÄÑåàçàëíêÄíéê1 51.159.103.25 
DELL 94.101.187.85 
OWNER 94.101.187.85 
INSTALL 94.101.187.85 
DAVID 94.101.187.85 
HR 94.101.187.85 
WAREHOUSE 94.101.187.85 
VPN 94.101.187.85 
CHRIS 94.101.187.85 
ADMIN2 94.101.187.85 
OPERADOR 94.101.187.85 
TEMPADMIN 94.101.187.85 
POSTMASTER 94.101.187.85 
CANON 94.101.187.85 
LAURA 94.101.187.85 
ADMIN1 94.101.187.85 
LAPTOP 94.101.187.85 
CYG_SERVER 94.101.187.85 
TRAINING1 94.101.187.85 
JESSICA 94.101.187.85 
POSTGRES 94.101.187.85 
INFODBA 94.101.187.85 
PRUEBA 94.101.187.85 
STAGIAIRE 94.101.187.85 
STAFF 94.101.187.85 
USER5 94.101.187.85 
TUSER2 94.101.187.85 
IT 94.101.187.85 
REMOTO 94.101.187.85 
FTPUSER 94.101.187.85 
MARKETING 94.101.187.85 
MARIA 94.101.187.85 
MANAGER 94.101.187.85 
LOGMEINREMOTEUSER 94.101.187.85 
DANIEL 94.101.187.85 
COPIER 94.101.187.85 
123 94.101.187.85 
RECEPCION 94.101.187.85 
SHOP 94.101.187.85 
TECH 94.101.187.85 
ACCUEIL 94.101.187.85 
SOPORTE 94.101.187.85 
AUDIT 94.101.187.85 
BACKUPEXEC 94.101.187.85 
SHIPPING 94.101.187.85 
MICHELLE 94.101.187.85 
SHARE 94.101.187.85 
FAX 94.101.187.85 
ANDREA 94.101.187.85 
SQLSERVICE 94.101.187.85 
TEST3 94.101.187.85 
TESTER 94.101.187.85 
CONFERENCE 94.101.187.85 
ALEX 94.101.187.85 
LAB 94.101.187.85 
TESTUSER1 94.101.187.85 
CONTABILIDAD 94.101.187.85 
SHYANNE 94.101.187.85 
AUDITOR 94.101.187.85 
KASSA 94.101.187.85 
OFFICE2 94.101.187.85 
FRONTDESK 94.101.187.85 
BOARDROOM 94.101.187.85 
2 94.101.187.85 
USUARIO1 94.101.187.85 
KEVIN 94.101.187.85 
ORACLE 94.101.187.85 
MEDIA 94.101.187.85 
OPERATOR 94.101.187.85 
HP 94.101.187.85 
ANGELA 94.101.187.85 
ROOT 94.101.187.85 
ACCOUNTING 94.101.187.85 
MARK 94.101.187.85 
SMART 94.101.187.85 
SCANUSER 94.101.187.85 
FINANCE 94.101.187.85 
NOMAN 94.101.187.85 
MEETING 94.101.187.85 
TONY 94.101.187.85 
SOPHOS 94.101.187.85 
MICHAEL 94.101.187.85 
SYSADMIN 94.101.187.85 
BACKUPADMIN 94.101.187.85 
TUSER 94.101.187.85 
LABORATORIO 94.101.187.85 
FRANCISKUS 81.45.139.22 
USER6 94.101.187.85 
PAYROLL 94.101.187.85 
INTERN 94.101.187.85 
SARA 94.101.187.85 
FTP 94.101.187.85 
STORES 94.101.187.85 
PAUL 94.101.187.85 
ACRONIS 94.101.187.85 
GUEST1 94.101.187.85 
CARLOS 94.101.187.85 
SECURITY 94.101.187.85 
PRODUCTION 94.101.187.85 
USER03 94.101.187.85 
C 94.101.187.85 
PETER 94.101.187.85 
VISITOR 94.101.187.85 
NADEZHDA 51.159.103.25 
USER10 94.101.187.85 
T1 94.101.187.85 
LIBRARY 94.101.187.85 
DIRECCION 94.101.187.85 
CITRIX 94.101.187.85 
SHOWROOM 94.101.187.85 
KIOSK 94.101.187.85 
USUARIO2 94.101.187.85 
ANDRE 94.101.187.85 
JSMITH 94.101.187.85 
ANA 94.101.187.85 
INTERNET 94.101.187.85 
GUARD 94.101.187.85 
PRAXIS 94.101.187.85 
TEST01 94.101.187.85 
ALMACEN 94.101.187.85 
SQL 94.101.187.85 
TEST123 94.101.187.85 
TESTING 94.101.187.85 
UTENTE 94.101.187.85 
ITADMIN 94.101.187.85 
CAMERAS 94.101.187.85 
PONTO 94.101.187.85 
SANDRA 94.101.187.85 
VIDEO 94.101.187.85 
LOCALADMIN 94.101.187.85 
PC1 94.101.187.85 
FRANK 81.45.139.22 
TUSER1 94.101.187.85 
PRAKTIKANT 94.101.187.85 
BILLING 94.101.187.85 
CAP 94.101.187.85 
MAINTENANCE 94.101.187.85 
SQLUSER 94.101.187.85 
BESADMIN 94.101.187.85 
PATRICIA 94.101.187.85 
VOICEMAIL 94.101.187.85 
3 94.101.187.85 
KAREN 94.101.187.85 
MCAFEE 94.101.187.85 
TESTUSER 94.101.187.85 
KASSE 94.101.187.85 
MASTER 94.101.187.85 
RAFAEL 94.101.187.85 
SAM 94.101.187.85 
MARIO 94.101.187.85 
PAULA 94.101.187.85 
SUPORTE 94.101.187.85 
ESCANER 94.101.187.85 
SPADMIN 94.101.187.85 
ANDREW 94.101.187.85 
BROTHER 94.101.187.85 
JENNY 94.101.187.85 
USER7 94.101.187.85 
JENNIFER 94.101.187.85 
SETUP 94.101.187.85 
OFFICEON 94.101.187.85 
KONICA 94.101.187.85 
JAMES 94.101.187.85 
JASON 94.101.187.85 
USER8 94.101.187.85 
STEVE 94.101.187.85 
IVAN 94.101.187.85 
DIRECTION 94.101.187.85 
ITSUPPORT 94.101.187.85 
REMOTO1 94.101.187.85 
ACCOUNT 94.101.187.85 
LINDA 94.101.187.85 
REMOTE1 94.101.187.85 
BRIAN 94.101.187.85 
FRANS 81.45.139.22 
TERMINAL1 94.101.187.85 
JEFF 94.101.187.85 
PAULO 94.101.187.85 
SERVIDOR 94.101.187.85 
WORKSHOP 94.101.187.85 
SHAREPOINT 94.101.187.85 
EXCHADMIN 94.101.187.85 
CONTABILIDADE 94.101.187.85 
DISPATCH 94.101.187.85 
COMPTA 94.101.187.85 
EXCHANGE 94.101.187.85 
ADM 94.101.187.85 
RUSSELL 94.101.187.85 
VANESSA 94.101.187.85 
OPERATIONS 94.101.187.85 
GARY 94.101.187.85 
CARLA 94.101.187.85 
TRAINING2 94.101.187.85 
USER04 94.101.187.85 
ACCOUNTS2 94.101.187.85 
STORE 94.101.187.85 
SQLSERVER 94.101.187.85 
TEMPUSER 94.101.187.85 
ARODRIGUEZ 94.101.187.85 
SHARP 94.101.187.85 
VOLUNTEER 94.101.187.85 
RECEPTIONIST 94.101.187.85 
LISA 94.101.187.85 
INSTALLER 94.101.187.85 
WEBUSER 94.101.187.85 
TIMECLOCK 94.101.187.85 
CAROL 94.101.187.85 
TESTADMIN 94.101.187.85 
RICHARD 94.101.187.85 
ROBERT 94.101.187.85 
VAGRANT 94.101.187.85 
ECOPY 94.101.187.85 
SA 94.101.187.85 
TS1 94.101.187.85 
PLEX 94.101.187.85 
HOME 94.101.187.85 
FAMILY 94.101.187.85 
KRAFT 94.101.187.85 
OMAR 94.101.187.85 
SUPERVISOR 94.101.187.85 
NANCY 94.101.187.85 
COMPRAS 94.101.187.85 
PATRICK 94.101.187.85 
TABLET 94.101.187.85 
SISTEMAS 94.101.187.85 
RICARDO 94.101.187.85 
CACHE 94.101.187.85 
USER11 94.101.187.85 
TERMINAL 94.101.187.85 
VERITAS 94.101.187.85 
WEBMASTER 94.101.187.85 
MONITOR 94.101.187.85 
TRAINER 94.101.187.85 
ROSE 94.101.187.85 
DIEGO 94.101.187.85 
SERVICEDESK 94.101.187.85 
MAILROOM 94.101.187.85 
VISITANTE 94.101.187.85 
SHARON 94.101.187.85 
GRACE 94.101.187.85 
CONFERENCEROOM 94.101.187.85 
KODI 94.101.187.85 
STUDENT1 94.101.187.85 
TECHNIQUE 94.101.187.85 
111 94.101.187.85 
PURCHASING 94.101.187.85 
ADMIN01 94.101.187.85 
MSTEST 94.101.187.85 
ATELIER 94.101.187.85 
JUAN 94.101.187.85 
MATT 94.101.187.85 
TIM 94.101.187.85 
ERIC 94.101.187.85 
STOCK 94.101.187.85 
CNC 94.101.187.85 
NICK 94.101.187.85 
JOSE 94.101.187.85 
RDP 94.101.187.85 
ANDY 94.101.187.85 
TESTUSER2 94.101.187.85 
FREDERIC 81.45.139.22 
ERICA 94.101.187.85 
POS1 94.101.187.85 
TEACHER 94.101.187.85 
MARCO 94.101.187.85 
PUBLIC 94.101.187.85 
LABEL 94.101.187.85 
SQLSVC 94.101.187.85 
BOB 94.101.187.85 
SALES1 94.101.187.85 
PC2 94.101.187.85 
REPORTS 94.101.187.85 
CCTV 94.101.187.85 
FRED 94.101.187.85 
AUDITOR1 94.101.187.85 
CAMERA 94.101.187.85 
JEAN 94.101.187.85 
DAVE 94.101.187.85 
TEMP1 94.101.187.85 
RYAN 94.101.187.85 
AMANDA 94.101.187.85 
JOBS 94.101.187.85 
GREG 94.101.187.85 
MARIANA 94.101.187.85 
MARIE 94.101.187.85 
USER9 94.101.187.85 
IMRAN 94.101.187.85 
MARTIN 94.101.187.85 
REMOTO2 94.101.187.85 
JRODRIGUEZ 94.101.187.85 
TERMINAL2 94.101.187.85 
CONTACT 94.101.187.85 
QUALITY 94.101.187.85 
JULIE 94.101.187.85 
SIMON 94.101.187.85 
BILL 94.101.187.85 
TOM 94.101.187.85 
DENTAL 94.101.187.85 
AGNES 94.101.187.85 
MAC 94.101.187.85 
UPS 94.101.187.85 
MONICA 94.101.187.85 
CLIENT 94.101.187.85 
TOSHIBA 94.101.187.85 
RDPTEST 94.101.187.85 
FREDERICUS 81.45.139.22 
I 94.101.187.85 
DMITRY 51.159.103.25 
TRAINING3 94.101.187.85 
SERGIO 94.101.187.85 
EVA 94.101.187.85 
NICOLE 94.101.187.85 
DELTEKVISION 94.101.187.85 
MA 94.101.187.85 
RECEIVING 94.101.187.85 
Q 94.101.187.85 
DEV 94.101.187.85 
MARY 94.101.187.85 
ADAM 94.101.187.85 
ORDERS 94.101.187.85 
KL 94.101.187.85 
BRUNO 94.101.187.85 
WENDY 94.101.187.85 
STUDENT2 94.101.187.85 
SEAN 94.101.187.85 
DEVELOPER 94.101.187.85 
JOE 94.101.187.85 
LASER 94.101.187.85 
SUSAN 94.101.187.85 
4 94.101.187.85 
USER05 94.101.187.85 
SARAH 94.101.187.85 
IMPRESSORA 94.101.187.85 
MHERNANDEZ 94.101.187.85 
CAIXA 94.101.187.85 
HELP 94.101.187.85 
EVENTS 94.101.187.85 
SAGE 94.101.187.85 
BACKUPUSER 94.101.187.85 
IRIS 94.101.187.85 
USER12 94.101.187.85 
CLAUDIA 94.101.187.85 
BIBLIOTECA 94.101.187.85 
LAGER 94.101.187.85 
DGARCIA 94.101.187.85 
INFORMIX 94.101.187.85 
SPARE 94.101.187.85 
WKRADAR 94.101.187.85 
VISION 94.101.187.85 
BLOOMBERG 94.101.187.85 
PHARMACY 94.101.187.85 
TEMP2 94.101.187.85 
VPNUSER 94.101.187.85 
USER13 94.101.187.85 
NOREPLY 94.101.187.85 
COPIEUR 94.101.187.85 
PLOTTER 94.101.187.85 
MELISSA 94.101.187.85 
FRANK 94.101.187.85 
DANIELA 94.101.187.85 
1234 94.101.187.85 
TERRY 94.101.187.85 
POS2 94.101.187.85 
JLOPEZ 94.101.187.85 
ANTHONY 94.101.187.85 
TECNICO 94.101.187.85 
ANITA 94.101.187.85 
ALAN 94.101.187.85 
RODRIGO 94.101.187.85 
LUIS 94.101.187.85 
WERKSTATT 94.101.187.85 
JUSTIN 94.101.187.85 
CHARLES 94.101.187.85 
TRAIN 94.101.187.85 
JMARTINEZ 94.101.187.85 
FINANCEIRO 94.101.187.85 
COUNTER 94.101.187.85 
NURSE 94.101.187.85 
SPICEWORKS 94.101.187.85 
PATCH 94.101.187.85 
REMOTE2 94.101.187.85 
CONSULTA 94.101.187.85 
ASHLEY 94.101.187.85 
INVITE 94.101.187.85 
ACCOUNTANT 94.101.187.85 
JONATHAN 94.101.187.85 
ADMINISTRATOR 94.101.187.85 
ROB 94.101.187.85 
STEPHANIE 94.101.187.85 
OFFICE1 94.101.187.85 
CATHY 94.101.187.85 
ALI 94.101.187.85 
JOEL 94.101.187.85 
ANNA 94.101.187.85 
ARCSERVE 94.101.187.85 
SCANNING 94.101.187.85 
MC 94.101.187.85 
JTAYLOR 94.101.187.85 
USER08 94.101.187.85 
KYOCERA 94.101.187.85 
VENTAS2 94.101.187.85 
KRONOS 94.101.187.85 
BEN 94.101.187.85 
SALES2 94.101.187.85 
KELLY 94.101.187.85 
HARRY 94.101.187.85 
SYMANTEC 94.101.187.85 
FERNANDO 94.101.187.85 
COMPTA2 94.101.187.85 
WEB 94.101.187.85 
ENGINEER 94.101.187.85 
FORMATION 94.101.187.85 
IPAD 94.101.187.85 
ST 94.101.187.85 
NMARTINEZ 94.101.187.85 
TEMPLATE 94.101.187.85 
PDA1 94.101.187.85 
VENTAS 94.101.187.85 
ALICE 94.101.187.85 
SKYPE 94.101.187.85 
DEMO1 94.101.187.85 
VENTAS1 94.101.187.85 
CAM 94.101.187.85 
SCANNER2 94.101.187.85 
CHRISTINE 94.101.187.85 
REUNION 94.101.187.85 
GERENCIA 94.101.187.85 
VM 94.101.187.85 
JACK 94.101.187.85 
MGONZALEZ 94.101.187.85 
KEN 94.101.187.85 
WASADMIN 94.101.187.85 
CWILLIAMS 94.101.187.85 
PRESS 94.101.187.85 
DWILLIAMS 94.101.187.85 
JIM 94.101.187.85 
MARINA 94.101.187.85 
JR 94.101.187.85 
PARTS 94.101.187.85 
JORGE 94.101.187.85 
VEEAM 94.101.187.85 
AHMED 94.101.187.85 
TEST12 94.101.187.85 
BRENDA 94.101.187.85 
X 94.101.187.85 
VPNTEST 94.101.187.85 
DEBBIE 94.101.187.85 
GUEST2 94.101.187.85 
CONTA2 94.101.187.85 
VIRGINIE 94.101.187.85 
FREDERIKUS 81.45.139.22 
TEST4 94.101.187.85 
VMWARE 94.101.187.85 
TREINAMENTO 94.101.187.85 
MLOPEZ 94.101.187.85 
LAB1 94.101.187.85 
VICTOR 94.101.187.85 
GEORGE 94.101.187.85 
VENTAS3 94.101.187.85 
PYOUNG 94.101.187.85 
SOFTLINE 94.101.187.85 
EDUCATION 94.101.187.85 
MJACKSON 94.101.187.85 
HELEN 94.101.187.85 
POSUSER 94.101.187.85 
PEDRO 94.101.187.85 
JPEREZ 94.101.187.85 
MRODRIGUEZ 94.101.187.85 
SCHULUNG 94.101.187.85 
DANNY 94.101.187.85 
ESTOQUE 94.101.187.85 
JULIA 94.101.187.85 
STEVEN 94.101.187.85 
DIANA 94.101.187.85 
QUICKBOOKS 94.101.187.85 
LEE 94.101.187.85 
OFICINA 94.101.187.85 
PACS 94.101.187.85 
RA 94.101.187.85 
VICTORIA 94.101.187.85 
LDAP 94.101.187.85 
HTPC 94.101.187.85 
GENERAL 94.101.187.85 
THOMAS 94.101.187.85 
SALES3 94.101.187.85 
M1 94.101.187.85 
GUESTUSER 94.101.187.85 
DOCTOR 94.101.187.85 
JBROWN 94.101.187.85 
SCADMIN 94.101.187.85 
SABRINA 94.101.187.85 
ELOPEZ 94.101.187.85 
CLAUDIO 94.101.187.85 
CLAZAR 94.101.187.85 
FREDERIQUE 81.45.139.22 
AJOHNSON 94.101.187.85 
RHERNANDEZ 94.101.187.85 
CASHIER 94.101.187.85 
JJOHNSON 94.101.187.85 
DAN 94.101.187.85 
CONTROL 94.101.187.85 
CONNECT 94.101.187.85 
IMPRESORA 94.101.187.85 
GIGI 94.101.187.85 
JHERNANDEZ 94.101.187.85 
SIGNATURE 94.101.187.85 
CESAR 94.101.187.85 
ASPNET 94.101.187.85 
SCVMMADMIN 94.101.187.85 
ABC 94.101.187.85 
GLBUCH 51.159.103.25 
SHABBIR 94.101.187.85 
CR 94.101.187.85 
ROGER 94.101.187.85 
INTERVIEW 94.101.187.85 
KATHY 94.101.187.85 
R1 94.101.187.85 
SPAM 94.101.187.85 
CAROLINE 94.101.187.85 
EMILLER 94.101.187.85 
AP 94.101.187.85 
CUSTOMERSERVICE 94.101.187.85 
OMEGA 94.101.187.85 
ELIZABETH 94.101.187.85 
RESPALDO 94.101.187.85 
XEROXSCAN 94.101.187.85 
MD 94.101.187.85 
USECRIT 94.101.187.85 
BARBARA 94.101.187.85 
MMARTINEZ 94.101.187.85 
MOBILE 94.101.187.85 
SERVICES 94.101.187.85 
MEDREC 94.101.187.85 
PLAYER 94.101.187.85 
JOSH 94.101.187.85 
KITCHEN 94.101.187.85 
EMMA 94.101.187.85 
CHECKIN 94.101.187.85 
FREEK 81.45.139.22 
PRINTUSER 94.101.187.85 
ERP 94.101.187.85 
INGRES 94.101.187.85 
SQLEXEC 94.101.187.85 
ADMINISTRACION 94.101.187.85 
RECEPTION2 94.101.187.85 
LOCALUSER 94.101.187.85 
UTENTE1 94.101.187.85 
SHIP 94.101.187.85 
STUDIO 94.101.187.85 
CINDY 94.101.187.85 
CROBERTSON 94.101.187.85 
RITA 94.101.187.85 
GESTION 94.101.187.85 
BRAD 94.101.187.85 
SQLAGENT 94.101.187.85 
PRTG 94.101.187.85 
MICROS 94.101.187.85 
LUCAS 94.101.187.85 
SBROWN 94.101.187.85 
EDI 94.101.187.85 
CONFROOM 94.101.187.85 
SAP 94.101.187.85 
DFLORES 94.101.187.85 
QA 94.101.187.85 
TV 94.101.187.85 
VINCENT 94.101.187.85 
LEONARDO 94.101.187.85 
PRESENTATION 94.101.187.85 
ROBIN 94.101.187.85 
FABIO 94.101.187.85 
CSIMMONS 94.101.187.85 
CLAIRE 94.101.187.85 
CRISTINA 94.101.187.85 
INVENTORY 94.101.187.85 
BKADMIN 94.101.187.85 
TS2 94.101.187.85 
TRAIN2 94.101.187.85 
DENNIS 94.101.187.85 
COMERCIAL 94.101.187.85 
CRAIG 94.101.187.85 
RX1 94.101.187.85 
NTHOMAS 94.101.187.85 
FREEZIT 81.45.139.22 
FRONT 94.101.187.85 
SWITCH 94.101.187.85 
K2 94.101.187.85 
MSANCHEZ 94.101.187.85 
EXADMIN 94.101.187.85 
NAS 94.101.187.85 
INTERN1 94.101.187.85 
ALOPEZ 94.101.187.85 
SANDY 94.101.187.85 
SONIA 94.101.187.85 
SAFETY 94.101.187.85 
REBECCA 94.101.187.85 
WILLIAM 94.101.187.85 
RECEPCAO 94.101.187.85 
CONF 94.101.187.85 
BARCODE 94.101.187.85 
WORK 94.101.187.85 
SNELSON 94.101.187.85 
UTILISATEUR 94.101.187.85 
LOGISTICA 94.101.187.85 
RICK 94.101.187.85 
GUEST01 94.101.187.85 
BEST 94.101.187.85 
LMILLER 94.101.187.85 
UPDATE 94.101.187.85 
JULIO 94.101.187.85 
RADIO 94.101.187.85 
RACHEL 94.101.187.85 
CALLCENTER 94.101.187.85 
JMILLER 94.101.187.85 
ALUMNO 94.101.187.85 
ÑàëèÖíóÖê3 51.159.103.25 
TWALKER 94.101.187.85 
VENDAS 94.101.187.85 
INTERN2 94.101.187.85 
FACTURACION 94.101.187.85 
CONTADOR 94.101.187.85 
MARCOS 94.101.187.85 
FHARRIS 94.101.187.85 
CS 94.101.187.85 
NICOLAS 94.101.187.85 
EXAM 94.101.187.85 
FREEMAN 94.101.187.85 
FRERIK 81.45.139.22 
1111 94.101.187.85 
DTHOMPSON 94.101.187.85 
R2 94.101.187.85 
GERBER 94.101.187.85 
SERVICE 94.101.187.85 
JSANCHEZ 94.101.187.85 
FEDEX 94.101.187.85 
BARRA 94.101.187.85 
COMMERCIAL 94.101.187.85 
SILVIA 94.101.187.85 
RTCSERVICE 94.101.187.85 
TS01 94.101.187.85 
AGENT 94.101.187.85 
ALICIA 94.101.187.85 
DENISE 94.101.187.85 
TALLER 94.101.187.85 
APEREZ 94.101.187.85 
SKING 94.101.187.85 
NET 94.101.187.85 
JACKIE 94.101.187.85 
TEST5 94.101.187.85 
BMS 94.101.187.85 
KENNY 94.101.187.85 
BRANDON 94.101.187.85 
WAYNE 94.101.187.85 
DYOUNG 94.101.187.85 
PROJECTOR 94.101.187.85 
ANGEL 94.101.187.85 
PCUSER 94.101.187.85 
PRUEBAS 94.101.187.85 
DDIXON 94.101.187.85 
CJONES 94.101.187.85 
JAY 94.101.187.85 
GDAVIS 94.101.187.85 
HVAC 94.101.187.85 
SUPER 94.101.187.85 
CAD 94.101.187.85 
LCOX 94.101.187.85 
KIM 94.101.187.85 
CMARTINEZ 94.101.187.85 
MSMITH 94.101.187.85 
PRODUCCION 94.101.187.85 
TS 94.101.187.85 
FRISO 81.45.139.22 
PROD 94.101.187.85 
ROBERTO 94.101.187.85 
SERVICE1 94.101.187.85 
JANET 94.101.187.85 
CISCO 94.101.187.85 
SSMITH 94.101.187.85 
CHARLIE 94.101.187.85 
JOURNAL 94.101.187.85 
ANWENDER 94.101.187.85 
COORDINACION 94.101.187.85 
EMARTINEZ 94.101.187.85 
AMS 94.101.187.85 
CLUSTER 94.101.187.85 
PURCHASE 94.101.187.85 
MIGUEL 94.101.187.85 
KWARD 94.101.187.85 
CHOWARD 94.101.187.85 
NATALIA 94.101.187.85 
PEGGY 94.101.187.85 
VROBERTS 94.101.187.85 
CMATTHEWS 94.101.187.85 
BB 94.101.187.85 
PC4 94.101.187.85 
JAVIER 94.101.187.85 
FARMACIA 94.101.187.85 
STUDENT4 94.101.187.85 
ISABEL 94.101.187.85 
IAN 94.101.187.85 
TABLET1 94.101.187.85 
AGARCIA 94.101.187.85 
TWILLIAMS 94.101.187.85 
NOC 94.101.187.85 
MUSIC 94.101.187.85 
SWILLIAMS 94.101.187.85 
MAINT 94.101.187.85 
JON 94.101.187.85 
SD 94.101.187.85 
SCANNER1 94.101.187.85 
CAISSE 94.101.187.85 
AMY 94.101.187.85 
XAVIER 94.101.187.85 
SIEMENS 94.101.187.85 
FROST 81.45.139.22 
STEPHEN 94.101.187.85 
PORTABLE 94.101.187.85 
RAQUEL 94.101.187.85 
ROSA 94.101.187.85 
äÄëëàê2 51.159.103.25 
MEDICOS 94.101.187.85 
JGARCIA 94.101.187.85 
CT 94.101.187.85 
MGOLDMAN 94.101.187.85 
SPFARM 94.101.187.85 
CAREERS 94.101.187.85 
DOUG 94.101.187.85 
OSCAR 94.101.187.85 
LAUREN 94.101.187.85 
MKT 94.101.187.85 
REMOTE3 94.101.187.85 
CGARCIA 94.101.187.85 
PHIL 94.101.187.85 
ANTONIO 94.101.187.85 
TINA 94.101.187.85 
SWEEPUPD 94.101.187.85 
DSSERVICEUSER 94.101.187.85 
JJONES 94.101.187.85 
ARCHIVE 94.101.187.85 
PLANNING 94.101.187.85 
WSSADMIN 94.101.187.85 
JFLORES 94.101.187.85 
DATA 94.101.187.85 
JRAMIREZ 94.101.187.85 
AARON 94.101.187.85 
OWNCLOUD 94.101.187.85 
BACKOFFICE 94.101.187.85 
SPEREZ 94.101.187.85 
STAGE 94.101.187.85 
KARLA 94.101.187.85 
FELIPE 94.101.187.85 
LILY 94.101.187.85 
TRACY 94.101.187.85 
BUCHHALTUNG 94.101.187.85 
U1 94.101.187.85 
MARTA 94.101.187.85 
LUPDATE 94.101.187.85 
TESTACCOUNT 94.101.187.85 
DWEST 94.101.187.85 
ENQUIRIES 94.101.187.85 
LEO 94.101.187.85 
KATIE 94.101.187.85 
13 94.101.187.85 
MRAMIREZ 94.101.187.85 
SEC 94.101.187.85 
CHRISTIAN 94.101.187.85 
SCAN2 94.101.187.85 
SCHEDULER 94.101.187.85 
DOC 94.101.187.85 
RBROWN 94.101.187.85 
SHIRLEY 94.101.187.85 
SYS 94.101.187.85 
CLOPEZ 94.101.187.85 
ARAMIREZ 94.101.187.85 
TRICHARDSON 94.101.187.85 
CAFE 94.101.187.85 
MPHILLIPS 94.101.187.85 
MAIL 94.101.187.85 
PAM 94.101.187.85 
SCOTT 94.101.187.85 
AWHITE 94.101.187.85 
SB 94.101.187.85 
CALENDAR 94.101.187.85 
AMARTINEZ 94.101.187.85 
HENRY 94.101.187.85 
RENE 94.101.187.85 
JAN 94.101.187.85 
LABUSER 94.101.187.85 
EDUARDO 94.101.187.85 
B 94.101.187.85 
EXTRA 94.101.187.85 
AUDIT1 94.101.187.85 
SCCMADMIN 94.101.187.85 
GLPI 94.101.187.85 
CSMITH 94.101.187.85 
STANDARD 94.101.187.85 
KOLB 94.101.187.85 
USER14 94.101.187.85 
JACOB 94.101.187.85 
MPEREZ 94.101.187.85 
RECEPTION1 94.101.187.85 
USER 94.101.187.85 
VCENTER 94.101.187.85 
DUMMY 94.101.187.85 
JANDERSON 94.101.187.85 
RUBEN 94.101.187.85 
PASTEL 94.101.187.85 
DBAGENT 94.101.187.85 
LABO 94.101.187.85 
PORTARIA 94.101.187.85 
RALPH 94.101.187.85 
TJOHNSON 94.101.187.85 
ZEIT 94.101.187.85 
E1DBUSER 94.101.187.85 
5 94.101.187.85 
NICO 94.101.187.85 
ADRIANA 94.101.187.85 
MEETINGROOM 94.101.187.85 
STAN 94.101.187.85 
TEMPO 94.101.187.85 
BRYAN 94.101.187.85 
OPERATOR1 51.159.103.25 
MAS 94.101.187.85 
ALESSANDRA 94.101.187.85 
DJ 94.101.187.85 
ASMITH 94.101.187.85 
PHONE 94.101.187.85 
ERIKA 94.101.187.85 
CARBONITEUSER 94.101.187.85 
NOTEBOOK 94.101.187.85 
TADMIN 94.101.187.85 
DISPLAY 94.101.187.85 
SCANER 94.101.187.85 
MS 94.101.187.85 
NEWSLETTER 94.101.187.85 
MOBILE2 94.101.187.85 
STUDENT3 94.101.187.85 
PROJECT 94.101.187.85 
LEON 94.101.187.85 
LSANCHEZ 94.101.187.85 
MICHEL 94.101.187.85 
MARC 94.101.187.85 
LRODRIGUEZ 94.101.187.85 
SAMANTHA 94.101.187.85 
CRYSTAL 94.101.187.85 
ASISTENTE 94.101.187.85 
STEFAN 94.101.187.85 
D 94.101.187.85 
FUNCTIONEREN 81.45.139.22 
COLETOR 94.101.187.85 
INVOICES 94.101.187.85 
JDOE 94.101.187.85 
SURVEY 94.101.187.85 
WINDOWS 94.101.187.85 
MINECRAFT 94.101.187.85 
DENIS 94.101.187.85 
CHERYL 94.101.187.85 
DEPLOY 94.101.187.85 
GUSTAVO 94.101.187.85 
TS3 94.101.187.85 
WIN7 94.101.187.85 
MJONES 94.101.187.85 
SHOP1 94.101.187.85 
DEMO2 94.101.187.85 
WEBADMIN 94.101.187.85 
SADMIN 94.101.187.85 
MOVIL 94.101.187.85 
MIGRATION 94.101.187.85 
COMPASS 94.101.187.85 
MARCIA 94.101.187.85 
SHANNON 94.101.187.85 
SJOHNSON 94.101.187.85 
TRAINEE 94.101.187.85 
KAMAL 94.101.187.85 
RESUME 94.101.187.85 
MARCELO 94.101.187.85 
RDPUSER 94.101.187.85 
XRAY 94.101.187.85 
SECRETARIAT 94.101.187.85 
GAMROOT 94.101.187.85 
STEFFEN 94.101.187.85 
PROFIT 94.101.187.85 
JJACKSON 94.101.187.85 
NAMED 94.101.187.85 
CW 94.101.187.85 
JANE 94.101.187.85 
FAXSERVER 94.101.187.85 
IMS 94.101.187.85 
ERGO 94.101.187.85 
LENOVO 94.101.187.85 
CUSTOMER 94.101.187.85 
ADMINTEMP 94.101.187.85 
SECRETARIA 94.101.187.85 
REMOTE01 94.101.187.85 
FYNN 81.45.139.22 
MOHAMED 94.101.187.85 
DEFAULTACCOUNT 94.101.187.85 
JGOMEZ 94.101.187.85 
ELENA 94.101.187.85 
PRIMAVERA 94.101.187.85 
TSMITH 94.101.187.85 
CAROOT 94.101.187.85 
EMILY 94.101.187.85 
ANNE 94.101.187.85 
JMARTIN 94.101.187.85 
VIRUS 94.101.187.85 
IMAGING 94.101.187.85 
ALPHA 94.101.187.85 
RCLARK 94.101.187.85 
FGARCIA 94.101.187.85 
MAGAZZINO 94.101.187.85 
GARAGE 94.101.187.85 
SUPPLY 94.101.187.85 
SJACKSON 94.101.187.85 
ONLINE 94.101.187.85 
ASANCHEZ 94.101.187.85 
BIZHUB 94.101.187.85 
AR 94.101.187.85 
PLASMA 94.101.187.85 
TFSSERVICE 94.101.187.85 
DARREN 94.101.187.85 
MEGAN 94.101.187.85 
VIVIAN 94.101.187.85 
NINA 51.159.103.25 
TERM1 94.101.187.85 
SOCIAL 94.101.187.85 
OSMC 94.101.187.85 
CONTA 94.101.187.85 
LYNN 94.101.187.85 
U2 94.101.187.85 
STAR 94.101.187.85 
GHOST 94.101.187.85 
JOSEPH 94.101.187.85 
AMILLER 94.101.187.85 
TRANSPORT 94.101.187.85 
PAT 94.101.187.85 
EXAM1 94.101.187.85 
EMPFANG 94.101.187.85 
JMORALES 94.101.187.85 
SHAHID 94.101.187.85 
NORMAN 94.101.187.85 
SCANSIONI 94.101.187.85 
RECOVERY 94.101.187.85 
CC 94.101.187.85 
PLOPEZ 94.101.187.85 
TRIAL 94.101.187.85 
ACCESS 94.101.187.85 
IMC 94.101.187.85 
SEGURIDAD 94.101.187.85 
LOJA 94.101.187.85 
CS1 94.101.187.85 
PATROL 94.101.187.85 
VICKY 94.101.187.85 
CAJA 94.101.187.85 
MECHANIC 94.101.187.85 
LWALKER 94.101.187.85 
KM 94.101.187.85 
JDIAZ 94.101.187.85 
VIGILANCIA 94.101.187.85 
MAX 94.101.187.85 
DOMAIN 94.101.187.85 
RAJESH 94.101.187.85 
JO 94.101.187.85 
FIN 94.101.187.85 
DEAN 94.101.187.85 
ERODRIGUEZ 94.101.187.85 
CCC 94.101.187.85 
SALES4 94.101.187.85 
PUESTO051 94.101.187.85 
EXMERGE 94.101.187.85 
APACHE 94.101.187.85 
MBROWN 94.101.187.85 
EMPLOYMENT 94.101.187.85 
PRUEFER 94.101.187.85 
PALOMA 94.101.187.85 
REPORT 94.101.187.85 
DORA 94.101.187.85 
MICHAELA 94.101.187.85 
COMPRAS2 94.101.187.85 
KUECHE 94.101.187.85 
SICHERUNG 94.101.187.85 
PIERRE 94.101.187.85 
RCS 94.101.187.85 
JGONZALEZ 94.101.187.85 
CARMEN 94.101.187.85 
ESANCHEZ 94.101.187.85 
åÄêàü 51.159.103.25 
GABRIELLA 81.45.139.22 
GABRIELLE 81.45.139.22 
éãúÉÄ 51.159.103.25 
GALID 81.45.139.22 
GARRELT 81.45.139.22 
GASPAR 81.45.139.22 
USER31 51.159.103.25 
GASPARUS 81.45.139.22 
GAST 81.45.139.22 
SCANNER 51.159.103.25 
GAZI 81.45.139.22 
GEBRUIKER 81.45.139.22 
VIKTOR 51.159.103.25 
GEERDIENA 81.45.139.22 
GEERDINA 81.45.139.22 
GEERLOF 81.45.139.22 
ãûÑÄ 51.159.103.25 
GEERT 81.45.139.22 
GEERTE 81.45.139.22 
VALENTINA 51.159.103.25 
GEERTIEN 81.45.139.22 
GEERTJAN 81.45.139.22 
USER10 51.159.103.25 
GEERTJANEWRS 81.45.139.22 
GEERTJE 81.45.139.22 
ÇÖêéçàäÄ 51.159.103.25 
GEERTRUID 81.45.139.22 
GEERTRUIDA 81.45.139.22 
GEERTRUIDE 81.45.139.22 
DIANA 51.159.103.25 
GEERTRUUD 81.45.139.22 
GEIN 81.45.139.22 
AUD 51.159.103.25 
GEORG 81.45.139.22 
GEORGE 81.45.139.22 
MIHAIL 51.159.103.25 
GEORGE1 81.45.139.22 
GEORGEILA 81.45.139.22 
ADMINISTRATOR 51.159.103.25 
GEORGIUS 81.45.139.22 
GERAARD 81.45.139.22 
GERALD 81.45.139.22 
SVETA 51.159.103.25 
GERALDUS 81.45.139.22 
GERARD 81.45.139.22 
USER02 51.159.103.25 
GERARDIENA 81.45.139.22 
GERARDINA 81.45.139.22 
GERARDINE 81.45.139.22 
STANISLAV 51.159.103.25 
GERARDUS 81.45.139.22 
GERBEN 81.45.139.22 
äÄëëÄ4 51.159.103.25 
GERBERN 81.45.139.22 
GERCO 81.45.139.22 
AUDIT3 51.159.103.25 
GERDA 81.45.139.22 
GERDINA 81.45.139.22 
GERHARD 81.45.139.22 
REG1 51.159.103.25 
GERHARDA 81.45.139.22 
GERHARDINA 81.45.139.22 
USER5 51.159.103.25 
GERHARDUS 81.45.139.22 
GERLOF 81.45.139.22 
àççÄ 51.159.103.25 
GEROLD 81.45.139.22 
GEROLF 81.45.139.22 
GEROLT 81.45.139.22 
TERMINAL 51.159.103.25 
GERRIE 81.45.139.22 
GERRIT 81.45.139.22 
ûêàëí 51.159.103.25 
GERRITDIEN 81.45.139.22 
GERRITDINA 81.45.139.22 
GERRITJE 81.45.139.22 
TS 51.159.103.25 
GERRY 81.45.139.22 
GERT 81.45.139.22 
SERGE 51.159.103.25 
GERTJAN 81.45.139.22 
GERTJE 81.45.139.22 
YULIYA 51.159.103.25 
GERTRUD 81.45.139.22 
GERTRUDA 81.45.139.22 
GERTRUDIS 81.45.139.22 
SCAN 51.159.103.25 
GERTRUUD 81.45.139.22 
GERULF 81.45.139.22 
ãÖçÄ 51.159.103.25 
GERWIN 81.45.139.22 
GEURT 81.45.139.22 
ANDREY 51.159.103.25 
GIDEON 81.45.139.22 
GIDSECI 81.45.139.22 
GIEL 81.45.139.22 
ALEXEY 51.159.103.25 
GIELIS 81.45.139.22 
GIJS 81.45.139.22 
BUH-1 51.159.103.25 
GIJSBERDIEN 81.45.139.22 
GIJSBERDINA 81.45.139.22 
ADMIN2 51.159.103.25 
GIJSBERT 81.45.139.22 
GIJSBERTA 81.45.139.22 
GIJSBERTIEN 81.45.139.22 
INFO 51.159.103.25 
GIJSBERTINA 81.45.139.22 
GIJSBERTINE 81.45.139.22 
SVA 51.159.103.25 
GIJSBERTSEN 81.45.139.22 
GIJSBERTUS 81.45.139.22 
WORK 51.159.103.25 
GIJSBRECHT 81.45.139.22 
GIJSBRECHTA 81.45.139.22 
OHRANA 51.159.103.25 
GILLIS 81.45.139.22 
GINO 81.45.139.22 
ADMINISTRATOR 147.78.47.57 
ADMINISTRATOR 147.78.47.57 
ADMINISTRATOR 147.78.47.57 
ADMINISTRATOR 147.78.47.57 
ADMINISTRATOR 147.78.47.57 
ADMINISTRATOR 147.78.47.57 
ADMINISTRATOR 147.78.47.57 
ADMINISTRATOR 147.78.47.57 
ADMINISTRATOR 147.78.47.57 
ADMINISTRATOR 147.78.47.57 
ADMINISTRATOR 147.78.47.57 
ADMINISTRATOR 147.78.47.57 
ADMINISTRATOR 147.78.47.57 
ADMINISTRATOR 147.78.47.57 
ADMINISTRATOR 147.78.47.57 
ADMINISTRATOR 147.78.47.57 
ADMINISTRATOR 147.78.47.57 
ADMINISTRATOR 147.78.47.57 
ADMINISTRATOR 147.78.47.57 
ADMINISTRATOR 147.78.47.57 
ADMINISTRATOR 147.78.47.57 
ADMINISTRATOR 147.78.47.57 
ADMINISTRATOR 147.78.47.57 
ADMINISTRATOR 147.78.47.57 
ADMINISTRATOR 147.78.47.57 
ADMINISTRATOR 147.78.47.57 
ADMINISTRATOR 147.78.47.57 
ADMINISTRATOR 147.78.47.57 
ADMINISTRATOR 147.78.47.57 
ADMINISTRATOR 147.78.47.57 
ADMINISTRATOR 147.78.47.57 
ADMINISTRATOR 147.78.47.57 
ADMINISTRATOR 147.78.47.57 
ADMINISTRATOR 147.78.47.57 
ADMINISTRATOR 147.78.47.57 
ADMINISTRATOR 147.78.47.57 
ADMINISTRATOR 147.78.47.57 
ADMINISTRATOR 147.78.47.57 
ADMINISTRATOR 147.78.47.57 
ADMINISTRATOR 147.78.47.57 
ADMINISTRATOR 147.78.47.57 
ADMINISTRATOR 147.78.47.57 
ADMINISTRATOR 147.78.47.57 
ADMINISTRATOR 147.78.47.57 
ADMINISTRATOR 147.78.47.57 
ADMINISTRATOR 147.78.47.57 
ADMINISTRATOR 147.78.47.57 
ADMINISTRATOR 147.78.47.57 
ADMINISTRATOR 147.78.47.57 
ADMINISTRATOR 147.78.47.57 
ADMINISTRATOR 147.78.47.57 
ADMINISTRATOR 147.78.47.57 
ADMINISTRATOR 147.78.47.57 
ADMINISTRATOR 147.78.47.57 
ADMINISTRATOR 147.78.47.57 
ADMINISTRATOR 147.78.47.57 
ADMINISTRATOR 147.78.47.57 
ADMINISTRATOR 147.78.47.57 
ADMINISTRATOR 147.78.47.57 
ADMINISTRATOR 147.78.47.57 
ADMINISTRATOR 147.78.47.57 
ADMINISTRATOR 147.78.47.57 
ADMINISTRATOR 147.78.47.57 
ADMINISTRATOR 147.78.47.57 
ADMINISTRATOR 147.78.47.57 
ADMINISTRATOR 147.78.47.57 
ADMINISTRATOR 147.78.47.57 
ADMINISTRATOR 147.78.47.57 
ADMINISTRATOR 147.78.47.57 
ADMINISTRATOR 147.78.47.57 
ADMINISTRATOR 147.78.47.57 
ADMINISTRATOR 147.78.47.57 
ADMINISTRATOR 147.78.47.57 
ADMINISTRATOR 147.78.47.57 
ADMINISTRATOR 147.78.47.57 
ADMINISTRATOR 147.78.47.57 
ADMINISTRATOR 147.78.47.57 
ADMINISTRATOR 147.78.47.57 
ADMINISTRATOR 147.78.47.57 
ADMINISTRATOR 147.78.47.57 
ADMINISTRATOR 147.78.47.57 
ADMINISTRATOR 147.78.47.57 
ADMINISTRATOR 147.78.47.57 
ADMINISTRATOR 147.78.47.57 
ADMINISTRATOR 147.78.47.57 
ADMINISTRATOR 147.78.47.57 
ADMINISTRATOR 147.78.47.57 
ADMINISTRATOR 147.78.47.57 
ADMINISTRATOR 147.78.47.57 
ADMINISTRATOR 147.78.47.57 
ADMINISTRATOR 147.78.47.57 
ADMINISTRATOR 147.78.47.57 
ADMINISTRATOR 147.78.47.57 
ADMINISTRATOR 147.78.47.57 
ADMINISTRATOR 147.78.47.57 
ADMINISTRATOR 147.78.47.57 
ADMINISTRATOR 147.78.47.57 
ADMINISTRATOR 147.78.47.57 
ADMINISTRATOR 147.78.47.57 
ADMINISTRATOR 147.78.47.57 
ADMINISTRATOR 147.78.47.57 
ADMINISTRATOR 147.78.47.57 
ADMINISTRATOR 147.78.47.57 
ADMINISTRATOR 147.78.47.57 
ADMINISTRATOR 147.78.47.57 
ADMINISTRATOR 147.78.47.57 
ADMINISTRATOR 147.78.47.57 
ADMINISTRATOR 147.78.47.57 
ADMINISTRATOR 147.78.47.57 
ADMINISTRATOR 147.78.47.57 
ADMINISTRATOR 147.78.47.57 
ADMINISTRATOR 147.78.47.57 
ADMINISTRATOR 147.78.47.57 
ADMINISTRATOR 147.78.47.57 
ADMINISTRATOR 147.78.47.57 
ADMINISTRATOR 147.78.47.57 
ADMINISTRATOR 147.78.47.57 
ADMINISTRATOR 147.78.47.57 
ADMINISTRATOR 147.78.47.57 
ADMINISTRATOR 147.78.47.57 
ADMINISTRATOR 147.78.47.57 
ADMINISTRATOR 147.78.47.57 
ADMINISTRATOR 147.78.47.57 
ADMINISTRATOR 147.78.47.57 
ADMINISTRATOR 147.78.47.57 
ADMINISTRATOR 147.78.47.57 
ADMINISTRATOR 147.78.47.57 
ADMINISTRATOR 147.78.47.57 
ADMINISTRATOR 147.78.47.57 
ADMINISTRATOR 147.78.47.57 
ADMINISTRATOR 147.78.47.57 
ADMINISTRATOR 147.78.47.57 
ADMINISTRATOR 147.78.47.57 
ADMINISTRATOR 147.78.47.57 
ADMINISTRATOR 147.78.47.57 
ADMINISTRATOR 147.78.47.57 
ADMINISTRATOR 147.78.47.57 
ADMINISTRATOR 147.78.47.57 
ADMINISTRATOR 147.78.47.57 
ADMINISTRATOR 147.78.47.57 
ADMINISTRATOR 147.78.47.57 
ADMINISTRATOR 147.78.47.57 
ADMINISTRATOR 147.78.47.57 
ADMINISTRATOR 147.78.47.57 
ADMINISTRATOR 147.78.47.57 
ADMINISTRATOR 147.78.47.57 
ADMINISTRATOR 147.78.47.57 
ADMINISTRATOR 147.78.47.57 
ADMINISTRATOR 147.78.47.57 
ADMINISTRATOR 147.78.47.57 
ADMINISTRATOR 147.78.47.57 
ADMINISTRATOR 147.78.47.57 
ADMINISTRATOR 147.78.47.57 
ADMINISTRATOR 147.78.47.57 
ADMINISTRATOR 147.78.47.57 
ADMINISTRATOR 147.78.47.57 
ADMINISTRATOR 147.78.47.57 
ADMINISTRATOR 147.78.47.57 
ADMINISTRATOR 147.78.47.57 
ADMINISTRATOR 147.78.47.57 
ADMINISTRATOR 147.78.47.57 
ADMINISTRATOR 147.78.47.57 
ADMINISTRATOR 147.78.47.57 
ADMINISTRATOR 147.78.47.57 
ADMINISTRATOR 147.78.47.57 
ADMINISTRATOR 147.78.47.57 
ADMINISTRATOR 147.78.47.57 
ADMINISTRATOR 147.78.47.57 
ADMINISTRATOR 147.78.47.57 
ADMINISTRATOR 147.78.47.57 
ADMINISTRATOR 147.78.47.57 
ADMINISTRATOR 147.78.47.57 
ADMINISTRATOR 147.78.47.57 
ADMINISTRATOR 147.78.47.57 
ADMINISTRATOR 147.78.47.57 
ADMINISTRATOR 147.78.47.57 
ADMINISTRATOR 147.78.47.57 
ADMINISTRATOR 147.78.47.57 
ADMINISTRATOR 147.78.47.57 
ADMINISTRATOR 147.78.47.57 
ADMINISTRATOR 147.78.47.57 
ADMINISTRATOR 147.78.47.57 
ADMINISTRATOR 147.78.47.57 
ADMINISTRATOR 147.78.47.57 
ADMINISTRATOR 147.78.47.57 
ADMINISTRATOR 147.78.47.57 
ADMINISTRATOR 147.78.47.57 
ADMINISTRATOR 147.78.47.57 
ADMINISTRATOR 147.78.47.57 
ADMINISTRATOR 147.78.47.57 
ADMINISTRATOR 147.78.47.57 
ADMINISTRATOR 147.78.47.57 
ADMINISTRATOR 147.78.47.57 
ADMINISTRATOR 147.78.47.57 
ADMINISTRATOR 147.78.47.57 
ADMINISTRATOR 147.78.47.57 
ADMINISTRATOR 147.78.47.57 
ADMINISTRATOR 147.78.47.57 
ADMINISTRATOR 147.78.47.57 
ADMINISTRATOR 147.78.47.57 
ADMINISTRATOR 147.78.47.57 
ADMINISTRATOR 147.78.47.57 
ADMINISTRATOR 147.78.47.57 
ADMINISTRATOR 147.78.47.57 
ADMINISTRATOR 147.78.47.57 
ADMINISTRATOR 147.78.47.57 
ADMINISTRATOR 147.78.47.57 
ADMINISTRATOR 147.78.47.57 
ADMINISTRATOR 147.78.47.57 
ADMINISTRATOR 147.78.47.57 
ADMINISTRATOR 147.78.47.57 
ADMINISTRATOR 147.78.47.57 
ADMINISTRATOR 147.78.47.57 
ADMINISTRATOR 147.78.47.57 
ADMINISTRATOR 147.78.47.57 
ADMINISTRATOR 147.78.47.57 
ADMINISTRATOR 147.78.47.57 
ADMINISTRATOR 147.78.47.57 
ADMINISTRATOR 147.78.47.57 
ADMINISTRATOR 147.78.47.57 
ADMINISTRATOR 147.78.47.57 
ADMINISTRATOR 147.78.47.57 
ADMINISTRATOR 147.78.47.57 
ADMINISTRATOR 147.78.47.57 
ADMINISTRATOR 147.78.47.57 
ADMINISTRATOR 147.78.47.57 
ADMINISTRATOR 147.78.47.57 
ADMINISTRATOR 147.78.47.57 
ADMINISTRATOR 147.78.47.57 
ADMINISTRATOR 147.78.47.57 
ADMINISTRATOR 147.78.47.57 
ADMINISTRATOR 147.78.47.57 
ADMINISTRATOR 147.78.47.57 
ADMINISTRATOR 147.78.47.57 
ADMINISTRATOR 147.78.47.57 
ADMINISTRATOR 147.78.47.57 
ADMINISTRATOR 147.78.47.57 
ADMINISTRATOR 147.78.47.57 
ADMINISTRATOR 147.78.47.57 
ADMINISTRATOR 147.78.47.57 
ADMINISTRATOR 147.78.47.57 
ADMINISTRATOR 147.78.47.57 
ADMINISTRATOR 147.78.47.57 
ADMINISTRATOR 147.78.47.57 
ADMINISTRATOR 147.78.47.57 
ADMINISTRATOR 147.78.47.57 
ADMINISTRATOR 147.78.47.57 
ADMINISTRATOR 147.78.47.57 
ADMINISTRATOR 147.78.47.57 
ADMINISTRATOR 147.78.47.57 
ADMINISTRATOR 147.78.47.57 
ADMINISTRATOR 147.78.47.57 
ADMINISTRATOR 147.78.47.57 
ADMINISTRATOR 147.78.47.57 
ADMINISTRATOR 147.78.47.57 
ADMINISTRATOR 147.78.47.57 
ADMINISTRATOR 147.78.47.57 
ADMINISTRATOR 147.78.47.57 
ADMINISTRATOR 147.78.47.57 
ADMINISTRATOR 147.78.47.57 
ADMINISTRATOR 147.78.47.57 
ADMINISTRATOR 147.78.47.57 
ADMINISTRATOR 147.78.47.57 
ADMINISTRATOR 147.78.47.57 
ADMINISTRATOR 147.78.47.57 
ADMINISTRATOR 147.78.47.57 
ADMINISTRATOR 147.78.47.57 
ADMINISTRATOR 147.78.47.57 
ADMINISTRATOR 147.78.47.57 
ADMINISTRATOR 147.78.47.57 
ADMINISTRATOR 147.78.47.57 
ADMINISTRATOR 147.78.47.57 
ADMINISTRATOR 147.78.47.57 
ADMINISTRATOR 147.78.47.57 
ADMINISTRATOR 147.78.47.57 
ADMINISTRATOR 147.78.47.57 
ADMINISTRATOR 147.78.47.57 
ADMINISTRATOR 147.78.47.57 
ADMINISTRATOR 147.78.47.57 
ADMINISTRATOR 147.78.47.57 
ADMINISTRATOR 147.78.47.57 
ADMINISTRATOR 147.78.47.57 
ADMINISTRATOR 147.78.47.57 
ADMINISTRATOR 147.78.47.57 
ADMINISTRATOR 147.78.47.57 
ADMINISTRATOR 147.78.47.57 
ADMINISTRATOR 147.78.47.57 
ADMINISTRATOR 147.78.47.57 
ADMINISTRATOR 147.78.47.57 
ADMINISTRATOR 147.78.47.57 
ADMINISTRATOR 147.78.47.57 
ADMINISTRATOR 147.78.47.57 
ADMINISTRATOR 147.78.47.57 
ADMINISTRATOR 147.78.47.57 
ADMINISTRATOR 147.78.47.57 
ADMINISTRATOR 147.78.47.57 
ADMINISTRATOR 147.78.47.57 
ADMINISTRATOR 147.78.47.57 
ADMINISTRATOR 147.78.47.57 
ADMINISTRATOR 147.78.47.57 
ADMINISTRATOR 147.78.47.57 
ADMINISTRATOR 147.78.47.57 
ADMINISTRATOR 147.78.47.57 
ADMINISTRATOR 147.78.47.57 
ADMINISTRATOR 147.78.47.57 
ADMINISTRATOR 147.78.47.57 
ADMINISTRATOR 147.78.47.57 
ADMINISTRATOR 147.78.47.57 
ADMINISTRATOR 147.78.47.57 
ADMINISTRATOR 147.78.47.57 
ADMINISTRATOR 147.78.47.57 
ADMINISTRATOR 147.78.47.57 
ADMINISTRATOR 147.78.47.57 
ADMINISTRATOR 147.78.47.57 
ADMINISTRATOR 147.78.47.57 
ADMINISTRATOR 147.78.47.57 
ADMINISTRATOR 147.78.47.57 
ADMINISTRATOR 147.78.47.57 
ADMINISTRATOR 147.78.47.57 
ADMINISTRATOR 147.78.47.57 
ADMINISTRATOR 147.78.47.57 
ADMINISTRATOR 147.78.47.57 
ADMINISTRATOR 147.78.47.57 
ADMINISTRATOR 147.78.47.57 
ADMINISTRATOR 147.78.47.57 
ADMINISTRATOR 147.78.47.57 
ADMINISTRATOR 147.78.47.57 
ADMINISTRATOR 147.78.47.57 
ADMINISTRATOR 147.78.47.57 
ADMINISTRATOR 147.78.47.57 
ADMINISTRATOR 147.78.47.57 
ADMINISTRATOR 147.78.47.57 
ADMINISTRATOR 147.78.47.57 
ADMINISTRATOR 147.78.47.57 
ADMINISTRATOR 147.78.47.57 
ADMINISTRATOR 147.78.47.57 
ADMINISTRATOR 147.78.47.57 
ADMINISTRATOR 147.78.47.57 
ADMINISTRATOR 147.78.47.57 
ADMINISTRATOR 147.78.47.57 
ADMINISTRATOR 147.78.47.57 
ADMINISTRATOR 147.78.47.57 
ADMINISTRATOR 147.78.47.57 
ADMINISTRATOR 147.78.47.57 
ADMINISTRATOR 147.78.47.57 
ADMINISTRATOR 147.78.47.57 
ADMINISTRATOR 147.78.47.57 
ADMINISTRATOR 147.78.47.57 
ADMINISTRATOR 147.78.47.57 
ADMINISTRATOR 147.78.47.57 
ADMINISTRATOR 147.78.47.57 
ADMINISTRATOR 147.78.47.57 
ADMINISTRATOR 147.78.47.57 
ADMINISTRATOR 147.78.47.57 
ADMINISTRATOR 147.78.47.57 
ADMINISTRATOR 147.78.47.57 
ADMINISTRATOR 147.78.47.57 
ADMINISTRATOR 147.78.47.57 
ADMINISTRATOR 147.78.47.57 
ADMINISTRATOR 147.78.47.57 
ADMINISTRATOR 147.78.47.57 
ADMINISTRATOR 147.78.47.57 
ADMINISTRATOR 147.78.47.57 
ADMINISTRATOR 147.78.47.57 
ADMINISTRATOR 147.78.47.57 
ADMINISTRATOR 147.78.47.57 
ADMINISTRATOR 147.78.47.57 
ADMINISTRATOR 147.78.47.57 
ADMINISTRATOR 147.78.47.57 
ADMINISTRATOR 147.78.47.57 
ADMINISTRATOR 147.78.47.57 
ADMINISTRATOR 147.78.47.57 
ADMINISTRATOR 147.78.47.57 
ADMINISTRATOR 147.78.47.57 
ADMINISTRATOR 147.78.47.57 
ADMINISTRATOR 147.78.47.57 
ADMINISTRATOR 147.78.47.57 
ADMINISTRATOR 147.78.47.57 
ADMINISTRATOR 147.78.47.57 
ADMINISTRATOR 147.78.47.57 
ADMINISTRATOR 147.78.47.57 
ADMINISTRATOR 147.78.47.57 
ADMINISTRATOR 147.78.47.57 
ADMINISTRATOR 147.78.47.57 
ADMINISTRATOR 147.78.47.57 
ADMINISTRATOR 147.78.47.57 
ADMINISTRATOR 147.78.47.57 
ADMINISTRATOR 147.78.47.57 
ADMINISTRATOR 147.78.47.57 
ADMINISTRATOR 147.78.47.57 
ADMINISTRATOR 147.78.47.57 
ADMINISTRATOR 147.78.47.57 
ADMINISTRATOR 147.78.47.57 
ADMINISTRATOR 147.78.47.57 
ADMINISTRATOR 147.78.47.57 
ADMINISTRATOR 147.78.47.57 
ADMINISTRATOR 147.78.47.57 
ADMINISTRATOR 147.78.47.57 
ADMINISTRATOR 147.78.47.57 
ADMINISTRATOR 147.78.47.57 
ADMINISTRATOR 147.78.47.57 
ADMINISTRATOR 147.78.47.57 
ADMINISTRATOR 147.78.47.57 
ADMINISTRATOR 147.78.47.57 
ADMINISTRATOR 147.78.47.57 
ADMINISTRATOR 147.78.47.57 
ADMINISTRATOR 147.78.47.57 
ADMINISTRATOR 147.78.47.57 
ADMINISTRATOR 147.78.47.57 
ADMINISTRATOR 147.78.47.57 
ADMINISTRATOR 176.98.76.180 
USER 176.98.76.180 
ADMIN 176.98.76.180 
SERVER 176.98.76.180 
USER2 176.98.76.180 
ALEX 176.98.76.180 
MANAGER 176.98.76.180 
USER3 176.98.76.180 
IT 176.98.76.180 
DEVELOPER 176.98.76.180 
DEV 176.98.76.180 
USER01 176.98.76.180 
IGOR 176.98.76.180 
BUHGALTER 176.98.76.180 
SUPPORT 176.98.76.180 
SERGEY 176.98.76.180 
COMPUTER 176.98.76.180 
SERG 176.98.76.180 
OLGA 176.98.76.180 
ANDREY 176.98.76.180 
TANYA 176.98.76.180 
DIMA 176.98.76.180 
ELENA 176.98.76.180 
ROMAN 176.98.76.180 
IVAN 176.98.76.180 
ARTEM 176.98.76.180 
OKSANA 176.98.76.180 
USER1 176.98.76.180 
KASSA 176.98.76.180 
SYSADMIN 176.98.76.180 
KATYA 176.98.76.180 
VIDEO 176.98.76.180 
BOSS 176.98.76.180 
ALENA 176.98.76.180 
IRINA 176.98.76.180 
BOGDAN 176.98.76.180 
DASHA 176.98.76.180 
LENA 176.98.76.180 
anux777@ukr.net 46.211.82.2 
anux777@ukr.net 46.211.82.2 
ADMINISTRATOR 178.151.203.98 
ADMINISTRATOR 77.52.204.70 
USER 178.151.203.98 
ADMIN 178.151.203.98 
USER 77.52.204.70 
SERVER 178.151.203.98 
ADMIN 77.52.204.70 
ADMINISTRATOR 94.158.85.138 
USER2 178.151.203.98 
SERVER 77.52.204.70 
ALEX 178.151.203.98 
USER2 77.52.204.70 
MANAGER 178.151.203.98 
ALEX 77.52.204.70 
USER3 178.151.203.98 
MANAGER 77.52.204.70 
IT 178.151.203.98 
USER3 77.52.204.70 
IT 77.52.204.70 
DEVELOPER 178.151.203.98 
USER 94.158.85.138 
DEVELOPER 77.52.204.70 
DEV 178.151.203.98 
DEV 77.52.204.70 
USER01 178.151.203.98 
USER01 77.52.204.70 
IGOR 178.151.203.98 
IGOR 77.52.204.70 
BUHGALTER 178.151.203.98 
BUHGALTER 77.52.204.70 
ADMIN 94.158.85.138 
SUPPORT 178.151.203.98 
SUPPORT 77.52.204.70 
SERGEY 178.151.203.98 
SERGEY 77.52.204.70 
COMPUTER 77.52.204.70 
COMPUTER 178.151.203.98 
SERG 77.52.204.70 
SERG 178.151.203.98 
OLGA 77.52.204.70 
OLGA 178.151.203.98 
SERVER 94.158.85.138 
ANDREY 77.52.204.70 
ANDREY 178.151.203.98 
TANYA 77.52.204.70 
TANYA 178.151.203.98 
DIMA 77.52.204.70 
DIMA 178.151.203.98 
ELENA 77.52.204.70 
ELENA 178.151.203.98 
ROMAN 77.52.204.70 
USER2 94.158.85.138 
ROMAN 178.151.203.98 
IVAN 77.52.204.70 
IVAN 178.151.203.98 
ARTEM 77.52.204.70 
ARTEM 178.151.203.98 
OKSANA 77.52.204.70 
OKSANA 178.151.203.98 
USER1 77.52.204.70 
USER1 178.151.203.98 
ALEX 94.158.85.138 
KASSA 77.52.204.70 
KASSA 178.151.203.98 
SYSADMIN 77.52.204.70 
SYSADMIN 178.151.203.98 
KATYA 77.52.204.70 
KATYA 178.151.203.98 
VIDEO 77.52.204.70 
VIDEO 178.151.203.98 
BOSS 77.52.204.70 
BOSS 178.151.203.98 
ROOT 77.52.204.70 
ROOT 178.151.203.98 
BUH2 77.52.204.70 
BUH2 178.151.203.98 
NATASHA 77.52.204.70 
NATASHA 178.151.203.98 
BACKUP 77.52.204.70 
ALENA 77.52.204.70 
BACKUP 178.151.203.98 
USER3 94.158.85.138 
IRINA 77.52.204.70 
ALENA 178.151.203.98 
BOGDAN 77.52.204.70 
DASHA 77.52.204.70 
BOGDAN 178.151.203.98 
LENA 77.52.204.70 
DASHA 178.151.203.98 
LENA 178.151.203.98 
ANNA 77.52.204.70 
IT 94.158.85.138 
VIKTOR 77.52.204.70 
RUSLAN 77.52.204.70 
VIKTOR 178.151.203.98 
MARINA 77.52.204.70 
RUSLAN 178.151.203.98 
OLEG 77.52.204.70 
MARINA 178.151.203.98 
DEVELOPER 94.158.85.138 
ANTON 77.52.204.70 
OLEG 178.151.203.98 
RESEARCH 77.52.204.70 
ANTON 178.151.203.98 
BUHGATER 77.52.204.70 
RESEARCH 178.151.203.98 
NAZAR 77.52.204.70 
BUHGATER 178.151.203.98 
SASHA 77.52.204.70 
DEV 94.158.85.138 
NAZAR 178.151.203.98 
VOLODYMYR 77.52.204.70 
SASHA 178.151.203.98 
SVETA 77.52.204.70 
VOLODYMYR 178.151.203.98 
DIRECTOR 77.52.204.70 
SVETA 178.151.203.98 
RECEPTION 77.52.204.70 
USER01 94.158.85.138 
GLAVBUH 178.151.203.98 
ALEXEY 77.52.204.70 
DIRECTOR 178.151.203.98 
VADIM 77.52.204.70 
RECEPTION 178.151.203.98 
ALEXANDER 77.52.204.70 
ALEXEY 178.151.203.98 
ACRONIS 77.52.204.70 
OPERATOR 77.52.204.70 
IGOR 94.158.85.138 
MAXIM 77.52.204.70 
ALEXANDER 178.151.203.98 
BUHGALTER1 77.52.204.70 
ACRONIS 178.151.203.98 
PRINT 77.52.204.70 
OPERATOR 178.151.203.98 
ADMIN2 77.52.204.70 
MAXIM 178.151.203.98 
MASTER 77.52.204.70 
BUHGALTER 94.158.85.138 
PRINT 178.151.203.98 
PRINTER 77.52.204.70 
SUPPORT 94.158.85.138 
